Component: ARM Compiler 6.16 Tool: armlink [5dfeaa00]

==============================================================================

Section Cross References

    stm32f4xx_it.o(.ARM.exidx.text.NMI_Handler) refers to stm32f4xx_it.o(.text.NMI_Handler) for [Anonymous Symbol]
    stm32f4xx_it.o(.ARM.exidx.text.HardFault_Handler) refers to stm32f4xx_it.o(.text.HardFault_Handler) for [Anonymous Symbol]
    stm32f4xx_it.o(.ARM.exidx.text.MemManage_Handler) refers to stm32f4xx_it.o(.text.MemManage_Handler) for [Anonymous Symbol]
    stm32f4xx_it.o(.ARM.exidx.text.BusFault_Handler) refers to stm32f4xx_it.o(.text.BusFault_Handler) for [Anonymous Symbol]
    stm32f4xx_it.o(.ARM.exidx.text.UsageFault_Handler) refers to stm32f4xx_it.o(.text.UsageFault_Handler) for [Anonymous Symbol]
    stm32f4xx_it.o(.ARM.exidx.text.DebugMon_Handler) refers to stm32f4xx_it.o(.text.DebugMon_Handler) for [Anonymous Symbol]
    main.o(.text.HAL_GetTick) refers to rtx_kernel.o(.text.osKernelGetState) for osKernelGetState
    main.o(.text.HAL_GetTick) refers to rtx_kernel.o(.text.osKernelGetTickCount) for osKernelGetTickCount
    main.o(.text.HAL_GetTick) refers to system_stm32f4xx.o(.data.SystemCoreClock) for SystemCoreClock
    main.o(.text.HAL_GetTick) refers to main.o(.bss.HAL_GetTick.ticks) for HAL_GetTick.ticks
    main.o(.ARM.exidx.text.HAL_GetTick) refers to main.o(.text.HAL_GetTick) for [Anonymous Symbol]
    main.o(.ARM.exidx.text.HAL_InitTick) refers to main.o(.text.HAL_InitTick) for [Anonymous Symbol]
    main.o(.text.main) refers to stm32f4xx_hal.o(.text.HAL_Init) for HAL_Init
    main.o(.text.main) refers to main.o(.text.SystemClock_Config) for SystemClock_Config
    main.o(.text.main) refers to system_stm32f4xx.o(.text.SystemCoreClockUpdate) for SystemCoreClockUpdate
    main.o(.text.main) refers to rtx_kernel.o(.text.osKernelInitialize) for osKernelInitialize
    main.o(.text.main) refers to mp3.o(.text.Init_MP3) for Init_MP3
    main.o(.text.main) refers to threadtest.o(.text.Init_Test) for Init_Test
    main.o(.text.main) refers to main.o(.text.Error_Handler) for Error_Handler
    main.o(.text.main) refers to rtx_kernel.o(.text.osKernelStart) for osKernelStart
    main.o(.ARM.exidx.text.main) refers to main.o(.text.main) for [Anonymous Symbol]
    main.o(.text.SystemClock_Config) refers to stm32f4xx_hal_rcc.o(.text.HAL_RCC_OscConfig) for HAL_RCC_OscConfig
    main.o(.text.SystemClock_Config) refers to main.o(.text.Error_Handler) for Error_Handler
    main.o(.text.SystemClock_Config) refers to stm32f4xx_hal_rcc.o(.text.HAL_RCC_ClockConfig) for HAL_RCC_ClockConfig
    main.o(.text.SystemClock_Config) refers to stm32f4xx_hal.o(.text.HAL_GetREVID) for HAL_GetREVID
    main.o(.ARM.exidx.text.SystemClock_Config) refers to main.o(.text.SystemClock_Config) for [Anonymous Symbol]
    main.o(.ARM.exidx.text.Error_Handler) refers to main.o(.text.Error_Handler) for [Anonymous Symbol]
    mp3.o(.text.Init_MP3) refers to mp3.o(.text.ThreadMP3) for ThreadMP3
    mp3.o(.text.Init_MP3) refers to rtx_thread.o(.text.osThreadNew) for osThreadNew
    mp3.o(.text.Init_MP3) refers to mp3.o(.bss.MP3_Thread) for MP3_Thread
    mp3.o(.text.Init_MP3) refers to rtx_msgqueue.o(.text.osMessageQueueNew) for osMessageQueueNew
    mp3.o(.text.Init_MP3) refers to mp3.o(.bss.MP3Queue) for MP3Queue
    mp3.o(.text.Init_MP3) refers to mp3.o(.data.USARTdrv) for USARTdrv
    mp3.o(.text.Init_MP3) refers to mp3.o(.text.USART_Init) for USART_Init
    mp3.o(.ARM.exidx.text.Init_MP3) refers to mp3.o(.text.Init_MP3) for [Anonymous Symbol]
    mp3.o(.text.ThreadMP3) refers to mp3.o(.data.USARTcmd) for USARTcmd
    mp3.o(.text.ThreadMP3) refers to mp3.o(.data.USARTdrv) for USARTdrv
    mp3.o(.text.ThreadMP3) refers to rtx_thread.o(.text.osThreadFlagsWait) for osThreadFlagsWait
    mp3.o(.text.ThreadMP3) refers to mp3.o(.bss.MP3Queue) for MP3Queue
    mp3.o(.text.ThreadMP3) refers to rtx_msgqueue.o(.text.osMessageQueueGet) for osMessageQueueGet
    mp3.o(.ARM.exidx.text.ThreadMP3) refers to mp3.o(.text.ThreadMP3) for [Anonymous Symbol]
    mp3.o(.text.USART_Init) refers to mp3.o(.text.USART_Callback) for USART_Callback
    mp3.o(.ARM.exidx.text.USART_Init) refers to mp3.o(.text.USART_Init) for [Anonymous Symbol]
    mp3.o(.text.USART_Callback) refers to mp3.o(.bss.MP3_Thread) for MP3_Thread
    mp3.o(.text.USART_Callback) refers to rtx_thread.o(.text.osThreadFlagsSet) for osThreadFlagsSet
    mp3.o(.ARM.exidx.text.USART_Callback) refers to mp3.o(.text.USART_Callback) for [Anonymous Symbol]
    mp3.o(.data.USARTdrv) refers to usart_stm32f4xx.o(.rodata.Driver_USART3) for Driver_USART3
    threadtest.o(.text.Init_Test) refers to threadtest.o(.text.ThreadTest) for ThreadTest
    threadtest.o(.text.Init_Test) refers to rtx_thread.o(.text.osThreadNew) for osThreadNew
    threadtest.o(.text.Init_Test) refers to threadtest.o(.bss.tid_Test) for tid_Test
    threadtest.o(.text.Init_Test) refers to buttons_nucleo_f429zi.o(.text.Buttons_Initialize) for Buttons_Initialize
[...]
    OTG_HS_IRQHandler                        0x0800032f   Thumb Code     0  startup_stm32f429xx.o(.text)
    OTG_HS_WKUP_IRQHandler                   0x0800032f   Thumb Code     0  startup_stm32f429xx.o(.text)
    PVD_IRQHandler                           0x0800032f   Thumb Code     0  startup_stm32f429xx.o(.text)
    RCC_IRQHandler                           0x0800032f   Thumb Code     0  startup_stm32f429xx.o(.text)
    RTC_Alarm_IRQHandler                     0x0800032f   Thumb Code     0  startup_stm32f429xx.o(.text)
    RTC_WKUP_IRQHandler                      0x0800032f   Thumb Code     0  startup_stm32f429xx.o(.text)
    SAI1_IRQHandler                          0x0800032f   Thumb Code     0  startup_stm32f429xx.o(.text)
    SDIO_IRQHandler                          0x0800032f   Thumb Code     0  startup_stm32f429xx.o(.text)
    SPI1_IRQHandler                          0x0800032f   Thumb Code     0  startup_stm32f429xx.o(.text)
    SPI2_IRQHandler                          0x0800032f   Thumb Code     0  startup_stm32f429xx.o(.text)
    SPI3_IRQHandler                          0x0800032f   Thumb Code     0  startup_stm32f429xx.o(.text)
    SPI4_IRQHandler                          0x0800032f   Thumb Code     0  startup_stm32f429xx.o(.text)
    SPI5_IRQHandler                          0x0800032f   Thumb Code     0  startup_stm32f429xx.o(.text)
    SPI6_IRQHandler                          0x0800032f   Thumb Code     0  startup_stm32f429xx.o(.text)
    TAMP_STAMP_IRQHandler                    0x0800032f   Thumb Code     0  startup_stm32f429xx.o(.text)
    TIM1_BRK_TIM9_IRQHandler                 0x0800032f   Thumb Code     0  startup_stm32f429xx.o(.text)
    TIM1_CC_IRQHandler                       0x0800032f   Thumb Code     0  startup_stm32f429xx.o(.text)
    TIM1_TRG_COM_TIM11_IRQHandler            0x0800032f   Thumb Code     0  startup_stm32f429xx.o(.text)
    TIM1_UP_TIM10_IRQHandler                 0x0800032f   Thumb Code     0  startup_stm32f429xx.o(.text)
    TIM2_IRQHandler                          0x0800032f   Thumb Code     0  startup_stm32f429xx.o(.text)
    TIM3_IRQHandler                          0x0800032f   Thumb Code     0  startup_stm32f429xx.o(.text)
    TIM4_IRQHandler                          0x0800032f   Thumb Code     0  startup_stm32f429xx.o(.text)
    TIM5_IRQHandler                          0x0800032f   Thumb Code     0  startup_stm32f429xx.o(.text)
    TIM6_DAC_IRQHandler                      0x0800032f   Thumb Code     0  startup_stm32f429xx.o(.text)
    TIM7_IRQHandler                          0x0800032f   Thumb Code     0  startup_stm32f429xx.o(.text)
    TIM8_BRK_TIM12_IRQHandler                0x0800032f   Thumb Code     0  startup_stm32f429xx.o(.text)
    TIM8_CC_IRQHandler                       0x0800032f   Thumb Code     0  startup_stm32f429xx.o(.text)
    TIM8_TRG_COM_TIM14_IRQHandler            0x0800032f   Thumb Code     0  startup_stm32f429xx.o(.text)
    TIM8_UP_TIM13_IRQHandler                 0x0800032f   Thumb Code     0  startup_stm32f429xx.o(.text)
    UART4_IRQHandler                         0x0800032f   Thumb Code     0  startup_stm32f429xx.o(.text)
    UART5_IRQHandler                         0x0800032f   Thumb Code     0  startup_stm32f429xx.o(.text)
    UART7_IRQHandler                         0x0800032f   Thumb Code     0  startup_stm32f429xx.o(.text)
    UART8_IRQHandler                         0x0800032f   Thumb Code     0  startup_stm32f429xx.o(.text)
    USART1_IRQHandler                        0x0800032f   Thumb Code     0  startup_stm32f429xx.o(.text)
    USART2_IRQHandler                        0x0800032f   Thumb Code     0  startup_stm32f429xx.o(.text)
    USART6_IRQHandler                        0x0800032f   Thumb Code     0  startup_stm32f429xx.o(.text)
    WWDG_IRQHandler                          0x0800032f   Thumb Code     0  startup_stm32f429xx.o(.text)
    __user_initial_stackheap                 0x08000331   Thumb Code     0  startup_stm32f429xx.o(.text)
    SVC_Handler                              0x08000355   Thumb Code   154  irq_armv7m.o(.text)
    PendSV_Handler                           0x080003ef   Thumb Code    16  irq_armv7m.o(.text)
    SysTick_Handler                          0x080003ff   Thumb Code    16  irq_armv7m.o(.text)
    __aeabi_uldivmod                         0x0800041d   Thumb Code     0  lludivv7m.o(.text)
    _ll_udiv                                 0x0800041d   Thumb Code   240  lludivv7m.o(.text)
    printf                                   0x0800050d   Thumb Code    20  printf.o(.text)
    __aeabi_memcpy                           0x08000525   Thumb Code     0  rt_memcpy_v6.o(.text)
    __rt_memcpy                              0x08000525   Thumb Code   138  rt_memcpy_v6.o(.text)
    _memcpy_lastbytes                        0x0800058b   Thumb Code     0  rt_memcpy_v6.o(.text)
    __aeabi_memclr                           0x080005af   Thumb Code     0  rt_memclr.o(.text)
    __rt_memclr                              0x080005af   Thumb Code     0  rt_memclr.o(.text)
    _memset                                  0x080005b3   Thumb Code    64  rt_memclr.o(.text)
    __aeabi_memclr4                          0x080005f3   Thumb Code     0  rt_memclr_w.o(.text)
    __aeabi_memclr8                          0x080005f3   Thumb Code     0  rt_memclr_w.o(.text)
    __rt_memclr_w                            0x080005f3   Thumb Code     0  rt_memclr_w.o(.text)
    _memset_w                                0x080005f7   Thumb Code    74  rt_memclr_w.o(.text)
    strcmp                                   0x08000641   Thumb Code   124  strcmpv7em.o(.text)
    __use_two_region_memory                  0x080006bd   Thumb Code     2  heapauxi.o(.text)
    __rt_heap_escrow                         0x080006bf   Thumb Code     2  heapauxi.o(.text)
    __rt_heap_expand                         0x080006c1   Thumb Code     2  heapauxi.o(.text)
    _printf_pre_padding                      0x080006c3   Thumb Code    44  _printf_pad.o(.text)
    _printf_post_padding                     0x080006ef   Thumb Code    34  _printf_pad.o(.text)
    _printf_truncate_signed                  0x08000711   Thumb Code    18  _printf_truncate.o(.text)
    _printf_truncate_unsigned                0x08000723   Thumb Code    18  _printf_truncate.o(.text)
    _printf_str                              0x08000735   Thumb Code    82  _printf_str.o(.text)
    _printf_int_dec                          0x08000789   Thumb Code   104  _printf_dec.o(.text)
    _printf_charcount                        0x08000801   Thumb Code    40  _printf_charcount.o(.text)
    _printf_wctomb                           0x08000829   Thumb Code   182  _printf_wctomb.o(.text)
    _printf_longlong_dec                     0x080008e5   Thumb Code   108  _printf_longlong_dec.o(.text)
    _printf_longlong_oct                     0x08000961   Thumb Code    68  _printf_oct_int_ll.o(.text)
    _printf_int_oct                          0x080009a5   Thumb Code    24  _printf_oct_int_ll.o(.text)
    _printf_ll_oct                           0x080009bd   Thumb Code    12  _printf_oct_int_ll.o(.text)
    _printf_longlong_hex                     0x080009d1   Thumb Code    86  _printf_hex_int_ll_ptr.o(.text)
    _printf_int_hex                          0x08000a27   Thumb Code    28  _printf_hex_int_ll_ptr.o(.text)
    _printf_ll_hex                           0x08000a43   Thumb Code    12  _printf_hex_int_ll_ptr.o(.text)
    _printf_hex_ptr                          0x08000a4f   Thumb Code    18  _printf_hex_int_ll_ptr.o(.text)
    __printf                                 0x08000a65   Thumb Code   388  __printf_flags_ss_wp.o(.text)
    __aeabi_memcpy4                          0x08000bed   Thumb Code     0  rt_memcpy_w.o(.text)
    __aeabi_memcpy8                          0x08000bed   Thumb Code     0  rt_memcpy_w.o(.text)
    __rt_memcpy_w                            0x08000bed   Thumb Code   100  rt_memcpy_w.o(.text)
    _memcpy_lastbytes_aligned                0x08000c35   Thumb Code     0  rt_memcpy_w.o(.text)
    _ll_udiv10                               0x08000c51   Thumb Code   138  lludiv10.o(.text)
    _printf_int_common                       0x08000cdb   Thumb Code   178  _printf_intcommon.o(.text)
    _printf_fp_dec_real                      0x08000f3d   Thumb Code   620  _printf_fp_dec.o(.text)
    _printf_fp_hex_real                      0x080011a9   Thumb Code   756  _printf_fp_hex.o(.text)
    _printf_char_common                      0x080014af   Thumb Code    32  _printf_char_common.o(.text)
    _printf_cs_common                        0x080014d5   Thumb Code    20  _printf_char.o(.text)
    _printf_char                             0x080014e9   Thumb Code    16  _printf_char.o(.text)
    _printf_string                           0x080014f9   Thumb Code     8  _printf_char.o(.text)
    _printf_lcs_common                       0x08001501   Thumb Code    20  _printf_wchar.o(.text)
    _printf_wchar                            0x08001515   Thumb Code    16  _printf_wchar.o(.text)
    _printf_wstring                          0x08001525   Thumb Code     8  _printf_wchar.o(.text)
    _initio                                  0x0800152d   Thumb Code   240  initio_locked.o(.text)
    _terminateio                             0x0800161d   Thumb Code   168  initio_locked.o(.text)
    _c16rtomb                                0x080016f5   Thumb Code    72  _c16rtomb.o(.text)
    _wcrtomb                                 0x080016f5   Thumb Code     0  _c16rtomb.o(.text)
    __user_setup_stackheap                   0x0800173d   Thumb Code    74  sys_stackheap_outer.o(.text)
    __rt_ctype_table                         0x08001789   Thumb Code    16  rt_ctype_table.o(.text)
    __rt_locale                              0x08001799   Thumb Code    10  rt_locale_twolibspace.o(.text)
    free_internal$concurrent                 0x080017a3   Thumb Code    98  h1_free_threads.o(.text)
    free                                     0x08001805   Thumb Code    20  h1_free_threads.o(.text)
    _printf_fp_infnan                        0x08001819   Thumb Code   112  _printf_fp_infnan.o(.text)
    _btod_etento                             0x08001899   Thumb Code   224  bigflt0.o(.text)
    __flsbuf                                 0x0800197d   Thumb Code   470  flsbuf.o(.text)
    __flsbuf_byte                            0x0800197d   Thumb Code     0  flsbuf.o(.text)
    __flsbuf_wide                            0x0800197d   Thumb Code     0  flsbuf.o(.text)
    _fclose_internal                         0x08001b53   Thumb Code    76  fclose.o(.text)
    fclose                                   0x08001b53   Thumb Code     0  fclose.o(.text)
    setvbuf                                  0x08001b9f   Thumb Code   104  setvbuf_locked.o(.text)
    freopen                                  0x08001cbd   Thumb Code    42  fopen_locked.o(.text)
    _fopen$locked                            0x08001ce7   Thumb Code   100  fopen_locked.o(.text)
    exit                                     0x08001d55   Thumb Code    18  exit.o(.text)
    __rt_SIGRTRED                            0x08001d67   Thumb Code    14  defsig_rtred_outer.o(.text)
    __user_libspace                          0x08001d75   Thumb Code     8  libspace.o(.text)
    __user_perproc_libspace                  0x08001d75   Thumb Code     0  libspace.o(.text)
    __rt_heap_descriptor                     0x08001d7d   Thumb Code    10  rt_heap_descriptor_twolibspace.o(.text)
    __use_no_heap                            0x08001d87   Thumb Code     2  hguard.o(.text)
    __heap$guard                             0x08001d89   Thumb Code     2  hguard.o(.text)
    _terminate_user_alloc                    0x08001d8b   Thumb Code     2  init_alloc.o(.text)
    _init_user_alloc                         0x08001d8d   Thumb Code     2  init_alloc.o(.text)
    __Heap_Full                              0x08001d8f   Thumb Code    34  init_alloc.o(.text)
    __Heap_Broken                            0x08001db1   Thumb Code     6  init_alloc.o(.text)
    _init_alloc                              0x08001db7   Thumb Code    94  init_alloc.o(.text)
    malloc_internal$concurrent               0x08001e25   Thumb Code   130  h1_alloc_threads.o(.text)
    malloc                                   0x08001ea7   Thumb Code    20  h1_alloc_threads.o(.text)
    _printf_char_file                        0x08001ebd   Thumb Code    58  _printf_char_file_locked.o(.text)
    _fseek                                   0x08001efd   Thumb Code   242  fseek.o(.text)
    fseek                                    0x08001efd   Thumb Code     0  fseek.o(.text)
    _seterr                                  0x08001ff5   Thumb Code    20  stdio.o(.text)
    _writebuf                                0x08002009   Thumb Code    84  stdio.o(.text)
    _fflush                                  0x0800205d   Thumb Code    70  stdio.o(.text)
    _deferredlazyseek                        0x080020a3   Thumb Code    60  stdio.o(.text)
    __sig_exit                               0x080020e5   Thumb Code    10  defsig_exit.o(.text)
    __rt_SIGRTRED_inner                      0x080020f1   Thumb Code    14  defsig_rtred_inner.o(.text)
    _sys_exit                                0x08002125   Thumb Code     8  sys_exit.o(.text)
    __Heap_Initialize                        0x08002131   Thumb Code    14  h1_init_threads.o(.text)
    _maybe_terminate_alloc                   0x08002131   Thumb Code     0  maybetermalloc2.o(.text)
    __Heap_DescSize                          0x0800213f   Thumb Code     4  h1_init_threads.o(.text)
    __Heap_ProvideMemory                     0x08002151   Thumb Code    68  h1_extend_threads.o(.text)
    _ftell_internal                          0x08002195   Thumb Code    66  ftell.o(.text)
    ftell                                    0x08002195   Thumb Code     0  ftell.o(.text)
    __default_signal_display                 0x080021d7   Thumb Code    50  defsig_general.o(.text)
    __rt_SIGRTMEM                            0x08002209   Thumb Code    14  defsig_rtmem_outer.o(.text)
    _ttywrch                                 0x08002217   Thumb Code    14  sys_wrch.o(.text)
    __I$use$semihosting                      0x08002225   Thumb Code     0  use_no_semi.o(.text)
    __use_no_semihosting_swi                 0x08002225   Thumb Code     2  use_no_semi.o(.text)
    __aeabi_errno_addr                       0x08002227   Thumb Code     4  rt_errno_addr_twolibspace.o(.text)
    __errno$twolibspace                      0x08002227   Thumb Code     0  rt_errno_addr_twolibspace.o(.text)
    __rt_errno_addr$twolibspace              0x08002227   Thumb Code     0  rt_errno_addr_twolibspace.o(.text)
    __semihosting_library_function           0x08002227   Thumb Code     0  indicate_semi.o(.text)
    _terminate_alloc                         0x0800222b   Thumb Code    16  term_alloc.o(.text)
    __rt_SIGRTMEM_inner                      0x0800223d   Thumb Code    22  defsig_rtmem_inner.o(.text)
    __Heap_Finalize                          0x0800228d   Thumb Code    10  h1_final_threads.o(.text)
    _fp_init                                 0x08002299   Thumb Code    22  rtx_lib.o(.text.$Sub$$_fp_init)
    BusFault_Handler                         0x080022b1   Thumb Code     4  stm32f4xx_it.o(.text.BusFault_Handler)
    Buttons_GetState                         0x080022b5   Thumb Code   106  buttons_nucleo_f429zi.o(.text.Buttons_GetState)
    Buttons_Initialize                       0x08002321   Thumb Code   112  buttons_nucleo_f429zi.o(.text.Buttons_Initialize)
    DebugMon_Handler                         0x08002391   Thumb Code     2  stm32f4xx_it.o(.text.DebugMon_Handler)
    HAL_DMA_Abort                            0x08002575   Thumb Code   236  stm32f4xx_hal_dma.o(.text.HAL_DMA_Abort)
    HAL_GPIO_DeInit                          0x08002661   Thumb Code   604  stm32f4xx_hal_gpio.o(.text.HAL_GPIO_DeInit)
    HAL_GPIO_Init                            0x080028bd   Thumb Code  1006  stm32f4xx_hal_gpio.o(.text.HAL_GPIO_Init)
    HAL_GPIO_ReadPin                         0x08002cad   Thumb Code    46  stm32f4xx_hal_gpio.o(.text.HAL_GPIO_ReadPin)
    HAL_GPIO_WritePin                        0x08002cdd   Thumb Code    46  stm32f4xx_hal_gpio.o(.text.HAL_GPIO_WritePin)
    HAL_GetREVID                             0x08002d0d   Thumb Code    14  stm32f4xx_hal.o(.text.HAL_GetREVID)
    HAL_GetTick                              0x08002d1d   Thumb Code   102  main.o(.text.HAL_GetTick)
    HAL_Init                                 0x08002d85   Thumb Code    46  stm32f4xx_hal.o(.text.HAL_Init)
    HAL_InitTick                             0x08002db5   Thumb Code    10  main.o(.text.HAL_InitTick)
    HAL_MspInit                              0x08002dc1   Thumb Code     2  stm32f4xx_hal.o(.text.HAL_MspInit)
    HAL_NVIC_DisableIRQ                      0x08002dc5   Thumb Code    20  stm32f4xx_hal_cortex.o(.text.HAL_NVIC_DisableIRQ)
    HAL_NVIC_SetPriorityGrouping             0x08002dd9   Thumb Code    16  stm32f4xx_hal_cortex.o(.text.HAL_NVIC_SetPriorityGrouping)
    HAL_RCC_ClockConfig                      0x08002de9   Thumb Code   610  stm32f4xx_hal_rcc.o(.text.HAL_RCC_ClockConfig)
    HAL_RCC_GetHCLKFreq                      0x0800304d   Thumb Code    12  stm32f4xx_hal_rcc.o(.text.HAL_RCC_GetHCLKFreq)
    HAL_RCC_GetPCLK1Freq                     0x08003059   Thumb Code    34  stm32f4xx_hal_rcc.o(.text.HAL_RCC_GetPCLK1Freq)
    HAL_RCC_GetSysClockFreq                  0x0800307d   Thumb Code   230  stm32f4xx_hal_rcc.o(.text.HAL_RCC_GetSysClockFreq)
    HAL_RCC_OscConfig                        0x08003165   Thumb Code  1726  stm32f4xx_hal_rcc.o(.text.HAL_RCC_OscConfig)
    HardFault_Handler                        0x08003825   Thumb Code     4  stm32f4xx_it.o(.text.HardFault_Handler)
    ITM_SendChar                             0x08003829   Thumb Code    66  retarget_io.o(.text.ITM_SendChar)
    Init_MP3                                 0x0800386d   Thumb Code   108  mp3.o(.text.Init_MP3)
    Init_Test                                0x080038d9   Thumb Code    76  threadtest.o(.text.Init_Test)
    MemManage_Handler                        0x08003925   Thumb Code     4  stm32f4xx_it.o(.text.MemManage_Handler)
    NMI_Handler                              0x080039dd   Thumb Code     2  stm32f4xx_it.o(.text.NMI_Handler)
    OS_Tick_AcknowledgeIRQ                   0x080039e1   Thumb Code     8  os_systick.o(.text.OS_Tick_AcknowledgeIRQ)
    OS_Tick_Enable                           0x080039e9   Thumb Code    32  os_systick.o(.text.OS_Tick_Enable)
    OS_Tick_GetIRQn                          0x08003a0d   Thumb Code     6  os_systick.o(.text.OS_Tick_GetIRQn)
    OS_Tick_Setup                            0x08003a15   Thumb Code    48  os_systick.o(.text.OS_Tick_Setup)
    SystemCoreClockUpdate                    0x08003b4d   Thumb Code   302  system_stm32f4xx.o(.text.SystemCoreClockUpdate)
    SystemInit                               0x08003c7d   Thumb Code    18  system_stm32f4xx.o(.text.SystemInit)
    ThreadMP3                                0x08003cf5   Thumb Code   418  mp3.o(.text.ThreadMP3)
    ThreadTest                               0x08003e99   Thumb Code   334  threadtest.o(.text.ThreadTest)
    USART3_IRQHandler                        0x080040b5   Thumb Code    16  usart_stm32f4xx.o(.text.USART3_IRQHandler)
    USART_IRQHandler                         0x080050bd   Thumb Code  1044  usart_stm32f4xx.o(.text.USART_IRQHandler)
    UsageFault_Handler                       0x08006079   Thumb Code     4  stm32f4xx_it.o(.text.UsageFault_Handler)
    __user_perthread_libspace                0x08006151   Thumb Code   150  rtx_lib.o(.text.__user_perthread_libspace)
    _mutex_acquire                           0x080061e9   Thumb Code    32  rtx_lib.o(.text._mutex_acquire)
    _mutex_free                              0x08006209   Thumb Code    18  rtx_lib.o(.text._mutex_free)
    _mutex_initialize                        0x0800621d   Thumb Code    50  rtx_lib.o(.text._mutex_initialize)
    _mutex_release                           0x08006251   Thumb Code    28  rtx_lib.o(.text._mutex_release)
    _platform_post_stackheap_init            0x0800626d   Thumb Code     8  rtx_lib.o(.text._platform_post_stackheap_init)
    _sys_close                               0x08006275   Thumb Code    74  retarget_io.o(.text._sys_close)
    _sys_flen                                0x080062c1   Thumb Code    72  retarget_io.o(.text._sys_flen)
    _sys_istty                               0x08006309   Thumb Code    72  retarget_io.o(.text._sys_istty)
    _sys_open                                0x08006351   Thumb Code   132  retarget_io.o(.text._sys_open)
    _sys_seek                                0x080063d5   Thumb Code    82  retarget_io.o(.text._sys_seek)
    _sys_write                               0x08006429   Thumb Code   118  retarget_io.o(.text._sys_write)
    main                                     0x080064a1   Thumb Code    74  main.o(.text.main)
    osDelay                                  0x080064ed   Thumb Code    32  rtx_delay.o(.text.osDelay)
    osKernelGetState                         0x08006511   Thumb Code    40  rtx_kernel.o(.text.osKernelGetState)
    osKernelGetTickCount                     0x0800653d   Thumb Code    32  rtx_kernel.o(.text.osKernelGetTickCount)
    osKernelInitialize                       0x08006565   Thumb Code    40  rtx_kernel.o(.text.osKernelInitialize)
    osKernelStart                            0x08006591   Thumb Code    32  rtx_kernel.o(.text.osKernelStart)
    osMessageQueueGet                        0x080065b5   Thumb Code   108  rtx_msgqueue.o(.text.osMessageQueueGet)
    osMessageQueueNew                        0x08006625   Thumb Code    32  rtx_msgqueue.o(.text.osMessageQueueNew)
    osMessageQueuePut                        0x08006649   Thumb Code   124  rtx_msgqueue.o(.text.osMessageQueuePut)
    osMutexAcquire                           0x080066c9   Thumb Code    32  rtx_mutex.o(.text.osMutexAcquire)
    osMutexDelete                            0x080066ed   Thumb Code    32  rtx_mutex.o(.text.osMutexDelete)
    osMutexNew                               0x08006711   Thumb Code    32  rtx_mutex.o(.text.osMutexNew)
    osMutexRelease                           0x08006735   Thumb Code    32  rtx_mutex.o(.text.osMutexRelease)
    osRtxErrorNotify                         0x08006759   Thumb Code    46  rtx_config.o(.text.osRtxErrorNotify)
    osRtxIdleThread                          0x08006789   Thumb Code     8  rtx_config.o(.text.osRtxIdleThread)
    osRtxKernelErrorNotify                   0x08006791   Thumb Code     4  rtx_kernel.o(.text.osRtxKernelErrorNotify)
    osRtxKernelPreInit                       0x08006795   Thumb Code     2  rtx_kernel.o(.text.osRtxKernelPreInit)
    osRtxMemoryAlloc                         0x08006797   Thumb Code   108  rtx_memory.o(.text.osRtxMemoryAlloc)
    osRtxMemoryFree                          0x08006803   Thumb Code    66  rtx_memory.o(.text.osRtxMemoryFree)
    osRtxMemoryInit                          0x08006845   Thumb Code    54  rtx_memory.o(.text.osRtxMemoryInit)
    osRtxMemoryPoolAlloc                     0x0800687b   Thumb Code    58  rtx_mempool.o(.text.osRtxMemoryPoolAlloc)
    osRtxMemoryPoolFree                      0x080068b5   Thumb Code    74  rtx_mempool.o(.text.osRtxMemoryPoolFree)
    osRtxMemoryPoolInit                      0x080068ff   Thumb Code    56  rtx_mempool.o(.text.osRtxMemoryPoolInit)
    osRtxMessageQueueTimerSetup              0x080069e1   Thumb Code    32  rtx_msgqueue.o(.text.osRtxMessageQueueTimerSetup)
    osRtxMutexOwnerRelease                   0x08006a05   Thumb Code    72  rtx_mutex.o(.text.osRtxMutexOwnerRelease)
    osRtxMutexOwnerRestore                   0x08006a4d   Thumb Code    72  rtx_mutex.o(.text.osRtxMutexOwnerRestore)
    osRtxPendSV_Handler                      0x08006a95   Thumb Code   136  rtx_system.o(.text.osRtxPendSV_Handler)
    osRtxPostProcess                         0x08006b1d   Thumb Code   108  rtx_system.o(.text.osRtxPostProcess)
    osRtxThreadDelayTick                     0x08006c79   Thumb Code    80  rtx_thread.o(.text.osRtxThreadDelayTick)
    osRtxThreadDispatch                      0x08006ce9   Thumb Code    80  rtx_thread.o(.text.osRtxThreadDispatch)
    osRtxThreadListGet                       0x08006daf   Thumb Code    18  rtx_thread.o(.text.osRtxThreadListGet)
    osRtxThreadListPut                       0x08006dc1   Thumb Code    44  rtx_thread.o(.text.osRtxThreadListPut)
    osRtxThreadListRemove                    0x08006ded   Thumb Code    20  rtx_thread.o(.text.osRtxThreadListRemove)
    osRtxThreadListSort                      0x08006e01   Thumb Code    38  rtx_thread.o(.text.osRtxThreadListSort)
    osRtxThreadReadyPut                      0x08006e51   Thumb Code    16  rtx_thread.o(.text.osRtxThreadReadyPut)
    osRtxThreadRegPtr                        0x08006e65   Thumb Code    20  rtx_thread.o(.text.osRtxThreadRegPtr)
    osRtxThreadStartup                       0x08006e79   Thumb Code    48  rtx_thread.o(.text.osRtxThreadStartup)
    osRtxThreadSwitch                        0x08006eb1   Thumb Code    12  rtx_thread.o(.text.osRtxThreadSwitch)
    osRtxThreadWaitEnter                     0x08006ebd   Thumb Code    56  rtx_thread.o(.text.osRtxThreadWaitEnter)
    osRtxThreadWaitExit                      0x08006ef9   Thumb Code    48  rtx_thread.o(.text.osRtxThreadWaitExit)
    osRtxTick_Handler                        0x08006f29   Thumb Code   116  rtx_system.o(.text.osRtxTick_Handler)
    osRtxTimerSetup                          0x08006fa1   Thumb Code    24  rtx_timer.o(.text.osRtxTimerSetup)
    osRtxTimerThread                         0x08006fc1   Thumb Code    32  rtx_timer.o(.text.osRtxTimerThread)
    osThreadExit                             0x08007051   Thumb Code     8  rtx_thread.o(.text.osThreadExit)
    osThreadFlagsSet                         0x0800705d   Thumb Code    84  rtx_thread.o(.text.osThreadFlagsSet)
    osThreadFlagsWait                        0x080070b5   Thumb Code    32  rtx_thread.o(.text.osThreadFlagsWait)
    osThreadGetId                            0x080070d9   Thumb Code    32  rtx_thread.o(.text.osThreadGetId)
    osThreadNew                              0x08007101   Thumb Code    32  rtx_thread.o(.text.osThreadNew)
    osThreadYield                            0x08007125   Thumb Code    32  rtx_thread.o(.text.osThreadYield)
    _btod_d2e                                0x08007b7b   Thumb Code    62  btod.o(CL$$btod_d2e)
    _d2e_denorm_low                          0x08007bb9   Thumb Code    70  btod.o(CL$$btod_d2e_denorm_low)
    _d2e_norm_op1                            0x08007bff   Thumb Code    96  btod.o(CL$$btod_d2e_norm_op1)
    __btod_div_common                        0x08007c61   Thumb Code   696  btod.o(CL$$btod_div_common)
    _e2e                                     0x08007f99   Thumb Code   220  btod.o(CL$$btod_e2e)
    _btod_ediv                               0x08008075   Thumb Code    42  btod.o(CL$$btod_ediv)
    _btod_emul                               0x0800809f   Thumb Code    42  btod.o(CL$$btod_emul)
    __btod_mult_common                       0x080080c9   Thumb Code   580  btod.o(CL$$btod_mult_common)
    __ARM_fpclassify                         0x0800830d   Thumb Code    48  fpclassify.o(i.__ARM_fpclassify)
    _is_digit                                0x0800833d   Thumb Code    14  __printf_wp.o(i._is_digit)
    _fputc$unlocked                          0x0800834b   Thumb Code    26  fputc.o(i.fputc)
    _get_lc_numeric                          0x08008365   Thumb Code    44  lc_numeric_c.o(locale$$code)
    _get_lc_ctype                            0x08008391   Thumb Code    44  lc_ctype_c.o(locale$$code)
    $Super$$_fp_init                         0x080083bd   Thumb Code    26  fpinit.o(x$fpl$fpinit)
    __fplib_config_fpu_vfp                   0x080083d5   Thumb Code     0  fpinit.o(x$fpl$fpinit)
    __fplib_config_pureend_doubles           0x080083d5   Thumb Code     0  fpinit.o(x$fpl$fpinit)
    _printf_fp_dec                           0x080083d7   Thumb Code     4  printf1.o(x$fpl$printf1)
    _printf_fp_hex                           0x080083db   Thumb Code     4  printf2.o(x$fpl$printf2)
    __I$use$fp                               0x080083de   Number         0  usenofp.o(x$fpl$usenofp)
    osRtxConfig                              0x080084dc   Data         112  rtx_lib.o(.rodata)
    os_cb_sections                           0x0800854c   Data          56  rtx_lib.o(.rodata)
    AHBPrescTable                            0x08008584   Data          16  system_stm32f4xx.o(.rodata.AHBPrescTable)
    APBPrescTable                            0x08008594   Data           8  system_stm32f4xx.o(.rodata.APBPrescTable)
    Driver_USART3                            0x080085a4   Data          56  usart_stm32f4xx.o(.rodata.Driver_USART3)
    EventRecorderInfo                        0x080085dc   Data          24  eventrecorder.o(.rodata.EventRecorderInfo)
    __stderr_name                            0x08008640   Data           8  retarget_io.o(.rodata.__stderr_name)
    __stdin_name                             0x08008648   Data           7  retarget_io.o(.rodata.__stdin_name)
    __stdout_name                            0x0800864f   Data           8  retarget_io.o(.rodata.__stdout_name)
    osRtxUserSVC                             0x08008658   Data           4  rtx_lib.o(.rodata.osRtxUserSVC)
    Region$$Table$$Base                      0x08008880   Number         0  anon$$obj.o(Region$$Table)
    Region$$Table$$Limit                     0x080088a0   Number         0  anon$$obj.o(Region$$Table)
    __ctype                                  0x080088c9   Data           0  lc_ctype_c.o(locale$$data)
    __aeabi_stdin                            0x20000000   Data           4  stdio_streams.o(.data)
    __aeabi_stdout                           0x20000004   Data           4  stdio_streams.o(.data)
    __aeabi_stderr                           0x20000008   Data           4  stdio_streams.o(.data)
    _stream_list_lock                        0x2000000c   Data           4  streamlock.o(.data)
    SystemCoreClock                          0x20000010   Data           4  system_stm32f4xx.o(.data.SystemCoreClock)
    osRtxInfo                                0x20000020   Data         164  rtx_kernel.o(.data.os)
    uwTickPrio                               0x200000c4   Data           4  stm32f4xx_hal.o(.data.uwTickPrio)
    __stdin                                  0x20000100   Data          84  stdio_streams.o(.bss)
    __stdout                                 0x20000154   Data          84  stdio_streams.o(.bss)
    __stderr                                 0x200001a8   Data          84  stdio_streams.o(.bss)
    __libspace_start                         0x200001fc   Data          96  libspace.o(.bss)
    __temporary_stack_top$libspace           0x2000025c   Data           0  libspace.o(.bss)
    MP3Queue                                 0x20000260   Data           4  mp3.o(.bss.MP3Queue)
    MP3_Thread                               0x20000264   Data           4  mp3.o(.bss.MP3_Thread)
    .bss.os.msgqueue.cb$$Base                0x2000899c   Number         0  rtx_lib.o(.bss.os.msgqueue.cb)
    .bss.os.msgqueue.cb$$Limit               0x200089d0   Number         0  rtx_lib.o(.bss.os.msgqueue.cb)
    .bss.os.thread.cb$$Base                  0x20008a20   Number         0  rtx_lib.o(.bss.os.thread.cb)
    .bss.os.thread.cb$$Limit                 0x20008aa8   Number         0  rtx_lib.o(.bss.os.thread.cb)
    tid_Test                                 0x20008eac   Data           4  threadtest.o(.bss.tid_Test)



==============================================================================

Memory Map of the image

  Image Entry point : 0x080001ad

  Load Region LR_IROM1 (Base: 0x08000000, Size: 0x00008b00, Max: 0x00200000, ABSOLUTE)

    Execution Region ER_IROM1 (Exec base: 0x08000000, Load base: 0x08000000, Size: 0x000089cc, Max: 0x00200000, ABSOLUTE)

    Exec Addr    Load Addr    Size         Type   Attr      Idx    E Section Name        Object

    0x08000000   0x08000000   0x000001ac   Data   RO          882    RESET               startup_stm32f429xx.o
    0x080001ac   0x080001ac   0x00000008   Code   RO         1405  * !!!main             c_w.l(__main.o)
    0x080001b4   0x080001b4   0x00000034   Code   RO         1922    !!!scatter          c_w.l(__scatter.o)
    0x080001e8   0x080001e8   0x0000001a   Code   RO         1924    !!handler_copy      c_w.l(__scatter_copy.o)
    0x08000202   0x08000202   0x00000002   PAD
    0x08000204   0x08000204   0x0000001c   Code   RO         1926    !!handler_zi        c_w.l(__scatter_zi.o)
    0x08000220   0x08000220   0x00000000   Code   RO         1493    .ARM.Collect$$_printf_percent$$00000000  c_w.l(_printf_percent.o)
    0x08000220   0x08000220   0x00000006   Code   RO         1482    .ARM.Collect$$_printf_percent$$00000001  c_w.l(_printf_n.o)
    0x08000226   0x08000226   0x00000006   Code   RO         1484    .ARM.Collect$$_printf_percent$$00000002  c_w.l(_printf_p.o)
    0x0800022c   0x0800022c   0x00000006   Code   RO         1489    .ARM.Collect$$_printf_percent$$00000003  c_w.l(_printf_f.o)
    0x08000232   0x08000232   0x00000006   Code   RO         1490    .ARM.Collect$$_printf_percent$$00000004  c_w.l(_printf_e.o)
    0x08000238   0x08000238   0x00000006   Code   RO         1491    .ARM.Collect$$_printf_percent$$00000005  c_w.l(_printf_g.o)
    0x0800023e   0x0800023e   0x00000006   Code   RO         1492    .ARM.Collect$$_printf_percent$$00000006  c_w.l(_printf_a.o)
    0x08000244   0x08000244   0x0000000a   Code   RO         1497    .ARM.Collect$$_printf_percent$$00000007  c_w.l(_printf_ll.o)
    0x0800024e   0x0800024e   0x00000006   Code   RO         1486    .ARM.Collect$$_printf_percent$$00000008  c_w.l(_printf_i.o)
    0x08000254   0x08000254   0x00000006   Code   RO         1487    .ARM.Collect$$_printf_percent$$00000009  c_w.l(_printf_d.o)
    0x0800025a   0x0800025a   0x00000006   Code   RO         1488    .ARM.Collect$$_printf_percent$$0000000A  c_w.l(_printf_u.o)
    0x08000260   0x08000260   0x00000006   Code   RO         1485    .ARM.Collect$$_printf_percent$$0000000B  c_w.l(_printf_o.o)
    0x08000266   0x08000266   0x00000006   Code   RO         1483    .ARM.Collect$$_printf_percent$$0000000C  c_w.l(_printf_x.o)
    0x0800026c   0x0800026c   0x00000006   Code   RO         1494    .ARM.Collect$$_printf_percent$$0000000D  c_w.l(_printf_lli.o)
    0x08000272   0x08000272   0x00000006   Code   RO         1495    .ARM.Collect$$_printf_percent$$0000000E  c_w.l(_printf_lld.o)
    0x08000278   0x08000278   0x00000006   Code   RO         1496    .ARM.Collect$$_printf_percent$$0000000F  c_w.l(_printf_llu.o)
    0x0800027e   0x0800027e   0x00000006   Code   RO         1501    .ARM.Collect$$_printf_percent$$00000010  c_w.l(_printf_llo.o)
    0x08000284   0x08000284   0x00000006   Code   RO         1502    .ARM.Collect$$_printf_percent$$00000011  c_w.l(_printf_llx.o)
    0x0800028a   0x0800028a   0x0000000a   Code   RO         1498    .ARM.Collect$$_printf_percent$$00000012  c_w.l(_printf_l.o)
    0x08000294   0x08000294   0x00000006   Code   RO         1480    .ARM.Collect$$_printf_percent$$00000013  c_w.l(_printf_c.o)
    0x0800029a   0x0800029a   0x00000006   Code   RO         1481    .ARM.Collect$$_printf_percent$$00000014  c_w.l(_printf_s.o)
    0x080002a0   0x080002a0   0x00000006   Code   RO         1499    .ARM.Collect$$_printf_percent$$00000015  c_w.l(_printf_lc.o)
    0x080002a6   0x080002a6   0x00000006   Code   RO         1500    .ARM.Collect$$_printf_percent$$00000016  c_w.l(_printf_ls.o)
    0x080002ac   0x080002ac   0x00000004   Code   RO         1553    .ARM.Collect$$_printf_percent$$00000017  c_w.l(_printf_percent_end.o)
    0x080002b0   0x080002b0   0x00000002   Code   RO         1697    .ARM.Collect$$libinit$$00000000  c_w.l(libinit.o)
    0x080002b2   0x080002b2   0x00000004   Code   RO         1698    .ARM.Collect$$libinit$$00000001  c_w.l(libinit2.o)
    0x080002b6   0x080002b6   0x00000000   Code   RO         1701    .ARM.Collect$$libinit$$00000004  c_w.l(libinit2.o)
    0x080002b6   0x080002b6   0x00000008   Code   RO         1702    .ARM.Collect$$libinit$$00000005  c_w.l(libinit2.o)
    0x080002be   0x080002be   0x00000000   Code   RO         1704    .ARM.Collect$$libinit$$0000000A  c_w.l(libinit2.o)
    0x080002be   0x080002be   0x00000000   Code   RO         1706    .ARM.Collect$$libinit$$0000000C  c_w.l(libinit2.o)
    0x080002be   0x080002be   0x00000000   Code   RO         1708    .ARM.Collect$$libinit$$0000000E  c_w.l(libinit2.o)
    0x080002be   0x080002be   0x00000006   Code   RO         1709    .ARM.Collect$$libinit$$0000000F  c_w.l(libinit2.o)
    0x080002c4   0x080002c4   0x00000000   Code   RO         1711    .ARM.Collect$$libinit$$00000011  c_w.l(libinit2.o)
    0x080002c4   0x080002c4   0x0000000c   Code   RO         1712    .ARM.Collect$$libinit$$00000012  c_w.l(libinit2.o)
    0x080002d0   0x080002d0   0x00000000   Code   RO         1713    .ARM.Collect$$libinit$$00000013  c_w.l(libinit2.o)
    0x080002d0   0x080002d0   0x00000000   Code   RO         1715    .ARM.Collect$$libinit$$00000015  c_w.l(libinit2.o)
    0x080002d0   0x080002d0   0x0000000a   Code   RO         1716    .ARM.Collect$$libinit$$00000016  c_w.l(libinit2.o)
    0x080002da   0x080002da   0x00000000   Code   RO         1717    .ARM.Collect$$libinit$$00000017  c_w.l(libinit2.o)
    0x080002da   0x080002da   0x00000000   Code   RO         1719    .ARM.Collect$$libinit$$00000019  c_w.l(libinit2.o)
    0x080002da   0x080002da   0x00000000   Code   RO         1721    .ARM.Collect$$libinit$$0000001B  c_w.l(libinit2.o)
    0x080002da   0x080002da   0x00000000   Code   RO         1723    .ARM.Collect$$libinit$$0000001D  c_w.l(libinit2.o)
    0x080002da   0x080002da   0x00000000   Code   RO         1725    .ARM.Collect$$libinit$$0000001F  c_w.l(libinit2.o)
    0x080002da   0x080002da   0x00000000   Code   RO         1727    .ARM.Collect$$libinit$$00000021  c_w.l(libinit2.o)
    0x080002da   0x080002da   0x00000000   Code   RO         1729    .ARM.Collect$$libinit$$00000023  c_w.l(libinit2.o)
    0x080002da   0x080002da   0x00000004   Code   RO         1730    .ARM.Collect$$libinit$$00000024  c_w.l(libinit2.o)
    0x080002de   0x080002de   0x00000000   Code   RO         1731    .ARM.Collect$$libinit$$00000025  c_w.l(libinit2.o)
    0x080002de   0x080002de   0x00000000   Code   RO         1735    .ARM.Collect$$libinit$$0000002C  c_w.l(libinit2.o)
    0x080002de   0x080002de   0x00000000   Code   RO         1737    .ARM.Collect$$libinit$$0000002E  c_w.l(libinit2.o)
    0x080002de   0x080002de   0x00000000   Code   RO         1739    .ARM.Collect$$libinit$$00000030  c_w.l(libinit2.o)
    0x080002de   0x080002de   0x00000000   Code   RO         1741    .ARM.Collect$$libinit$$00000032  c_w.l(libinit2.o)
    0x080002de   0x080002de   0x00000002   Code   RO         1742    .ARM.Collect$$libinit$$00000033  c_w.l(libinit2.o)
    0x080002e0   0x080002e0   0x00000002   Code   RO         1903    .ARM.Collect$$libshutdown$$00000000  c_w.l(libshutdown.o)
    0x080002e2   0x080002e2   0x00000000   Code   RO         1744    .ARM.Collect$$libshutdown$$00000002  c_w.l(libshutdown2.o)
    0x080002e2   0x080002e2   0x00000004   Code   RO         1745    .ARM.Collect$$libshutdown$$00000003  c_w.l(libshutdown2.o)
    0x080002e6   0x080002e6   0x00000000   Code   RO         1746    .ARM.Collect$$libshutdown$$00000004  c_w.l(libshutdown2.o)
    0x080002e6   0x080002e6   0x00000000   Code   RO         1749    .ARM.Collect$$libshutdown$$00000007  c_w.l(libshutdown2.o)
    0x080002e6   0x080002e6   0x00000000   Code   RO         1752    .ARM.Collect$$libshutdown$$0000000A  c_w.l(libshutdown2.o)
    0x080002e6   0x080002e6   0x00000000   Code   RO         1754    .ARM.Collect$$libshutdown$$0000000C  c_w.l(libshutdown2.o)
    0x080002e6   0x080002e6   0x00000004   Code   RO         1755    .ARM.Collect$$libshutdown$$0000000D  c_w.l(libshutdown2.o)
    0x080002ea   0x080002ea   0x00000000   Code   RO         1757    .ARM.Collect$$libshutdown$$0000000F  c_w.l(libshutdown2.o)
    0x080002ea   0x080002ea   0x00000002   Code   RO         1758    .ARM.Collect$$libshutdown$$00000010  c_w.l(libshutdown2.o)
    0x080002ec   0x080002ec   0x00000000   Code   RO         1409    .ARM.Collect$$rtentry$$00000000  c_w.l(__rtentry.o)
    0x080002ec   0x080002ec   0x00000000   Code   RO         1520    .ARM.Collect$$rtentry$$00000002  c_w.l(__rtentry2.o)
    0x080002ec   0x080002ec   0x00000006   Code   RO         1532    .ARM.Collect$$rtentry$$00000004  c_w.l(__rtentry4.o)
    0x080002f2   0x080002f2   0x00000008   Code   RO         1521    .ARM.Collect$$rtentry$$00000008  c_w.l(__rtentry2.o)
    0x080002fa   0x080002fa   0x00000004   Code   RO         1523    .ARM.Collect$$rtentry$$0000000A  c_w.l(__rtentry2.o)
    0x080002fe   0x080002fe   0x00000000   Code   RO         1525    .ARM.Collect$$rtentry$$0000000C  c_w.l(__rtentry2.o)
    0x080002fe   0x080002fe   0x00000008   Code   RO         1526    .ARM.Collect$$rtentry$$0000000D  c_w.l(__rtentry2.o)
    0x08000306   0x08000306   0x00000002   Code   RO         1769    .ARM.Collect$$rtexit$$00000000  c_w.l(rtexit.o)
    0x08000308   0x08000308   0x00000000   Code   RO         1830    .ARM.Collect$$rtexit$$00000002  c_w.l(rtexit2.o)
    0x08000308   0x08000308   0x00000004   Code   RO         1831    .ARM.Collect$$rtexit$$00000003  c_w.l(rtexit2.o)
    0x0800030c   0x0800030c   0x00000006   Code   RO         1832    .ARM.Collect$$rtexit$$00000004  c_w.l(rtexit2.o)
    0x08000312   0x08000312   0x00000002   PAD
    0x08000314   0x08000314   0x00000040   Code   RO          883    .text               startup_stm32f429xx.o
    0x08000354   0x08000354   0x000000c8   Code   RO         1275    .text               RTX_CM4F.lib(irq_armv7m.o)
    0x0800041c   0x0800041c   0x000000f0   Code   RO         1391    .text               c_w.l(lludivv7m.o)
    0x0800050c   0x0800050c   0x00000018   Code   RO         1393    .text               c_w.l(printf.o)
    0x08000524   0x08000524   0x0000008a   Code   RO         1395    .text               c_w.l(rt_memcpy_v6.o)
    0x080005ae   0x080005ae   0x00000044   Code   RO         1397    .text               c_w.l(rt_memclr.o)
    0x080005f2   0x080005f2   0x0000004e   Code   RO         1399    .text               c_w.l(rt_memclr_w.o)
    0x08000640   0x08000640   0x0000007c   Code   RO         1401    .text               c_w.l(strcmpv7em.o)
    0x080006bc   0x080006bc   0x00000006   Code   RO         1403    .text               c_w.l(heapauxi.o)
    0x080006c2   0x080006c2   0x0000004e   Code   RO         1416    .text               c_w.l(_printf_pad.o)
    0x08000710   0x08000710   0x00000024   Code   RO         1418    .text               c_w.l(_printf_truncate.o)
    0x08000734   0x08000734   0x00000052   Code   RO         1420    .text               c_w.l(_printf_str.o)
    0x08000786   0x08000786   0x00000002   PAD
    0x08000788   0x08000788   0x00000078   Code   RO         1422    .text               c_w.l(_printf_dec.o)
    0x08000800   0x08000800   0x00000028   Code   RO         1424    .text               c_w.l(_printf_charcount.o)
    0x08000828   0x08000828   0x000000bc   Code   RO         1428    .text               c_w.l(_printf_wctomb.o)
    0x080008e4   0x080008e4   0x0000007c   Code   RO         1431    .text               c_w.l(_printf_longlong_dec.o)
    0x08000960   0x08000960   0x00000070   Code   RO         1437    .text               c_w.l(_printf_oct_int_ll.o)
    0x080009d0   0x080009d0   0x00000094   Code   RO         1457    .text               c_w.l(_printf_hex_int_ll_ptr.o)
    0x08000a64   0x08000a64   0x00000188   Code   RO         1477    .text               c_w.l(__printf_flags_ss_wp.o)
    0x08000bec   0x08000bec   0x00000064   Code   RO         1509    .text               c_w.l(rt_memcpy_w.o)
    0x08000c50   0x08000c50   0x0000008a   Code   RO         1536    .text               c_w.l(lludiv10.o)
    0x08000cda   0x08000cda   0x000000b2   Code   RO         1538    .text               c_w.l(_printf_intcommon.o)
    0x08000d8c   0x08000d8c   0x0000041c   Code   RO         1540    .text               c_w.l(_printf_fp_dec.o)
    0x080011a8   0x080011a8   0x000002fc   Code   RO         1544    .text               c_w.l(_printf_fp_hex.o)
    0x080014a4   0x080014a4   0x00000030   Code   RO         1547    .text               c_w.l(_printf_char_common.o)
    0x080014d4   0x080014d4   0x0000002c   Code   RO         1549    .text               c_w.l(_printf_char.o)
    0x08001500   0x08001500   0x0000002c   Code   RO         1551    .text               c_w.l(_printf_wchar.o)
    0x0800152c   0x0800152c   0x000001c8   Code   RO         1566    .text               c_w.l(initio_locked.o)
    0x080016f4   0x080016f4   0x00000048   Code   RO         1568    .text               c_w.l(_c16rtomb.o)
    0x0800173c   0x0800173c   0x0000004a   Code   RO         1570    .text               c_w.l(sys_stackheap_outer.o)
    0x08001786   0x08001786   0x00000002   PAD
    0x08001788   0x08001788   0x00000010   Code   RO         1572    .text               c_w.l(rt_ctype_table.o)
    0x08001798   0x08001798   0x0000000a   Code   RO         1579    .text               c_w.l(rt_locale_twolibspace.o)
    0x080017a2   0x080017a2   0x00000076   Code   RO         1585    .text               c_w.l(h1_free_threads.o)
    0x08001818   0x08001818   0x00000080   Code   RO         1637    .text               c_w.l(_printf_fp_infnan.o)
    0x08001898   0x08001898   0x000000e4   Code   RO         1641    .text               c_w.l(bigflt0.o)
    0x0800197c   0x0800197c   0x000001d6   Code   RO         1668    .text               c_w.l(flsbuf.o)
    0x08001b52   0x08001b52   0x0000004c   Code   RO         1675    .text               c_w.l(fclose.o)
    0x08001b9e   0x08001b9e   0x00000068   Code   RO         1677    .text               c_w.l(setvbuf_locked.o)
    0x08001c06   0x08001c06   0x00000002   PAD
    0x08001c08   0x08001c08   0x0000014c   Code   RO         1679    .text               c_w.l(fopen_locked.o)
    0x08001d54   0x08001d54   0x00000012   Code   RO         1684    .text               c_w.l(exit.o)
    0x08001d66   0x08001d66   0x0000000e   Code   RO         1690    .text               c_w.l(defsig_rtred_outer.o)
    0x08001d74   0x08001d74   0x00000008   Code   RO         1766    .text               c_w.l(libspace.o)
    0x08001d7c   0x08001d7c   0x0000000a   Code   RO         1778    .text               c_w.l(rt_heap_descriptor_twolibspace.o)
    0x08001d86   0x08001d86   0x00000004   Code   RO         1780    .text               c_w.l(hguard.o)
    0x08001d8a   0x08001d8a   0x0000008a   Code   RO         1782    .text               c_w.l(init_alloc.o)
    0x08001e14   0x08001e14   0x000000a6   Code   RO         1790    .text               c_w.l(h1_alloc_threads.o)
    0x08001eba   0x08001eba   0x00000002   PAD
    0x08001ebc   0x08001ebc   0x00000040   Code   RO         1800    .text               c_w.l(_printf_char_file_locked.o)
    0x08001efc   0x08001efc   0x000000f8   Code   RO         1804    .text               c_w.l(fseek.o)
    0x08001ff4   0x08001ff4   0x000000f0   Code   RO         1806    .text               c_w.l(stdio.o)
    0x080020e4   0x080020e4   0x0000000a   Code   RO         1815    .text               c_w.l(defsig_exit.o)
    0x080020ee   0x080020ee   0x00000002   PAD
    0x080020f0   0x080020f0   0x00000034   Code   RO         1819    .text               c_w.l(defsig_rtred_inner.o)
    0x08002124   0x08002124   0x0000000c   Code   RO         1825    .text               c_w.l(sys_exit.o)
    0x08002130   0x08002130   0x00000000   Code   RO         1837    .text               c_w.l(maybetermalloc2.o)
    0x08002130   0x08002130   0x00000012   Code   RO         1842    .text               c_w.l(h1_init_threads.o)
    0x08002142   0x08002142   0x00000052   Code   RO         1844    .text               c_w.l(h1_extend_threads.o)
    0x08002194   0x08002194   0x00000042   Code   RO         1852    .text               c_w.l(ftell.o)
    0x080021d6   0x080021d6   0x00000032   Code   RO         1860    .text               c_w.l(defsig_general.o)
    0x08002208   0x08002208   0x0000000e   Code   RO         1862    .text               c_w.l(defsig_rtmem_outer.o)
    0x08002216   0x08002216   0x0000000e   Code   RO         1875    .text               c_w.l(sys_wrch.o)
    0x08002224   0x08002224   0x00000002   Code   RO         1883    .text               c_w.l(use_no_semi.o)
    0x08002226   0x08002226   0x00000000   Code   RO         1885    .text               c_w.l(indicate_semi.o)
    0x08002226   0x08002226   0x00000004   Code   RO         1891    .text               c_w.l(rt_errno_addr_twolibspace.o)
    0x0800222a   0x0800222a   0x00000010   Code   RO         1895    .text               c_w.l(term_alloc.o)
    0x0800223a   0x0800223a   0x00000002   PAD
    0x0800223c   0x0800223c   0x00000050   Code   RO         1897    .text               c_w.l(defsig_rtmem_inner.o)
    0x0800228c   0x0800228c   0x0000000a   Code   RO         1906    .text               c_w.l(h1_final_threads.o)
    0x08002296   0x08002296   0x00000002   PAD
    0x08002298   0x08002298   0x00000016   Code   RO           92    .text.$Sub$$_fp_init  rtx_lib.o
    0x080022ae   0x080022ae   0x00000002   PAD
    0x080022b0   0x080022b0   0x00000004   Code   RO            8    .text.BusFault_Handler  stm32f4xx_it.o
    0x080022b4   0x080022b4   0x0000006a   Code   RO           78    .text.Buttons_GetState  buttons_nucleo_f429zi.o
    0x0800231e   0x0800231e   0x00000002   PAD
    0x08002320   0x08002320   0x00000070   Code   RO           74    .text.Buttons_Initialize  buttons_nucleo_f429zi.o
    0x08002390   0x08002390   0x00000002   Code   RO           12    .text.DebugMon_Handler  stm32f4xx_it.o
    0x08002392   0x08002392   0x00000002   PAD
    0x08002394   0x08002394   0x000001da   Code   RO          174    .text.Enable_GPIO_Clock  usart_stm32f4xx.o
    0x0800256e   0x0800256e   0x00000002   PAD
    0x08002570   0x08002570   0x00000004   Code   RO           29    .text.Error_Handler  main.o
    0x08002574   0x08002574   0x000000ec   Code   RO          471    .text.HAL_DMA_Abort  stm32f4xx_hal_dma.o
    0x08002660   0x08002660   0x0000025c   Code   RO          512    .text.HAL_GPIO_DeInit  stm32f4xx_hal_gpio.o
    0x080028bc   0x080028bc   0x000003ee   Code   RO          510    .text.HAL_GPIO_Init  stm32f4xx_hal_gpio.o
    0x08002caa   0x08002caa   0x00000002   PAD
    0x08002cac   0x08002cac   0x0000002e   Code   RO          514    .text.HAL_GPIO_ReadPin  stm32f4xx_hal_gpio.o
    0x08002cda   0x08002cda   0x00000002   PAD
    0x08002cdc   0x08002cdc   0x0000002e   Code   RO          516    .text.HAL_GPIO_WritePin  stm32f4xx_hal_gpio.o
    0x08002d0a   0x08002d0a   0x00000002   PAD
    0x08002d0c   0x08002d0c   0x0000000e   Code   RO          346    .text.HAL_GetREVID  stm32f4xx_hal.o
    0x08002d1a   0x08002d1a   0x00000002   PAD
    0x08002d1c   0x08002d1c   0x00000066   Code   RO           21    .text.HAL_GetTick   main.o
    0x08002d82   0x08002d82   0x00000002   PAD
    0x08002d84   0x08002d84   0x0000002e   Code   RO          318    .text.HAL_Init      stm32f4xx_hal.o
    0x08002db2   0x08002db2   0x00000002   PAD
    0x08002db4   0x08002db4   0x0000000a   Code   RO           23    .text.HAL_InitTick  main.o
    0x08002dbe   0x08002dbe   0x00000002   PAD
    0x08002dc0   0x08002dc0   0x00000002   Code   RO          322    .text.HAL_MspInit   stm32f4xx_hal.o
    0x08002dc2   0x08002dc2   0x00000002   PAD
    0x08002dc4   0x08002dc4   0x00000014   Code   RO          402    .text.HAL_NVIC_DisableIRQ  stm32f4xx_hal_cortex.o
    0x08002dd8   0x08002dd8   0x00000010   Code   RO          386    .text.HAL_NVIC_SetPriorityGrouping  stm32f4xx_hal_cortex.o
    0x08002de8   0x08002de8   0x00000262   Code   RO          603    .text.HAL_RCC_ClockConfig  stm32f4xx_hal_rcc.o
    0x0800304a   0x0800304a   0x00000002   PAD
    0x0800304c   0x0800304c   0x0000000c   Code   RO          613    .text.HAL_RCC_GetHCLKFreq  stm32f4xx_hal_rcc.o
    0x08003058   0x08003058   0x00000022   Code   RO          615    .text.HAL_RCC_GetPCLK1Freq  stm32f4xx_hal_rcc.o
    0x0800307a   0x0800307a   0x00000002   PAD
    0x0800307c   0x0800307c   0x000000e6   Code   RO          605    .text.HAL_RCC_GetSysClockFreq  stm32f4xx_hal_rcc.o
    0x08003162   0x08003162   0x00000002   PAD
    0x08003164   0x08003164   0x000006be   Code   RO          601    .text.HAL_RCC_OscConfig  stm32f4xx_hal_rcc.o
    0x08003822   0x08003822   0x00000002   PAD
    0x08003824   0x08003824   0x00000004   Code   RO            4    .text.HardFault_Handler  stm32f4xx_it.o
    0x08003828   0x08003828   0x00000042   Code   RO          286    .text.ITM_SendChar  retarget_io.o
    0x0800386a   0x0800386a   0x00000002   PAD
    0x0800386c   0x0800386c   0x0000006c   Code   RO           40    .text.Init_MP3      mp3.o
    0x080038d8   0x080038d8   0x0000004c   Code   RO           59    .text.Init_Test     threadtest.o
    0x08003924   0x08003924   0x00000004   Code   RO            6    .text.MemManage_Handler  stm32f4xx_it.o
    0x08003928   0x08003928   0x00000040   Code   RO         1256    .text.MessageQueueGet  RTX_CM4F.lib(rtx_msgqueue.o)
    0x08003968   0x08003968   0x00000058   Code   RO         1250    .text.MessageQueuePut  RTX_CM4F.lib(rtx_msgqueue.o)
    0x080039c0   0x080039c0   0x0000001c   Code   RO         1248    .text.MessageQueueRemove  RTX_CM4F.lib(rtx_msgqueue.o)
    0x080039dc   0x080039dc   0x00000002   Code   RO            2    .text.NMI_Handler   stm32f4xx_it.o
    0x080039de   0x080039de   0x00000002   PAD
    0x080039e0   0x080039e0   0x00000008   Code   RO         1369    .text.OS_Tick_AcknowledgeIRQ  RTX_CM4F.lib(os_systick.o)
    0x080039e8   0x080039e8   0x00000024   Code   RO         1365    .text.OS_Tick_Enable  RTX_CM4F.lib(os_systick.o)
    0x08003a0c   0x08003a0c   0x00000006   Code   RO         1371    .text.OS_Tick_GetIRQn  RTX_CM4F.lib(os_systick.o)
    0x08003a12   0x08003a12   0x00000002   PAD
    0x08003a14   0x08003a14   0x00000040   Code   RO         1363    .text.OS_Tick_Setup  RTX_CM4F.lib(os_systick.o)
    0x08003a54   0x08003a54   0x0000000c   Code   RO          962    .text.OUTLINED_FUNCTION_0  RTX_CM4F.lib(rtx_kernel.o)
    0x08003a60   0x08003a60   0x00000006   Code   RO         1102    .text.OUTLINED_FUNCTION_0  RTX_CM4F.lib(rtx_thread.o)
    0x08003a66   0x08003a66   0x0000000c   Code   RO         1264    .text.OUTLINED_FUNCTION_0  RTX_CM4F.lib(rtx_msgqueue.o)
    0x08003a72   0x08003a72   0x00000006   Code   RO          964    .text.OUTLINED_FUNCTION_1  RTX_CM4F.lib(rtx_kernel.o)
    0x08003a78   0x08003a78   0x00000006   Code   RO         1266    .text.OUTLINED_FUNCTION_1  RTX_CM4F.lib(rtx_msgqueue.o)
    0x08003a7e   0x08003a7e   0x00000002   PAD
    0x08003a80   0x08003a80   0x000000ca   Code   RO           27    .text.SystemClock_Config  main.o
    0x08003b4a   0x08003b4a   0x00000002   PAD
    0x08003b4c   0x08003b4c   0x0000012e   Code   RO          892    .text.SystemCoreClockUpdate  system_stm32f4xx.o
    0x08003c7a   0x08003c7a   0x00000002   PAD
    0x08003c7c   0x08003c7c   0x00000012   Code   RO          890    .text.SystemInit    system_stm32f4xx.o
    0x08003c8e   0x08003c8e   0x00000064   Code   RO         1054    .text.ThreadFlagsCheck  RTX_CM4F.lib(rtx_thread.o)
    0x08003cf2   0x08003cf2   0x00000002   PAD
    0x08003cf4   0x08003cf4   0x000001a2   Code   RO           42    .text.ThreadMP3     mp3.o
    0x08003e96   0x08003e96   0x00000002   PAD
    0x08003e98   0x08003e98   0x0000014e   Code   RO           61    .text.ThreadTest    threadtest.o
    0x08003fe6   0x08003fe6   0x00000002   PAD
    0x08003fe8   0x08003fe8   0x00000048   Code   RO         1154    .text.TimerInsert   RTX_CM4F.lib(rtx_timer.o)
    0x08004030   0x08004030   0x0000001c   Code   RO          162    .text.USART3_Control  usart_stm32f4xx.o
    0x0800404c   0x0800404c   0x00000018   Code   RO          144    .text.USART3_GetCapabilities  usart_stm32f4xx.o
    0x08004064   0x08004064   0x00000018   Code   RO          168    .text.USART3_GetModemStatus  usart_stm32f4xx.o
    0x0800407c   0x0800407c   0x00000010   Code   RO          160    .text.USART3_GetRxCount  usart_stm32f4xx.o
    0x0800408c   0x0800408c   0x00000018   Code   RO          164    .text.USART3_GetStatus  usart_stm32f4xx.o
    0x080040a4   0x080040a4   0x00000010   Code   RO          158    .text.USART3_GetTxCount  usart_stm32f4xx.o
    0x080040b4   0x080040b4   0x00000010   Code   RO          140    .text.USART3_IRQHandler  usart_stm32f4xx.o
    0x080040c4   0x080040c4   0x00000018   Code   RO          146    .text.USART3_Initialize  usart_stm32f4xx.o
    0x080040dc   0x080040dc   0x0000001c   Code   RO          150    .text.USART3_PowerControl  usart_stm32f4xx.o
    0x080040f8   0x080040f8   0x0000001c   Code   RO          154    .text.USART3_Receive  usart_stm32f4xx.o
    0x08004114   0x08004114   0x0000001c   Code   RO          152    .text.USART3_Send   usart_stm32f4xx.o
    0x08004130   0x08004130   0x0000001c   Code   RO          166    .text.USART3_SetModemControl  usart_stm32f4xx.o
    0x0800414c   0x0800414c   0x00000020   Code   RO          156    .text.USART3_Transfer  usart_stm32f4xx.o
    0x0800416c   0x0800416c   0x00000010   Code   RO          148    .text.USART3_Uninitialize  usart_stm32f4xx.o
    0x0800417c   0x0800417c   0x00000046   Code   RO           46    .text.USART_Callback  mp3.o
    0x080041c2   0x080041c2   0x00000002   PAD
    0x080041c4   0x080041c4   0x00000d86   Code   RO          196    .text.USART_Control  usart_stm32f4xx.o
    0x08004f4a   0x08004f4a   0x00000002   PAD
    0x08004f4c   0x08004f4c   0x00000010   Code   RO          170    .text.USART_GetCapabilities  usart_stm32f4xx.o
    0x08004f5c   0x08004f5c   0x0000006a   Code   RO          202    .text.USART_GetModemStatus  usart_stm32f4xx.o
    0x08004fc6   0x08004fc6   0x00000002   PAD
    0x08004fc8   0x08004fc8   0x0000000e   Code   RO          194    .text.USART_GetRxCount  usart_stm32f4xx.o
    0x08004fd6   0x08004fd6   0x00000002   PAD
    0x08004fd8   0x08004fd8   0x000000d4   Code   RO          198    .text.USART_GetStatus  usart_stm32f4xx.o
    0x080050ac   0x080050ac   0x0000000e   Code   RO          192    .text.USART_GetTxCount  usart_stm32f4xx.o
    0x080050ba   0x080050ba   0x00000002   PAD
    0x080050bc   0x080050bc   0x00000414   Code   RO          138    .text.USART_IRQHandler  usart_stm32f4xx.o
    0x080054d0   0x080054d0   0x00000042   Code   RO           44    .text.USART_Init    mp3.o
    0x08005512   0x08005512   0x00000002   PAD
    0x08005514   0x08005514   0x000000e0   Code   RO          172    .text.USART_Initialize  usart_stm32f4xx.o
    0x080055f4   0x080055f4   0x0000024c   Code   RO          184    .text.USART_PeripheralReset  usart_stm32f4xx.o
    0x08005840   0x08005840   0x0000045e   Code   RO          178    .text.USART_PowerControl  usart_stm32f4xx.o
    0x08005c9e   0x08005c9e   0x00000002   PAD
    0x08005ca0   0x08005ca0   0x000000e4   Code   RO          188    .text.USART_Receive  usart_stm32f4xx.o
    0x08005d84   0x08005d84   0x000000a2   Code   RO          186    .text.USART_Send    usart_stm32f4xx.o
    0x08005e26   0x08005e26   0x00000002   PAD
    0x08005e28   0x08005e28   0x000000e2   Code   RO          200    .text.USART_SetModemControl  usart_stm32f4xx.o
    0x08005f0a   0x08005f0a   0x00000002   PAD
    0x08005f0c   0x08005f0c   0x00000096   Code   RO          190    .text.USART_Transfer  usart_stm32f4xx.o
    0x08005fa2   0x08005fa2   0x00000002   PAD
    0x08005fa4   0x08005fa4   0x000000c0   Code   RO          176    .text.USART_Uninitialize  usart_stm32f4xx.o
    0x08006064   0x08006064   0x00000014   Code   RO          142    .text.USARTx_GetVersion  usart_stm32f4xx.o
    0x08006078   0x08006078   0x00000004   Code   RO           10    .text.UsageFault_Handler  stm32f4xx_it.o
    0x0800607c   0x0800607c   0x00000030   Code   RO          180    .text.__NVIC_ClearPendingIRQ  usart_stm32f4xx.o
    0x080060ac   0x080060ac   0x00000038   Code   RO          404    .text.__NVIC_DisableIRQ  stm32f4xx_hal_cortex.o
    0x080060e4   0x080060e4   0x00000030   Code   RO          182    .text.__NVIC_EnableIRQ  usart_stm32f4xx.o
    0x08006114   0x08006114   0x0000003c   Code   RO          388    .text.__NVIC_SetPriorityGrouping  stm32f4xx_hal_cortex.o
    0x08006150   0x08006150   0x00000096   Code   RO           94    .text.__user_perthread_libspace  rtx_lib.o
    0x080061e6   0x080061e6   0x00000002   PAD
    0x080061e8   0x080061e8   0x00000020   Code   RO          100    .text._mutex_acquire  rtx_lib.o
    0x08006208   0x08006208   0x00000012   Code   RO          104    .text._mutex_free   rtx_lib.o
    0x0800621a   0x0800621a   0x00000002   PAD
    0x0800621c   0x0800621c   0x00000032   Code   RO           98    .text._mutex_initialize  rtx_lib.o
    0x0800624e   0x0800624e   0x00000002   PAD
    0x08006250   0x08006250   0x0000001c   Code   RO          102    .text._mutex_release  rtx_lib.o
    0x0800626c   0x0800626c   0x00000008   Code   RO           90    .text._platform_post_stackheap_init  rtx_lib.o
    0x08006274   0x08006274   0x0000004a   Code   RO          292    .text._sys_close    retarget_io.o
    0x080062be   0x080062be   0x00000002   PAD
    0x080062c0   0x080062c0   0x00000048   Code   RO          304    .text._sys_flen     retarget_io.o
    0x08006308   0x08006308   0x00000048   Code   RO          300    .text._sys_istty    retarget_io.o
    0x08006350   0x08006350   0x00000084   Code   RO          290    .text._sys_open     retarget_io.o
    0x080063d4   0x080063d4   0x00000052   Code   RO          302    .text._sys_seek     retarget_io.o
    0x08006426   0x08006426   0x00000002   PAD
    0x08006428   0x08006428   0x00000076   Code   RO          294    .text._sys_write    retarget_io.o
    0x0800649e   0x0800649e   0x00000002   PAD
    0x080064a0   0x080064a0   0x0000004a   Code   RO           25    .text.main          main.o
    0x080064ea   0x080064ea   0x00000002   PAD
    0x080064ec   0x080064ec   0x00000024   Code   RO         1120    .text.osDelay       RTX_CM4F.lib(rtx_delay.o)
    0x08006510   0x08006510   0x0000002c   Code   RO          914    .text.osKernelGetState  RTX_CM4F.lib(rtx_kernel.o)
    0x0800653c   0x0800653c   0x00000028   Code   RO          930    .text.osKernelGetTickCount  RTX_CM4F.lib(rtx_kernel.o)
    0x08006564   0x08006564   0x0000002c   Code   RO          908    .text.osKernelInitialize  RTX_CM4F.lib(rtx_kernel.o)
    0x08006590   0x08006590   0x00000024   Code   RO          918    .text.osKernelStart  RTX_CM4F.lib(rtx_kernel.o)
    0x080065b4   0x080065b4   0x00000070   Code   RO         1224    .text.osMessageQueueGet  RTX_CM4F.lib(rtx_msgqueue.o)
    0x08006624   0x08006624   0x00000024   Code   RO         1218    .text.osMessageQueueNew  RTX_CM4F.lib(rtx_msgqueue.o)
    0x08006648   0x08006648   0x00000080   Code   RO         1222    .text.osMessageQueuePut  RTX_CM4F.lib(rtx_msgqueue.o)
    0x080066c8   0x080066c8   0x00000024   Code   RO         1186    .text.osMutexAcquire  RTX_CM4F.lib(rtx_mutex.o)
    0x080066ec   0x080066ec   0x00000024   Code   RO         1192    .text.osMutexDelete  RTX_CM4F.lib(rtx_mutex.o)
    0x08006710   0x08006710   0x00000024   Code   RO         1182    .text.osMutexNew    RTX_CM4F.lib(rtx_mutex.o)
    0x08006734   0x08006734   0x00000024   Code   RO         1188    .text.osMutexRelease  RTX_CM4F.lib(rtx_mutex.o)
    0x08006758   0x08006758   0x0000002e   Code   RO          129    .text.osRtxErrorNotify  rtx_config.o
    0x08006786   0x08006786   0x00000002   PAD
    0x08006788   0x08006788   0x00000008   Code   RO          127    .text.osRtxIdleThread  rtx_config.o
    0x08006790   0x08006790   0x00000004   Code   RO          906    .text.osRtxKernelErrorNotify  RTX_CM4F.lib(rtx_kernel.o)
    0x08006794   0x08006794   0x00000002   Code   RO          904    .text.osRtxKernelPreInit  RTX_CM4F.lib(rtx_kernel.o)
    0x08006796   0x08006796   0x0000006c   Code   RO         1285    .text.osRtxMemoryAlloc  RTX_CM4F.lib(rtx_memory.o)
    0x08006802   0x08006802   0x00000042   Code   RO         1287    .text.osRtxMemoryFree  RTX_CM4F.lib(rtx_memory.o)
    0x08006844   0x08006844   0x00000036   Code   RO         1283    .text.osRtxMemoryInit  RTX_CM4F.lib(rtx_memory.o)
    0x0800687a   0x0800687a   0x0000003a   Code   RO         1299    .text.osRtxMemoryPoolAlloc  RTX_CM4F.lib(rtx_mempool.o)
    0x080068b4   0x080068b4   0x0000004a   Code   RO         1301    .text.osRtxMemoryPoolFree  RTX_CM4F.lib(rtx_mempool.o)
    0x080068fe   0x080068fe   0x00000038   Code   RO         1297    .text.osRtxMemoryPoolInit  RTX_CM4F.lib(rtx_mempool.o)
    0x08006936   0x08006936   0x000000aa   Code   RO         1246    .text.osRtxMessageQueuePostProcess  RTX_CM4F.lib(rtx_msgqueue.o)
    0x080069e0   0x080069e0   0x00000024   Code   RO         1214    .text.osRtxMessageQueueTimerSetup  RTX_CM4F.lib(rtx_msgqueue.o)
    0x08006a04   0x08006a04   0x00000048   Code   RO         1178    .text.osRtxMutexOwnerRelease  RTX_CM4F.lib(rtx_mutex.o)
    0x08006a4c   0x08006a4c   0x00000048   Code   RO         1180    .text.osRtxMutexOwnerRestore  RTX_CM4F.lib(rtx_mutex.o)
    0x08006a94   0x08006a94   0x00000088   Code   RO         1351    .text.osRtxPendSV_Handler  RTX_CM4F.lib(rtx_system.o)
    0x08006b1c   0x08006b1c   0x00000070   Code   RO         1353    .text.osRtxPostProcess  RTX_CM4F.lib(rtx_system.o)
    0x08006b8c   0x08006b8c   0x00000034   Code   RO          994    .text.osRtxThreadBlock  RTX_CM4F.lib(rtx_thread.o)
    0x08006bc0   0x08006bc0   0x0000007c   Code   RO         1002    .text.osRtxThreadDelayInsert  RTX_CM4F.lib(rtx_thread.o)
    0x08006c3c   0x08006c3c   0x0000003c   Code   RO          998    .text.osRtxThreadDelayRemove  RTX_CM4F.lib(rtx_thread.o)
    0x08006c78   0x08006c78   0x00000050   Code   RO          986    .text.osRtxThreadDelayTick  RTX_CM4F.lib(rtx_thread.o)
    0x08006cc8   0x08006cc8   0x00000020   Code   RO         1086    .text.osRtxThreadDestroy  RTX_CM4F.lib(rtx_thread.o)
    0x08006ce8   0x08006ce8   0x00000050   Code   RO          992    .text.osRtxThreadDispatch  RTX_CM4F.lib(rtx_thread.o)
    0x08006d38   0x08006d38   0x00000058   Code   RO         1078    .text.osRtxThreadFree  RTX_CM4F.lib(rtx_thread.o)
    0x08006d90   0x08006d90   0x0000001e   Code   RO         1084    .text.osRtxThreadJoinWakeup  RTX_CM4F.lib(rtx_thread.o)
    0x08006dae   0x08006dae   0x00000012   Code   RO          978    .text.osRtxThreadListGet  RTX_CM4F.lib(rtx_thread.o)
    0x08006dc0   0x08006dc0   0x0000002c   Code   RO          976    .text.osRtxThreadListPut  RTX_CM4F.lib(rtx_thread.o)
    0x08006dec   0x08006dec   0x00000014   Code   RO          982    .text.osRtxThreadListRemove  RTX_CM4F.lib(rtx_thread.o)
    0x08006e00   0x08006e00   0x00000026   Code   RO          980    .text.osRtxThreadListSort  RTX_CM4F.lib(rtx_thread.o)
    0x08006e26   0x08006e26   0x00000028   Code   RO         1052    .text.osRtxThreadPostProcess  RTX_CM4F.lib(rtx_thread.o)
    0x08006e4e   0x08006e4e   0x00000002   PAD
    0x08006e50   0x08006e50   0x00000014   Code   RO          984    .text.osRtxThreadReadyPut  RTX_CM4F.lib(rtx_thread.o)
    0x08006e64   0x08006e64   0x00000014   Code   RO          988    .text.osRtxThreadRegPtr  RTX_CM4F.lib(rtx_thread.o)
    0x08006e78   0x08006e78   0x00000038   Code   RO         1004    .text.osRtxThreadStartup  RTX_CM4F.lib(rtx_thread.o)
    0x08006eb0   0x08006eb0   0x0000000c   Code   RO          990    .text.osRtxThreadSwitch  RTX_CM4F.lib(rtx_thread.o)
    0x08006ebc   0x08006ebc   0x0000003c   Code   RO         1000    .text.osRtxThreadWaitEnter  RTX_CM4F.lib(rtx_thread.o)
    0x08006ef8   0x08006ef8   0x00000030   Code   RO          996    .text.osRtxThreadWaitExit  RTX_CM4F.lib(rtx_thread.o)
    0x08006f28   0x08006f28   0x00000078   Code   RO         1349    .text.osRtxTick_Handler  RTX_CM4F.lib(rtx_system.o)
    0x08006fa0   0x08006fa0   0x00000020   Code   RO         1136    .text.osRtxTimerSetup  RTX_CM4F.lib(rtx_timer.o)
    0x08006fc0   0x08006fc0   0x00000020   Code   RO         1140    .text.osRtxTimerThread  RTX_CM4F.lib(rtx_timer.o)
    0x08006fe0   0x08006fe0   0x00000070   Code   RO         1138    .text.osRtxTimerTick  RTX_CM4F.lib(rtx_timer.o)
    0x08007050   0x08007050   0x0000000c   Code   RO         1036    .text.osThreadExit  RTX_CM4F.lib(rtx_thread.o)
    0x0800705c   0x0800705c   0x00000058   Code   RO         1044    .text.osThreadFlagsSet  RTX_CM4F.lib(rtx_thread.o)
    0x080070b4   0x080070b4   0x00000024   Code   RO         1050    .text.osThreadFlagsWait  RTX_CM4F.lib(rtx_thread.o)
    0x080070d8   0x080070d8   0x00000028   Code   RO         1012    .text.osThreadGetId  RTX_CM4F.lib(rtx_thread.o)
    0x08007100   0x08007100   0x00000024   Code   RO         1008    .text.osThreadNew   RTX_CM4F.lib(rtx_thread.o)
    0x08007124   0x08007124   0x00000024   Code   RO         1026    .text.osThreadYield  RTX_CM4F.lib(rtx_thread.o)
    0x08007148   0x08007148   0x00000036   Code   RO           96    .text.os_kernel_is_active  rtx_lib.o
    0x0800717e   0x0800717e   0x00000002   PAD
    0x08007180   0x08007180   0x00000010   Code   RO          296    .text.stdout_putchar  retarget_io.o
    0x08007190   0x08007190   0x00000016   Code   RO         1124    .text.svcRtxDelay   RTX_CM4F.lib(rtx_delay.o)
    0x080071a6   0x080071a6   0x00000002   PAD
    0x080071a8   0x080071a8   0x00000008   Code   RO          916    .text.svcRtxKernelGetState  RTX_CM4F.lib(rtx_kernel.o)
    0x080071b0   0x080071b0   0x0000000c   Code   RO          932    .text.svcRtxKernelGetTickCount  RTX_CM4F.lib(rtx_kernel.o)
    0x080071bc   0x080071bc   0x000000fc   Code   RO          946    .text.svcRtxKernelInitialize  RTX_CM4F.lib(rtx_kernel.o)
    0x080072b8   0x080072b8   0x0000008c   Code   RO          948    .text.svcRtxKernelStart  RTX_CM4F.lib(rtx_kernel.o)
    0x08007344   0x08007344   0x000000cc   Code   RO         1258    .text.svcRtxMessageQueueGet  RTX_CM4F.lib(rtx_msgqueue.o)
    0x08007410   0x08007410   0x00000118   Code   RO         1216    .text.svcRtxMessageQueueNew  RTX_CM4F.lib(rtx_msgqueue.o)
    0x08007528   0x08007528   0x000000a8   Code   RO         1254    .text.svcRtxMessageQueuePut  RTX_CM4F.lib(rtx_msgqueue.o)
    0x080075d0   0x080075d0   0x00000090   Code   RO         1198    .text.svcRtxMutexAcquire  RTX_CM4F.lib(rtx_mutex.o)
    0x08007660   0x08007660   0x000000ac   Code   RO         1204    .text.svcRtxMutexDelete  RTX_CM4F.lib(rtx_mutex.o)
    0x0800770c   0x0800770c   0x00000068   Code   RO         1194    .text.svcRtxMutexNew  RTX_CM4F.lib(rtx_mutex.o)
    0x08007774   0x08007774   0x000000b4   Code   RO         1200    .text.svcRtxMutexRelease  RTX_CM4F.lib(rtx_mutex.o)
    0x08007828   0x08007828   0x0000004c   Code   RO         1082    .text.svcRtxThreadExit  RTX_CM4F.lib(rtx_thread.o)
    0x08007874   0x08007874   0x00000066   Code   RO         1094    .text.svcRtxThreadFlagsSet  RTX_CM4F.lib(rtx_thread.o)
    0x080078da   0x080078da   0x00000002   PAD
    0x080078dc   0x080078dc   0x00000048   Code   RO         1100    .text.svcRtxThreadFlagsWait  RTX_CM4F.lib(rtx_thread.o)
    0x08007924   0x08007924   0x0000000c   Code   RO         1014    .text.svcRtxThreadGetId  RTX_CM4F.lib(rtx_thread.o)
    0x08007930   0x08007930   0x000001ec   Code   RO         1006    .text.svcRtxThreadNew  RTX_CM4F.lib(rtx_thread.o)
    0x08007b1c   0x08007b1c   0x00000038   Code   RO         1068    .text.svcRtxThreadYield  RTX_CM4F.lib(rtx_thread.o)
    0x08007b54   0x08007b54   0x00000026   Code   RO           63    .text.waitConfirmation  threadtest.o
    0x08007b7a   0x08007b7a   0x0000003e   Code   RO         1644    CL$$btod_d2e        c_w.l(btod.o)
    0x08007bb8   0x08007bb8   0x00000046   Code   RO         1646    CL$$btod_d2e_denorm_low  c_w.l(btod.o)
    0x08007bfe   0x08007bfe   0x00000060   Code   RO         1645    CL$$btod_d2e_norm_op1  c_w.l(btod.o)
    0x08007c5e   0x08007c5e   0x00000002   PAD
    0x08007c60   0x08007c60   0x00000338   Code   RO         1654    CL$$btod_div_common  c_w.l(btod.o)
    0x08007f98   0x08007f98   0x000000dc   Code   RO         1651    CL$$btod_e2e        c_w.l(btod.o)
    0x08008074   0x08008074   0x0000002a   Code   RO         1648    CL$$btod_ediv       c_w.l(btod.o)
    0x0800809e   0x0800809e   0x0000002a   Code   RO         1647    CL$$btod_emul       c_w.l(btod.o)
    0x080080c8   0x080080c8   0x00000244   Code   RO         1653    CL$$btod_mult_common  c_w.l(btod.o)
    0x0800830c   0x0800830c   0x00000030   Code   RO         1764    i.__ARM_fpclassify  m_wm.l(fpclassify.o)
    0x0800833c   0x0800833c   0x0000000e   Code   RO         1470    i._is_digit         c_w.l(__printf_wp.o)
    0x0800834a   0x0800834a   0x0000001a   Code   RO         1557    i.fputc             c_w.l(fputc.o)
    0x08008364   0x08008364   0x0000002c   Code   RO         1682    locale$$code        c_w.l(lc_numeric_c.o)
    0x08008390   0x08008390   0x0000002c   Code   RO         1813    locale$$code        c_w.l(lc_ctype_c.o)
    0x080083bc   0x080083bc   0x0000001a   Code   RO         1407    x$fpl$fpinit        fz_wm.l(fpinit.o)
    0x080083d6   0x080083d6   0x00000004   Code   RO         1511    x$fpl$printf1       fz_wm.l(printf1.o)
    0x080083da   0x080083da   0x00000004   Code   RO         1513    x$fpl$printf2       fz_wm.l(printf2.o)
    0x080083de   0x080083de   0x00000000   Code   RO         1763    x$fpl$usenofp       fz_wm.l(usenofp.o)
    0x080083de   0x080083de   0x00000002   PAD
    0x080083e0   0x080083e0   0x00000008   Data   RO         1429    .constdata          c_w.l(_printf_wctomb.o)
    0x080083e8   0x080083e8   0x00000028   Data   RO         1458    .constdata          c_w.l(_printf_hex_int_ll_ptr.o)
    0x08008410   0x08008410   0x00000011   Data   RO         1478    .constdata          c_w.l(__printf_flags_ss_wp.o)
    0x08008421   0x08008421   0x00000026   Data   RO         1545    .constdata          c_w.l(_printf_fp_hex.o)
    0x08008447   0x08008447   0x00000001   PAD
    0x08008448   0x08008448   0x00000094   Data   RO         1642    .constdata          c_w.l(bigflt0.o)
    0x080084dc   0x080084dc   0x000000a8   Data   RO          110    .rodata             rtx_lib.o
    0x08008584   0x08008584   0x00000010   Data   RO          895    .rodata.AHBPrescTable  system_stm32f4xx.o
    0x08008594   0x08008594   0x00000008   Data   RO          896    .rodata.APBPrescTable  system_stm32f4xx.o
    0x0800859c   0x0800859c   0x00000008   Data   RO           82    .rodata.BUTTON_PIN  buttons_nucleo_f429zi.o
    0x080085a4   0x080085a4   0x00000038   Data   RO          204    .rodata.Driver_USART3  usart_stm32f4xx.o
    0x080085dc   0x080085dc   0x00000018   Data   RO          277    .rodata.EventRecorderInfo  eventrecorder.o
    0x080085f4   0x080085f4   0x00000034   Data   RO          209    .rodata.USART3_Resources  usart_stm32f4xx.o
    0x08008628   0x08008628   0x0000000c   Data   RO          206    .rodata.USART3_rx   usart_stm32f4xx.o
    0x08008634   0x08008634   0x0000000c   Data   RO          205    .rodata.USART3_tx   usart_stm32f4xx.o
    0x08008640   0x08008640   0x00000008   Data   RO          309    .rodata.__stderr_name  retarget_io.o
    0x08008648   0x08008648   0x00000007   Data   RO          307    .rodata.__stdin_name  retarget_io.o
    0x0800864f   0x0800864f   0x00000008   Data   RO          308    .rodata.__stdout_name  retarget_io.o
    0x08008657   0x08008657   0x00000001   PAD
    0x08008658   0x08008658   0x00000004   Data   RO          112    .rodata.osRtxUserSVC  rtx_lib.o
    0x0800865c   0x0800865c   0x00000024   Data   RO          107    .rodata.os_idle_thread_attr  rtx_lib.o
    0x08008680   0x08008680   0x00000018   Data   RO          109    .rodata.os_timer_mq_attr  rtx_lib.o
    0x08008698   0x08008698   0x00000024   Data   RO          108    .rodata.os_timer_thread_attr  rtx_lib.o
    0x080086bc   0x080086bc   0x0000019d   Data   RO           66    .rodata.str1.1      threadtest.o
    0x08008859   0x08008859   0x00000017   Data   RO          310    .rodata.str1.1      retarget_io.o
    0x08008870   0x08008870   0x0000000b   Data   RO          966    .rodata.str1.4      RTX_CM4F.lib(rtx_kernel.o)
    0x0800887b   0x0800887b   0x00000001   PAD
    0x0800887c   0x0800887c   0x00000004   Data   RO          210    .rodata.usart_driver_version  usart_stm32f4xx.o
    0x08008880   0x08008880   0x00000020   Data   RO         1921    Region$$Table       anon$$obj.o
    0x080088a0   0x080088a0   0x0000001c   Data   RO         1681    locale$$data        c_w.l(lc_numeric_c.o)
    0x080088bc   0x080088bc   0x00000110   Data   RO         1812    locale$$data        c_w.l(lc_ctype_c.o)


    Execution Region RW_IRAM1 (Exec base: 0x20000000, Load base: 0x08008a00, Size: 0x000094b0, Max: 0x00030000, ABSOLUTE)

    Exec Addr    Load Addr    Size         Type   Attr      Idx    E Section Name        Object

    0x20000000   0x08008a00   0x00000004   Data   RW         1506    .data               c_w.l(stdio_streams.o)
    0x20000004   0x08008a04   0x00000004   Data   RW         1507    .data               c_w.l(stdio_streams.o)
    0x20000008   0x08008a08   0x00000004   Data   RW         1508    .data               c_w.l(stdio_streams.o)
    0x2000000c   0x08008a0c   0x00000004   Data   RW         1672    .data               c_w.l(streamlock.o)
    0x20000010   0x08008a10   0x00000004   Data   RW          894    .data.SystemCoreClock  system_stm32f4xx.o
    0x20000014   0x08008a14   0x00000008   Data   RW           51    .data.USARTcmd      mp3.o
    0x2000001c   0x08008a1c   0x00000004   Data   RW           50    .data.USARTdrv      mp3.o
    0x20000020   0x08008a20   0x000000a4   Data   RW          967    .data.os            RTX_CM4F.lib(rtx_kernel.o)
    0x200000c4   0x08008ac4   0x00000004   Data   RW          376    .data.uwTickPrio    stm32f4xx_hal.o
    0x200000c8   0x08008ac8   0x00000038   PAD
    0x20000100        -       0x00000054   Zero   RW         1503    .bss                c_w.l(stdio_streams.o)
    0x20000154        -       0x00000054   Zero   RW         1504    .bss                c_w.l(stdio_streams.o)
    0x200001a8        -       0x00000054   Zero   RW         1505    .bss                c_w.l(stdio_streams.o)
    0x200001fc        -       0x00000060   Zero   RW         1767    .bss                c_w.l(libspace.o)
    0x2000025c        -       0x00000004   Zero   RW           31    .bss.HAL_GetTick.ticks  main.o
    0x20000260        -       0x00000004   Zero   RW           49    .bss.MP3Queue       mp3.o
    0x20000264        -       0x00000004   Zero   RW           48    .bss.MP3_Thread     mp3.o
    0x20000268        -       0x00000014   Zero   RW          207    .bss.USART3_Info    usart_stm32f4xx.o
    0x2000027c        -       0x00000024   Zero   RW          208    .bss.USART3_TransferInfo  usart_stm32f4xx.o
    0x200002a0   0x08008ac8   0x00000020   PAD
    0x200002c0        -       0x000004a4   Zero   RW          276    .bss.noinit         eventrecorder.o
    0x20000764   0x08008ac8   0x00000004   PAD
    0x20000768        -       0x00008040   Zero   RW          106    .bss.os             rtx_lib.o
    0x200087a8        -       0x00000001   Zero   RW         1381    .bss.os             RTX_CM4F.lib(os_systick.o)
    0x200087a9   0x08008ac8   0x00000003   PAD
    0x200087ac        -       0x000001f0   Zero   RW          113    .bss.os.libspace    rtx_lib.o
    0x2000899c        -       0x00000034   Zero   RW          117    .bss.os.msgqueue.cb  rtx_lib.o
    0x200089d0        -       0x00000050   Zero   RW          118    .bss.os.msgqueue.mem  rtx_lib.o
    0x20008a20        -       0x00000088   Zero   RW          114    .bss.os.thread.cb   rtx_lib.o
    0x20008aa8        -       0x00000200   Zero   RW          115    .bss.os.thread.idle.stack  rtx_lib.o
    0x20008ca8        -       0x00000200   Zero   RW          116    .bss.os.thread.timer.stack  rtx_lib.o
    0x20008ea8        -       0x00000001   Zero   RW          119    .bss.os_kernel_is_active.os_kernel_active  rtx_lib.o
    0x20008ea9   0x08008ac8   0x00000003   PAD
    0x20008eac        -       0x00000004   Zero   RW           65    .bss.tid_Test       threadtest.o
    0x20008eb0        -       0x00000200   Zero   RW          881    HEAP                startup_stm32f429xx.o
    0x200090b0        -       0x00000400   Zero   RW          880    STACK               startup_stm32f429xx.o


==============================================================================

Image component sizes


      Code (inc. data)   RO Data    RW Data    ZI Data      Debug   Object Name

       218          0          8          0          0       3193   buttons_nucleo_f429zi.o
         0          0         24          0       1188       8112   eventrecorder.o
       392          0          0          0          4       3679   main.o
       662         14          0         12          8       4379   mp3.o
       632          0         46          0          0       2942   retarget_io.o
        54          6          0          0          0        708   rtx_config.o
       362          0        268          0      34621       7533   rtx_lib.o
        64         26        428          0       1536        868   startup_stm32f429xx.o
        62          0          0          4          0       7830   stm32f4xx_hal.o
       152          0          0          0          0       9909   stm32f4xx_hal_cortex.o
       236          0          0          0          0       8710   stm32f4xx_hal_dma.o
      1702          0          0          0          0       5406   stm32f4xx_hal_gpio.o
      2612          0          0          0          0       7864   stm32f4xx_hal_rcc.o
        20          0          0          0          0        744   stm32f4xx_it.o
       320          0         24          4          0       2680   system_stm32f4xx.o
       448          0        413          0          4       1387   threadtest.o
      8678         52        136          0         56      22472   usart_stm32f4xx.o

    ----------------------------------------------------------------------
     16696         98       1380         20      37512      98416   Object Totals
         0          0         32          0          0          0   (incl. Generated)
        82          0          1          0         95          0   (incl. Padding)

    ----------------------------------------------------------------------

      Code (inc. data)   RO Data    RW Data    ZI Data      Debug   Library Member Name

       200         12          0          0          0        634   irq_armv7m.o
       114         20          0          0          1       3199   os_systick.o
        58          4          0          0          0       2797   rtx_delay.o
       600         48         11        164          0      16781   rtx_kernel.o
       228          0          0          0          0       2590   rtx_memory.o
       188          0          0          0          0      16188   rtx_mempool.o
      1332         28          0          0          0      18765   rtx_msgqueue.o
       888         28          0          0          0      10068   rtx_mutex.o
       368         18          0          0          0       5444   rtx_system.o
      2086         80          0          0          0      32486   rtx_thread.o
       248         16          0          0          0      10433   rtx_timer.o
         8          0          0          0          0         68   __main.o
       392          4         17          0          0         92   __printf_flags_ss_wp.o
        14          0          0          0          0         68   __printf_wp.o
         0          0          0          0          0          0   __rtentry.o
        20          0          0          0          0          0   __rtentry2.o
         6          0          0          0          0          0   __rtentry4.o
        52          8          0          0          0          0   __scatter.o
        26          0          0          0          0          0   __scatter_copy.o
        28          0          0          0          0          0   __scatter_zi.o
        72          0          0          0          0         96   _c16rtomb.o
         6          0          0          0          0          0   _printf_a.o
         6          0          0          0          0          0   _printf_c.o
        44          0          0          0          0        108   _printf_char.o
        48          6          0          0          0         96   _printf_char_common.o
        64          6          0          0          0         84   _printf_char_file_locked.o
        40          0          0          0          0         68   _printf_charcount.o
         6          0          0          0          0          0   _printf_d.o
       120         16          0          0          0         92   _printf_dec.o
         6          0          0          0          0          0   _printf_e.o
         6          0          0          0          0          0   _printf_f.o
      1052          0          0          0          0        148   _printf_fp_dec.o
       764          8         38          0          0        100   _printf_fp_hex.o
       128         16          0          0          0         84   _printf_fp_infnan.o
         6          0          0          0          0          0   _printf_g.o
       148          4         40          0          0        160   _printf_hex_int_ll_ptr.o
         6          0          0          0          0          0   _printf_i.o
       178          0          0          0          0         88   _printf_intcommon.o
        10          0          0          0          0          0   _printf_l.o
         6          0          0          0          0          0   _printf_lc.o
        10          0          0          0          0          0   _printf_ll.o
         6          0          0          0          0          0   _printf_lld.o
         6          0          0          0          0          0   _printf_lli.o
         6          0          0          0          0          0   _printf_llo.o
         6          0          0          0          0          0   _printf_llu.o
         6          0          0          0          0          0   _printf_llx.o
       124         16          0          0          0         92   _printf_longlong_dec.o
         6          0          0          0          0          0   _printf_ls.o
         6          0          0          0          0          0   _printf_n.o
         6          0          0          0          0          0   _printf_o.o
       112          8          0          0          0        124   _printf_oct_int_ll.o
         6          0          0          0          0          0   _printf_p.o
        78          0          0          0          0        108   _printf_pad.o
         0          0          0          0          0          0   _printf_percent.o
         4          0          0          0          0          0   _printf_percent_end.o
         6          0          0          0          0          0   _printf_s.o
        82          0          0          0          0         80   _printf_str.o
        36          0          0          0          0         84   _printf_truncate.o
         6          0          0          0          0          0   _printf_u.o
        44          0          0          0          0        108   _printf_wchar.o
       188          6          8          0          0         92   _printf_wctomb.o
         6          0          0          0          0          0   _printf_x.o
       228          4        148          0          0         96   bigflt0.o
      1936        128          0          0          0        668   btod.o
        10          0          0          0          0         68   defsig_exit.o
        50          0          0          0          0         88   defsig_general.o
        80         58          0          0          0         76   defsig_rtmem_inner.o
        14          0          0          0          0         80   defsig_rtmem_outer.o
        52         38          0          0          0         76   defsig_rtred_inner.o
        14          0          0          0          0         80   defsig_rtred_outer.o
        18          0          0          0          0         80   exit.o
        76          0          0          0          0         88   fclose.o
       470          0          0          0          0         88   flsbuf.o
       332         10          0          0          0        152   fopen_locked.o
        26          0          0          0          0         68   fputc.o
       248          6          0          0          0         84   fseek.o
        66          0          0          0          0         76   ftell.o
       166          0          0          0          0        144   h1_alloc_threads.o
        82          0          0          0          0        104   h1_extend_threads.o
        10          0          0          0          0         76   h1_final_threads.o
       118          0          0          0          0        108   h1_free_threads.o
        18          0          0          0          0         84   h1_init_threads.o
         6          0          0          0          0        152   heapauxi.o
         4          0          0          0          0        136   hguard.o
         0          0          0          0          0          0   indicate_semi.o
       138          0          0          0          0        168   init_alloc.o
       456         48          0          0          0        116   initio_locked.o
        44         10        272          0          0         76   lc_ctype_c.o
        44         10         28          0          0         76   lc_numeric_c.o
         2          0          0          0          0          0   libinit.o
        46          0          0          0          0          0   libinit2.o
         2          0          0          0          0          0   libshutdown.o
        10          0          0          0          0          0   libshutdown2.o
         8          4          0          0         96         68   libspace.o
       138          0          0          0          0         80   lludiv10.o
       240          0          0          0          0        100   lludivv7m.o
         0          0          0          0          0          0   maybetermalloc2.o
        24          4          0          0          0         84   printf.o
        16          4          0          0          0         76   rt_ctype_table.o
         4          0          0          0          0         68   rt_errno_addr_twolibspace.o
        10          0          0          0          0         76   rt_heap_descriptor_twolibspace.o
        10          0          0          0          0         76   rt_locale_twolibspace.o
        68          0          0          0          0         68   rt_memclr.o
        78          0          0          0          0         80   rt_memclr_w.o
       138          0          0          0          0         68   rt_memcpy_v6.o
       100          0          0          0          0         80   rt_memcpy_w.o
         2          0          0          0          0          0   rtexit.o
        10          0          0          0          0          0   rtexit2.o
       104          0          0          0          0         88   setvbuf_locked.o
       240          6          0          0          0        156   stdio.o
         0          0          0         12        252          0   stdio_streams.o
       124          0          0          0          0         88   strcmpv7em.o
         0          0          0          4          0          0   streamlock.o
        12          4          0          0          0         68   sys_exit.o
        74          0          0          0          0         80   sys_stackheap_outer.o
        14          0          0          0          0         76   sys_wrch.o
        16          0          0          0          0         80   term_alloc.o
         2          0          0          0          0         68   use_no_semi.o
        26          0          0          0          0        116   fpinit.o
         4          0          0          0          0        116   printf1.o
         4          0          0          0          0        116   printf2.o
         0          0          0          0          0          0   usenofp.o
        48          0          0          0          0        124   fpclassify.o

    ----------------------------------------------------------------------
     16636        686        564        180        352     126633   Library Totals
        34          0          2          0          3          0   (incl. Padding)

    ----------------------------------------------------------------------

      Code (inc. data)   RO Data    RW Data    ZI Data      Debug   Library Name

      6310        254         11        164          1     119385   RTX_CM4F.lib
     10210        432        551         16        348       6776   c_w.l
        34          0          0          0          0        348   fz_wm.l
        48          0          0          0          0        124   m_wm.l

    ----------------------------------------------------------------------
     16636        686        564        180        352     126633   Library Totals

    ----------------------------------------------------------------------

==============================================================================


      Code (inc. data)   RO Data    RW Data    ZI Data      Debug   

     33332        784       1944        200      37864     220753   Grand Totals
     33332        784       1944        200      37864     220753   ELF Image Totals
     33332        784       1944        200          0          0   ROM Totals

==============================================================================

    Total RO  Size (Code + RO Data)                35276 (  34.45kB)
    Total RW  Size (RW Data + ZI Data)             38064 (  37.17kB)
    Total ROM Size (Code + RO Data + RW Data)      35476 (  34.64kB)

==============================================================================

