<html>
<body>
<pre>
<h1>µVision Build Log</h1>
<h2>Tool Versions:</h2>
IDE-Version: µVision V5.34.0.0
Copyright (C) 2021 ARM Ltd and ARM Germany GmbH. All rights reserved.
License Information: Ruben Agustin LG Flex license: MDK Professional 5.34 (Flex) (mdk_pro) Operation stops: 24 Jan 2027
 
Tool Versions:
Toolchain:       MDK Professional 5.34 (Flex)  Version: 5.34.0.0
Toolchain Path:  C:\Keil_v5\ARM\ARMCLANG\Bin
C Compiler:      ArmClang.exe V6.16
Assembler:       Armasm.exe V6.16
Linker/Locator:  ArmLink.exe V6.16
Library Manager: ArmAr.exe V6.16
Hex Converter:   FromElf.exe V6.16
CPU DLL:         SARMCM3.DLL V5.34.0.0
Dialog DLL:      DCM.DLL V1.17.3.0
Target DLL:      STLink\ST-LINKIII-KEIL_SWO.dll V3.0.8.0
Dialog DLL:      TCM.DLL V1.48.0.0
 
<h2>Project:</h2>
I:\RTAP\interfaz\gui.uvprojx
Project File Date:  05/04/2024

<h2>Output:</h2>
*** Using Compiler 'V6.16', folder: 'C:\Keil_v5\ARM\ARMCLANG\Bin'
Build target 'Target 1'
compiling gui.c...
linking...
Program Size: Code=271788 RO-data=163528 RW-data=1264 ZI-data=1960172  
".\Objects\gui.axf" - 0 Error(s), 0 Warning(s).

<h2>Software Packages used:</h2>

Package Vendor: ARM
                http://www.keil.com/pack/ARM.CMSIS.5.8.0.pack
                ARM.CMSIS.5.8.0
                CMSIS (Common Microcontroller Software Interface Standard)
   * Component: RTOS2 Version: 2.1.3
   * Component: CORE Version: 5.5.0
   * Component: Keil RTX5 Variant: Library Version: 5.5.3

Package Vendor: LVGL
                https://raw.githubusercontent.com/lvgl/lvgl/master/env_support/cmsis-pack/LVGL.lvgl.9.1.0.pack
                LVGL.lvgl.9.1.0
                LVGL (Light and Versatile Graphics Library) is a free and open-source graphics library providing everything you need to create an embedded GUI with easy-to-use graphical elements, beautiful visual effects and a low memory footprint.
   * Component: Display Variant: ILI9341 Version: 9.1.0
   * Component: Essential Version: 9.1.0
   * Component: File Explorer Version: 9.1.0
   * Component: Libs sJPG Version: 9.1.0

Package Vendor: Keil
                https://www.keil.com/pack/Keil.ARM_Compiler.1.7.2.pack
                Keil.ARM_Compiler.1.7.2
                Keil ARM Compiler extensions for ARM Compiler 5 and ARM Compiler 6
   * Component: Event Recorder Variant: DAP Version: 1.5.1

Package Vendor: Keil
                http://www.keil.com/pack/Keil.MDK-Middleware.7.13.0.pack
                Keil.MDK-Middleware.7.13.0
                Middleware for Keil MDK-Professional and MDK-Plus
   * Component: Buttons Version: 1.0.0
   * Component: Graphic LCD Version: 1.0.0
   * Component: LED Version: 1.0.0
   * Component: Touchscreen Version: 1.0.1

Package Vendor: Keil
                https://www.keil.com/pack/Keil.STM32F7xx_DFP.2.16.0.pack
                Keil.STM32F7xx_DFP.2.16.0
                STMicroelectronics STM32F7 Series Device Support, Drivers and Examples
   * Component: STM32Cube Framework Version: 1.0.0
   * Component: Buttons Version: 1.1.0
   * Component: Basic I/O Version: 1.1.0
   * Component: LCD Version: 1.1.0
   * Component: SDRAM Version: 1.1.0
   * Component: Touch Screen Version: 1.1.0
   * Component: Graphic LCD Version: 1.1.0
   * Component: LED Version: 1.1.0
   * Component: Touchscreen Version: 1.1.0
   * Component: Classic Version: 1.3.0
   * Component: Common Version: 1.3.0
   * Component: Cortex Version: 1.3.0
   * Component: DMA Version: 1.3.0
   * Component: DMA2D Version: 1.3.0
   * Component: DSI Version: 1.3.0
   * Component: GPIO Version: 1.3.0
   * Component: I2C Version: 1.3.0
   * Component: JPEG Version: 1.3.0
   * Component: LTDC Version: 1.3.0
   * Component: PWR Version: 1.3.0
   * Component: RCC Version: 1.3.0
   * Component: RTC Version: 1.3.0
   * Component: SDRAM Version: 1.3.0
   * Component: TIM Version: 1.3.0
   * Component: Startup Version: 1.2.5

<h2>Collection of Component include folders:</h2>
  .\RTE\CMSIS
  .\RTE\Compiler
  .\RTE\Device\STM32F769NIHx
  .\RTE\_Target_1
  C:\Users\ragus\AppData\Local\Arm\Packs\ARM\CMSIS\5.8.0\CMSIS\Core\Include
  C:\Users\ragus\AppData\Local\Arm\Packs\ARM\CMSIS\5.8.0\CMSIS\RTOS2\Include
  C:\Users\ragus\AppData\Local\Arm\Packs\ARM\CMSIS\5.8.0\CMSIS\RTOS2\RTX\Include
  C:\Users\ragus\AppData\Local\Arm\Packs\Keil\ARM_Compiler\1.7.2\Include
  C:\Users\ragus\AppData\Local\Arm\Packs\Keil\MDK-Middleware\7.13.0\Board
  C:\Users\ragus\AppData\Local\Arm\Packs\Keil\STM32F7xx_DFP\2.16.0\Drivers\BSP\STM32F769I-Discovery
  C:\Users\ragus\AppData\Local\Arm\Packs\Keil\STM32F7xx_DFP\2.16.0\Drivers\CMSIS\Device\ST\STM32F7xx\Include
  C:\Users\ragus\AppData\Local\Arm\Packs\Keil\STM32F7xx_DFP\2.16.0\Drivers\STM32F7xx_HAL_Driver\Inc
  C:\Users\ragus\AppData\Local\Arm\Packs\Keil\STM32F7xx_DFP\2.16.0\MDK\Boards\ST\STM32F769I_Discovery\Common
  C:\Users\ragus\AppData\Local\Arm\Packs\LVGL\lvgl\9.1.0
  C:\Users\ragus\AppData\Local\Arm\Packs\LVGL\lvgl\9.1.0\src\core

<h2>Collection of Component Files used:</h2>

   * Component: ::Board Support:Buttons:1.0.0 (API)
      Include file:  Board\Board_Buttons.h

   * Component: ::Board Support:Graphic LCD:1.0.0 (API)
      Include file:  Board\Board_GLCD.h

   * Component: ::Board Support:LED:1.0.0 (API)
      Include file:  Board\Board_LED.h

   * Component: ::Board Support:Touchscreen:1.0.1 (API)
      Include file:  Board\Board_Touch.h

   * Component: ::CMSIS:RTOS2:2.1.3 (API)
      Include file:  CMSIS\RTOS2\Include\cmsis_os2.h

   * Component: ::Device:STM32Cube Framework:1.0.0 (API)

   * Component: ARM::CMSIS:CORE:5.5.0

   * Component: ARM::CMSIS:RTOS2:Keil RTX5:Library:5.5.3
      Include file:  CMSIS\RTOS2\RTX\Include\rtx_os.h
      Source file:   CMSIS\RTOS2\RTX\Template\MemPool.c
      Source file:   CMSIS\RTOS2\RTX\Template\Timer.c
      Library file:  CMSIS\RTOS2\RTX\Library\ARM\RTX_CM4F.lib
      Source file:   CMSIS\RTOS2\RTX\Template\MsgQueue.c
      Source file:   CMSIS\RTOS2\RTX\Source\rtx_lib.c
      Source file:   CMSIS\RTOS2\RTX\Template\Semaphore.c
      Source file:   CMSIS\RTOS2\RTX\Template\Mutex.c
      Source file:   CMSIS\RTOS2\RTX\Template\svc_user.c
      Source file:   CMSIS\RTOS2\RTX\Config\RTX_Config.c
      Include file:  CMSIS\RTOS2\RTX\Config\RTX_Config.h
      Source file:   CMSIS\RTOS2\RTX\Template\Events.c
      Source file:   CMSIS\RTOS2\RTX\Template\main.c
      Source file:   CMSIS\RTOS2\RTX\Template\Thread.c

   * Component: Keil.ARM Compiler::Compiler:Event Recorder:DAP:1.5.1
      Include file:  Config\EventRecorderConf.h
      Include file:  Include\EventRecorder.h
      Source file:   Source\EventRecorder.c

   * Component: Keil.STM32F769I-Discovery::Board Support:Buttons:1.1.0
      Source file:   MDK\Boards\ST\STM32F769I_Discovery\Common\Buttons_769I_Discovery.c

   * Component: Keil.STM32F769I-Discovery::Board Support:Drivers:Basic I/O:1.1.0
      Source file:   Drivers\BSP\STM32F769I-Discovery\stm32f769i_discovery.c
      Include file:  Drivers\BSP\STM32F769I-Discovery\stm32f769i_discovery.h

   * Component: Keil.STM32F769I-Discovery::Board Support:Drivers:LCD:1.1.0
      Include file:  Drivers\BSP\STM32F769I-Discovery\stm32f769i_discovery_lcd.h
      Source file:   Drivers\BSP\STM32F769I-Discovery\stm32f769i_discovery_lcd.c
      Source file:   Drivers\BSP\Components\otm8009a\otm8009a.c

   * Component: Keil.STM32F769I-Discovery::Board Support:Drivers:SDRAM:1.1.0
      Source file:   Drivers\BSP\STM32F769I-Discovery\stm32f769i_discovery_sdram.c
      Include file:  Drivers\BSP\STM32F769I-Discovery\stm32f769i_discovery_sdram.h

   * Component: Keil.STM32F769I-Discovery::Board Support:Drivers:Touch Screen:1.1.0
      Include file:  Drivers\BSP\STM32F769I-Discovery\stm32f769i_discovery_ts.h
      Source file:   Drivers\BSP\STM32F769I-Discovery\stm32f769i_discovery_ts.c
      Source file:   Drivers\BSP\Components\ft6x06\ft6x06.c

   * Component: Keil.STM32F769I-Discovery::Board Support:Graphic LCD:1.1.0
      Include file:  MDK\Boards\ST\STM32F769I_Discovery\Common\GLCD_Config.h
      Source file:   MDK\Boards\ST\STM32F769I_Discovery\Common\GLCD_Fonts.c
      Source file:   MDK\Boards\ST\STM32F769I_Discovery\Common\GLCD_769I_Discovery.c

   * Component: Keil.STM32F769I-Discovery::Board Support:LED:1.1.0
      Source file:   MDK\Boards\ST\STM32F769I_Discovery\Common\LED_769I_Discovery.c

   * Component: Keil.STM32F769I-Discovery::Board Support:Touchscreen:1.1.0
      Source file:   MDK\Boards\ST\STM32F769I_Discovery\Common\Touch_769I_Discovery.c

   * Component: Keil::Device:STM32Cube Framework:Classic:1.3.0
      Include file:  MDK\Templates\Inc\main.h
      Include file:  MDK\Templates_LL\Inc\main.h
      Include file:  MDK\Templates\Inc\stm32f7xx_it.h
      Include file:  CMSIS\Driver\Config\RTE_Device.h
      Include file:  MDK\Templates\Inc\stm32f7xx_hal_conf.h
      Source file:   MDK\Templates\Src\main.c
      Source file:   MDK\Templates_LL\Src\main.c
      Source file:   MDK\Templates\Src\stm32f7xx_hal_msp.c
      Source file:   MDK\Templates\Src\stm32f7xx_it.c

   * Component: Keil::Device:STM32Cube HAL:Common:1.3.0
      Include file:  Drivers\STM32F7xx_HAL_Driver\Inc\stm32f7xx_hal.h
      Source file:   Drivers\STM32F7xx_HAL_Driver\Src\stm32f7xx_hal.c

   * Component: Keil::Device:STM32Cube HAL:Cortex:1.3.0
      Source file:   Drivers\STM32F7xx_HAL_Driver\Src\stm32f7xx_hal_cortex.c

   * Component: Keil::Device:STM32Cube HAL:DMA:1.3.0
      Source file:   Drivers\STM32F7xx_HAL_Driver\Src\stm32f7xx_hal_dma_ex.c
      Source file:   Drivers\STM32F7xx_HAL_Driver\Src\stm32f7xx_hal_dma.c

   * Component: Keil::Device:STM32Cube HAL:DMA2D:1.3.0
      Source file:   Drivers\STM32F7xx_HAL_Driver\Src\stm32f7xx_hal_dma2d.c

   * Component: Keil::Device:STM32Cube HAL:DSI:1.3.0
      Source file:   Drivers\STM32F7xx_HAL_Driver\Src\stm32f7xx_hal_dsi.c

   * Component: Keil::Device:STM32Cube HAL:GPIO:1.3.0
      Source file:   Drivers\STM32F7xx_HAL_Driver\Src\stm32f7xx_hal_gpio.c

   * Component: Keil::Device:STM32Cube HAL:I2C:1.3.0
      Source file:   Drivers\STM32F7xx_HAL_Driver\Src\stm32f7xx_hal_i2c.c
      Source file:   Drivers\STM32F7xx_HAL_Driver\Src\stm32f7xx_hal_i2c_ex.c

   * Component: Keil::Device:STM32Cube HAL:JPEG:1.3.0
      Source file:   Drivers\STM32F7xx_HAL_Driver\Src\stm32f7xx_hal_jpeg.c

   * Component: Keil::Device:STM32Cube HAL:LTDC:1.3.0
      Source file:   Drivers\STM32F7xx_HAL_Driver\Src\stm32f7xx_hal_ltdc.c
      Source file:   Drivers\STM32F7xx_HAL_Driver\Src\stm32f7xx_hal_ltdc_ex.c

   * Component: Keil::Device:STM32Cube HAL:PWR:1.3.0
      Source file:   Drivers\STM32F7xx_HAL_Driver\Src\stm32f7xx_hal_pwr_ex.c
      Source file:   Drivers\STM32F7xx_HAL_Driver\Src\stm32f7xx_hal_pwr.c

   * Component: Keil::Device:STM32Cube HAL:RCC:1.3.0
      Source file:   Drivers\STM32F7xx_HAL_Driver\Src\stm32f7xx_hal_rcc.c
      Source file:   Drivers\STM32F7xx_HAL_Driver\Src\stm32f7xx_hal_rcc_ex.c

   * Component: Keil::Device:STM32Cube HAL:RTC:1.3.0
      Source file:   Drivers\STM32F7xx_HAL_Driver\Src\stm32f7xx_hal_rtc_ex.c
      Source file:   Drivers\STM32F7xx_HAL_Driver\Src\stm32f7xx_hal_rtc.c

   * Component: Keil::Device:STM32Cube HAL:SDRAM:1.3.0
      Source file:   Drivers\STM32F7xx_HAL_Driver\Src\stm32f7xx_hal_sdram.c
      Source file:   Drivers\STM32F7xx_HAL_Driver\Src\stm32f7xx_ll_fmc.c

   * Component: Keil::Device:STM32Cube HAL:TIM:1.3.0
      Source file:   Drivers\STM32F7xx_HAL_Driver\Src\stm32f7xx_hal_tim_ex.c
      Source file:   Drivers\STM32F7xx_HAL_Driver\Src\stm32f7xx_hal_tim.c

   * Component: Keil::Device:Startup:1.2.5
      Include file:  Drivers\CMSIS\Device\ST\STM32F7xx\Include\stm32f7xx.h
      Source file:   MDK\Device\Source\ARM\STM32F76x_77x_OPT.s
      Source file:   MDK\Device\Source\ARM\STM32F76x_77x_OTP.s
      Source file:   Drivers\CMSIS\Device\ST\STM32F7xx\Source\Templates\arm\startup_stm32f769xx.s
      Source file:   Drivers\CMSIS\Device\ST\STM32F7xx\Source\Templates\system_stm32f7xx.c

   * Component: LVGL.LVGL9::LVGL:Display:ILI9341:9.1.0
      Source file:   src\drivers\display\ili9341\lv_ili9341.c

   * Component: LVGL.LVGL9::LVGL:Essential:9.1.0
      Source file:   src\core\lv_obj_draw.c
      Source file:   src\core\lv_group.c
      Source file:   src\core\lv_obj.c
      Source file:   src\core\lv_obj_class.c
      Source file:   src\core\lv_obj_event.c
      Include file:  src\core\lv_global.h
      Source file:   src\core\lv_obj_id_builtin.c
      Source file:   src\core\lv_obj_pos.c
      Source file:   src\lv_init.c
      Source file:   src\core\lv_obj_tree.c
      Source file:   src\drivers\nuttx\lv_nuttx_fbdev.c
      Source file:   src\drivers\nuttx\lv_nuttx_lcd.c
      Source file:   src\drivers\x11\lv_x11_input.c
      Source file:   src\drivers\nuttx\lv_nuttx_libuv.c
      Source file:   src\drivers\libinput\lv_libinput.c
      Source file:   src\drivers\libinput\lv_xkb.c
      Source file:   src\core\lv_obj_style.c
      Source file:   src\core\lv_obj_style_gen.c
      Source file:   src\core\lv_refr.c
      Source file:   src\drivers\sdl\lv_sdl_window.c
      Source file:   src\drivers\x11\lv_x11_display.c
      Source file:   src\display\lv_display.c
      Source file:   src\draw\lv_draw_arc.c
      Source file:   src\drivers\nuttx\lv_nuttx_entry.c
      Source file:   src\drivers\nuttx\lv_nuttx_image_cache.c
      Source file:   src\drivers\sdl\lv_sdl_mousewheel.c
      Source file:   src\draw\lv_draw.c
      Source file:   src\draw\lv_draw_image.c
      Source file:   src\drivers\sdl\lv_sdl_mouse.c
      Source file:   src\draw\lv_draw_buf.c
      Source file:   src\drivers\display\lcd\lv_lcd_generic_mipi.c
      Source file:   src\drivers\nuttx\lv_nuttx_cache.c
      Source file:   src\drivers\nuttx\lv_nuttx_touchscreen.c
      Source file:   src\draw\lv_draw_label.c
      Source file:   src\drivers\sdl\lv_sdl_keyboard.c
      Source file:   src\core\lv_obj_property.c
      Source file:   src\drivers\evdev\lv_evdev.c
      Source file:   src\core\lv_obj_scroll.c
      Source file:   src\draw\lv_draw_line.c
      Source file:   src\draw\lv_draw_mask.c
      Source file:   src\draw\lv_draw_rect.c
      Source file:   src\draw\sw\lv_draw_sw_mask.c
      Source file:   src\draw\lv_image_decoder.c
      Source file:   src\draw\sw\lv_draw_sw_triangle.c
      Source file:   src\draw\sw\blend\lv_draw_sw_blend_to_argb8888.c
      Source file:   src\draw\sw\lv_draw_sw_vector.c
      Source file:   src\font\lv_binfont_loader.c
      Source file:   src\draw\sw\lv_draw_sw_arc.c
      Source file:   src\font\lv_font_montserrat_10.c
      Source file:   src\draw\sw\blend\lv_draw_sw_blend_to_rgb888.c
      Source file:   src\font\lv_font_montserrat_12.c
      Source file:   src\draw\sw\lv_draw_sw.c
      Source file:   src\font\lv_font_montserrat_14.c
      Source file:   src\font\lv_font_montserrat_16.c
      Source file:   src\draw\lv_draw_triangle.c
      Source file:   src\draw\sw\lv_draw_sw_gradient.c
      Source file:   src\draw\sw\lv_draw_sw_transform.c
      Source file:   src\draw\sw\lv_draw_sw_letter.c
      Source file:   src\draw\sw\lv_draw_sw_mask_rect.c
      Source file:   src\draw\sw\blend\lv_draw_sw_blend.c
      Source file:   src\font\lv_font.c
      Source file:   src\font\lv_font_dejavu_16_persian_hebrew.c
      Source file:   src\draw\lv_draw_vector.c
      Source file:   src\font\lv_font_fmt_txt.c
      Source file:   src\font\lv_font_montserrat_8.c
      Source file:   src\draw\sw\lv_draw_sw_img.c
      Source file:   src\draw\sw\lv_draw_sw_box_shadow.c
      Source file:   src\draw\sw\lv_draw_sw_fill.c
      Source file:   src\draw\sw\lv_draw_sw_border.c
      Source file:   src\draw\sw\lv_draw_sw_line.c
      Source file:   src\draw\sw\blend\lv_draw_sw_blend_to_rgb565.c
      Source file:   src\indev\lv_indev_scroll.c
      Source file:   src\font\lv_font_montserrat_22.c
      Source file:   src\misc\lv_anim_timeline.c
      Source file:   src\misc\lv_async.c
      Source file:   src\font\lv_font_montserrat_44.c
      Source file:   src\layouts\flex\lv_flex.c
      Source file:   src\font\lv_font_montserrat_28.c
      Source file:   src\font\lv_font_montserrat_28_compressed.c
      Source file:   src\font\lv_font_montserrat_34.c
      Source file:   src\font\lv_font_montserrat_36.c
      Source file:   src\font\lv_font_unscii_16.c
      Source file:   src\layouts\lv_layout.c
      Source file:   src\misc\lv_area.c
      Source file:   src\misc\lv_array.c
      Source file:   src\layouts\grid\lv_grid.c
      Source file:   src\misc\lv_color.c
      Source file:   src\font\lv_font_simsun_16_cjk.c
      Source file:   src\font\lv_font_montserrat_26.c
      Source file:   src\font\lv_font_montserrat_24.c
      Source file:   src\misc\lv_bidi.c
      Source file:   src\font\lv_font_montserrat_30.c
      Source file:   src\misc\lv_anim.c
      Source file:   src\font\lv_font_montserrat_32.c
      Source file:   src\font\lv_font_unscii_8.c
      Source file:   src\font\lv_font_montserrat_20.c
      Source file:   src\font\lv_font_montserrat_18.c
      Source file:   src\font\lv_font_montserrat_38.c
      Source file:   src\font\lv_font_montserrat_40.c
      Source file:   src\font\lv_font_montserrat_42.c
      Source file:   src\font\lv_font_montserrat_46.c
      Source file:   src\font\lv_font_montserrat_48.c
      Source file:   src\indev\lv_indev.c
      Source file:   src\stdlib\lv_mem.c
      Source file:   src\misc\lv_ll.c
      Source file:   src\stdlib\builtin\lv_mem_core_builtin.c
      Source file:   src\stdlib\builtin\lv_tlsf.c
      Source file:   src\misc\lv_timer.c
      Source file:   src\stdlib\builtin\lv_string_builtin.c
      Source file:   src\misc\lv_math.c
      Source file:   src\misc\lv_palette.c
      Source file:   src\misc\lv_style.c
      Source file:   src\misc\lv_style_gen.c
      Source file:   src\misc\cache\lv_image_cache.c
      Source file:   src\stdlib\clib\lv_mem_core_clib.c
      Source file:   src\stdlib\clib\lv_sprintf_clib.c
      Source file:   src\stdlib\micropython\lv_mem_core_micropython.c
      Source file:   src\stdlib\rtthread\lv_mem_core_rtthread.c
      Source file:   src\stdlib\rtthread\lv_sprintf_rtthread.c
      Source file:   src\misc\cache\lv_cache.c
      Source file:   src\misc\lv_lru.c
      Source file:   src\misc\lv_log.c
      Source file:   src\stdlib\builtin\lv_sprintf_builtin.c
      Source file:   src\misc\lv_color_op.c
      Source file:   src\stdlib\clib\lv_string_clib.c
      Source file:   src\misc\lv_rb.c
      Source file:   src\misc\cache\lv_cache_entry.c
      Source file:   src\misc\lv_fs.c
      Source file:   src\misc\lv_event.c
      Source file:   src\misc\lv_profiler_builtin.c
      Source file:   src\misc\lv_templ.c
      Source file:   src\misc\lv_text.c
      Source file:   src\misc\lv_text_ap.c
      Source file:   src\misc\lv_utils.c
      Source file:   src\misc\cache\_lv_cache_lru_rb.c
      Source file:   src\widgets\checkbox\lv_checkbox.c
      Source file:   src\widgets\led\lv_led.c
      Source file:   src\widgets\dropdown\lv_dropdown.c
      Source file:   src\widgets\line\lv_line.c
      Source file:   src\widgets\roller\lv_roller.c
      Source file:   src\widgets\list\lv_list.c
      Source file:   src\themes\default\lv_theme_default.c
      Source file:   src\tick\lv_tick.c
      Source file:   src\widgets\scale\lv_scale.c
      Source file:   src\widgets\slider\lv_slider.c
      Source file:   src\widgets\span\lv_span.c
      Source file:   src\widgets\arc\lv_arc.c
      Source file:   src\stdlib\rtthread\lv_string_rtthread.c
      Source file:   src\widgets\msgbox\lv_msgbox.c
      Source file:   src\widgets\calendar\lv_calendar_header_arrow.c
      Source file:   src\widgets\calendar\lv_calendar_header_dropdown.c
      Source file:   src\themes\mono\lv_theme_mono.c
      Source file:   src\themes\simple\lv_theme_simple.c
      Source file:   src\widgets\canvas\lv_canvas.c
      Source file:   src\widgets\imagebutton\lv_imagebutton.c
      Source file:   src\widgets\bar\lv_bar.c
      Source file:   src\widgets\calendar\lv_calendar.c
      Source file:   src\widgets\keyboard\lv_keyboard.c
      Source file:   src\widgets\label\lv_label.c
      Source file:   src\widgets\menu\lv_menu.c
      Source file:   src\widgets\animimage\lv_animimage.c
      Source file:   src\widgets\buttonmatrix\lv_buttonmatrix.c
      Source file:   src\widgets\image\lv_image.c
      Source file:   src\widgets\objx_templ\lv_objx_templ.c
      Source file:   src\widgets\button\lv_button.c
      Source file:   src\themes\lv_theme.c
      Source file:   src\widgets\chart\lv_chart.c
      Source file:   src\others\vg_lite_tvg\vg_lite_tvg.cpp
      Include file:  examples\porting\lv_port_disp_template.h
      Source file:   examples\porting\lv_port_disp_template.c
      Source file:   lv_cmsis_pack.c
      Include file:  examples\porting\lv_port_fs_template.h
      Source file:   src\osal\lv_os_none.c
      Source file:   src\widgets\spinbox\lv_spinbox.c
      Include file:  examples\porting\lv_port_indev_template.h
      Source file:   src\widgets\tabview\lv_tabview.c
      Source file:   src\widgets\spinner\lv_spinner.c
      Source file:   src\widgets\tileview\lv_tileview.c
      Source file:   src\others\observer\lv_observer.c
      Source file:   src\others\vg_lite_tvg\vg_lite_matrix.c
      Source file:   src\widgets\table\lv_table.c
      Source file:   examples\porting\lv_port_indev_template.c
      Source file:   examples\porting\lv_port_fs_template.c
      Source file:   src\others\sysmon\lv_sysmon.c
      Source file:   src\widgets\switch\lv_switch.c
      Source file:   src\libs\fsdrv\lv_fs_cbfs.c
      Include file:  lvgl.h
      Source file:   src\widgets\win\lv_win.c
      Source file:   demos\lv_demos.c
      Source file:   src\widgets\textarea\lv_textarea.c
      Source file:   src\libs\bin_decoder\lv_bin_decoder.c

   * Component: LVGL.LVGL9::LVGL:Libraries and Others:File Explorer:9.1.0
      Source file:   src\others\file_explorer\lv_file_explorer.c

   * Component: LVGL.LVGL9::LVGL:Libraries and Others:Libs sJPG:9.1.0
      Source file:   src\libs\tjpgd\tjpgd.c
      Source file:   src\libs\tjpgd\lv_tjpgd.c
Build Time Elapsed:  00:00:05
</pre>
</body>
</html>
