Component: ARM Compiler 5.06 update 7 (build 960) Tool: armlink [4d3601]

==============================================================================

Section Cross References

    main.o(.text) refers to rtx_kernel.o(.text) for osKernelGetState
    main.o(.text) refers to stm32f4xx_hal_rcc.o(.text) for HAL_RCC_OscConfig
    main.o(.text) refers to stm32f4xx_hal.o(.text) for HAL_GetREVID
    main.o(.text) refers to system_stm32f4xx_1.o(.text) for SystemCoreClockUpdate
    main.o(.text) refers to rtx_thread.o(.text) for osThreadNew
    main.o(.text) refers to system_stm32f4xx_1.o(.data) for SystemCoreClock
    main.o(.text) refers to main.o(.data) for ticks
    main.o(.text) refers to http_server.o(.constdata) for app_main_attr
    main.o(.text) refers to http_server.o(.text) for app_main
    http_server.o(.text) refers to net_sys.o(i.netInitialize) for netInitialize
    http_server.o(.text) refers to buttons_nucleo_f429zi.o(.text) for Buttons_Initialize
    http_server.o(.text) refers to rtx_thread.o(.text) for osThreadExit
    http_server.o(.constdata) refers to http_server.o(.bss) for app_main_stk
    http_server_cgi.o(.text) refers to _scanf_int.o(.text) for _scanf_int
    http_server_cgi.o(.text) refers to net_http_server.o(i.netCGI_GetEnvVar) for netCGI_GetEnvVar
    http_server_cgi.o(.text) refers to net_addr.o(i.netIP_aton) for netIP_aton
    http_server_cgi.o(.text) refers to net_sys.o(i.netIF_SetOption) for netIF_SetOption
    http_server_cgi.o(.text) refers to buttons_nucleo_f429zi.o(.text) for Buttons_GetState
    http_server_cgi.o(.text) refers to strncmp.o(.text) for strncmp
    http_server_cgi.o(.text) refers to __0sscanf.o(.text) for __0sscanf
    http_server_cgi.o(.text) refers to printf8.o(i.__0sprintf$8) for __2sprintf
    http_server_cgi.o(.text) refers to http_server_cgi.o(.bss) for ip_addr
    http_server_cgi.o(.text) refers to http_server_cgi.o(.data) for opciones
    web.o(.text) refers to web.o(.constdata) for imageFileTable
    buttons_nucleo_f429zi.o(.text) refers to stm32f4xx_hal_gpio.o(.text) for HAL_GPIO_Init
    buttons_nucleo_f429zi.o(.text) refers to buttons_nucleo_f429zi.o(.constdata) for BUTTON_PIN
    irq_armv7m.o(.text) refers to rtx_system.o(.text) for osRtxPendSV_Handler
    irq_armv7m.o(.text) refers to rtx_kernel.o(.data.os) for osRtxInfo
    irq_armv7m.o(.text) refers to rtx_lib.o(.constdata) for osRtxUserSVC
    rtx_delay.o(.text) refers to rtx_evr.o(.text) for EvrRtxDelayError
    rtx_delay.o(.text) refers to rtx_thread.o(.text) for osRtxThreadWaitEnter
    rtx_delay.o(.text) refers to rtx_kernel.o(.data.os) for osRtxInfo
    rtx_evflags.o(.text) refers to rtx_evflags.o(.emb_text) for __asm___13_rtx_evflags_c_e167c757__atomic_set32
    rtx_evflags.o(.text) refers to rtx_thread.o(.text) for osRtxThreadListRemove
    rtx_evflags.o(.text) refers to rtx_evr.o(.text) for EvrRtxEventFlagsWaitCompleted
    rtx_evflags.o(.text) refers to rtx_mempool.o(.text) for osRtxMemoryPoolAlloc
    rtx_evflags.o(.text) refers to rtx_memory.o(.text) for osRtxMemoryAlloc
    rtx_evflags.o(.text) refers to rtx_system.o(.text) for osRtxPostProcess
    rtx_evflags.o(.text) refers to rtx_kernel.o(.data.os) for osRtxInfo
    rtx_evr.o(.text) refers to eventrecorder.o(.text) for EventRecord4
    rtx_kernel.o(.text) refers to os_systick.o(.text) for OS_Tick_Disable
    rtx_kernel.o(.text) refers to rtx_evr.o(.text) for EvrRtxKernelInitialized
    rtx_kernel.o(.text) refers to rtx_memory.o(.text) for osRtxMemoryInit
    rtx_kernel.o(.text) refers to rtx_mempool.o(.text) for osRtxMemoryPoolInit
    rtx_kernel.o(.text) refers to memcpya.o(.text) for __aeabi_memcpy
    rtx_kernel.o(.text) refers to rtx_thread.o(.text) for osRtxThreadStartup
    rtx_kernel.o(.text) refers to rtx_kernel.o(.data.os) for osRtxInfo
    rtx_kernel.o(.text) refers to rtx_lib.o(.rodata) for osRtxConfig
    rtx_kernel.o(.text) refers to irq_armv7m.o(.text) for SysTick_Handler
    rtx_kernel.o(.text) refers to rtx_config.o(.text) for osRtxErrorNotify
    rtx_kernel.o(.text) refers to rtx_lib.o(.text) for osRtxKernelPreInit
    rtx_kernel.o(.data.os) refers to rtx_kernel.o(.conststrlit) for .conststrlit
    rtx_lib.o(.text) refers to rtx_kernel.o(.text) for osKernelGetState
    rtx_lib.o(.text) refers to eventrecorder.o(.text) for EventRecorderInitialize
    rtx_lib.o(.constdata) refers to rtx_lib.o(.bss.os.thread.cb) for os_idle_thread_cb
    rtx_lib.o(.constdata) refers to rtx_lib.o(.bss.os.thread.idle.stack) for os_idle_thread_stack
    rtx_lib.o(.constdata) refers to rtx_lib.o(.bss.os.thread.timer.stack) for os_timer_thread_stack
    rtx_lib.o(.constdata) refers to rtx_lib.o(.bss.os.msgqueue.cb) for os_timer_mq_cb
    rtx_lib.o(.constdata) refers to rtx_lib.o(.bss.os.msgqueue.mem) for os_timer_mq_data
    rtx_lib.o(.constdata) refers to irq_armv7m.o(.constdata) for irqRtxLib
    rtx_lib.o(.rodata) refers to rtx_lib.o(.bss.os) for os_isr_queue
[...]
    CAN2_TX_IRQHandler                       0x0800905b   Thumb Code     0  startup_stm32f429xx.o(.text)
    DCMI_IRQHandler                          0x0800905b   Thumb Code     0  startup_stm32f429xx.o(.text)
    DMA1_Stream0_IRQHandler                  0x0800905b   Thumb Code     0  startup_stm32f429xx.o(.text)
    DMA1_Stream1_IRQHandler                  0x0800905b   Thumb Code     0  startup_stm32f429xx.o(.text)
    DMA1_Stream2_IRQHandler                  0x0800905b   Thumb Code     0  startup_stm32f429xx.o(.text)
    DMA1_Stream3_IRQHandler                  0x0800905b   Thumb Code     0  startup_stm32f429xx.o(.text)
    DMA1_Stream4_IRQHandler                  0x0800905b   Thumb Code     0  startup_stm32f429xx.o(.text)
    DMA1_Stream5_IRQHandler                  0x0800905b   Thumb Code     0  startup_stm32f429xx.o(.text)
    DMA1_Stream6_IRQHandler                  0x0800905b   Thumb Code     0  startup_stm32f429xx.o(.text)
    DMA1_Stream7_IRQHandler                  0x0800905b   Thumb Code     0  startup_stm32f429xx.o(.text)
    DMA2D_IRQHandler                         0x0800905b   Thumb Code     0  startup_stm32f429xx.o(.text)
    DMA2_Stream0_IRQHandler                  0x0800905b   Thumb Code     0  startup_stm32f429xx.o(.text)
    DMA2_Stream1_IRQHandler                  0x0800905b   Thumb Code     0  startup_stm32f429xx.o(.text)
    DMA2_Stream2_IRQHandler                  0x0800905b   Thumb Code     0  startup_stm32f429xx.o(.text)
    DMA2_Stream3_IRQHandler                  0x0800905b   Thumb Code     0  startup_stm32f429xx.o(.text)
    DMA2_Stream4_IRQHandler                  0x0800905b   Thumb Code     0  startup_stm32f429xx.o(.text)
    DMA2_Stream5_IRQHandler                  0x0800905b   Thumb Code     0  startup_stm32f429xx.o(.text)
    DMA2_Stream6_IRQHandler                  0x0800905b   Thumb Code     0  startup_stm32f429xx.o(.text)
    DMA2_Stream7_IRQHandler                  0x0800905b   Thumb Code     0  startup_stm32f429xx.o(.text)
    ETH_WKUP_IRQHandler                      0x0800905b   Thumb Code     0  startup_stm32f429xx.o(.text)
    EXTI0_IRQHandler                         0x0800905b   Thumb Code     0  startup_stm32f429xx.o(.text)
    EXTI15_10_IRQHandler                     0x0800905b   Thumb Code     0  startup_stm32f429xx.o(.text)
    EXTI1_IRQHandler                         0x0800905b   Thumb Code     0  startup_stm32f429xx.o(.text)
    EXTI2_IRQHandler                         0x0800905b   Thumb Code     0  startup_stm32f429xx.o(.text)
    EXTI3_IRQHandler                         0x0800905b   Thumb Code     0  startup_stm32f429xx.o(.text)
    EXTI4_IRQHandler                         0x0800905b   Thumb Code     0  startup_stm32f429xx.o(.text)
    EXTI9_5_IRQHandler                       0x0800905b   Thumb Code     0  startup_stm32f429xx.o(.text)
    FLASH_IRQHandler                         0x0800905b   Thumb Code     0  startup_stm32f429xx.o(.text)
    FMC_IRQHandler                           0x0800905b   Thumb Code     0  startup_stm32f429xx.o(.text)
    FPU_IRQHandler                           0x0800905b   Thumb Code     0  startup_stm32f429xx.o(.text)
    HASH_RNG_IRQHandler                      0x0800905b   Thumb Code     0  startup_stm32f429xx.o(.text)
    I2C1_ER_IRQHandler                       0x0800905b   Thumb Code     0  startup_stm32f429xx.o(.text)
    I2C1_EV_IRQHandler                       0x0800905b   Thumb Code     0  startup_stm32f429xx.o(.text)
    I2C2_ER_IRQHandler                       0x0800905b   Thumb Code     0  startup_stm32f429xx.o(.text)
    I2C2_EV_IRQHandler                       0x0800905b   Thumb Code     0  startup_stm32f429xx.o(.text)
    I2C3_ER_IRQHandler                       0x0800905b   Thumb Code     0  startup_stm32f429xx.o(.text)
    I2C3_EV_IRQHandler                       0x0800905b   Thumb Code     0  startup_stm32f429xx.o(.text)
    LTDC_ER_IRQHandler                       0x0800905b   Thumb Code     0  startup_stm32f429xx.o(.text)
    LTDC_IRQHandler                          0x0800905b   Thumb Code     0  startup_stm32f429xx.o(.text)
    OTG_FS_IRQHandler                        0x0800905b   Thumb Code     0  startup_stm32f429xx.o(.text)
    OTG_FS_WKUP_IRQHandler                   0x0800905b   Thumb Code     0  startup_stm32f429xx.o(.text)
    OTG_HS_EP1_IN_IRQHandler                 0x0800905b   Thumb Code     0  startup_stm32f429xx.o(.text)
    OTG_HS_EP1_OUT_IRQHandler                0x0800905b   Thumb Code     0  startup_stm32f429xx.o(.text)
    OTG_HS_IRQHandler                        0x0800905b   Thumb Code     0  startup_stm32f429xx.o(.text)
    OTG_HS_WKUP_IRQHandler                   0x0800905b   Thumb Code     0  startup_stm32f429xx.o(.text)
    PVD_IRQHandler                           0x0800905b   Thumb Code     0  startup_stm32f429xx.o(.text)
    RCC_IRQHandler                           0x0800905b   Thumb Code     0  startup_stm32f429xx.o(.text)
    RTC_Alarm_IRQHandler                     0x0800905b   Thumb Code     0  startup_stm32f429xx.o(.text)
    RTC_WKUP_IRQHandler                      0x0800905b   Thumb Code     0  startup_stm32f429xx.o(.text)
    SAI1_IRQHandler                          0x0800905b   Thumb Code     0  startup_stm32f429xx.o(.text)
    SDIO_IRQHandler                          0x0800905b   Thumb Code     0  startup_stm32f429xx.o(.text)
    SPI1_IRQHandler                          0x0800905b   Thumb Code     0  startup_stm32f429xx.o(.text)
    SPI2_IRQHandler                          0x0800905b   Thumb Code     0  startup_stm32f429xx.o(.text)
    SPI3_IRQHandler                          0x0800905b   Thumb Code     0  startup_stm32f429xx.o(.text)
    SPI4_IRQHandler                          0x0800905b   Thumb Code     0  startup_stm32f429xx.o(.text)
    SPI5_IRQHandler                          0x0800905b   Thumb Code     0  startup_stm32f429xx.o(.text)
    SPI6_IRQHandler                          0x0800905b   Thumb Code     0  startup_stm32f429xx.o(.text)
    TAMP_STAMP_IRQHandler                    0x0800905b   Thumb Code     0  startup_stm32f429xx.o(.text)
    TIM1_BRK_TIM9_IRQHandler                 0x0800905b   Thumb Code     0  startup_stm32f429xx.o(.text)
    TIM1_CC_IRQHandler                       0x0800905b   Thumb Code     0  startup_stm32f429xx.o(.text)
    TIM1_TRG_COM_TIM11_IRQHandler            0x0800905b   Thumb Code     0  startup_stm32f429xx.o(.text)
    TIM1_UP_TIM10_IRQHandler                 0x0800905b   Thumb Code     0  startup_stm32f429xx.o(.text)
    TIM2_IRQHandler                          0x0800905b   Thumb Code     0  startup_stm32f429xx.o(.text)
    TIM3_IRQHandler                          0x0800905b   Thumb Code     0  startup_stm32f429xx.o(.text)
    TIM4_IRQHandler                          0x0800905b   Thumb Code     0  startup_stm32f429xx.o(.text)
    TIM5_IRQHandler                          0x0800905b   Thumb Code     0  startup_stm32f429xx.o(.text)
    TIM6_DAC_IRQHandler                      0x0800905b   Thumb Code     0  startup_stm32f429xx.o(.text)
    TIM7_IRQHandler                          0x0800905b   Thumb Code     0  startup_stm32f429xx.o(.text)
    TIM8_BRK_TIM12_IRQHandler                0x0800905b   Thumb Code     0  startup_stm32f429xx.o(.text)
    TIM8_CC_IRQHandler                       0x0800905b   Thumb Code     0  startup_stm32f429xx.o(.text)
    TIM8_TRG_COM_TIM14_IRQHandler            0x0800905b   Thumb Code     0  startup_stm32f429xx.o(.text)
    TIM8_UP_TIM13_IRQHandler                 0x0800905b   Thumb Code     0  startup_stm32f429xx.o(.text)
    UART4_IRQHandler                         0x0800905b   Thumb Code     0  startup_stm32f429xx.o(.text)
    UART5_IRQHandler                         0x0800905b   Thumb Code     0  startup_stm32f429xx.o(.text)
    UART7_IRQHandler                         0x0800905b   Thumb Code     0  startup_stm32f429xx.o(.text)
    UART8_IRQHandler                         0x0800905b   Thumb Code     0  startup_stm32f429xx.o(.text)
    USART1_IRQHandler                        0x0800905b   Thumb Code     0  startup_stm32f429xx.o(.text)
    USART2_IRQHandler                        0x0800905b   Thumb Code     0  startup_stm32f429xx.o(.text)
    USART3_IRQHandler                        0x0800905b   Thumb Code     0  startup_stm32f429xx.o(.text)
    USART6_IRQHandler                        0x0800905b   Thumb Code     0  startup_stm32f429xx.o(.text)
    WWDG_IRQHandler                          0x0800905b   Thumb Code     0  startup_stm32f429xx.o(.text)
    SystemInit                               0x08009065   Thumb Code    14  system_stm32f4xx_1.o(.text)
    SystemCoreClockUpdate                    0x08009073   Thumb Code   170  system_stm32f4xx_1.o(.text)
    netos_init                               0x08009161   Thumb Code    22  net_config.o(.text)
    netos_thread_create                      0x08009177   Thumb Code    10  net_config.o(.text)
    netos_thread_delete                      0x08009181   Thumb Code     4  net_config.o(.text)
    netos_thread_id                          0x08009185   Thumb Code     4  net_config.o(.text)
    netos_thread_pass                        0x08009189   Thumb Code     4  net_config.o(.text)
    netos_timer_create                       0x0800918d   Thumb Code    14  net_config.o(.text)
    netos_timer_delete                       0x0800919b   Thumb Code     4  net_config.o(.text)
    netos_timer_start                        0x0800919f   Thumb Code    22  net_config.o(.text)
    netos_mutex_create                       0x080091b5   Thumb Code    16  net_config.o(.text)
    netos_mutex_delete                       0x080091c5   Thumb Code     4  net_config.o(.text)
    netos_lock                               0x080091c9   Thumb Code     8  net_config.o(.text)
    netos_unlock                             0x080091d1   Thumb Code     4  net_config.o(.text)
    netos_flag_wait                          0x080091d5   Thumb Code    24  net_config.o(.text)
    netos_flag_set                           0x080091ed   Thumb Code     4  net_config.o(.text)
    netos_flag_clear                         0x080091f1   Thumb Code     6  net_config.o(.text)
    netos_delay                              0x080091f7   Thumb Code    14  net_config.o(.text)
    netif_create                             0x08009205   Thumb Code    46  net_config.o(.text)
    netif_delete                             0x08009233   Thumb Code    20  net_config.o(.text)
    netif_lock                               0x08009247   Thumb Code     8  net_config.o(.text)
    netif_unlock                             0x0800924f   Thumb Code     4  net_config.o(.text)
    netIGMP_Join                             0x08009259   Thumb Code     4  net_config.o(.text)
    netIGMP_Leave                            0x0800925d   Thumb Code     4  net_config.o(.text)
    net_igmp_is_member                       0x08009261   Thumb Code     4  net_config.o(.text)
    net_igmp_collect_mcast                   0x08009265   Thumb Code     4  net_config.o(.text)
    net_igmp_process                         0x08009269   Thumb Code     2  net_config.o(.text)
    netDHCP_Enable                           0x0800926b   Thumb Code     4  net_config.o(.text)
    netDHCP_Disable                          0x0800926f   Thumb Code     4  net_config.o(.text)
    netDHCP_SetOption                        0x08009273   Thumb Code     4  net_config.o(.text)
    netDHCP6_Enable                          0x08009277   Thumb Code     4  net_config.o(.text)
    netDHCP6_Disable                         0x0800927b   Thumb Code     4  net_config.o(.text)
    netSNTPc_GetTime                         0x0800927f   Thumb Code     4  net_config.o(.text)
    netHTTPs_fopen                           0x08009283   Thumb Code     4  net_config.o(.text)
    netHTTPs_fclose                          0x08009287   Thumb Code     2  net_config.o(.text)
    netHTTPs_fread                           0x08009289   Thumb Code     4  net_config.o(.text)
    netHTTPs_fgets                           0x0800928d   Thumb Code     4  net_config.o(.text)
    netHTTPs_fstat                           0x08009291   Thumb Code     2  net_config.o(.text)
    net_sys_error                            0x08009293   Thumb Code     2  net_config.o(.text)
    net_evr_init                             0x080092ad   Thumb Code   334  net_debug.o(.text)
    net_debug_init                           0x080093fb   Thumb Code     2  net_debug.o(.text)
    __aeabi_uldivmod                         0x080093fd   Thumb Code    98  uldiv.o(.text)
    __aeabi_memcpy                           0x0800945f   Thumb Code    36  memcpya.o(.text)
    __aeabi_memcpy4                          0x0800945f   Thumb Code     0  memcpya.o(.text)
    __aeabi_memcpy8                          0x0800945f   Thumb Code     0  memcpya.o(.text)
    __aeabi_memset                           0x08009483   Thumb Code    14  memseta.o(.text)
    __aeabi_memset4                          0x08009483   Thumb Code     0  memseta.o(.text)
    __aeabi_memset8                          0x08009483   Thumb Code     0  memseta.o(.text)
    __aeabi_memclr                           0x08009491   Thumb Code     4  memseta.o(.text)
    __aeabi_memclr4                          0x08009491   Thumb Code     0  memseta.o(.text)
    __aeabi_memclr8                          0x08009491   Thumb Code     0  memseta.o(.text)
    _memset$wrapper                          0x08009495   Thumb Code    18  memseta.o(.text)
    strlen                                   0x080094a7   Thumb Code    14  strlen.o(.text)
    strcmp                                   0x080094b5   Thumb Code    28  strcmp.o(.text)
    memcmp                                   0x080094d1   Thumb Code    26  memcmp.o(.text)
    strncmp                                  0x080094eb   Thumb Code    30  strncmp.o(.text)
    __0sscanf                                0x08009509   Thumb Code    48  __0sscanf.o(.text)
    _scanf_int                               0x08009541   Thumb Code   332  _scanf_int.o(.text)
    __aeabi_llsl                             0x0800968d   Thumb Code    30  llshl.o(.text)
    _ll_shift_l                              0x0800968d   Thumb Code     0  llshl.o(.text)
    __aeabi_llsr                             0x080096ab   Thumb Code    32  llushr.o(.text)
    _ll_ushift_r                             0x080096ab   Thumb Code     0  llushr.o(.text)
    _chval                                   0x080096cb   Thumb Code    28  _chval.o(.text)
    __vfscanf_char                           0x080096f5   Thumb Code    20  scanf_char.o(.text)
    _sgetc                                   0x08009711   Thumb Code    30  _sgetc.o(.text)
    _sbackspace                              0x0800972f   Thumb Code    34  _sgetc.o(.text)
    __scatterload                            0x08009751   Thumb Code    28  init.o(.text)
    __scatterload_rt2                        0x08009751   Thumb Code     0  init.o(.text)
    isspace                                  0x08009775   Thumb Code    10  isspace_c.o(.text)
    __vfscanf                                0x08009781   Thumb Code   810  _scanf.o(.text)
    __ctype_lookup                           0x08009ab1   Thumb Code    34  ctype_c.o(.text)
    __decompress                             0x08009ad9   Thumb Code     0  __dczerorl2.o(.text)
    __decompress1                            0x08009ad9   Thumb Code    86  __dczerorl2.o(.text)
    __0sprintf$8                             0x08009b31   Thumb Code    34  printf8.o(i.__0sprintf$8)
    __1sprintf$8                             0x08009b31   Thumb Code     0  printf8.o(i.__0sprintf$8)
    __2sprintf                               0x08009b31   Thumb Code     0  printf8.o(i.__0sprintf$8)
    __scatterload_copy                       0x08009b59   Thumb Code    14  handlers.o(i.__scatterload_copy)
    __scatterload_null                       0x08009b67   Thumb Code     2  handlers.o(i.__scatterload_null)
    __scatterload_zeroinit                   0x08009b69   Thumb Code    14  handlers.o(i.__scatterload_zeroinit)
    netCGI_Charset                           0x0800ccb1   Thumb Code     4  net_http_server.o(i.netCGI_Charset)
    netCGI_ContentType                       0x0800ccb5   Thumb Code     4  net_http_server.o(i.netCGI_ContentType)
    netCGI_CustomHeader                      0x0800ccb9   Thumb Code     4  net_http_server.o(i.netCGI_CustomHeader)
    netCGI_GetEnvVar                         0x0800ccbd   Thumb Code   104  net_http_server.o(i.netCGI_GetEnvVar)
    netCGI_Redirect                          0x0800cd29   Thumb Code     4  net_http_server.o(i.netCGI_Redirect)
    netCGX_ContentType                       0x0800cd2d   Thumb Code     4  net_http_server.o(i.netCGX_ContentType)
    netCore_Thread                           0x0800cd31   Thumb Code    90  net_sys.o(i.netCore_Thread)
    netETH_Notify                            0x0800cd95   Thumb Code     2  net_eth.o(i.netETH_Notify)
    netETH_ReceiveRaw                        0x0800cd97   Thumb Code     2  net_eth.o(i.netETH_ReceiveRaw)
    netETH_Thread                            0x0800cd99   Thumb Code   114  net_eth.o(i.netETH_Thread)
    netHTTPs_AcceptClient                    0x0800ce0b   Thumb Code     4  net_http_server.o(i.netHTTPs_AcceptClient)
    netHTTPs_CheckAccount                    0x0800ce0f   Thumb Code     4  net_http_server_auth.o(i.netHTTPs_CheckAccount)
    netHTTPs_FileAccess                      0x0800ce13   Thumb Code     4  net_http_server.o(i.netHTTPs_FileAccess)
    netIF_SetOption                          0x0800ce19   Thumb Code   124  net_sys.o(i.netIF_SetOption)
    netIP_aton                               0x0800ce9d   Thumb Code    26  net_addr.o(i.netIP_aton)
    netInitialize                            0x0800ceb9   Thumb Code   156  net_sys.o(i.netInitialize)
    netMAC_aton                              0x0800cf65   Thumb Code   140  net_addr.o(i.netMAC_aton)
    net_addr4_aton                           0x0800cff1   Thumb Code   124  net_addr.o(i.net_addr4_aton)
    net_addr4_to_mac                         0x0800d06d   Thumb Code    30  net_addr.o(i.net_addr4_to_mac)
    net_addr6_aton                           0x0800d08d   Thumb Code   230  net_addr.o(i.net_addr6_aton)
    net_addr6_comp                           0x0800d173   Thumb Code    40  net_addr.o(i.net_addr6_comp)
    net_addr6_copy                           0x0800d19b   Thumb Code    18  net_addr.o(i.net_addr6_copy)
    net_addr6_create                         0x0800d1ad   Thumb Code    70  net_addr.o(i.net_addr6_create)
    net_addr6_get_solicited                  0x0800d1f9   Thumb Code    34  net_addr.o(i.net_addr6_get_solicited)
    net_addr6_is_linklocal                   0x0800d221   Thumb Code    24  net_addr.o(i.net_addr6_is_linklocal)
    net_addr6_is_onlink                      0x0800d239   Thumb Code   110  net_addr.o(i.net_addr6_is_onlink)
    net_addr6_is_solicited                   0x0800d2a7   Thumb Code    72  net_addr.o(i.net_addr6_is_solicited)
    net_addr6_is_unspec                      0x0800d2ef   Thumb Code    24  net_addr.o(i.net_addr6_is_unspec)
    net_addr6_to_mac                         0x0800d307   Thumb Code    14  net_addr.o(i.net_addr6_to_mac)
    net_addr_find_route                      0x0800d315   Thumb Code    26  net_addr.o(i.net_addr_find_route)
    net_addr_get_local                       0x0800d331   Thumb Code    26  net_addr.o(i.net_addr_get_local)
    net_addr_is_unspec                       0x0800d351   Thumb Code    34  net_addr.o(i.net_addr_is_unspec)
    net_arp_cache_add                        0x0800d375   Thumb Code   276  net_arp.o(i.net_arp_cache_add)
    net_arp_cache_early                      0x0800d491   Thumb Code   180  net_arp.o(i.net_arp_cache_early)
    net_arp_cache_find                       0x0800d54d   Thumb Code   224  net_arp.o(i.net_arp_cache_find)
    net_arp_cache_init                       0x0800d639   Thumb Code    64  net_arp.o(i.net_arp_cache_init)
    net_arp_cache_run                        0x0800d681   Thumb Code    22  net_arp.o(i.net_arp_cache_run)
    net_arp_cache_uninit                     0x0800d69d   Thumb Code    56  net_arp.o(i.net_arp_cache_uninit)
    net_arp_enqueue                          0x0800d6dd   Thumb Code   114  net_arp.o(i.net_arp_enqueue)
    net_arp_notify                           0x0800d755   Thumb Code    32  net_arp.o(i.net_arp_notify)
    net_arp_process                          0x0800d775   Thumb Code   536  net_arp.o(i.net_arp_process)
    net_atoi                                 0x0800d999   Thumb Code    66  net_common.o(i.net_atoi)
    net_base64_decode                        0x0800d9dd   Thumb Code   114  net_base64.o(i.net_base64_decode)
    net_chksum_buf                           0x0800da55   Thumb Code    48  net_common.o(i.net_chksum_buf)
    net_crc_buf                              0x0800da85   Thumb Code    30  net_common.o(i.net_crc_buf)
    net_eth_callback                         0x0800daa3   Thumb Code    14  net_eth.o(i.net_eth_callback)
    net_eth_config_mcast                     0x0800dab1   Thumb Code   104  net_eth.o(i.net_eth_config_mcast)
    net_eth_get_option                       0x0800db19   Thumb Code   234  net_eth.o(i.net_eth_get_option)
    net_eth_iface_init                       0x0800dc05   Thumb Code    22  net_eth.o(i.net_eth_iface_init)
    net_eth_iface_run                        0x0800dc21   Thumb Code    22  net_eth.o(i.net_eth_iface_run)
    net_eth_iface_uninit                     0x0800dc3d   Thumb Code    22  net_eth.o(i.net_eth_iface_uninit)
    net_eth_output                           0x0800dc59   Thumb Code   164  net_eth.o(i.net_eth_output)
    net_eth_send_frame                       0x0800dd01   Thumb Code   462  net_eth.o(i.net_eth_send_frame)
    net_eth_set_option                       0x0800dee1   Thumb Code   610  net_eth.o(i.net_eth_set_option)
    net_http_server_init                     0x0800e151   Thumb Code   212  net_http_server.o(i.net_http_server_init)
    net_http_server_run                      0x0800e239   Thumb Code    30  net_http_server.o(i.net_http_server_run)
    net_http_server_uninit                   0x0800e261   Thumb Code    98  net_http_server.o(i.net_http_server_uninit)
    net_icmp6_init                           0x0800e2d1   Thumb Code    20  net_icmp6.o(i.net_icmp6_init)
    net_icmp6_process                        0x0800e2e9   Thumb Code   542  net_icmp6.o(i.net_icmp6_process)
    net_icmp6_send                           0x0800e521   Thumb Code   122  net_icmp6.o(i.net_icmp6_send)
    net_icmp6_send_echo                      0x0800e5a5   Thumb Code    78  net_icmp6.o(i.net_icmp6_send_echo)
    net_icmp_init                            0x0800e5fd   Thumb Code    20  net_icmp.o(i.net_icmp_init)
    net_icmp_process                         0x0800e615   Thumb Code   430  net_icmp.o(i.net_icmp_process)
    net_icmp_send_echo                       0x0800e7dd   Thumb Code   142  net_icmp.o(i.net_icmp_send_echo)
    net_if_map_all                           0x0800e87d   Thumb Code     6  net_sys.o(i.net_if_map_all)
    net_ip4_chk_frame                        0x0800e889   Thumb Code   372  net_ip4.o(i.net_ip4_chk_frame)
    net_ip4_chksum                           0x0800ea15   Thumb Code    44  net_ip4.o(i.net_ip4_chksum)
    net_ip4_chksum_buf                       0x0800ea41   Thumb Code     6  net_ip4.o(i.net_ip4_chksum_buf)
    net_ip4_find_route                       0x0800ea49   Thumb Code   104  net_ip4.o(i.net_ip4_find_route)
    net_ip4_frag_add                         0x0800eac9   Thumb Code   284  net_ip4_frag.o(i.net_ip4_frag_add)
    net_ip4_frag_get                         0x0800ebed   Thumb Code   168  net_ip4_frag.o(i.net_ip4_frag_get)
    net_ip4_frag_init                        0x0800ec99   Thumb Code    12  net_ip4_frag.o(i.net_ip4_frag_init)
    net_ip4_frag_run                         0x0800eca9   Thumb Code    50  net_ip4_frag.o(i.net_ip4_frag_run)
    net_ip4_frag_uninit                      0x0800ece5   Thumb Code    12  net_ip4_frag.o(i.net_ip4_frag_uninit)
    net_ip4_get_local                        0x0800ecf5   Thumb Code    40  net_ip4.o(i.net_ip4_get_local)
    net_ip4_init                             0x0800ed21   Thumb Code    22  net_ip4.o(i.net_ip4_init)
    net_ip4_is_onlink                        0x0800ed45   Thumb Code    32  net_ip4.o(i.net_ip4_is_onlink)
    net_ip4_is_subcast                       0x0800ed65   Thumb Code    38  net_ip4.o(i.net_ip4_is_subcast)
    net_ip4_reass_frame                      0x0800ed8b   Thumb Code    14  net_ip4.o(i.net_ip4_reass_frame)
    net_ip4_send_frame                       0x0800ed99   Thumb Code   340  net_ip4.o(i.net_ip4_send_frame)
    net_ip4_tx_offl_hl                       0x0800eefd   Thumb Code    42  net_ip4.o(i.net_ip4_tx_offl_hl)
    net_ip4_uninit                           0x0800ef29   Thumb Code    22  net_ip4.o(i.net_ip4_uninit)
    net_ip6_chk_frame                        0x0800ef49   Thumb Code   236  net_ip6.o(i.net_ip6_chk_frame)
    net_ip6_chksum                           0x0800f049   Thumb Code    50  net_ip6.o(i.net_ip6_chksum)
    net_ip6_collect_mcast                    0x0800f07d   Thumb Code   118  net_ip6.o(i.net_ip6_collect_mcast)
    net_ip6_find_route                       0x0800f0f9   Thumb Code    56  net_ip6.o(i.net_ip6_find_route)
    net_ip6_get_local                        0x0800f141   Thumb Code    74  net_ip6.o(i.net_ip6_get_local)
    net_ip6_init                             0x0800f195   Thumb Code    20  net_ip6.o(i.net_ip6_init)
    net_ip6_send_frame                       0x0800f1b1   Thumb Code   192  net_ip6.o(i.net_ip6_send_frame)
    net_ip6_tx_offl_hl                       0x0800f27d   Thumb Code    30  net_ip6.o(i.net_ip6_tx_offl_hl)
    net_ip6_uninit                           0x0800f29d   Thumb Code    20  net_ip6.o(i.net_ip6_uninit)
    net_itoa                                 0x0800f2b9   Thumb Code     8  net_common.o(i.net_itoa)
    net_itoa_n0                              0x0800f2c1   Thumb Code     6  net_common.o(i.net_itoa_n0)
    net_loop_iface_init                      0x0800f2c9   Thumb Code    40  net_loopback.o(i.net_loop_iface_init)
    net_loop_iface_run                       0x0800f2f9   Thumb Code   176  net_loopback.o(i.net_loop_iface_run)
    net_loop_iface_uninit                    0x0800f3b5   Thumb Code    32  net_loopback.o(i.net_loop_iface_uninit)
    net_loop_send_frame                      0x0800f3dd   Thumb Code   104  net_loopback.o(i.net_loop_send_frame)
    net_mem_alloc                            0x0800f44d   Thumb Code   178  net_mem.o(i.net_mem_alloc)
    net_mem_avail                            0x0800f50d   Thumb Code    22  net_mem.o(i.net_mem_avail)
    net_mem_free                             0x0800f529   Thumb Code   152  net_mem.o(i.net_mem_free)
    net_mem_init                             0x0800f5cd   Thumb Code    98  net_mem.o(i.net_mem_init)
    net_mem_shrink                           0x0800f63d   Thumb Code    62  net_mem.o(i.net_mem_shrink)
    net_nbns_client_init                     0x0800f685   Thumb Code    82  net_nbns_client.o(i.net_nbns_client_init)
    net_nbns_client_uninit                   0x0800f6e9   Thumb Code    42  net_nbns_client.o(i.net_nbns_client_uninit)
    net_ndp_cache_find                       0x0800f721   Thumb Code   438  net_ndp.o(i.net_ndp_cache_find)
    net_ndp_cache_refresh                    0x0800f8e5   Thumb Code   112  net_ndp.o(i.net_ndp_cache_refresh)
    net_ndp_enqueue                          0x0800f95d   Thumb Code   108  net_ndp.o(i.net_ndp_enqueue)
    net_ndp_process                          0x0800f9cd   Thumb Code   872  net_ndp.o(i.net_ndp_process)
    net_path                                 0x0800fd41   Thumb Code    52  net_sys.o(i.net_path)
    net_ping_client_init                     0x0800fd79   Thumb Code    22  net_ping_core.o(i.net_ping_client_init)
    net_ping_client_run                      0x0800fd99   Thumb Code   110  net_ping_core.o(i.net_ping_client_run)
    net_ping_client_uninit                   0x0800fe19   Thumb Code    24  net_ping_core.o(i.net_ping_client_uninit)
    net_rand32                               0x0800fe39   Thumb Code    18  net_sys.o(i.net_rand32)
    net_strcasecmp                           0x0800fe55   Thumb Code    46  net_common.o(i.net_strcasecmp)
    net_strchr                               0x0800fe83   Thumb Code    22  net_common.o(i.net_strchr)
    net_strcmp                               0x0800fe99   Thumb Code    26  net_common.o(i.net_strcmp)
    net_strcpy                               0x0800feb3   Thumb Code    18  net_common.o(i.net_strcpy)
    net_strnchr                              0x0800fec5   Thumb Code    28  net_common.o(i.net_strnchr)
    net_strncpy                              0x0800fee1   Thumb Code    26  net_common.o(i.net_strncpy)
    net_strtoupper                           0x0800fefb   Thumb Code    32  net_common.o(i.net_strtoupper)
    net_sys_lock                             0x0800ff1d   Thumb Code     8  net_sys.o(i.net_sys_lock)
    net_sys_resume                           0x0800ff29   Thumb Code    22  net_sys.o(i.net_sys_resume)
    net_sys_tick                             0x0800ff41   Thumb Code    16  net_sys.o(i.net_sys_tick)
    net_sys_unlock                           0x0800ff55   Thumb Code     8  net_sys.o(i.net_sys_unlock)
    net_sys_wakeup                           0x0800ff61   Thumb Code    26  net_sys.o(i.net_sys_wakeup)
    net_tcp_abort                            0x0800ff81   Thumb Code   122  net_tcp.o(i.net_tcp_abort)
    net_tcp_close                            0x08010005   Thumb Code   218  net_tcp.o(i.net_tcp_close)
    net_tcp_get_buf                          0x080100e9   Thumb Code    46  net_tcp.o(i.net_tcp_get_buf)
    net_tcp_get_mss                          0x08010119   Thumb Code    34  net_tcp.o(i.net_tcp_get_mss)
    net_tcp_get_socket                       0x08010141   Thumb Code   104  net_tcp.o(i.net_tcp_get_socket)
    net_tcp_get_state                        0x080101b1   Thumb Code    40  net_tcp.o(i.net_tcp_get_state)
    net_tcp_listen                           0x080101dd   Thumb Code   168  net_tcp.o(i.net_tcp_listen)
    net_tcp_process                          0x0801028d   Thumb Code  1956  net_tcp.o(i.net_tcp_process)
    net_tcp_send                             0x08010a35   Thumb Code   336  net_tcp.o(i.net_tcp_send)
    net_tcp_set_option                       0x08010b91   Thumb Code   288  net_tcp.o(i.net_tcp_set_option)
    net_tcp_socket_init                      0x08010cbd   Thumb Code    30  net_tcp.o(i.net_tcp_socket_init)
    net_tcp_socket_run                       0x08010ce5   Thumb Code   938  net_tcp.o(i.net_tcp_socket_run)
    net_tcp_socket_uninit                    0x080110a5   Thumb Code    30  net_tcp.o(i.net_tcp_socket_uninit)
    net_udp_get_buf                          0x080110cd   Thumb Code    46  net_udp.o(i.net_udp_get_buf)
    net_udp_get_socket                       0x080110fd   Thumb Code   102  net_udp.o(i.net_udp_get_socket)
    net_udp_open                             0x0801116d   Thumb Code   160  net_udp.o(i.net_udp_open)
    net_udp_process                          0x08011219   Thumb Code   322  net_udp.o(i.net_udp_process)
    net_udp_send_if                          0x08011371   Thumb Code   540  net_udp.o(i.net_udp_send_if)
    net_udp_socket_init                      0x0801159d   Thumb Code    30  net_udp.o(i.net_udp_socket_init)
    net_udp_socket_uninit                    0x080115c1   Thumb Code    28  net_udp.o(i.net_udp_socket_uninit)
    net_ultoa                                0x080115e5   Thumb Code     8  net_common.o(i.net_ultoa)
    net_xtoul                                0x080115ed   Thumb Code    76  net_common.o(i.net_xtoul)
    app_main_attr                            0x08012144   Data          36  http_server.o(.constdata)
    imageLastModified                        0x08012168   Data           4  web.o(.constdata)
    irqRtxLib                                0x0801f008   Data           1  irq_armv7m.o(.constdata)
    irqRtxLibRef                             0x0801f06c   Data           4  rtx_lib.o(.constdata)
    osRtxUserSVC                             0x0801f070   Data           4  rtx_lib.o(.constdata)
    Driver_ETH_PHY0                          0x0801f078   Data          32  phy_lan8742a.o(.constdata)
    Driver_ETH_MAC0                          0x0801f0e8   Data          68  emac_stm32f4xx.o(.constdata)
    EventRecorderInfo                        0x0801f12c   Data          24  eventrecorder.o(.constdata)
    AHBPrescTable                            0x0801f144   Data          16  system_stm32f4xx_1.o(.constdata)
    APBPrescTable                            0x0801f154   Data           8  system_stm32f4xx_1.o(.constdata)
    net_sys_config                           0x0801f1e4   Data          28  net_config.o(.constdata)
    net_eth0_if_config                       0x0801f248   Data          44  net_config.o(.constdata)
    net_eth_list                             0x0801f294   Data           8  net_config.o(.constdata)
    net_if_list_lan                          0x0801f29c   Data           8  net_config.o(.constdata)
    net_if_list_all                          0x0801f2a4   Data           8  net_config.o(.constdata)
    net_if_inet_def                          0x0801f2ac   Data           8  net_config.o(.constdata)
    net_if_link_def                          0x0801f2b4   Data           8  net_config.o(.constdata)
    net_arp_list                             0x0801f2bc   Data           8  net_config.o(.constdata)
    net_icmp_list                            0x0801f2c4   Data           8  net_config.o(.constdata)
    net_ndp_list                             0x0801f2cc   Data           4  net_config.o(.constdata)
    net_icmp6_list                           0x0801f2d0   Data           4  net_config.o(.constdata)
    net_ip4_frag_config                      0x0801f2d4   Data           8  net_config.o(.constdata)
    net_udp_config                           0x0801f2dc   Data          12  net_config.o(.constdata)
    net_tcp_config                           0x0801f2e8   Data          24  net_config.o(.constdata)
    net_http_config                          0x0801f300   Data          52  net_config.o(.constdata)
    net_sys_fn_uninit                        0x0801f37c   Data          40  net_config.o(.constdata)
    netif_getopt_func                        0x0801f3a4   Data          16  net_config.o(.constdata)
    netif_setopt_func                        0x0801f3b4   Data          16  net_config.o(.constdata)
    net_loop_if_config                       0x0801f3c4   Data          44  net_loopback.o(.constdata)
    net_http_auth_basic_func                 0x0801f500   Data          24  net_http_server_auth.o(.constdata)
    net_ping_payload                         0x0801f518   Data          18  net_ping_core.o(.constdata)
    net_addr_unspec                          0x0801f52a   Data          16  net_addr.o(.constdata)
    net_addr_bcast                           0x0801f53a   Data           6  net_addr.o(.constdata)
    net_addr4_loopback                       0x0801f540   Data           4  net_ip4.o(.constdata)
    net_addr6_all_nodes                      0x0801f544   Data          16  net_ip6.o(.constdata)
    net_addr6_loopback                       0x0801f554   Data          16  net_ip6.o(.constdata)
    net_http_error                           0x0801f564   Data          24  net_http_server_err.o(.constdata)
    net_lib_version                          0x0801f60c   Data           4  net_version.o(.constdata)
    network_ip4ip6_debug_v7.15.0             0x0801f60c   Data           4  net_version.o(.constdata)
    __ctype_categories                       0x0801f610   Data          64  ctype_c.o(.constdata)
    osRtxConfig                              0x0801f948   Data         112  rtx_lib.o(.rodata)
    os_cb_sections                           0x0801f9b8   Data          56  rtx_lib.o(.rodata)
    Region$$Table$$Base                      0x0801f9f0   Number         0  anon$$obj.o(Region$$Table)
    Region$$Table$$Limit                     0x0801fa20   Number         0  anon$$obj.o(Region$$Table)
    .bss.os.msgqueue.cb$$Base                0x20008044   Number         0  rtx_lib.o(.bss.os.msgqueue.cb)
    .bss.os.msgqueue.cb$$Limit               0x20008078   Number         0  rtx_lib.o(.bss.os.msgqueue.cb)
    .bss.os.mutex.cb$$Base                   0x200080c8   Number         0  net_config.o(.bss.os.mutex.cb)
    .bss.os.mutex.cb$$Limit                  0x20008100   Number         0  net_config.o(.bss.os.mutex.cb)
    .bss.os.semaphore.cb$$Base               0x20008100   Number         0  net_config.o(.bss.os.semaphore.cb)
    .bss.os.semaphore.cb$$Limit              0x20008110   Number         0  net_config.o(.bss.os.semaphore.cb)
    .bss.os.thread.cb$$Base                  0x20008110   Number         0  rtx_lib.o(.bss.os.thread.cb)
    .bss.os.thread.cb$$Limit                 0x20008220   Number         0  net_config.o(.bss.os.thread.cb)
    .bss.os.timer.cb$$Base                   0x20008620   Number         0  net_config.o(.bss.os.timer.cb)
    .bss.os.timer.cb$$Limit                  0x20008640   Number         0  net_config.o(.bss.os.timer.cb)
    canciones                                0x20008644   Data          50  http_server_cgi.o(.data)
    opciones                                 0x20008678   Data          32  http_server_cgi.o(.data)
    uwTick                                   0x2000869c   Data           4  stm32f4xx_hal.o(.data)
    uwTickPrio                               0x200086a0   Data           4  stm32f4xx_hal.o(.data)
    uwTickFreq                               0x200086a4   Data           1  stm32f4xx_hal.o(.data)
    SystemCoreClock                          0x200086a8   Data           4  system_stm32f4xx_1.o(.data)
    net_eth0_icmp_control                    0x200086c4   Data           1  net_icmp.o(.data)
    osRtxInfo                                0x200086e8   Data         164  rtx_kernel.o(.data.os)
    app_main_stk                             0x20008790   Data        1024  http_server.o(.bss)
    net_eth0_if_control                      0x2000ec50   Data         160  net_eth.o(.bss)
    net_eth0_arp_control                     0x2000ecf0   Data          24  net_arp.o(.bss)
    net_http_control                         0x2000eda8   Data          20  net_http_server.o(.bss)
    net_ping_control                         0x2000edbc   Data          44  net_ping_core.o(.bss)
    net_sys_control                          0x2000edf8   Data          28  net_sys.o(.bss)
    net_dbg_buf                              0x2000ee20   Data          36  net_sys.o(.bss)
    __initial_sp                             0x2000f2b8   Data           0  startup_stm32f429xx.o(STACK)



==============================================================================

Memory Map of the image

  Image Entry point : 0x080001ad

  Load Region LR_IROM1 (Base: 0x08000000, Size: 0x000281ac, Max: 0x00200000, ABSOLUTE, COMPRESSED[0x0001fb60])

    Execution Region ER_IROM1 (Exec base: 0x08000000, Load base: 0x08000000, Size: 0x0001fa20, Max: 0x00200000, ABSOLUTE)

    Exec Addr    Load Addr    Size         Type   Attr      Idx    E Section Name        Object

    0x08000000   0x08000000   0x000001ac   Data   RO         1216    RESET               startup_stm32f429xx.o
    0x080001ac   0x080001ac   0x00000000   Code   RO         2281  * .ARM.Collect$$$$00000000  mc_w.l(entry.o)
    0x080001ac   0x080001ac   0x00000004   Code   RO         2565    .ARM.Collect$$$$00000001  mc_w.l(entry2.o)
    0x080001b0   0x080001b0   0x00000004   Code   RO         2568    .ARM.Collect$$$$00000004  mc_w.l(entry5.o)
    0x080001b4   0x080001b4   0x00000000   Code   RO         2570    .ARM.Collect$$$$00000008  mc_w.l(entry7b.o)
    0x080001b4   0x080001b4   0x00000000   Code   RO         2572    .ARM.Collect$$$$0000000A  mc_w.l(entry8b.o)
    0x080001b4   0x080001b4   0x00000008   Code   RO         2573    .ARM.Collect$$$$0000000B  mc_w.l(entry9a.o)
    0x080001bc   0x080001bc   0x00000004   Code   RO         2580    .ARM.Collect$$$$0000000E  mc_w.l(entry12b.o)
    0x080001c0   0x080001c0   0x00000000   Code   RO         2575    .ARM.Collect$$$$0000000F  mc_w.l(entry10a.o)
    0x080001c0   0x080001c0   0x00000000   Code   RO         2577    .ARM.Collect$$$$00000011  mc_w.l(entry11a.o)
    0x080001c0   0x080001c0   0x00000004   Code   RO         2566    .ARM.Collect$$$$00002712  mc_w.l(entry2.o)
    0x080001c4   0x080001c4   0x00000148   Code   RO          511    .emb_text           rtx_mempool.o
    0x0800030c   0x0800030c   0x00000148   Code   RO          542    .emb_text           rtx_msgqueue.o
    0x08000454   0x08000454   0x00000148   Code   RO          607    .emb_text           rtx_semaphore.o
    0x0800059c   0x0800059c   0x00000148   Code   RO          638    .emb_text           rtx_system.o
    0x080006e4   0x080006e4   0x00000148   Code   RO          672    .emb_text           rtx_thread.o
    0x0800082c   0x0800082c   0x00000084   Code   RO          855    .emb_text           eventrecorder.o
    0x080008b0   0x080008b0   0x00000138   Code   RO            4    .text               main.o
    0x080009e8   0x080009e8   0x0000000e   Code   RO          141    .text               http_server.o
    0x080009f6   0x080009f6   0x00000002   PAD
    0x080009f8   0x080009f8   0x000006ac   Code   RO          189    .text               http_server_cgi.o
    0x080010a4   0x080010a4   0x00000088   Code   RO          214    .text               web.o
    0x0800112c   0x0800112c   0x000000bc   Code   RO          232    .text               buttons_nucleo_f429zi.o
    0x080011e8   0x080011e8   0x00000094   Code   RO          256    .text               irq_armv7m.o
    0x0800127c   0x0800127c   0x0000011c   Code   RO          264    .text               rtx_delay.o
    0x08001398   0x08001398   0x00000dd8   Code   RO          362    .text               rtx_evr.o
    0x08002170   0x08002170   0x000008b0   Code   RO          390    .text               rtx_kernel.o
    0x08002a20   0x08002a20   0x00000018   Code   RO          438    .text               rtx_lib.o
    0x08002a38   0x08002a38   0x000001de   Code   RO          481    .text               rtx_memory.o
    0x08002c16   0x08002c16   0x00000002   PAD
    0x08002c18   0x08002c18   0x000007a4   Code   RO          512    .text               rtx_mempool.o
    0x080033bc   0x080033bc   0x00000b88   Code   RO          543    .text               rtx_msgqueue.o
    0x08003f44   0x08003f44   0x00000644   Code   RO          577    .text               rtx_mutex.o
    0x08004588   0x08004588   0x00000532   Code   RO          608    .text               rtx_semaphore.o
    0x08004aba   0x08004aba   0x00000002   PAD
    0x08004abc   0x08004abc   0x000001bc   Code   RO          639    .text               rtx_system.o
    0x08004c78   0x08004c78   0x00001578   Code   RO          673    .text               rtx_thread.o
    0x080061f0   0x080061f0   0x00000538   Code   RO          707    .text               rtx_timer.o
    0x08006728   0x08006728   0x000000dc   Code   RO          737    .text               os_systick.o
    0x08006804   0x08006804   0x00000024   Code   RO          763    .text               rtx_config.o
    0x08006828   0x08006828   0x00000224   Code   RO          784    .text               phy_lan8742a.o
    0x08006a4c   0x08006a4c   0x00000d1c   Code   RO          814    .text               emac_stm32f4xx.o
    0x08007768   0x08007768   0x00000618   Code   RO          856    .text               eventrecorder.o
    0x08007d80   0x08007d80   0x00000210   Code   RO          894    .text               stm32f4xx_hal.o
    0x08007f90   0x08007f90   0x00000384   Code   RO          972    .text               stm32f4xx_hal_cortex.o
    0x08008314   0x08008314   0x000003e4   Code   RO         1049    .text               stm32f4xx_hal_gpio.o
    0x080086f8   0x080086f8   0x00000948   Code   RO         1121    .text               stm32f4xx_hal_rcc.o
    0x08009040   0x08009040   0x00000024   Code   RO         1217    .text               startup_stm32f429xx.o
    0x08009064   0x08009064   0x000000d0   Code   RO         1224    .text               system_stm32f4xx_1.o
    0x08009134   0x08009134   0x00000178   Code   RO         1252    .text               net_config.o
    0x080092ac   0x080092ac   0x00000150   Code   RO         1301    .text               net_debug.o
    0x080093fc   0x080093fc   0x00000062   Code   RO         2284    .text               mc_w.l(uldiv.o)
    0x0800945e   0x0800945e   0x00000024   Code   RO         2286    .text               mc_w.l(memcpya.o)
    0x08009482   0x08009482   0x00000024   Code   RO         2288    .text               mc_w.l(memseta.o)
    0x080094a6   0x080094a6   0x0000000e   Code   RO         2290    .text               mc_w.l(strlen.o)
    0x080094b4   0x080094b4   0x0000001c   Code   RO         2292    .text               mc_w.l(strcmp.o)
    0x080094d0   0x080094d0   0x0000001a   Code   RO         2294    .text               mc_w.l(memcmp.o)
    0x080094ea   0x080094ea   0x0000001e   Code   RO         2296    .text               mc_w.l(strncmp.o)
    0x08009508   0x08009508   0x00000038   Code   RO         2561    .text               mc_w.l(__0sscanf.o)
    0x08009540   0x08009540   0x0000014c   Code   RO         2563    .text               mc_w.l(_scanf_int.o)
    0x0800968c   0x0800968c   0x0000001e   Code   RO         2586    .text               mc_w.l(llshl.o)
    0x080096aa   0x080096aa   0x00000020   Code   RO         2588    .text               mc_w.l(llushr.o)
    0x080096ca   0x080096ca   0x0000001c   Code   RO         2590    .text               mc_w.l(_chval.o)
    0x080096e6   0x080096e6   0x00000002   PAD
    0x080096e8   0x080096e8   0x00000028   Code   RO         2592    .text               mc_w.l(scanf_char.o)
    0x08009710   0x08009710   0x00000040   Code   RO         2594    .text               mc_w.l(_sgetc.o)
    0x08009750   0x08009750   0x00000024   Code   RO         2607    .text               mc_w.l(init.o)
    0x08009774   0x08009774   0x0000000a   Code   RO         2612    .text               mc_w.l(isspace_c.o)
    0x0800977e   0x0800977e   0x00000002   PAD
    0x08009780   0x08009780   0x00000330   Code   RO         2614    .text               mc_w.l(_scanf.o)
    0x08009ab0   0x08009ab0   0x00000028   Code   RO         2619    .text               mc_w.l(ctype_c.o)
    0x08009ad8   0x08009ad8   0x00000056   Code   RO         2629    .text               mc_w.l(__dczerorl2.o)
    0x08009b2e   0x08009b2e   0x00000002   PAD
    0x08009b30   0x08009b30   0x00000028   Code   RO         2509    i.__0sprintf$8      mc_w.l(printf8.o)
    0x08009b58   0x08009b58   0x0000000e   Code   RO         2623    i.__scatterload_copy  mc_w.l(handlers.o)
    0x08009b66   0x08009b66   0x00000002   Code   RO         2624    i.__scatterload_null  mc_w.l(handlers.o)
    0x08009b68   0x08009b68   0x0000000e   Code   RO         2625    i.__scatterload_zeroinit  mc_w.l(handlers.o)
    0x08009b76   0x08009b76   0x00000002   PAD
    0x08009b78   0x08009b78   0x00000404   Code   RO         2514    i._printf_core      mc_w.l(printf8.o)
    0x08009f7c   0x08009f7c   0x00000024   Code   RO         2515    i._printf_post_padding  mc_w.l(printf8.o)
    0x08009fa0   0x08009fa0   0x0000002e   Code   RO         2516    i._printf_pre_padding  mc_w.l(printf8.o)
    0x08009fce   0x08009fce   0x0000000a   Code   RO         2518    i._sputc            mc_w.l(printf8.o)
    0x08009fd8   0x08009fd8   0x00000054   Code   RO         1707    i.add_server_id     Net_Dbg_CM3_L.lib(net_http_server.o)
    0x0800a02c   0x0800a02c   0x0000005c   Code   RO         1387    i.arp_cache_alloc   Net_Dbg_CM3_L.lib(net_arp.o)
    0x0800a088   0x0800a088   0x00000170   Code   RO         1388    i.arp_cache_run     Net_Dbg_CM3_L.lib(net_arp.o)
    0x0800a1f8   0x0800a1f8   0x00000038   Code   RO         1389    i.arp_is_cacheable  Net_Dbg_CM3_L.lib(net_arp.o)
    0x0800a230   0x0800a230   0x00000088   Code   RO         1390    i.arp_probe_run     Net_Dbg_CM3_L.lib(net_arp.o)
    0x0800a2b8   0x0800a2b8   0x000000d8   Code   RO         1392    i.arp_proc_response  Net_Dbg_CM3_L.lib(net_arp.o)
    0x0800a390   0x0800a390   0x0000001a   Code   RO         1393    i.arp_que_free      Net_Dbg_CM3_L.lib(net_arp.o)
    0x0800a3aa   0x0800a3aa   0x00000002   PAD
    0x0800a3ac   0x0800a3ac   0x000000a0   Code   RO         1394    i.arp_send_reply    Net_Dbg_CM3_L.lib(net_arp.o)
    0x0800a44c   0x0800a44c   0x000000d0   Code   RO         1395    i.arp_send_request  Net_Dbg_CM3_L.lib(net_arp.o)
    0x0800a51c   0x0800a51c   0x00000068   Code   RO         1396    i.arp_sender_valid  Net_Dbg_CM3_L.lib(net_arp.o)
    0x0800a584   0x0800a584   0x0000018c   Code   RO         1708    i.chk_post_req      Net_Dbg_CM3_L.lib(net_http_server.o)
    0x0800a710   0x0800a710   0x00000028   Code   RO         2195    i.crc32_8bit        Net_Dbg_CM3_L.lib(net_common.o)
    0x0800a738   0x0800a738   0x0000009a   Code   RO         1331    i.eth_check_link    Net_Dbg_CM3_L.lib(net_eth.o)
    0x0800a7d2   0x0800a7d2   0x00000002   PAD
    0x0800a7d4   0x0800a7d4   0x00000020   Code   RO         1332    i.eth_if_map        Net_Dbg_CM3_L.lib(net_eth.o)
    0x0800a7f4   0x0800a7f4   0x00000304   Code   RO         1333    i.eth_iface_init    Net_Dbg_CM3_L.lib(net_eth.o)
    0x0800aaf8   0x0800aaf8   0x00000290   Code   RO         1334    i.eth_iface_run     Net_Dbg_CM3_L.lib(net_eth.o)
    0x0800ad88   0x0800ad88   0x0000007c   Code   RO         1335    i.eth_iface_uninit  Net_Dbg_CM3_L.lib(net_eth.o)
    0x0800ae04   0x0800ae04   0x00000008   Code   RO         1336    i.eth_lock          Net_Dbg_CM3_L.lib(net_eth.o)
    0x0800ae0c   0x0800ae0c   0x0000001c   Code   RO         1337    i.eth_mtu_limit     Net_Dbg_CM3_L.lib(net_eth.o)
    0x0800ae28   0x0800ae28   0x00000048   Code   RO         1338    i.eth_opt_len       Net_Dbg_CM3_L.lib(net_eth.o)
    0x0800ae70   0x0800ae70   0x00000088   Code   RO         1339    i.eth_receive       Net_Dbg_CM3_L.lib(net_eth.o)
    0x0800aef8   0x0800aef8   0x00000008   Code   RO         1340    i.eth_unlock        Net_Dbg_CM3_L.lib(net_eth.o)
    0x0800af00   0x0800af00   0x0000007c   Code   RO         1471    i.frag_map_session  Net_Dbg_CM3_L.lib(net_ip4_frag.o)
    0x0800af7c   0x0800af7c   0x00000028   Code   RO         1709    i.get_next_field    Net_Dbg_CM3_L.lib(net_http_server.o)
    0x0800afa4   0x0800afa4   0x00000032   Code   RO         1710    i.get_next_par      Net_Dbg_CM3_L.lib(net_http_server.o)
    0x0800afd6   0x0800afd6   0x00000022   Code   RO         1711    i.hex2byte          Net_Dbg_CM3_L.lib(net_http_server.o)
    0x0800aff8   0x0800aff8   0x0000036c   Code   RO         1712    i.http_add_header   Net_Dbg_CM3_L.lib(net_http_server.o)
    0x0800b364   0x0800b364   0x00000050   Code   RO         1832    i.http_auth_basic_add  Net_Dbg_CM3_L.lib(net_http_server_auth.o)
    0x0800b3b4   0x0800b3b4   0x00000090   Code   RO         1833    i.http_auth_basic_parse  Net_Dbg_CM3_L.lib(net_http_server_auth.o)
    0x0800b444   0x0800b444   0x00000002   Code   RO         1839    i.http_auth_dummy   Net_Dbg_CM3_L.lib(net_http_server_auth.o)
    0x0800b446   0x0800b446   0x00000002   PAD
    0x0800b448   0x0800b448   0x00000024   Code   RO         1840    i.http_auth_init    Net_Dbg_CM3_L.lib(net_http_server_auth.o)
    0x0800b46c   0x0800b46c   0x000001cc   Code   RO         1713    i.http_error_msg    Net_Dbg_CM3_L.lib(net_http_server.o)
    0x0800b638   0x0800b638   0x00000078   Code   RO         1714    i.http_get_ftype    Net_Dbg_CM3_L.lib(net_http_server.o)
    0x0800b6b0   0x0800b6b0   0x0000005e   Code   RO         1715    i.http_kill_session  Net_Dbg_CM3_L.lib(net_http_server.o)
    0x0800b70e   0x0800b70e   0x00000002   PAD
    0x0800b710   0x0800b710   0x000002a8   Code   RO         1716    i.http_listener     Net_Dbg_CM3_L.lib(net_http_server.o)
    0x0800b9b8   0x0800b9b8   0x00000184   Code   RO         1717    i.http_open_file    Net_Dbg_CM3_L.lib(net_http_server.o)
    0x0800bb3c   0x0800bb3c   0x0000011c   Code   RO         1718    i.http_parse_header  Net_Dbg_CM3_L.lib(net_http_server.o)
    0x0800bc58   0x0800bc58   0x000001a8   Code   RO         1719    i.http_proc_multipart  Net_Dbg_CM3_L.lib(net_http_server.o)
    0x0800be00   0x0800be00   0x00000138   Code   RO         1720    i.http_proc_post    Net_Dbg_CM3_L.lib(net_http_server.o)
    0x0800bf38   0x0800bf38   0x00000468   Code   RO         1721    i.http_server_run   Net_Dbg_CM3_L.lib(net_http_server.o)
    0x0800c3a0   0x0800c3a0   0x00000060   Code   RO         1722    i.http_server_start  Net_Dbg_CM3_L.lib(net_http_server.o)
    0x0800c400   0x0800c400   0x00000020   Code   RO         1724    i.http_strcpy       Net_Dbg_CM3_L.lib(net_http_server.o)
    0x0800c420   0x0800c420   0x000000ac   Code   RO         1725    i.http_to_utc       Net_Dbg_CM3_L.lib(net_http_server.o)
    0x0800c4cc   0x0800c4cc   0x0000001a   Code   RO         2196    i.i2str             Net_Dbg_CM3_L.lib(net_common.o)
    0x0800c4e6   0x0800c4e6   0x0000000c   Code   RO         2073    i.ip4_get_chksum    Net_Dbg_CM3_L.lib(net_ip4.o)
    0x0800c4f2   0x0800c4f2   0x00000028   Code   RO         2074    i.ip4_get_mtu       Net_Dbg_CM3_L.lib(net_ip4.o)
    0x0800c51a   0x0800c51a   0x00000002   PAD
    0x0800c51c   0x0800c51c   0x0000000c   Code   RO         2172    i.mem_lock          Net_Dbg_CM3_L.lib(net_mem.o)
    0x0800c528   0x0800c528   0x0000000c   Code   RO         2173    i.mem_unlock        Net_Dbg_CM3_L.lib(net_mem.o)
    0x0800c534   0x0800c534   0x000001a4   Code   RO         1693    i.nbns_listener     Net_Dbg_CM3_L.lib(net_nbns_client.o)
    0x0800c6d8   0x0800c6d8   0x00000120   Code   RO         2003    i.ndp_cache_add     Net_Dbg_CM3_L.lib(net_ndp.o)
    0x0800c7f8   0x0800c7f8   0x00000072   Code   RO         2004    i.ndp_cache_alloc   Net_Dbg_CM3_L.lib(net_ndp.o)
    0x0800c86a   0x0800c86a   0x00000002   PAD
    0x0800c86c   0x0800c86c   0x00000078   Code   RO         2005    i.ndp_cache_delete  Net_Dbg_CM3_L.lib(net_ndp.o)
    0x0800c8e4   0x0800c8e4   0x0000002c   Code   RO         2007    i.ndp_check_frame   Net_Dbg_CM3_L.lib(net_ndp.o)
    0x0800c910   0x0800c910   0x00000012   Code   RO         2008    i.ndp_next_opt      Net_Dbg_CM3_L.lib(net_ndp.o)
    0x0800c922   0x0800c922   0x00000002   PAD
    0x0800c924   0x0800c924   0x000000e4   Code   RO         2009    i.ndp_prefix_add    Net_Dbg_CM3_L.lib(net_ndp.o)
    0x0800ca08   0x0800ca08   0x000000fc   Code   RO         2012    i.ndp_proc_response  Net_Dbg_CM3_L.lib(net_ndp.o)
    0x0800cb04   0x0800cb04   0x0000001a   Code   RO         2013    i.ndp_que_free      Net_Dbg_CM3_L.lib(net_ndp.o)
    0x0800cb1e   0x0800cb1e   0x00000002   PAD
    0x0800cb20   0x0800cb20   0x00000038   Code   RO         2014    i.ndp_router_remove  Net_Dbg_CM3_L.lib(net_ndp.o)
    0x0800cb58   0x0800cb58   0x0000009c   Code   RO         2015    i.ndp_send_reply    Net_Dbg_CM3_L.lib(net_ndp.o)
    0x0800cbf4   0x0800cbf4   0x000000bc   Code   RO         2016    i.ndp_send_request  Net_Dbg_CM3_L.lib(net_ndp.o)
    0x0800ccb0   0x0800ccb0   0x00000004   Code   RO         1726    i.netCGI_Charset    Net_Dbg_CM3_L.lib(net_http_server.o)
    0x0800ccb4   0x0800ccb4   0x00000004   Code   RO         1727    i.netCGI_ContentType  Net_Dbg_CM3_L.lib(net_http_server.o)
    0x0800ccb8   0x0800ccb8   0x00000004   Code   RO         1728    i.netCGI_CustomHeader  Net_Dbg_CM3_L.lib(net_http_server.o)
    0x0800ccbc   0x0800ccbc   0x0000006c   Code   RO         1729    i.netCGI_GetEnvVar  Net_Dbg_CM3_L.lib(net_http_server.o)
    0x0800cd28   0x0800cd28   0x00000004   Code   RO         1732    i.netCGI_Redirect   Net_Dbg_CM3_L.lib(net_http_server.o)
    0x0800cd2c   0x0800cd2c   0x00000004   Code   RO         1734    i.netCGX_ContentType  Net_Dbg_CM3_L.lib(net_http_server.o)
    0x0800cd30   0x0800cd30   0x00000064   Code   RO         1886    i.netCore_Thread    Net_Dbg_CM3_L.lib(net_sys.o)
    0x0800cd94   0x0800cd94   0x00000002   Code   RO         1341    i.netETH_Notify     Net_Dbg_CM3_L.lib(net_eth.o)
    0x0800cd96   0x0800cd96   0x00000002   Code   RO         1342    i.netETH_ReceiveRaw  Net_Dbg_CM3_L.lib(net_eth.o)
    0x0800cd98   0x0800cd98   0x00000072   Code   RO         1344    i.netETH_Thread     Net_Dbg_CM3_L.lib(net_eth.o)
    0x0800ce0a   0x0800ce0a   0x00000004   Code   RO         1735    i.netHTTPs_AcceptClient  Net_Dbg_CM3_L.lib(net_http_server.o)
    0x0800ce0e   0x0800ce0e   0x00000004   Code   RO         1841    i.netHTTPs_CheckAccount  Net_Dbg_CM3_L.lib(net_http_server_auth.o)
    0x0800ce12   0x0800ce12   0x00000004   Code   RO         1737    i.netHTTPs_FileAccess  Net_Dbg_CM3_L.lib(net_http_server.o)
    0x0800ce16   0x0800ce16   0x00000002   PAD
    0x0800ce18   0x0800ce18   0x00000084   Code   RO         1889    i.netIF_SetOption   Net_Dbg_CM3_L.lib(net_sys.o)
    0x0800ce9c   0x0800ce9c   0x0000001a   Code   RO         1939    i.netIP_aton        Net_Dbg_CM3_L.lib(net_addr.o)
    0x0800ceb6   0x0800ceb6   0x00000002   PAD
    0x0800ceb8   0x0800ceb8   0x000000ac   Code   RO         1890    i.netInitialize     Net_Dbg_CM3_L.lib(net_sys.o)
    0x0800cf64   0x0800cf64   0x0000008c   Code   RO         1941    i.netMAC_aton       Net_Dbg_CM3_L.lib(net_addr.o)
    0x0800cff0   0x0800cff0   0x0000007c   Code   RO         1943    i.net_addr4_aton    Net_Dbg_CM3_L.lib(net_addr.o)
    0x0800d06c   0x0800d06c   0x0000001e   Code   RO         1945    i.net_addr4_to_mac  Net_Dbg_CM3_L.lib(net_addr.o)
    0x0800d08a   0x0800d08a   0x00000002   PAD
    0x0800d08c   0x0800d08c   0x000000e6   Code   RO         1946    i.net_addr6_aton    Net_Dbg_CM3_L.lib(net_addr.o)
    0x0800d172   0x0800d172   0x00000028   Code   RO         1947    i.net_addr6_comp    Net_Dbg_CM3_L.lib(net_addr.o)
    0x0800d19a   0x0800d19a   0x00000012   Code   RO         1948    i.net_addr6_copy    Net_Dbg_CM3_L.lib(net_addr.o)
    0x0800d1ac   0x0800d1ac   0x0000004c   Code   RO         1949    i.net_addr6_create  Net_Dbg_CM3_L.lib(net_addr.o)
    0x0800d1f8   0x0800d1f8   0x00000028   Code   RO         1950    i.net_addr6_get_solicited  Net_Dbg_CM3_L.lib(net_addr.o)
    0x0800d220   0x0800d220   0x00000018   Code   RO         1951    i.net_addr6_is_linklocal  Net_Dbg_CM3_L.lib(net_addr.o)
    0x0800d238   0x0800d238   0x0000006e   Code   RO         1952    i.net_addr6_is_onlink  Net_Dbg_CM3_L.lib(net_addr.o)
    0x0800d2a6   0x0800d2a6   0x00000048   Code   RO         1953    i.net_addr6_is_solicited  Net_Dbg_CM3_L.lib(net_addr.o)
    0x0800d2ee   0x0800d2ee   0x00000018   Code   RO         1954    i.net_addr6_is_unspec  Net_Dbg_CM3_L.lib(net_addr.o)
    0x0800d306   0x0800d306   0x0000000e   Code   RO         1956    i.net_addr6_to_mac  Net_Dbg_CM3_L.lib(net_addr.o)
    0x0800d314   0x0800d314   0x0000001a   Code   RO         1959    i.net_addr_find_route  Net_Dbg_CM3_L.lib(net_addr.o)
    0x0800d32e   0x0800d32e   0x00000002   PAD
    0x0800d330   0x0800d330   0x00000020   Code   RO         1961    i.net_addr_get_local  Net_Dbg_CM3_L.lib(net_addr.o)
    0x0800d350   0x0800d350   0x00000022   Code   RO         1962    i.net_addr_is_unspec  Net_Dbg_CM3_L.lib(net_addr.o)
    0x0800d372   0x0800d372   0x00000002   PAD
    0x0800d374   0x0800d374   0x0000011c   Code   RO         1404    i.net_arp_cache_add  Net_Dbg_CM3_L.lib(net_arp.o)
    0x0800d490   0x0800d490   0x000000bc   Code   RO         1405    i.net_arp_cache_early  Net_Dbg_CM3_L.lib(net_arp.o)
    0x0800d54c   0x0800d54c   0x000000ec   Code   RO         1406    i.net_arp_cache_find  Net_Dbg_CM3_L.lib(net_arp.o)
    0x0800d638   0x0800d638   0x00000048   Code   RO         1407    i.net_arp_cache_init  Net_Dbg_CM3_L.lib(net_arp.o)
    0x0800d680   0x0800d680   0x0000001c   Code   RO         1408    i.net_arp_cache_run  Net_Dbg_CM3_L.lib(net_arp.o)
    0x0800d69c   0x0800d69c   0x00000040   Code   RO         1409    i.net_arp_cache_uninit  Net_Dbg_CM3_L.lib(net_arp.o)
    0x0800d6dc   0x0800d6dc   0x00000078   Code   RO         1410    i.net_arp_enqueue   Net_Dbg_CM3_L.lib(net_arp.o)
    0x0800d754   0x0800d754   0x00000020   Code   RO         1412    i.net_arp_notify    Net_Dbg_CM3_L.lib(net_arp.o)
    0x0800d774   0x0800d774   0x00000224   Code   RO         1414    i.net_arp_process   Net_Dbg_CM3_L.lib(net_arp.o)
    0x0800d998   0x0800d998   0x00000042   Code   RO         2197    i.net_atoi          Net_Dbg_CM3_L.lib(net_common.o)
    0x0800d9da   0x0800d9da   0x00000002   PAD
    0x0800d9dc   0x0800d9dc   0x00000078   Code   RO         2263    i.net_base64_decode  Net_Dbg_CM3_L.lib(net_base64.o)
    0x0800da54   0x0800da54   0x00000030   Code   RO         2199    i.net_chksum_buf    Net_Dbg_CM3_L.lib(net_common.o)
    0x0800da84   0x0800da84   0x0000001e   Code   RO         2200    i.net_crc_buf       Net_Dbg_CM3_L.lib(net_common.o)
    0x0800daa2   0x0800daa2   0x0000000e   Code   RO         1345    i.net_eth_callback  Net_Dbg_CM3_L.lib(net_eth.o)
    0x0800dab0   0x0800dab0   0x00000068   Code   RO         1346    i.net_eth_config_mcast  Net_Dbg_CM3_L.lib(net_eth.o)
    0x0800db18   0x0800db18   0x000000ea   Code   RO         1348    i.net_eth_get_option  Net_Dbg_CM3_L.lib(net_eth.o)
    0x0800dc02   0x0800dc02   0x00000002   PAD
    0x0800dc04   0x0800dc04   0x0000001c   Code   RO         1349    i.net_eth_iface_init  Net_Dbg_CM3_L.lib(net_eth.o)
    0x0800dc20   0x0800dc20   0x0000001c   Code   RO         1350    i.net_eth_iface_run  Net_Dbg_CM3_L.lib(net_eth.o)
    0x0800dc3c   0x0800dc3c   0x0000001c   Code   RO         1351    i.net_eth_iface_uninit  Net_Dbg_CM3_L.lib(net_eth.o)
    0x0800dc58   0x0800dc58   0x000000a8   Code   RO         1352    i.net_eth_output    Net_Dbg_CM3_L.lib(net_eth.o)
    0x0800dd00   0x0800dd00   0x000001e0   Code   RO         1353    i.net_eth_send_frame  Net_Dbg_CM3_L.lib(net_eth.o)
    0x0800dee0   0x0800dee0   0x00000270   Code   RO         1354    i.net_eth_set_option  Net_Dbg_CM3_L.lib(net_eth.o)
    0x0800e150   0x0800e150   0x000000e8   Code   RO         1756    i.net_http_server_init  Net_Dbg_CM3_L.lib(net_http_server.o)
    0x0800e238   0x0800e238   0x00000028   Code   RO         1757    i.net_http_server_run  Net_Dbg_CM3_L.lib(net_http_server.o)
    0x0800e260   0x0800e260   0x00000070   Code   RO         1758    i.net_http_server_uninit  Net_Dbg_CM3_L.lib(net_http_server.o)
    0x0800e2d0   0x0800e2d0   0x00000018   Code   RO         2145    i.net_icmp6_init    Net_Dbg_CM3_L.lib(net_icmp6.o)
    0x0800e2e8   0x0800e2e8   0x00000238   Code   RO         2146    i.net_icmp6_process  Net_Dbg_CM3_L.lib(net_icmp6.o)
    0x0800e520   0x0800e520   0x00000084   Code   RO         2147    i.net_icmp6_send    Net_Dbg_CM3_L.lib(net_icmp6.o)
    0x0800e5a4   0x0800e5a4   0x00000058   Code   RO         2148    i.net_icmp6_send_echo  Net_Dbg_CM3_L.lib(net_icmp6.o)
    0x0800e5fc   0x0800e5fc   0x00000018   Code   RO         1493    i.net_icmp_init     Net_Dbg_CM3_L.lib(net_icmp.o)
    0x0800e614   0x0800e614   0x000001c8   Code   RO         1494    i.net_icmp_process  Net_Dbg_CM3_L.lib(net_icmp.o)
    0x0800e7dc   0x0800e7dc   0x000000a0   Code   RO         1495    i.net_icmp_send_echo  Net_Dbg_CM3_L.lib(net_icmp.o)
    0x0800e87c   0x0800e87c   0x0000000c   Code   RO         1894    i.net_if_map_all    Net_Dbg_CM3_L.lib(net_sys.o)
    0x0800e888   0x0800e888   0x0000018c   Code   RO         2075    i.net_ip4_chk_frame  Net_Dbg_CM3_L.lib(net_ip4.o)
    0x0800ea14   0x0800ea14   0x0000002c   Code   RO         2076    i.net_ip4_chksum    Net_Dbg_CM3_L.lib(net_ip4.o)
    0x0800ea40   0x0800ea40   0x00000006   Code   RO         2077    i.net_ip4_chksum_buf  Net_Dbg_CM3_L.lib(net_ip4.o)
    0x0800ea46   0x0800ea46   0x00000002   PAD
    0x0800ea48   0x0800ea48   0x00000080   Code   RO         2079    i.net_ip4_find_route  Net_Dbg_CM3_L.lib(net_ip4.o)
    0x0800eac8   0x0800eac8   0x00000124   Code   RO         1472    i.net_ip4_frag_add  Net_Dbg_CM3_L.lib(net_ip4_frag.o)
    0x0800ebec   0x0800ebec   0x000000ac   Code   RO         1473    i.net_ip4_frag_get  Net_Dbg_CM3_L.lib(net_ip4_frag.o)
    0x0800ec98   0x0800ec98   0x00000010   Code   RO         1474    i.net_ip4_frag_init  Net_Dbg_CM3_L.lib(net_ip4_frag.o)
    0x0800eca8   0x0800eca8   0x0000003c   Code   RO         1475    i.net_ip4_frag_run  Net_Dbg_CM3_L.lib(net_ip4_frag.o)
    0x0800ece4   0x0800ece4   0x00000010   Code   RO         1476    i.net_ip4_frag_uninit  Net_Dbg_CM3_L.lib(net_ip4_frag.o)
    0x0800ecf4   0x0800ecf4   0x0000002c   Code   RO         2080    i.net_ip4_get_local  Net_Dbg_CM3_L.lib(net_ip4.o)
    0x0800ed20   0x0800ed20   0x00000024   Code   RO         2081    i.net_ip4_init      Net_Dbg_CM3_L.lib(net_ip4.o)
    0x0800ed44   0x0800ed44   0x00000020   Code   RO         2082    i.net_ip4_is_onlink  Net_Dbg_CM3_L.lib(net_ip4.o)
    0x0800ed64   0x0800ed64   0x00000026   Code   RO         2083    i.net_ip4_is_subcast  Net_Dbg_CM3_L.lib(net_ip4.o)
    0x0800ed8a   0x0800ed8a   0x0000000e   Code   RO         2084    i.net_ip4_reass_frame  Net_Dbg_CM3_L.lib(net_ip4.o)
    0x0800ed98   0x0800ed98   0x00000164   Code   RO         2085    i.net_ip4_send_frame  Net_Dbg_CM3_L.lib(net_ip4.o)
    0x0800eefc   0x0800eefc   0x0000002a   Code   RO         2087    i.net_ip4_tx_offl_hl  Net_Dbg_CM3_L.lib(net_ip4.o)
    0x0800ef26   0x0800ef26   0x00000002   PAD
    0x0800ef28   0x0800ef28   0x00000020   Code   RO         2088    i.net_ip4_uninit    Net_Dbg_CM3_L.lib(net_ip4.o)
    0x0800ef48   0x0800ef48   0x00000100   Code   RO         2113    i.net_ip6_chk_frame  Net_Dbg_CM3_L.lib(net_ip6.o)
    0x0800f048   0x0800f048   0x00000032   Code   RO         2114    i.net_ip6_chksum    Net_Dbg_CM3_L.lib(net_ip6.o)
    0x0800f07a   0x0800f07a   0x00000002   PAD
    0x0800f07c   0x0800f07c   0x0000007c   Code   RO         2115    i.net_ip6_collect_mcast  Net_Dbg_CM3_L.lib(net_ip6.o)
    0x0800f0f8   0x0800f0f8   0x00000048   Code   RO         2117    i.net_ip6_find_route  Net_Dbg_CM3_L.lib(net_ip6.o)
    0x0800f140   0x0800f140   0x00000054   Code   RO         2118    i.net_ip6_get_local  Net_Dbg_CM3_L.lib(net_ip6.o)
    0x0800f194   0x0800f194   0x0000001c   Code   RO         2119    i.net_ip6_init      Net_Dbg_CM3_L.lib(net_ip6.o)
    0x0800f1b0   0x0800f1b0   0x000000cc   Code   RO         2120    i.net_ip6_send_frame  Net_Dbg_CM3_L.lib(net_ip6.o)
    0x0800f27c   0x0800f27c   0x0000001e   Code   RO         2122    i.net_ip6_tx_offl_hl  Net_Dbg_CM3_L.lib(net_ip6.o)
    0x0800f29a   0x0800f29a   0x00000002   PAD
    0x0800f29c   0x0800f29c   0x0000001c   Code   RO         2123    i.net_ip6_uninit    Net_Dbg_CM3_L.lib(net_ip6.o)
    0x0800f2b8   0x0800f2b8   0x00000008   Code   RO         2201    i.net_itoa          Net_Dbg_CM3_L.lib(net_common.o)
    0x0800f2c0   0x0800f2c0   0x00000006   Code   RO         2203    i.net_itoa_n0       Net_Dbg_CM3_L.lib(net_common.o)
    0x0800f2c6   0x0800f2c6   0x00000002   PAD
    0x0800f2c8   0x0800f2c8   0x00000030   Code   RO         1454    i.net_loop_iface_init  Net_Dbg_CM3_L.lib(net_loopback.o)
    0x0800f2f8   0x0800f2f8   0x000000bc   Code   RO         1455    i.net_loop_iface_run  Net_Dbg_CM3_L.lib(net_loopback.o)
    0x0800f3b4   0x0800f3b4   0x00000028   Code   RO         1456    i.net_loop_iface_uninit  Net_Dbg_CM3_L.lib(net_loopback.o)
    0x0800f3dc   0x0800f3dc   0x00000070   Code   RO         1457    i.net_loop_send_frame  Net_Dbg_CM3_L.lib(net_loopback.o)
    0x0800f44c   0x0800f44c   0x000000c0   Code   RO         2174    i.net_mem_alloc     Net_Dbg_CM3_L.lib(net_mem.o)
    0x0800f50c   0x0800f50c   0x0000001c   Code   RO         2175    i.net_mem_avail     Net_Dbg_CM3_L.lib(net_mem.o)
    0x0800f528   0x0800f528   0x000000a4   Code   RO         2176    i.net_mem_free      Net_Dbg_CM3_L.lib(net_mem.o)
    0x0800f5cc   0x0800f5cc   0x00000070   Code   RO         2177    i.net_mem_init      Net_Dbg_CM3_L.lib(net_mem.o)
    0x0800f63c   0x0800f63c   0x00000048   Code   RO         2178    i.net_mem_shrink    Net_Dbg_CM3_L.lib(net_mem.o)
    0x0800f684   0x0800f684   0x00000064   Code   RO         1694    i.net_nbns_client_init  Net_Dbg_CM3_L.lib(net_nbns_client.o)
    0x0800f6e8   0x0800f6e8   0x00000038   Code   RO         1695    i.net_nbns_client_uninit  Net_Dbg_CM3_L.lib(net_nbns_client.o)
    0x0800f720   0x0800f720   0x000001c4   Code   RO         2024    i.net_ndp_cache_find  Net_Dbg_CM3_L.lib(net_ndp.o)
    0x0800f8e4   0x0800f8e4   0x00000078   Code   RO         2027    i.net_ndp_cache_refresh  Net_Dbg_CM3_L.lib(net_ndp.o)
    0x0800f95c   0x0800f95c   0x00000070   Code   RO         2030    i.net_ndp_enqueue   Net_Dbg_CM3_L.lib(net_ndp.o)
    0x0800f9cc   0x0800f9cc   0x00000374   Code   RO         2032    i.net_ndp_process   Net_Dbg_CM3_L.lib(net_ndp.o)
    0x0800fd40   0x0800fd40   0x00000038   Code   RO         1896    i.net_path          Net_Dbg_CM3_L.lib(net_sys.o)
    0x0800fd78   0x0800fd78   0x00000020   Code   RO         1867    i.net_ping_client_init  Net_Dbg_CM3_L.lib(net_ping_core.o)
    0x0800fd98   0x0800fd98   0x00000080   Code   RO         1868    i.net_ping_client_run  Net_Dbg_CM3_L.lib(net_ping_core.o)
    0x0800fe18   0x0800fe18   0x00000020   Code   RO         1870    i.net_ping_client_uninit  Net_Dbg_CM3_L.lib(net_ping_core.o)
    0x0800fe38   0x0800fe38   0x0000001c   Code   RO         1897    i.net_rand32        Net_Dbg_CM3_L.lib(net_sys.o)
    0x0800fe54   0x0800fe54   0x0000002e   Code   RO         2204    i.net_strcasecmp    Net_Dbg_CM3_L.lib(net_common.o)
    0x0800fe82   0x0800fe82   0x00000016   Code   RO         2205    i.net_strchr        Net_Dbg_CM3_L.lib(net_common.o)
    0x0800fe98   0x0800fe98   0x0000001a   Code   RO         2206    i.net_strcmp        Net_Dbg_CM3_L.lib(net_common.o)
    0x0800feb2   0x0800feb2   0x00000012   Code   RO         2207    i.net_strcpy        Net_Dbg_CM3_L.lib(net_common.o)
    0x0800fec4   0x0800fec4   0x0000001c   Code   RO         2209    i.net_strnchr       Net_Dbg_CM3_L.lib(net_common.o)
    0x0800fee0   0x0800fee0   0x0000001a   Code   RO         2210    i.net_strncpy       Net_Dbg_CM3_L.lib(net_common.o)
    0x0800fefa   0x0800fefa   0x00000020   Code   RO         2211    i.net_strtoupper    Net_Dbg_CM3_L.lib(net_common.o)
    0x0800ff1a   0x0800ff1a   0x00000002   PAD
    0x0800ff1c   0x0800ff1c   0x0000000c   Code   RO         1898    i.net_sys_lock      Net_Dbg_CM3_L.lib(net_sys.o)
    0x0800ff28   0x0800ff28   0x00000016   Code   RO         1899    i.net_sys_resume    Net_Dbg_CM3_L.lib(net_sys.o)
    0x0800ff3e   0x0800ff3e   0x00000002   PAD
    0x0800ff40   0x0800ff40   0x00000014   Code   RO         1901    i.net_sys_tick      Net_Dbg_CM3_L.lib(net_sys.o)
    0x0800ff54   0x0800ff54   0x0000000c   Code   RO         1902    i.net_sys_unlock    Net_Dbg_CM3_L.lib(net_sys.o)
    0x0800ff60   0x0800ff60   0x00000020   Code   RO         1904    i.net_sys_wakeup    Net_Dbg_CM3_L.lib(net_sys.o)
    0x0800ff80   0x0800ff80   0x00000084   Code   RO         1586    i.net_tcp_abort     Net_Dbg_CM3_L.lib(net_tcp.o)
    0x08010004   0x08010004   0x000000e4   Code   RO         1589    i.net_tcp_close     Net_Dbg_CM3_L.lib(net_tcp.o)
    0x080100e8   0x080100e8   0x0000002e   Code   RO         1592    i.net_tcp_get_buf   Net_Dbg_CM3_L.lib(net_tcp.o)
    0x08010116   0x08010116   0x00000002   PAD
    0x08010118   0x08010118   0x00000028   Code   RO         1595    i.net_tcp_get_mss   Net_Dbg_CM3_L.lib(net_tcp.o)
    0x08010140   0x08010140   0x00000070   Code   RO         1599    i.net_tcp_get_socket  Net_Dbg_CM3_L.lib(net_tcp.o)
    0x080101b0   0x080101b0   0x0000002c   Code   RO         1600    i.net_tcp_get_state  Net_Dbg_CM3_L.lib(net_tcp.o)
    0x080101dc   0x080101dc   0x000000b0   Code   RO         1602    i.net_tcp_listen    Net_Dbg_CM3_L.lib(net_tcp.o)
    0x0801028c   0x0801028c   0x000007a8   Code   RO         1604    i.net_tcp_process   Net_Dbg_CM3_L.lib(net_tcp.o)
    0x08010a34   0x08010a34   0x0000015c   Code   RO         1608    i.net_tcp_send      Net_Dbg_CM3_L.lib(net_tcp.o)
    0x08010b90   0x08010b90   0x0000012c   Code   RO         1610    i.net_tcp_set_option  Net_Dbg_CM3_L.lib(net_tcp.o)
    0x08010cbc   0x08010cbc   0x00000028   Code   RO         1611    i.net_tcp_socket_init  Net_Dbg_CM3_L.lib(net_tcp.o)
    0x08010ce4   0x08010ce4   0x000003c0   Code   RO         1612    i.net_tcp_socket_run  Net_Dbg_CM3_L.lib(net_tcp.o)
    0x080110a4   0x080110a4   0x00000028   Code   RO         1613    i.net_tcp_socket_uninit  Net_Dbg_CM3_L.lib(net_tcp.o)
    0x080110cc   0x080110cc   0x0000002e   Code   RO         1523    i.net_udp_get_buf   Net_Dbg_CM3_L.lib(net_udp.o)
    0x080110fa   0x080110fa   0x00000002   PAD
    0x080110fc   0x080110fc   0x00000070   Code   RO         1526    i.net_udp_get_socket  Net_Dbg_CM3_L.lib(net_udp.o)
    0x0801116c   0x0801116c   0x000000ac   Code   RO         1528    i.net_udp_open      Net_Dbg_CM3_L.lib(net_udp.o)
    0x08011218   0x08011218   0x00000158   Code   RO         1529    i.net_udp_process   Net_Dbg_CM3_L.lib(net_udp.o)
    0x08011370   0x08011370   0x0000022c   Code   RO         1532    i.net_udp_send_if   Net_Dbg_CM3_L.lib(net_udp.o)
    0x0801159c   0x0801159c   0x00000024   Code   RO         1534    i.net_udp_socket_init  Net_Dbg_CM3_L.lib(net_udp.o)
    0x080115c0   0x080115c0   0x00000024   Code   RO         1535    i.net_udp_socket_uninit  Net_Dbg_CM3_L.lib(net_udp.o)
    0x080115e4   0x080115e4   0x00000008   Code   RO         2212    i.net_ultoa         Net_Dbg_CM3_L.lib(net_common.o)
    0x080115ec   0x080115ec   0x0000004c   Code   RO         2216    i.net_xtoul         Net_Dbg_CM3_L.lib(net_common.o)
    0x08011638   0x08011638   0x0000001c   Code   RO         1871    i.ping_send_req     Net_Dbg_CM3_L.lib(net_ping_core.o)
    0x08011654   0x08011654   0x00000058   Code   RO         1760    i.proc_req_line     Net_Dbg_CM3_L.lib(net_http_server.o)
    0x080116ac   0x080116ac   0x0000001a   Code   RO         1477    i.que_free_list     Net_Dbg_CM3_L.lib(net_ip4_frag.o)
    0x080116c6   0x080116c6   0x000000a0   Code   RO         1761    i.read_script_line  Net_Dbg_CM3_L.lib(net_http_server.o)
    0x08011766   0x08011766   0x00000048   Code   RO         1762    i.search_delim      Net_Dbg_CM3_L.lib(net_http_server.o)
    0x080117ae   0x080117ae   0x00000018   Code   RO         1905    i.sys_map_if        Net_Dbg_CM3_L.lib(net_sys.o)
    0x080117c6   0x080117c6   0x00000002   PAD
    0x080117c8   0x080117c8   0x0000004c   Code   RO         1906    i.sys_proc_tick     Net_Dbg_CM3_L.lib(net_sys.o)
    0x08011814   0x08011814   0x00000110   Code   RO         1614    i.tcp_map_socket    Net_Dbg_CM3_L.lib(net_tcp.o)
    0x08011924   0x08011924   0x00000084   Code   RO         1615    i.tcp_parse_opt     Net_Dbg_CM3_L.lib(net_tcp.o)
    0x080119a8   0x080119a8   0x0000011c   Code   RO         1616    i.tcp_proc_acknr    Net_Dbg_CM3_L.lib(net_tcp.o)
    0x08011ac4   0x08011ac4   0x000000ac   Code   RO         1617    i.tcp_proc_dupack   Net_Dbg_CM3_L.lib(net_tcp.o)
    0x08011b70   0x08011b70   0x0000001a   Code   RO         1618    i.tcp_que_free      Net_Dbg_CM3_L.lib(net_tcp.o)
    0x08011b8a   0x08011b8a   0x0000001a   Code   RO         1619    i.tcp_que_init      Net_Dbg_CM3_L.lib(net_tcp.o)
    0x08011ba4   0x08011ba4   0x000000ac   Code   RO         1620    i.tcp_que_resend    Net_Dbg_CM3_L.lib(net_tcp.o)
    0x08011c50   0x08011c50   0x00000090   Code   RO         1621    i.tcp_send_ctrl     Net_Dbg_CM3_L.lib(net_tcp.o)
    0x08011ce0   0x08011ce0   0x0000007c   Code   RO         1622    i.tcp_send_data     Net_Dbg_CM3_L.lib(net_tcp.o)
    0x08011d5c   0x08011d5c   0x00000090   Code   RO         1623    i.tcp_send_reset    Net_Dbg_CM3_L.lib(net_tcp.o)
    0x08011dec   0x08011dec   0x00000044   Code   RO         1624    i.tcp_set_cwnd      Net_Dbg_CM3_L.lib(net_tcp.o)
    0x08011e30   0x08011e30   0x00000074   Code   RO         1625    i.tcp_transit       Net_Dbg_CM3_L.lib(net_tcp.o)
    0x08011ea4   0x08011ea4   0x0000010c   Code   RO         1626    i.tcp_write         Net_Dbg_CM3_L.lib(net_tcp.o)
    0x08011fb0   0x08011fb0   0x0000002c   Code   RO         1536    i.udp_port_in_use   Net_Dbg_CM3_L.lib(net_udp.o)
    0x08011fdc   0x08011fdc   0x00000044   Code   RO         2217    i.ul2str            Net_Dbg_CM3_L.lib(net_common.o)
    0x08012020   0x08012020   0x00000124   Code   RO         1763    i.utc_to_http       Net_Dbg_CM3_L.lib(net_http_server.o)
    0x08012144   0x08012144   0x00000024   Data   RO          143    .constdata          http_server.o
    0x08012168   0x08012168   0x0000ce98   Data   RO          215    .constdata          web.o
    0x0801f000   0x0801f000   0x00000008   Data   RO          233    .constdata          buttons_nucleo_f429zi.o
    0x0801f008   0x0801f008   0x00000001   Data   RO          255    .constdata          irq_armv7m.o
    0x0801f009   0x0801f009   0x00000003   PAD
    0x0801f00c   0x0801f00c   0x00000068   Data   RO          445    .constdata          rtx_lib.o
    0x0801f074   0x0801f074   0x00000024   Data   RO          786    .constdata          phy_lan8742a.o
    0x0801f098   0x0801f098   0x00000094   Data   RO          816    .constdata          emac_stm32f4xx.o
    0x0801f12c   0x0801f12c   0x00000018   Data   RO          858    .constdata          eventrecorder.o
    0x0801f144   0x0801f144   0x00000018   Data   RO         1225    .constdata          system_stm32f4xx_1.o
    0x0801f15c   0x0801f15c   0x00000268   Data   RO         1258    .constdata          net_config.o
    0x0801f3c4   0x0801f3c4   0x0000002c   Data   RO         1458    .constdata          Net_Dbg_CM3_L.lib(net_loopback.o)
    0x0801f3f0   0x0801f3f0   0x0000000c   Data   RO         1459    .constdata          Net_Dbg_CM3_L.lib(net_loopback.o)
    0x0801f3fc   0x0801f3fc   0x00000008   Data   RO         1696    .constdata          Net_Dbg_CM3_L.lib(net_nbns_client.o)
    0x0801f404   0x0801f404   0x000000fa   Data   RO         1765    .constdata          Net_Dbg_CM3_L.lib(net_http_server.o)
    0x0801f4fe   0x0801f4fe   0x00000002   PAD
    0x0801f500   0x0801f500   0x00000018   Data   RO         1844    .constdata          Net_Dbg_CM3_L.lib(net_http_server_auth.o)
    0x0801f518   0x0801f518   0x00000012   Data   RO         1873    .constdata          Net_Dbg_CM3_L.lib(net_ping_core.o)
    0x0801f52a   0x0801f52a   0x00000010   Data   RO         1966    .constdata          Net_Dbg_CM3_L.lib(net_addr.o)
    0x0801f53a   0x0801f53a   0x00000006   Data   RO         1967    .constdata          Net_Dbg_CM3_L.lib(net_addr.o)
    0x0801f540   0x0801f540   0x00000004   Data   RO         2089    .constdata          Net_Dbg_CM3_L.lib(net_ip4.o)
    0x0801f544   0x0801f544   0x00000020   Data   RO         2124    .constdata          Net_Dbg_CM3_L.lib(net_ip6.o)
    0x0801f564   0x0801f564   0x00000018   Data   RO         2164    .constdata          Net_Dbg_CM3_L.lib(net_http_server_err.o)
    0x0801f57c   0x0801f57c   0x00000090   Data   RO         2265    .constdata          Net_Dbg_CM3_L.lib(net_base64.o)
    0x0801f60c   0x0801f60c   0x00000004   Data   RO         2274    .constdata          Net_Dbg_CM3_L.lib(net_version.o)
    0x0801f610   0x0801f610   0x00000040   Data   RO         2620    .constdata          mc_w.l(ctype_c.o)
    0x0801f650   0x0801f650   0x000000e5   Data   RO         1259    .conststring        net_config.o
    0x0801f735   0x0801f735   0x00000003   PAD
    0x0801f738   0x0801f738   0x00000203   Data   RO         2165    .conststring        Net_Dbg_CM3_L.lib(net_http_server_err.o)
    0x0801f93b   0x0801f93b   0x00000001   PAD
    0x0801f93c   0x0801f93c   0x0000000b   Data   RO          391    .conststrlit        rtx_kernel.o
    0x0801f947   0x0801f947   0x00000001   PAD
    0x0801f948   0x0801f948   0x000000a8   Data   RO          446    .rodata             rtx_lib.o
    0x0801f9f0   0x0801f9f0   0x00000030   Data   RO         2622    Region$$Table       anon$$obj.o


    Execution Region RW_IRAM2 (Exec base: 0x10000000, Load base: 0x0801fb60, Size: 0x000004a4, Max: 0x00010000, ABSOLUTE)

    Exec Addr    Load Addr    Size         Type   Attr      Idx    E Section Name        Object

    0x10000000        -       0x000004a4   Zero   RW          857    .bss.noinit         eventrecorder.o


    Execution Region RW_IRAM1 (Exec base: 0x20000000, Load base: 0x0801fa20, Size: 0x0000f2b8, Max: 0x00030000, ABSOLUTE, COMPRESSED[0x00000140])

    Exec Addr    Load Addr    Size         Type   Attr      Idx    E Section Name        Object

    0x20000000   COMPRESSED   0x00008040   Data   RW          439    .bss.os             rtx_lib.o
    0x20008040   COMPRESSED   0x00000001   Data   RW          738    .bss.os             os_systick.o
    0x20008041   COMPRESSED   0x00000003   PAD
    0x20008044   COMPRESSED   0x00000034   Data   RW          440    .bss.os.msgqueue.cb  rtx_lib.o
    0x20008078   COMPRESSED   0x00000050   Data   RW          441    .bss.os.msgqueue.mem  rtx_lib.o
    0x200080c8   COMPRESSED   0x00000038   Data   RW         1254    .bss.os.mutex.cb    net_config.o
    0x20008100   COMPRESSED   0x00000010   Data   RW         1255    .bss.os.semaphore.cb  net_config.o
    0x20008110   COMPRESSED   0x00000088   Data   RW          442    .bss.os.thread.cb   rtx_lib.o
    0x20008198   COMPRESSED   0x00000088   Data   RW         1256    .bss.os.thread.cb   net_config.o
    0x20008220   COMPRESSED   0x00000200   Data   RW          443    .bss.os.thread.idle.stack  rtx_lib.o
    0x20008420   COMPRESSED   0x00000200   Data   RW          444    .bss.os.thread.timer.stack  rtx_lib.o
    0x20008620   COMPRESSED   0x00000020   Data   RW         1257    .bss.os.timer.cb    net_config.o
    0x20008640   COMPRESSED   0x00000004   Data   RW            5    .data               main.o
    0x20008644   COMPRESSED   0x00000054   Data   RW          191    .data               http_server_cgi.o
    0x20008698   COMPRESSED   0x00000001   Data   RW          859    .data               eventrecorder.o
    0x20008699   COMPRESSED   0x00000003   PAD
    0x2000869c   COMPRESSED   0x00000009   Data   RW          895    .data               stm32f4xx_hal.o
    0x200086a5   COMPRESSED   0x00000003   PAD
    0x200086a8   COMPRESSED   0x00000004   Data   RW         1226    .data               system_stm32f4xx_1.o
    0x200086ac   COMPRESSED   0x0000000e   Data   RW         1260    .data               net_config.o
    0x200086ba   COMPRESSED   0x00000002   PAD
    0x200086bc   COMPRESSED   0x00000004   Data   RW         1460    .data               Net_Dbg_CM3_L.lib(net_loopback.o)
    0x200086c0   COMPRESSED   0x00000004   Data   RW         1478    .data               Net_Dbg_CM3_L.lib(net_ip4_frag.o)
    0x200086c4   COMPRESSED   0x00000001   Data   RW         1496    .data               Net_Dbg_CM3_L.lib(net_icmp.o)
    0x200086c5   COMPRESSED   0x00000001   PAD
    0x200086c6   COMPRESSED   0x00000002   Data   RW         1538    .data               Net_Dbg_CM3_L.lib(net_udp.o)
    0x200086c8   COMPRESSED   0x00000004   Data   RW         1629    .data               Net_Dbg_CM3_L.lib(net_tcp.o)
    0x200086cc   COMPRESSED   0x00000001   Data   RW         1697    .data               Net_Dbg_CM3_L.lib(net_nbns_client.o)
    0x200086cd   COMPRESSED   0x00000003   PAD
    0x200086d0   COMPRESSED   0x0000000c   Data   RW         1766    .data               Net_Dbg_CM3_L.lib(net_http_server.o)
    0x200086dc   COMPRESSED   0x00000008   Data   RW         2090    .data               Net_Dbg_CM3_L.lib(net_ip4.o)
    0x200086e4   COMPRESSED   0x00000004   Data   RW         2126    .data               Net_Dbg_CM3_L.lib(net_ip6.o)
    0x200086e8   COMPRESSED   0x000000a4   Data   RW          392    .data.os            rtx_kernel.o
    0x2000878c   COMPRESSED   0x00000004   PAD
    0x20008790        -       0x00000400   Zero   RW          142    .bss                http_server.o
    0x20008b90        -       0x00000038   Zero   RW          190    .bss                http_server_cgi.o
    0x20008bc8        -       0x0000000c   Zero   RW          785    .bss                phy_lan8742a.o
    0x20008bd4        -       0x000024cc   Zero   RW          815    .bss                emac_stm32f4xx.o
    0x2000b0a0        -       0x00003bb0   Zero   RW         1253    .bss                net_config.o
    0x2000ec50        -       0x000000a0   Zero   RW         1355    .bss                Net_Dbg_CM3_L.lib(net_eth.o)
    0x2000ecf0        -       0x00000018   Zero   RW         1415    .bss                Net_Dbg_CM3_L.lib(net_arp.o)
    0x2000ed08        -       0x0000001c   Zero   RW         1537    .bss                Net_Dbg_CM3_L.lib(net_udp.o)
    0x2000ed24        -       0x00000098   Zero   RW         1764    .bss                Net_Dbg_CM3_L.lib(net_http_server.o)
    0x2000edbc        -       0x0000002c   Zero   RW         1872    .bss                Net_Dbg_CM3_L.lib(net_ping_core.o)
    0x2000ede8        -       0x00000038   Zero   RW         1907    .bss                Net_Dbg_CM3_L.lib(net_sys.o)
    0x2000ee20        -       0x00000024   Zero   RW         1908    .bss                Net_Dbg_CM3_L.lib(net_sys.o)
    0x2000ee44        -       0x0000005c   Zero   RW         1965    .bss                Net_Dbg_CM3_L.lib(net_addr.o)
    0x2000eea0        -       0x00000014   Zero   RW         2180    .bss                Net_Dbg_CM3_L.lib(net_mem.o)
    0x2000eeb4   COMPRESSED   0x00000004   PAD
    0x2000eeb8        -       0x00000400   Zero   RW         1214    STACK               startup_stm32f429xx.o


==============================================================================

Image component sizes


      Code (inc. data)   RO Data    RW Data    ZI Data      Debug   Object Name

       188         10          8          0          0       2536   buttons_nucleo_f429zi.o
      3356        204        148          0       9420      47074   emac_stm32f4xx.o
      1692         44         24          1       1188      17308   eventrecorder.o
        14          0         36          0       1024      10215   http_server.o
      1708        342          0         84         56       7420   http_server_cgi.o
       148          8          1          0          0        660   irq_armv7m.o
       312         28          0          4          0     708043   main.o
       376         24        845        254      15280      32890   net_config.o
       336          0          0          0          0        902   net_debug.o
       220         14          0          1          0       1992   os_systick.o
       548          8         36          0         12       7678   phy_lan8742a.o
        36          6          0          0          0        691   rtx_config.o
       284         12          0          0          0      17902   rtx_delay.o
      3544        106          0          0          0      52789   rtx_evr.o
      2224        100         11        164          0      27460   rtx_kernel.o
        24          0        272      34124          0       9939   rtx_lib.o
       478          0          0          0          0       2991   rtx_memory.o
      2284         46          0          0          0      15184   rtx_mempool.o
      3280         60          0          0          0      23580   rtx_msgqueue.o
      1604         30          0          0          0       9882   rtx_mutex.o
      1658         34          0          0          0      12004   rtx_semaphore.o
       772         20          0          0          0       8337   rtx_system.o
      5824        152          0          0          0      32237   rtx_thread.o
      1336         36          0          0          0      10141   rtx_timer.o
        36          8        428          0       1024        856   startup_stm32f429xx.o
       528         46          0          9          0      11459   stm32f4xx_hal.o
       900         20          0          0          0      36242   stm32f4xx_hal_cortex.o
       996         54          0          0          0       3531   stm32f4xx_hal_gpio.o
      2376         70          0          0          0       5539   stm32f4xx_hal_rcc.o
       208         24         24          4          0       1641   system_stm32f4xx_1.o
       136          8      52888          0          0       1716   web.o

    ----------------------------------------------------------------------
     37432       1514      54776      34656      28008    1120839   Object Totals
         0          0         48          0          0          0   (incl. Generated)
         6          0          7         11          4          0   (incl. Padding)

    ----------------------------------------------------------------------

      Code (inc. data)   RO Data    RW Data    ZI Data      Debug   Library Member Name

      1060         18         22          0         92       1220   net_addr.o
      2938        152          0          0         24       1628   net_arp.o
       120          6        144          0          0         84   net_base64.o
       574          6          0          0          0       1260   net_common.o
      3816        150          0          0        160       1756   net_eth.o
      6802       1252        250         12        152       2656   net_http_server.o
       266         66         24          0          0        368   net_http_server_auth.o
         0          0        539          0          0          0   net_http_server_err.o
       640         48          0          1          0        236   net_icmp.o
       812         60          0          0          0        332   net_icmp6.o
      1220         92          4          8          0       1032   net_ip4.o
       706         34          0          4          0        544   net_ip4_frag.o
       876         80         32          4          0        720   net_ip6.o
       388         36         56          4          0        336   net_loopback.o
       592         64          0          0         20        564   net_mem.o
       576         58          8          1          0        268   net_nbns_client.o
      3058        106          0          0          0       1404   net_ndp.o
       220         40         18          0         44        300   net_ping_core.o
       698         76          0          0         92        928   net_sys.o
      6374        280          0          4          0       2312   net_tcp.o
      1346         78          0          2         28        700   net_udp.o
         0          0          4          0          0          0   net_version.o
        56          8          0          0          0         84   __0sscanf.o
        86          0          0          0          0          0   __dczerorl2.o
        28          0          0          0          0         68   _chval.o
       816          6          0          0          0        112   _scanf.o
       332          0          0          0          0         96   _scanf_int.o
        64          0          0          0          0         84   _sgetc.o
        40          6         64          0          0         68   ctype_c.o
         0          0          0          0          0          0   entry.o
         0          0          0          0          0          0   entry10a.o
         0          0          0          0          0          0   entry11a.o
         4          0          0          0          0          0   entry12b.o
         8          4          0          0          0          0   entry2.o
         4          0          0          0          0          0   entry5.o
         0          0          0          0          0          0   entry7b.o
         0          0          0          0          0          0   entry8b.o
         8          4          0          0          0          0   entry9a.o
        30          0          0          0          0          0   handlers.o
        36          8          0          0          0         68   init.o
        10          0          0          0          0         68   isspace_c.o
        30          0          0          0          0         68   llshl.o
        32          0          0          0          0         68   llushr.o
        26          0          0          0          0         80   memcmp.o
        36          0          0          0          0         68   memcpya.o
        36          0          0          0          0        108   memseta.o
      1160         50          0          0          0        420   printf8.o
        40          8          0          0          0         84   scanf_char.o
        28          0          0          0          0         76   strcmp.o
        14          0          0          0          0         68   strlen.o
        30          0          0          0          0         80   strncmp.o
        98          0          0          0          0         92   uldiv.o

    ----------------------------------------------------------------------
     36192       2796       1168         44        616      20508   Library Totals
        58          0          3          4          4          0   (incl. Padding)

    ----------------------------------------------------------------------

      Code (inc. data)   RO Data    RW Data    ZI Data      Debug   Library Name

     33082       2702       1101         40        612      18648   Net_Dbg_CM3_L.lib
      3052         94         64          0          0       1860   mc_w.l

    ----------------------------------------------------------------------
     36192       2796       1168         44        616      20508   Library Totals

    ----------------------------------------------------------------------

==============================================================================


      Code (inc. data)   RO Data    RW Data    ZI Data      Debug   

     73624       4310      55944      34700      28624    1124187   Grand Totals
     73624       4310      55944        320      28624    1124187   ELF Image Totals (compressed)
     73624       4310      55944        320          0          0   ROM Totals

==============================================================================

    Total RO  Size (Code + RO Data)               129568 ( 126.53kB)
    Total RW  Size (RW Data + ZI Data)             63324 (  61.84kB)
    Total ROM Size (Code + RO Data + RW Data)     129888 ( 126.84kB)

==============================================================================

