Component: ARM Compiler 5.06 update 7 (build 960) Tool: armlink [4d3601]

==============================================================================

Section Cross References

    http_server.o(.text) refers to net_sys.o(i.netInitialize) for netInitialize
    http_server.o(.text) refers to rtx_thread.o(.text) for osThreadExit
    http_server.o(.constdata) refers to http_server.o(.bss) for app_main_stk
    http_server_cgi.o(.text) refers to _scanf_int.o(.text) for _scanf_int
    http_server_cgi.o(.text) refers to net_http_server.o(i.netCGI_GetEnvVar) for netCGI_GetEnvVar
    http_server_cgi.o(.text) refers to net_addr.o(i.netIP_aton) for netIP_aton
    http_server_cgi.o(.text) refers to net_sys.o(i.netIF_SetOption) for netIF_SetOption
    http_server_cgi.o(.text) refers to strncmp.o(.text) for strncmp
    http_server_cgi.o(.text) refers to __0sscanf.o(.text) for __0sscanf
    http_server_cgi.o(.text) refers to printf8.o(i.__0sprintf$8) for __2sprintf
    http_server_cgi.o(.text) refers to http_server_cgi.o(.bss) for ip_addr
    http_server_cgi.o(.text) refers to http_server_cgi.o(.data) for opciones
    web.o(.text) refers to web.o(.constdata) for imageFileTable
    main.o(.text) refers to rtx_kernel.o(.text) for osKernelGetState
    main.o(.text) refers to stm32f7xx_hal_rcc.o(.text) for HAL_RCC_OscConfig
    main.o(.text) refers to stm32f7xx_hal_pwr_ex.o(.text) for HAL_PWREx_EnableOverDrive
    main.o(.text) refers to stm32f7xx_hal_cortex.o(.text) for HAL_MPU_Disable
    main.o(.text) refers to stm32f7xx_hal.o(.text) for HAL_Init
    main.o(.text) refers to system_stm32f7xx.o(.text) for SystemCoreClockUpdate
    main.o(.text) refers to rtx_thread.o(.text) for osThreadNew
    main.o(.text) refers to system_stm32f7xx.o(.data) for SystemCoreClock
    main.o(.text) refers to main.o(.data) for ticks
    main.o(.text) refers to http_server.o(.constdata) for app_main_attr
    main.o(.text) refers to http_server.o(.text) for app_main
    irq_armv7m.o(.text) refers to rtx_system.o(.text) for osRtxPendSV_Handler
    irq_armv7m.o(.text) refers to rtx_kernel.o(.data.os) for osRtxInfo
    irq_armv7m.o(.text) refers to rtx_lib.o(.constdata) for osRtxUserSVC
    rtx_delay.o(.text) refers to rtx_evr.o(.text) for EvrRtxDelayError
    rtx_delay.o(.text) refers to rtx_thread.o(.text) for osRtxThreadWaitEnter
    rtx_delay.o(.text) refers to rtx_kernel.o(.data.os) for osRtxInfo
    rtx_evflags.o(.text) refers to rtx_evflags.o(.emb_text) for __asm___13_rtx_evflags_c_e167c757__atomic_set32
    rtx_evflags.o(.text) refers to rtx_thread.o(.text) for osRtxThreadListRemove
    rtx_evflags.o(.text) refers to rtx_evr.o(.text) for EvrRtxEventFlagsWaitCompleted
    rtx_evflags.o(.text) refers to rtx_mempool.o(.text) for osRtxMemoryPoolAlloc
    rtx_evflags.o(.text) refers to rtx_memory.o(.text) for osRtxMemoryAlloc
    rtx_evflags.o(.text) refers to rtx_system.o(.text) for osRtxPostProcess
    rtx_evflags.o(.text) refers to rtx_kernel.o(.data.os) for osRtxInfo
    rtx_evr.o(.text) refers to eventrecorder.o(.text) for EventRecord4
    rtx_kernel.o(.text) refers to os_systick.o(.text) for OS_Tick_Disable
    rtx_kernel.o(.text) refers to rtx_evr.o(.text) for EvrRtxKernelInitialized
    rtx_kernel.o(.text) refers to rtx_memory.o(.text) for osRtxMemoryInit
    rtx_kernel.o(.text) refers to rtx_mempool.o(.text) for osRtxMemoryPoolInit
    rtx_kernel.o(.text) refers to memcpya.o(.text) for __aeabi_memcpy
    rtx_kernel.o(.text) refers to rtx_thread.o(.text) for osRtxThreadStartup
    rtx_kernel.o(.text) refers to rtx_kernel.o(.data.os) for osRtxInfo
    rtx_kernel.o(.text) refers to rtx_lib.o(.rodata) for osRtxConfig
    rtx_kernel.o(.text) refers to irq_armv7m.o(.text) for SysTick_Handler
    rtx_kernel.o(.text) refers to rtx_config.o(.text) for osRtxErrorNotify
    rtx_kernel.o(.text) refers to rtx_lib.o(.text) for osRtxKernelPreInit
    rtx_kernel.o(.data.os) refers to rtx_kernel.o(.conststrlit) for .conststrlit
    rtx_lib.o(.text) refers to rtx_kernel.o(.text) for osKernelGetState
    rtx_lib.o(.text) refers to eventrecorder.o(.text) for EventRecorderInitialize
    rtx_lib.o(.constdata) refers to rtx_lib.o(.bss.os.thread.cb) for os_idle_thread_cb
    rtx_lib.o(.constdata) refers to rtx_lib.o(.bss.os.thread.idle.stack) for os_idle_thread_stack
    rtx_lib.o(.constdata) refers to rtx_lib.o(.bss.os.thread.timer.stack) for os_timer_thread_stack
    rtx_lib.o(.constdata) refers to rtx_lib.o(.bss.os.msgqueue.cb) for os_timer_mq_cb
    rtx_lib.o(.constdata) refers to rtx_lib.o(.bss.os.msgqueue.mem) for os_timer_mq_data
    rtx_lib.o(.constdata) refers to irq_armv7m.o(.constdata) for irqRtxLib
    rtx_lib.o(.rodata) refers to rtx_lib.o(.bss.os) for os_isr_queue
    rtx_lib.o(.rodata) refers to rtx_lib.o(.constdata) for os_idle_thread_attr
    rtx_lib.o(.rodata) refers to rtx_timer.o(.text) for osRtxTimerThread
    rtx_memory.o(.text) refers to rtx_evr.o(.text) for EvrRtxMemoryInit
[...]
    DMA2D_IRQHandler                         0x08009873   Thumb Code     0  startup_stm32f769xx.o(.text)
    DMA2_Stream0_IRQHandler                  0x08009873   Thumb Code     0  startup_stm32f769xx.o(.text)
    DMA2_Stream1_IRQHandler                  0x08009873   Thumb Code     0  startup_stm32f769xx.o(.text)
    DMA2_Stream2_IRQHandler                  0x08009873   Thumb Code     0  startup_stm32f769xx.o(.text)
    DMA2_Stream3_IRQHandler                  0x08009873   Thumb Code     0  startup_stm32f769xx.o(.text)
    DMA2_Stream4_IRQHandler                  0x08009873   Thumb Code     0  startup_stm32f769xx.o(.text)
    DMA2_Stream5_IRQHandler                  0x08009873   Thumb Code     0  startup_stm32f769xx.o(.text)
    DMA2_Stream6_IRQHandler                  0x08009873   Thumb Code     0  startup_stm32f769xx.o(.text)
    DMA2_Stream7_IRQHandler                  0x08009873   Thumb Code     0  startup_stm32f769xx.o(.text)
    DSI_IRQHandler                           0x08009873   Thumb Code     0  startup_stm32f769xx.o(.text)
    ETH_WKUP_IRQHandler                      0x08009873   Thumb Code     0  startup_stm32f769xx.o(.text)
    EXTI0_IRQHandler                         0x08009873   Thumb Code     0  startup_stm32f769xx.o(.text)
    EXTI15_10_IRQHandler                     0x08009873   Thumb Code     0  startup_stm32f769xx.o(.text)
    EXTI1_IRQHandler                         0x08009873   Thumb Code     0  startup_stm32f769xx.o(.text)
    EXTI2_IRQHandler                         0x08009873   Thumb Code     0  startup_stm32f769xx.o(.text)
    EXTI3_IRQHandler                         0x08009873   Thumb Code     0  startup_stm32f769xx.o(.text)
    EXTI4_IRQHandler                         0x08009873   Thumb Code     0  startup_stm32f769xx.o(.text)
    EXTI9_5_IRQHandler                       0x08009873   Thumb Code     0  startup_stm32f769xx.o(.text)
    FLASH_IRQHandler                         0x08009873   Thumb Code     0  startup_stm32f769xx.o(.text)
    FMC_IRQHandler                           0x08009873   Thumb Code     0  startup_stm32f769xx.o(.text)
    FPU_IRQHandler                           0x08009873   Thumb Code     0  startup_stm32f769xx.o(.text)
    I2C1_ER_IRQHandler                       0x08009873   Thumb Code     0  startup_stm32f769xx.o(.text)
    I2C1_EV_IRQHandler                       0x08009873   Thumb Code     0  startup_stm32f769xx.o(.text)
    I2C2_ER_IRQHandler                       0x08009873   Thumb Code     0  startup_stm32f769xx.o(.text)
    I2C2_EV_IRQHandler                       0x08009873   Thumb Code     0  startup_stm32f769xx.o(.text)
    I2C3_ER_IRQHandler                       0x08009873   Thumb Code     0  startup_stm32f769xx.o(.text)
    I2C3_EV_IRQHandler                       0x08009873   Thumb Code     0  startup_stm32f769xx.o(.text)
    I2C4_ER_IRQHandler                       0x08009873   Thumb Code     0  startup_stm32f769xx.o(.text)
    I2C4_EV_IRQHandler                       0x08009873   Thumb Code     0  startup_stm32f769xx.o(.text)
    JPEG_IRQHandler                          0x08009873   Thumb Code     0  startup_stm32f769xx.o(.text)
    LPTIM1_IRQHandler                        0x08009873   Thumb Code     0  startup_stm32f769xx.o(.text)
    LTDC_ER_IRQHandler                       0x08009873   Thumb Code     0  startup_stm32f769xx.o(.text)
    LTDC_IRQHandler                          0x08009873   Thumb Code     0  startup_stm32f769xx.o(.text)
    MDIOS_IRQHandler                         0x08009873   Thumb Code     0  startup_stm32f769xx.o(.text)
    OTG_FS_IRQHandler                        0x08009873   Thumb Code     0  startup_stm32f769xx.o(.text)
    OTG_FS_WKUP_IRQHandler                   0x08009873   Thumb Code     0  startup_stm32f769xx.o(.text)
    OTG_HS_EP1_IN_IRQHandler                 0x08009873   Thumb Code     0  startup_stm32f769xx.o(.text)
    OTG_HS_EP1_OUT_IRQHandler                0x08009873   Thumb Code     0  startup_stm32f769xx.o(.text)
    OTG_HS_IRQHandler                        0x08009873   Thumb Code     0  startup_stm32f769xx.o(.text)
    OTG_HS_WKUP_IRQHandler                   0x08009873   Thumb Code     0  startup_stm32f769xx.o(.text)
    PVD_IRQHandler                           0x08009873   Thumb Code     0  startup_stm32f769xx.o(.text)
    QUADSPI_IRQHandler                       0x08009873   Thumb Code     0  startup_stm32f769xx.o(.text)
    RCC_IRQHandler                           0x08009873   Thumb Code     0  startup_stm32f769xx.o(.text)
    RNG_IRQHandler                           0x08009873   Thumb Code     0  startup_stm32f769xx.o(.text)
    RTC_Alarm_IRQHandler                     0x08009873   Thumb Code     0  startup_stm32f769xx.o(.text)
    RTC_WKUP_IRQHandler                      0x08009873   Thumb Code     0  startup_stm32f769xx.o(.text)
    SAI1_IRQHandler                          0x08009873   Thumb Code     0  startup_stm32f769xx.o(.text)
    SAI2_IRQHandler                          0x08009873   Thumb Code     0  startup_stm32f769xx.o(.text)
    SDMMC1_IRQHandler                        0x08009873   Thumb Code     0  startup_stm32f769xx.o(.text)
    SDMMC2_IRQHandler                        0x08009873   Thumb Code     0  startup_stm32f769xx.o(.text)
    SPDIF_RX_IRQHandler                      0x08009873   Thumb Code     0  startup_stm32f769xx.o(.text)
    SPI1_IRQHandler                          0x08009873   Thumb Code     0  startup_stm32f769xx.o(.text)
    SPI2_IRQHandler                          0x08009873   Thumb Code     0  startup_stm32f769xx.o(.text)
    SPI3_IRQHandler                          0x08009873   Thumb Code     0  startup_stm32f769xx.o(.text)
    SPI4_IRQHandler                          0x08009873   Thumb Code     0  startup_stm32f769xx.o(.text)
    SPI5_IRQHandler                          0x08009873   Thumb Code     0  startup_stm32f769xx.o(.text)
    SPI6_IRQHandler                          0x08009873   Thumb Code     0  startup_stm32f769xx.o(.text)
    TAMP_STAMP_IRQHandler                    0x08009873   Thumb Code     0  startup_stm32f769xx.o(.text)
    TIM1_BRK_TIM9_IRQHandler                 0x08009873   Thumb Code     0  startup_stm32f769xx.o(.text)
    TIM1_CC_IRQHandler                       0x08009873   Thumb Code     0  startup_stm32f769xx.o(.text)
    TIM1_TRG_COM_TIM11_IRQHandler            0x08009873   Thumb Code     0  startup_stm32f769xx.o(.text)
    TIM1_UP_TIM10_IRQHandler                 0x08009873   Thumb Code     0  startup_stm32f769xx.o(.text)
    TIM2_IRQHandler                          0x08009873   Thumb Code     0  startup_stm32f769xx.o(.text)
    TIM3_IRQHandler                          0x08009873   Thumb Code     0  startup_stm32f769xx.o(.text)
    TIM4_IRQHandler                          0x08009873   Thumb Code     0  startup_stm32f769xx.o(.text)
    TIM5_IRQHandler                          0x08009873   Thumb Code     0  startup_stm32f769xx.o(.text)
    TIM6_DAC_IRQHandler                      0x08009873   Thumb Code     0  startup_stm32f769xx.o(.text)
    TIM7_IRQHandler                          0x08009873   Thumb Code     0  startup_stm32f769xx.o(.text)
    TIM8_BRK_TIM12_IRQHandler                0x08009873   Thumb Code     0  startup_stm32f769xx.o(.text)
    TIM8_CC_IRQHandler                       0x08009873   Thumb Code     0  startup_stm32f769xx.o(.text)
    TIM8_TRG_COM_TIM14_IRQHandler            0x08009873   Thumb Code     0  startup_stm32f769xx.o(.text)
    TIM8_UP_TIM13_IRQHandler                 0x08009873   Thumb Code     0  startup_stm32f769xx.o(.text)
    UART4_IRQHandler                         0x08009873   Thumb Code     0  startup_stm32f769xx.o(.text)
    UART5_IRQHandler                         0x08009873   Thumb Code     0  startup_stm32f769xx.o(.text)
    UART7_IRQHandler                         0x08009873   Thumb Code     0  startup_stm32f769xx.o(.text)
    UART8_IRQHandler                         0x08009873   Thumb Code     0  startup_stm32f769xx.o(.text)
    USART1_IRQHandler                        0x08009873   Thumb Code     0  startup_stm32f769xx.o(.text)
    USART2_IRQHandler                        0x08009873   Thumb Code     0  startup_stm32f769xx.o(.text)
    USART3_IRQHandler                        0x08009873   Thumb Code     0  startup_stm32f769xx.o(.text)
    USART6_IRQHandler                        0x08009873   Thumb Code     0  startup_stm32f769xx.o(.text)
    WWDG_IRQHandler                          0x08009873   Thumb Code     0  startup_stm32f769xx.o(.text)
    SystemInit                               0x0800987d   Thumb Code    14  system_stm32f7xx.o(.text)
    SystemCoreClockUpdate                    0x0800988b   Thumb Code   170  system_stm32f7xx.o(.text)
    netos_init                               0x08009979   Thumb Code    22  net_config.o(.text)
    netos_thread_create                      0x0800998f   Thumb Code    10  net_config.o(.text)
    netos_thread_delete                      0x08009999   Thumb Code     4  net_config.o(.text)
    netos_thread_id                          0x0800999d   Thumb Code     4  net_config.o(.text)
    netos_thread_pass                        0x080099a1   Thumb Code     4  net_config.o(.text)
    netos_timer_create                       0x080099a5   Thumb Code    14  net_config.o(.text)
    netos_timer_delete                       0x080099b3   Thumb Code     4  net_config.o(.text)
    netos_timer_start                        0x080099b7   Thumb Code    22  net_config.o(.text)
    netos_mutex_create                       0x080099cd   Thumb Code    16  net_config.o(.text)
    netos_mutex_delete                       0x080099dd   Thumb Code     4  net_config.o(.text)
    netos_lock                               0x080099e1   Thumb Code     8  net_config.o(.text)
    netos_unlock                             0x080099e9   Thumb Code     4  net_config.o(.text)
    netos_flag_wait                          0x080099ed   Thumb Code    24  net_config.o(.text)
    netos_flag_set                           0x08009a05   Thumb Code     4  net_config.o(.text)
    netos_flag_clear                         0x08009a09   Thumb Code     6  net_config.o(.text)
    netos_delay                              0x08009a0f   Thumb Code    14  net_config.o(.text)
    netif_create                             0x08009a1d   Thumb Code    46  net_config.o(.text)
    netif_delete                             0x08009a4b   Thumb Code    20  net_config.o(.text)
    netif_lock                               0x08009a5f   Thumb Code     8  net_config.o(.text)
    netif_unlock                             0x08009a67   Thumb Code     4  net_config.o(.text)
    netIGMP_Join                             0x08009a71   Thumb Code     4  net_config.o(.text)
    netIGMP_Leave                            0x08009a75   Thumb Code     4  net_config.o(.text)
    net_igmp_is_member                       0x08009a79   Thumb Code     4  net_config.o(.text)
    net_igmp_collect_mcast                   0x08009a7d   Thumb Code     4  net_config.o(.text)
    net_igmp_process                         0x08009a81   Thumb Code     2  net_config.o(.text)
    netDHCP_Enable                           0x08009a83   Thumb Code     4  net_config.o(.text)
    netDHCP_Disable                          0x08009a87   Thumb Code     4  net_config.o(.text)
    netDHCP_SetOption                        0x08009a8b   Thumb Code     4  net_config.o(.text)
    netDHCP6_Enable                          0x08009a8f   Thumb Code     4  net_config.o(.text)
    netDHCP6_Disable                         0x08009a93   Thumb Code     4  net_config.o(.text)
    netSNTPc_GetTime                         0x08009a97   Thumb Code     4  net_config.o(.text)
    netHTTPs_fopen                           0x08009a9b   Thumb Code     4  net_config.o(.text)
    netHTTPs_fclose                          0x08009a9f   Thumb Code     2  net_config.o(.text)
    netHTTPs_fread                           0x08009aa1   Thumb Code     4  net_config.o(.text)
    netHTTPs_fgets                           0x08009aa5   Thumb Code     4  net_config.o(.text)
    netHTTPs_fstat                           0x08009aa9   Thumb Code     2  net_config.o(.text)
    net_sys_error                            0x08009aab   Thumb Code     2  net_config.o(.text)
    net_evr_init                             0x08009ac5   Thumb Code   334  net_debug.o(.text)
    net_debug_init                           0x08009c13   Thumb Code     2  net_debug.o(.text)
    __aeabi_uldivmod                         0x08009c15   Thumb Code    98  uldiv.o(.text)
    __aeabi_memcpy                           0x08009c77   Thumb Code    36  memcpya.o(.text)
    __aeabi_memcpy4                          0x08009c77   Thumb Code     0  memcpya.o(.text)
    __aeabi_memcpy8                          0x08009c77   Thumb Code     0  memcpya.o(.text)
    __aeabi_memset                           0x08009c9b   Thumb Code    14  memseta.o(.text)
    __aeabi_memset4                          0x08009c9b   Thumb Code     0  memseta.o(.text)
    __aeabi_memset8                          0x08009c9b   Thumb Code     0  memseta.o(.text)
    __aeabi_memclr                           0x08009ca9   Thumb Code     4  memseta.o(.text)
    __aeabi_memclr4                          0x08009ca9   Thumb Code     0  memseta.o(.text)
    __aeabi_memclr8                          0x08009ca9   Thumb Code     0  memseta.o(.text)
    _memset$wrapper                          0x08009cad   Thumb Code    18  memseta.o(.text)
    strlen                                   0x08009cbf   Thumb Code    14  strlen.o(.text)
    strcmp                                   0x08009ccd   Thumb Code    28  strcmp.o(.text)
    memcmp                                   0x08009ce9   Thumb Code    26  memcmp.o(.text)
    strncmp                                  0x08009d03   Thumb Code    30  strncmp.o(.text)
    __0sscanf                                0x08009d21   Thumb Code    48  __0sscanf.o(.text)
    _scanf_int                               0x08009d59   Thumb Code   332  _scanf_int.o(.text)
    __aeabi_llsl                             0x08009ea5   Thumb Code    30  llshl.o(.text)
    _ll_shift_l                              0x08009ea5   Thumb Code     0  llshl.o(.text)
    __aeabi_llsr                             0x08009ec3   Thumb Code    32  llushr.o(.text)
    _ll_ushift_r                             0x08009ec3   Thumb Code     0  llushr.o(.text)
    _chval                                   0x08009ee3   Thumb Code    28  _chval.o(.text)
    __vfscanf_char                           0x08009f0d   Thumb Code    20  scanf_char.o(.text)
    _sgetc                                   0x08009f29   Thumb Code    30  _sgetc.o(.text)
    _sbackspace                              0x08009f47   Thumb Code    34  _sgetc.o(.text)
    __scatterload                            0x08009f69   Thumb Code    28  init.o(.text)
    __scatterload_rt2                        0x08009f69   Thumb Code     0  init.o(.text)
    isspace                                  0x08009f8d   Thumb Code    10  isspace_c.o(.text)
    __vfscanf                                0x08009f99   Thumb Code   810  _scanf.o(.text)
    __ctype_lookup                           0x0800a2c9   Thumb Code    34  ctype_c.o(.text)
    __decompress                             0x0800a2f1   Thumb Code     0  __dczerorl2.o(.text)
    __decompress1                            0x0800a2f1   Thumb Code    86  __dczerorl2.o(.text)
    __0sprintf$8                             0x0800a349   Thumb Code    34  printf8.o(i.__0sprintf$8)
    __1sprintf$8                             0x0800a349   Thumb Code     0  printf8.o(i.__0sprintf$8)
    __2sprintf                               0x0800a349   Thumb Code     0  printf8.o(i.__0sprintf$8)
    __scatterload_copy                       0x0800a371   Thumb Code    14  handlers.o(i.__scatterload_copy)
    __scatterload_null                       0x0800a37f   Thumb Code     2  handlers.o(i.__scatterload_null)
    __scatterload_zeroinit                   0x0800a381   Thumb Code    14  handlers.o(i.__scatterload_zeroinit)
    netCGI_Charset                           0x0800d4c9   Thumb Code     4  net_http_server.o(i.netCGI_Charset)
    netCGI_ContentType                       0x0800d4cd   Thumb Code     4  net_http_server.o(i.netCGI_ContentType)
    netCGI_CustomHeader                      0x0800d4d1   Thumb Code     4  net_http_server.o(i.netCGI_CustomHeader)
    netCGI_GetEnvVar                         0x0800d4d5   Thumb Code   104  net_http_server.o(i.netCGI_GetEnvVar)
    netCGI_Redirect                          0x0800d541   Thumb Code     4  net_http_server.o(i.netCGI_Redirect)
    netCGX_ContentType                       0x0800d545   Thumb Code     4  net_http_server.o(i.netCGX_ContentType)
    netCore_Thread                           0x0800d549   Thumb Code    90  net_sys.o(i.netCore_Thread)
    netETH_Notify                            0x0800d5ad   Thumb Code     2  net_eth.o(i.netETH_Notify)
    netETH_ReceiveRaw                        0x0800d5af   Thumb Code     2  net_eth.o(i.netETH_ReceiveRaw)
    netETH_Thread                            0x0800d5b1   Thumb Code   114  net_eth.o(i.netETH_Thread)
    netHTTPs_AcceptClient                    0x0800d623   Thumb Code     4  net_http_server.o(i.netHTTPs_AcceptClient)
    netHTTPs_CheckAccount                    0x0800d627   Thumb Code     4  net_http_server_auth.o(i.netHTTPs_CheckAccount)
    netHTTPs_FileAccess                      0x0800d62b   Thumb Code     4  net_http_server.o(i.netHTTPs_FileAccess)
    netIF_SetOption                          0x0800d631   Thumb Code   124  net_sys.o(i.netIF_SetOption)
    netIP_aton                               0x0800d6b5   Thumb Code    26  net_addr.o(i.netIP_aton)
    netInitialize                            0x0800d6d1   Thumb Code   156  net_sys.o(i.netInitialize)
    netMAC_aton                              0x0800d77d   Thumb Code   140  net_addr.o(i.netMAC_aton)
    net_addr4_aton                           0x0800d809   Thumb Code   124  net_addr.o(i.net_addr4_aton)
    net_addr4_to_mac                         0x0800d885   Thumb Code    30  net_addr.o(i.net_addr4_to_mac)
    net_addr6_aton                           0x0800d8a5   Thumb Code   230  net_addr.o(i.net_addr6_aton)
    net_addr6_comp                           0x0800d98b   Thumb Code    40  net_addr.o(i.net_addr6_comp)
    net_addr6_copy                           0x0800d9b3   Thumb Code    18  net_addr.o(i.net_addr6_copy)
    net_addr6_create                         0x0800d9c5   Thumb Code    70  net_addr.o(i.net_addr6_create)
    net_addr6_get_solicited                  0x0800da11   Thumb Code    34  net_addr.o(i.net_addr6_get_solicited)
    net_addr6_is_linklocal                   0x0800da39   Thumb Code    24  net_addr.o(i.net_addr6_is_linklocal)
    net_addr6_is_onlink                      0x0800da51   Thumb Code   110  net_addr.o(i.net_addr6_is_onlink)
    net_addr6_is_solicited                   0x0800dabf   Thumb Code    72  net_addr.o(i.net_addr6_is_solicited)
    net_addr6_is_unspec                      0x0800db07   Thumb Code    24  net_addr.o(i.net_addr6_is_unspec)
    net_addr6_to_mac                         0x0800db1f   Thumb Code    14  net_addr.o(i.net_addr6_to_mac)
    net_addr_find_route                      0x0800db2d   Thumb Code    26  net_addr.o(i.net_addr_find_route)
    net_addr_get_local                       0x0800db49   Thumb Code    26  net_addr.o(i.net_addr_get_local)
    net_addr_is_unspec                       0x0800db69   Thumb Code    34  net_addr.o(i.net_addr_is_unspec)
    net_arp_cache_add                        0x0800db8d   Thumb Code   276  net_arp.o(i.net_arp_cache_add)
    net_arp_cache_early                      0x0800dca9   Thumb Code   180  net_arp.o(i.net_arp_cache_early)
    net_arp_cache_find                       0x0800dd65   Thumb Code   224  net_arp.o(i.net_arp_cache_find)
    net_arp_cache_init                       0x0800de51   Thumb Code    64  net_arp.o(i.net_arp_cache_init)
    net_arp_cache_run                        0x0800de99   Thumb Code    22  net_arp.o(i.net_arp_cache_run)
    net_arp_cache_uninit                     0x0800deb5   Thumb Code    56  net_arp.o(i.net_arp_cache_uninit)
    net_arp_enqueue                          0x0800def5   Thumb Code   114  net_arp.o(i.net_arp_enqueue)
    net_arp_notify                           0x0800df6d   Thumb Code    32  net_arp.o(i.net_arp_notify)
    net_arp_process                          0x0800df8d   Thumb Code   536  net_arp.o(i.net_arp_process)
    net_atoi                                 0x0800e1b1   Thumb Code    66  net_common.o(i.net_atoi)
    net_base64_decode                        0x0800e1f5   Thumb Code   114  net_base64.o(i.net_base64_decode)
    net_chksum_buf                           0x0800e26d   Thumb Code    48  net_common.o(i.net_chksum_buf)
    net_crc_buf                              0x0800e29d   Thumb Code    30  net_common.o(i.net_crc_buf)
    net_eth_callback                         0x0800e2bb   Thumb Code    14  net_eth.o(i.net_eth_callback)
    net_eth_config_mcast                     0x0800e2c9   Thumb Code   104  net_eth.o(i.net_eth_config_mcast)
    net_eth_get_option                       0x0800e331   Thumb Code   234  net_eth.o(i.net_eth_get_option)
    net_eth_iface_init                       0x0800e41d   Thumb Code    22  net_eth.o(i.net_eth_iface_init)
    net_eth_iface_run                        0x0800e439   Thumb Code    22  net_eth.o(i.net_eth_iface_run)
    net_eth_iface_uninit                     0x0800e455   Thumb Code    22  net_eth.o(i.net_eth_iface_uninit)
    net_eth_output                           0x0800e471   Thumb Code   164  net_eth.o(i.net_eth_output)
    net_eth_send_frame                       0x0800e519   Thumb Code   462  net_eth.o(i.net_eth_send_frame)
    net_eth_set_option                       0x0800e6f9   Thumb Code   610  net_eth.o(i.net_eth_set_option)
    net_http_server_init                     0x0800e969   Thumb Code   212  net_http_server.o(i.net_http_server_init)
    net_http_server_run                      0x0800ea51   Thumb Code    30  net_http_server.o(i.net_http_server_run)
    net_http_server_uninit                   0x0800ea79   Thumb Code    98  net_http_server.o(i.net_http_server_uninit)
    net_icmp6_init                           0x0800eae9   Thumb Code    20  net_icmp6.o(i.net_icmp6_init)
    net_icmp6_process                        0x0800eb01   Thumb Code   542  net_icmp6.o(i.net_icmp6_process)
    net_icmp6_send                           0x0800ed39   Thumb Code   122  net_icmp6.o(i.net_icmp6_send)
    net_icmp6_send_echo                      0x0800edbd   Thumb Code    78  net_icmp6.o(i.net_icmp6_send_echo)
    net_icmp_init                            0x0800ee15   Thumb Code    20  net_icmp.o(i.net_icmp_init)
    net_icmp_process                         0x0800ee2d   Thumb Code   430  net_icmp.o(i.net_icmp_process)
    net_icmp_send_echo                       0x0800eff5   Thumb Code   142  net_icmp.o(i.net_icmp_send_echo)
    net_if_map_all                           0x0800f095   Thumb Code     6  net_sys.o(i.net_if_map_all)
    net_ip4_chk_frame                        0x0800f0a1   Thumb Code   372  net_ip4.o(i.net_ip4_chk_frame)
    net_ip4_chksum                           0x0800f22d   Thumb Code    44  net_ip4.o(i.net_ip4_chksum)
    net_ip4_chksum_buf                       0x0800f259   Thumb Code     6  net_ip4.o(i.net_ip4_chksum_buf)
    net_ip4_find_route                       0x0800f261   Thumb Code   104  net_ip4.o(i.net_ip4_find_route)
    net_ip4_frag_add                         0x0800f2e1   Thumb Code   284  net_ip4_frag.o(i.net_ip4_frag_add)
    net_ip4_frag_get                         0x0800f405   Thumb Code   168  net_ip4_frag.o(i.net_ip4_frag_get)
    net_ip4_frag_init                        0x0800f4b1   Thumb Code    12  net_ip4_frag.o(i.net_ip4_frag_init)
    net_ip4_frag_run                         0x0800f4c1   Thumb Code    50  net_ip4_frag.o(i.net_ip4_frag_run)
    net_ip4_frag_uninit                      0x0800f4fd   Thumb Code    12  net_ip4_frag.o(i.net_ip4_frag_uninit)
    net_ip4_get_local                        0x0800f50d   Thumb Code    40  net_ip4.o(i.net_ip4_get_local)
    net_ip4_init                             0x0800f539   Thumb Code    22  net_ip4.o(i.net_ip4_init)
    net_ip4_is_onlink                        0x0800f55d   Thumb Code    32  net_ip4.o(i.net_ip4_is_onlink)
    net_ip4_is_subcast                       0x0800f57d   Thumb Code    38  net_ip4.o(i.net_ip4_is_subcast)
    net_ip4_reass_frame                      0x0800f5a3   Thumb Code    14  net_ip4.o(i.net_ip4_reass_frame)
    net_ip4_send_frame                       0x0800f5b1   Thumb Code   340  net_ip4.o(i.net_ip4_send_frame)
    net_ip4_tx_offl_hl                       0x0800f715   Thumb Code    42  net_ip4.o(i.net_ip4_tx_offl_hl)
    net_ip4_uninit                           0x0800f741   Thumb Code    22  net_ip4.o(i.net_ip4_uninit)
    net_ip6_chk_frame                        0x0800f761   Thumb Code   236  net_ip6.o(i.net_ip6_chk_frame)
    net_ip6_chksum                           0x0800f861   Thumb Code    50  net_ip6.o(i.net_ip6_chksum)
    net_ip6_collect_mcast                    0x0800f895   Thumb Code   118  net_ip6.o(i.net_ip6_collect_mcast)
    net_ip6_find_route                       0x0800f911   Thumb Code    56  net_ip6.o(i.net_ip6_find_route)
    net_ip6_get_local                        0x0800f959   Thumb Code    74  net_ip6.o(i.net_ip6_get_local)
    net_ip6_init                             0x0800f9ad   Thumb Code    20  net_ip6.o(i.net_ip6_init)
    net_ip6_send_frame                       0x0800f9c9   Thumb Code   192  net_ip6.o(i.net_ip6_send_frame)
    net_ip6_tx_offl_hl                       0x0800fa95   Thumb Code    30  net_ip6.o(i.net_ip6_tx_offl_hl)
    net_ip6_uninit                           0x0800fab5   Thumb Code    20  net_ip6.o(i.net_ip6_uninit)
    net_itoa                                 0x0800fad1   Thumb Code     8  net_common.o(i.net_itoa)
    net_itoa_n0                              0x0800fad9   Thumb Code     6  net_common.o(i.net_itoa_n0)
    net_loop_iface_init                      0x0800fae1   Thumb Code    40  net_loopback.o(i.net_loop_iface_init)
    net_loop_iface_run                       0x0800fb11   Thumb Code   176  net_loopback.o(i.net_loop_iface_run)
    net_loop_iface_uninit                    0x0800fbcd   Thumb Code    32  net_loopback.o(i.net_loop_iface_uninit)
    net_loop_send_frame                      0x0800fbf5   Thumb Code   104  net_loopback.o(i.net_loop_send_frame)
    net_mem_alloc                            0x0800fc65   Thumb Code   178  net_mem.o(i.net_mem_alloc)
    net_mem_avail                            0x0800fd25   Thumb Code    22  net_mem.o(i.net_mem_avail)
    net_mem_free                             0x0800fd41   Thumb Code   152  net_mem.o(i.net_mem_free)
    net_mem_init                             0x0800fde5   Thumb Code    98  net_mem.o(i.net_mem_init)
    net_mem_shrink                           0x0800fe55   Thumb Code    62  net_mem.o(i.net_mem_shrink)
    net_nbns_client_init                     0x0800fe9d   Thumb Code    82  net_nbns_client.o(i.net_nbns_client_init)
    net_nbns_client_uninit                   0x0800ff01   Thumb Code    42  net_nbns_client.o(i.net_nbns_client_uninit)
    net_ndp_cache_find                       0x0800ff39   Thumb Code   438  net_ndp.o(i.net_ndp_cache_find)
    net_ndp_cache_refresh                    0x080100fd   Thumb Code   112  net_ndp.o(i.net_ndp_cache_refresh)
    net_ndp_enqueue                          0x08010175   Thumb Code   108  net_ndp.o(i.net_ndp_enqueue)
    net_ndp_process                          0x080101e5   Thumb Code   872  net_ndp.o(i.net_ndp_process)
    net_path                                 0x08010559   Thumb Code    52  net_sys.o(i.net_path)
    net_ping_client_init                     0x08010591   Thumb Code    22  net_ping_core.o(i.net_ping_client_init)
    net_ping_client_run                      0x080105b1   Thumb Code   110  net_ping_core.o(i.net_ping_client_run)
    net_ping_client_uninit                   0x08010631   Thumb Code    24  net_ping_core.o(i.net_ping_client_uninit)
    net_rand32                               0x08010651   Thumb Code    18  net_sys.o(i.net_rand32)
    net_strcasecmp                           0x0801066d   Thumb Code    46  net_common.o(i.net_strcasecmp)
    net_strchr                               0x0801069b   Thumb Code    22  net_common.o(i.net_strchr)
    net_strcmp                               0x080106b1   Thumb Code    26  net_common.o(i.net_strcmp)
    net_strcpy                               0x080106cb   Thumb Code    18  net_common.o(i.net_strcpy)
    net_strnchr                              0x080106dd   Thumb Code    28  net_common.o(i.net_strnchr)
    net_strncpy                              0x080106f9   Thumb Code    26  net_common.o(i.net_strncpy)
    net_strtoupper                           0x08010713   Thumb Code    32  net_common.o(i.net_strtoupper)
    net_sys_lock                             0x08010735   Thumb Code     8  net_sys.o(i.net_sys_lock)
    net_sys_resume                           0x08010741   Thumb Code    22  net_sys.o(i.net_sys_resume)
    net_sys_tick                             0x08010759   Thumb Code    16  net_sys.o(i.net_sys_tick)
    net_sys_unlock                           0x0801076d   Thumb Code     8  net_sys.o(i.net_sys_unlock)
    net_sys_wakeup                           0x08010779   Thumb Code    26  net_sys.o(i.net_sys_wakeup)
    net_tcp_abort                            0x08010799   Thumb Code   122  net_tcp.o(i.net_tcp_abort)
    net_tcp_close                            0x0801081d   Thumb Code   218  net_tcp.o(i.net_tcp_close)
    net_tcp_get_buf                          0x08010901   Thumb Code    46  net_tcp.o(i.net_tcp_get_buf)
    net_tcp_get_mss                          0x08010931   Thumb Code    34  net_tcp.o(i.net_tcp_get_mss)
    net_tcp_get_socket                       0x08010959   Thumb Code   104  net_tcp.o(i.net_tcp_get_socket)
    net_tcp_get_state                        0x080109c9   Thumb Code    40  net_tcp.o(i.net_tcp_get_state)
    net_tcp_listen                           0x080109f5   Thumb Code   168  net_tcp.o(i.net_tcp_listen)
    net_tcp_process                          0x08010aa5   Thumb Code  1956  net_tcp.o(i.net_tcp_process)
    net_tcp_send                             0x0801124d   Thumb Code   336  net_tcp.o(i.net_tcp_send)
    net_tcp_set_option                       0x080113a9   Thumb Code   288  net_tcp.o(i.net_tcp_set_option)
    net_tcp_socket_init                      0x080114d5   Thumb Code    30  net_tcp.o(i.net_tcp_socket_init)
    net_tcp_socket_run                       0x080114fd   Thumb Code   938  net_tcp.o(i.net_tcp_socket_run)
    net_tcp_socket_uninit                    0x080118bd   Thumb Code    30  net_tcp.o(i.net_tcp_socket_uninit)
    net_udp_get_buf                          0x080118e5   Thumb Code    46  net_udp.o(i.net_udp_get_buf)
    net_udp_get_socket                       0x08011915   Thumb Code   102  net_udp.o(i.net_udp_get_socket)
    net_udp_open                             0x08011985   Thumb Code   160  net_udp.o(i.net_udp_open)
    net_udp_process                          0x08011a31   Thumb Code   322  net_udp.o(i.net_udp_process)
    net_udp_send_if                          0x08011b89   Thumb Code   540  net_udp.o(i.net_udp_send_if)
    net_udp_socket_init                      0x08011db5   Thumb Code    30  net_udp.o(i.net_udp_socket_init)
    net_udp_socket_uninit                    0x08011dd9   Thumb Code    28  net_udp.o(i.net_udp_socket_uninit)
    net_ultoa                                0x08011dfd   Thumb Code     8  net_common.o(i.net_ultoa)
    net_xtoul                                0x08011e05   Thumb Code    76  net_common.o(i.net_xtoul)
    app_main_attr                            0x0801295c   Data          36  http_server.o(.constdata)
    imageLastModified                        0x08012980   Data           4  web.o(.constdata)
    irqRtxLib                                0x0801f818   Data           1  irq_armv7m.o(.constdata)
    irqRtxLibRef                             0x0801f87c   Data           4  rtx_lib.o(.constdata)
    osRtxUserSVC                             0x0801f880   Data           4  rtx_lib.o(.constdata)
    Driver_ETH_PHY0                          0x0801f888   Data          32  phy_lan8742a.o(.constdata)
    Driver_ETH_MAC0                          0x0801f8f8   Data          68  emac_stm32f7xx.o(.constdata)
    EventRecorderInfo                        0x0801f93c   Data          24  eventrecorder.o(.constdata)
    AHBPrescTable                            0x0801f954   Data          16  system_stm32f7xx.o(.constdata)
    APBPrescTable                            0x0801f964   Data           8  system_stm32f7xx.o(.constdata)
    net_sys_config                           0x0801f9f4   Data          28  net_config.o(.constdata)
    net_eth0_if_config                       0x0801fa58   Data          44  net_config.o(.constdata)
    net_eth_list                             0x0801faa4   Data           8  net_config.o(.constdata)
    net_if_list_lan                          0x0801faac   Data           8  net_config.o(.constdata)
    net_if_list_all                          0x0801fab4   Data           8  net_config.o(.constdata)
    net_if_inet_def                          0x0801fabc   Data           8  net_config.o(.constdata)
    net_if_link_def                          0x0801fac4   Data           8  net_config.o(.constdata)
    net_arp_list                             0x0801facc   Data           8  net_config.o(.constdata)
    net_icmp_list                            0x0801fad4   Data           8  net_config.o(.constdata)
    net_ndp_list                             0x0801fadc   Data           4  net_config.o(.constdata)
    net_icmp6_list                           0x0801fae0   Data           4  net_config.o(.constdata)
    net_ip4_frag_config                      0x0801fae4   Data           8  net_config.o(.constdata)
    net_udp_config                           0x0801faec   Data          12  net_config.o(.constdata)
    net_tcp_config                           0x0801faf8   Data          24  net_config.o(.constdata)
    net_http_config                          0x0801fb10   Data          52  net_config.o(.constdata)
    net_sys_fn_uninit                        0x0801fb8c   Data          40  net_config.o(.constdata)
    netif_getopt_func                        0x0801fbb4   Data          16  net_config.o(.constdata)
    netif_setopt_func                        0x0801fbc4   Data          16  net_config.o(.constdata)
    net_loop_if_config                       0x0801fbd4   Data          44  net_loopback.o(.constdata)
    net_http_auth_basic_func                 0x0801fd10   Data          24  net_http_server_auth.o(.constdata)
    net_ping_payload                         0x0801fd28   Data          18  net_ping_core.o(.constdata)
    net_addr_unspec                          0x0801fd3a   Data          16  net_addr.o(.constdata)
    net_addr_bcast                           0x0801fd4a   Data           6  net_addr.o(.constdata)
    net_addr4_loopback                       0x0801fd50   Data           4  net_ip4.o(.constdata)
    net_addr6_all_nodes                      0x0801fd54   Data          16  net_ip6.o(.constdata)
    net_addr6_loopback                       0x0801fd64   Data          16  net_ip6.o(.constdata)
    net_http_error                           0x0801fd74   Data          24  net_http_server_err.o(.constdata)
    net_lib_version                          0x0801fe1c   Data           4  net_version.o(.constdata)
    network_ip4ip6_debug_v7.15.0             0x0801fe1c   Data           4  net_version.o(.constdata)
    __ctype_categories                       0x0801fe20   Data          64  ctype_c.o(.constdata)
    osRtxConfig                              0x08020158   Data         112  rtx_lib.o(.rodata)
    os_cb_sections                           0x080201c8   Data          56  rtx_lib.o(.rodata)
    Region$$Table$$Base                      0x08020200   Number         0  anon$$obj.o(Region$$Table)
    Region$$Table$$Limit                     0x08020230   Number         0  anon$$obj.o(Region$$Table)
    .bss.os.msgqueue.cb$$Base                0x20028044   Number         0  rtx_lib.o(.bss.os.msgqueue.cb)
    .bss.os.msgqueue.cb$$Limit               0x20028078   Number         0  rtx_lib.o(.bss.os.msgqueue.cb)
    .bss.os.mutex.cb$$Base                   0x200280c8   Number         0  net_config.o(.bss.os.mutex.cb)
    .bss.os.mutex.cb$$Limit                  0x20028100   Number         0  net_config.o(.bss.os.mutex.cb)
    .bss.os.semaphore.cb$$Base               0x20028100   Number         0  net_config.o(.bss.os.semaphore.cb)
    .bss.os.semaphore.cb$$Limit              0x20028110   Number         0  net_config.o(.bss.os.semaphore.cb)
    .bss.os.thread.cb$$Base                  0x20028110   Number         0  rtx_lib.o(.bss.os.thread.cb)
    .bss.os.thread.cb$$Limit                 0x20028220   Number         0  net_config.o(.bss.os.thread.cb)
    .bss.os.timer.cb$$Base                   0x20028620   Number         0  net_config.o(.bss.os.timer.cb)
    .bss.os.timer.cb$$Limit                  0x20028640   Number         0  net_config.o(.bss.os.timer.cb)
    canciones                                0x20028640   Data          50  http_server_cgi.o(.data)
    opciones                                 0x20028674   Data          32  http_server_cgi.o(.data)
    uwTick                                   0x2002869c   Data           4  stm32f7xx_hal.o(.data)
    uwTickPrio                               0x200286a0   Data           4  stm32f7xx_hal.o(.data)
    uwTickFreq                               0x200286a4   Data           1  stm32f7xx_hal.o(.data)
    SystemCoreClock                          0x200286a8   Data           4  system_stm32f7xx.o(.data)
    net_eth0_icmp_control                    0x200286c4   Data           1  net_icmp.o(.data)
    osRtxInfo                                0x200286e8   Data         164  rtx_kernel.o(.data.os)
    app_main_stk                             0x20028790   Data        1024  http_server.o(.bss)
    net_eth0_if_control                      0x2002c790   Data         160  net_eth.o(.bss)
    net_eth0_arp_control                     0x2002c830   Data          24  net_arp.o(.bss)
    net_http_control                         0x2002c8e8   Data          20  net_http_server.o(.bss)
    net_ping_control                         0x2002c8fc   Data          44  net_ping_core.o(.bss)
    net_sys_control                          0x2002c938   Data          28  net_sys.o(.bss)
    net_dbg_buf                              0x2002c960   Data          36  net_sys.o(.bss)
    __initial_sp                             0x2002cdf8   Data           0  startup_stm32f769xx.o(STACK)



==============================================================================

Memory Map of the image

  Image Entry point : 0x080001f9

  Load Region LR_IROM1 (Base: 0x08000000, Size: 0x000289bc, Max: 0x00200000, ABSOLUTE, COMPRESSED[0x00020374])

    Execution Region ER_IROM1 (Exec base: 0x08000000, Load base: 0x08000000, Size: 0x00020230, Max: 0x00200000, ABSOLUTE)

    Exec Addr    Load Addr    Size         Type   Attr      Idx    E Section Name        Object

    0x08000000   0x08000000   0x000001f8   Data   RO         1191    RESET               startup_stm32f769xx.o
    0x080001f8   0x080001f8   0x00000000   Code   RO         2256  * .ARM.Collect$$$$00000000  mc_w.l(entry.o)
    0x080001f8   0x080001f8   0x00000004   Code   RO         2540    .ARM.Collect$$$$00000001  mc_w.l(entry2.o)
    0x080001fc   0x080001fc   0x00000004   Code   RO         2543    .ARM.Collect$$$$00000004  mc_w.l(entry5.o)
    0x08000200   0x08000200   0x00000000   Code   RO         2545    .ARM.Collect$$$$00000008  mc_w.l(entry7b.o)
    0x08000200   0x08000200   0x00000000   Code   RO         2547    .ARM.Collect$$$$0000000A  mc_w.l(entry8b.o)
    0x08000200   0x08000200   0x00000008   Code   RO         2548    .ARM.Collect$$$$0000000B  mc_w.l(entry9a.o)
    0x08000208   0x08000208   0x00000004   Code   RO         2555    .ARM.Collect$$$$0000000E  mc_w.l(entry12b.o)
    0x0800020c   0x0800020c   0x00000000   Code   RO         2550    .ARM.Collect$$$$0000000F  mc_w.l(entry10a.o)
    0x0800020c   0x0800020c   0x00000000   Code   RO         2552    .ARM.Collect$$$$00000011  mc_w.l(entry11a.o)
    0x0800020c   0x0800020c   0x00000004   Code   RO         2541    .ARM.Collect$$$$00002712  mc_w.l(entry2.o)
    0x08000210   0x08000210   0x00000148   Code   RO          482    .emb_text           rtx_mempool.o
    0x08000358   0x08000358   0x00000148   Code   RO          513    .emb_text           rtx_msgqueue.o
    0x080004a0   0x080004a0   0x00000148   Code   RO          578    .emb_text           rtx_semaphore.o
    0x080005e8   0x080005e8   0x00000148   Code   RO          609    .emb_text           rtx_system.o
    0x08000730   0x08000730   0x00000148   Code   RO          643    .emb_text           rtx_thread.o
    0x08000878   0x08000878   0x00000084   Code   RO          830    .emb_text           eventrecorder.o
    0x080008fc   0x080008fc   0x0000000a   Code   RO            4    .text               http_server.o
    0x08000906   0x08000906   0x00000002   PAD
    0x08000908   0x08000908   0x00000694   Code   RO          151    .text               http_server_cgi.o
    0x08000f9c   0x08000f9c   0x00000088   Code   RO          176    .text               web.o
    0x08001024   0x08001024   0x000001f4   Code   RO          197    .text               main.o
    0x08001218   0x08001218   0x00000094   Code   RO          227    .text               irq_armv7m.o
    0x080012ac   0x080012ac   0x0000011c   Code   RO          235    .text               rtx_delay.o
    0x080013c8   0x080013c8   0x00000dd8   Code   RO          333    .text               rtx_evr.o
    0x080021a0   0x080021a0   0x000008b0   Code   RO          361    .text               rtx_kernel.o
    0x08002a50   0x08002a50   0x00000018   Code   RO          409    .text               rtx_lib.o
    0x08002a68   0x08002a68   0x000001de   Code   RO          452    .text               rtx_memory.o
    0x08002c46   0x08002c46   0x00000002   PAD
    0x08002c48   0x08002c48   0x000007a4   Code   RO          483    .text               rtx_mempool.o
    0x080033ec   0x080033ec   0x00000b88   Code   RO          514    .text               rtx_msgqueue.o
    0x08003f74   0x08003f74   0x00000644   Code   RO          548    .text               rtx_mutex.o
    0x080045b8   0x080045b8   0x00000532   Code   RO          579    .text               rtx_semaphore.o
    0x08004aea   0x08004aea   0x00000002   PAD
    0x08004aec   0x08004aec   0x000001bc   Code   RO          610    .text               rtx_system.o
    0x08004ca8   0x08004ca8   0x00001578   Code   RO          644    .text               rtx_thread.o
    0x08006220   0x08006220   0x00000538   Code   RO          678    .text               rtx_timer.o
    0x08006758   0x08006758   0x000000dc   Code   RO          708    .text               os_systick.o
    0x08006834   0x08006834   0x00000024   Code   RO          734    .text               rtx_config.o
    0x08006858   0x08006858   0x00000224   Code   RO          755    .text               phy_lan8742a.o
    0x08006a7c   0x08006a7c   0x00000f44   Code   RO          785    .text               emac_stm32f7xx.o
    0x080079c0   0x080079c0   0x00000618   Code   RO          831    .text               eventrecorder.o
    0x08007fd8   0x08007fd8   0x00000250   Code   RO          869    .text               stm32f7xx_hal.o
    0x08008228   0x08008228   0x00000384   Code   RO          947    .text               stm32f7xx_hal_cortex.o
    0x080085ac   0x080085ac   0x000003e0   Code   RO         1024    .text               stm32f7xx_hal_gpio.o
    0x0800898c   0x0800898c   0x00000380   Code   RO         1072    .text               stm32f7xx_hal_pwr_ex.o
    0x08008d0c   0x08008d0c   0x00000b4c   Code   RO         1096    .text               stm32f7xx_hal_rcc.o
    0x08009858   0x08009858   0x00000024   Code   RO         1192    .text               startup_stm32f769xx.o
    0x0800987c   0x0800987c   0x000000d0   Code   RO         1199    .text               system_stm32f7xx.o
    0x0800994c   0x0800994c   0x00000178   Code   RO         1227    .text               net_config.o
    0x08009ac4   0x08009ac4   0x00000150   Code   RO         1276    .text               net_debug.o
    0x08009c14   0x08009c14   0x00000062   Code   RO         2259    .text               mc_w.l(uldiv.o)
    0x08009c76   0x08009c76   0x00000024   Code   RO         2261    .text               mc_w.l(memcpya.o)
    0x08009c9a   0x08009c9a   0x00000024   Code   RO         2263    .text               mc_w.l(memseta.o)
    0x08009cbe   0x08009cbe   0x0000000e   Code   RO         2265    .text               mc_w.l(strlen.o)
    0x08009ccc   0x08009ccc   0x0000001c   Code   RO         2267    .text               mc_w.l(strcmp.o)
    0x08009ce8   0x08009ce8   0x0000001a   Code   RO         2269    .text               mc_w.l(memcmp.o)
    0x08009d02   0x08009d02   0x0000001e   Code   RO         2271    .text               mc_w.l(strncmp.o)
    0x08009d20   0x08009d20   0x00000038   Code   RO         2536    .text               mc_w.l(__0sscanf.o)
    0x08009d58   0x08009d58   0x0000014c   Code   RO         2538    .text               mc_w.l(_scanf_int.o)
    0x08009ea4   0x08009ea4   0x0000001e   Code   RO         2561    .text               mc_w.l(llshl.o)
    0x08009ec2   0x08009ec2   0x00000020   Code   RO         2563    .text               mc_w.l(llushr.o)
    0x08009ee2   0x08009ee2   0x0000001c   Code   RO         2565    .text               mc_w.l(_chval.o)
    0x08009efe   0x08009efe   0x00000002   PAD
    0x08009f00   0x08009f00   0x00000028   Code   RO         2567    .text               mc_w.l(scanf_char.o)
    0x08009f28   0x08009f28   0x00000040   Code   RO         2569    .text               mc_w.l(_sgetc.o)
    0x08009f68   0x08009f68   0x00000024   Code   RO         2582    .text               mc_w.l(init.o)
    0x08009f8c   0x08009f8c   0x0000000a   Code   RO         2587    .text               mc_w.l(isspace_c.o)
    0x08009f96   0x08009f96   0x00000002   PAD
    0x08009f98   0x08009f98   0x00000330   Code   RO         2589    .text               mc_w.l(_scanf.o)
    0x0800a2c8   0x0800a2c8   0x00000028   Code   RO         2594    .text               mc_w.l(ctype_c.o)
    0x0800a2f0   0x0800a2f0   0x00000056   Code   RO         2604    .text               mc_w.l(__dczerorl2.o)
    0x0800a346   0x0800a346   0x00000002   PAD
    0x0800a348   0x0800a348   0x00000028   Code   RO         2484    i.__0sprintf$8      mc_w.l(printf8.o)
    0x0800a370   0x0800a370   0x0000000e   Code   RO         2598    i.__scatterload_copy  mc_w.l(handlers.o)
    0x0800a37e   0x0800a37e   0x00000002   Code   RO         2599    i.__scatterload_null  mc_w.l(handlers.o)
    0x0800a380   0x0800a380   0x0000000e   Code   RO         2600    i.__scatterload_zeroinit  mc_w.l(handlers.o)
    0x0800a38e   0x0800a38e   0x00000002   PAD
    0x0800a390   0x0800a390   0x00000404   Code   RO         2489    i._printf_core      mc_w.l(printf8.o)
    0x0800a794   0x0800a794   0x00000024   Code   RO         2490    i._printf_post_padding  mc_w.l(printf8.o)
    0x0800a7b8   0x0800a7b8   0x0000002e   Code   RO         2491    i._printf_pre_padding  mc_w.l(printf8.o)
    0x0800a7e6   0x0800a7e6   0x0000000a   Code   RO         2493    i._sputc            mc_w.l(printf8.o)
    0x0800a7f0   0x0800a7f0   0x00000054   Code   RO         1682    i.add_server_id     Net_Dbg_CM3_L.lib(net_http_server.o)
    0x0800a844   0x0800a844   0x0000005c   Code   RO         1362    i.arp_cache_alloc   Net_Dbg_CM3_L.lib(net_arp.o)
    0x0800a8a0   0x0800a8a0   0x00000170   Code   RO         1363    i.arp_cache_run     Net_Dbg_CM3_L.lib(net_arp.o)
    0x0800aa10   0x0800aa10   0x00000038   Code   RO         1364    i.arp_is_cacheable  Net_Dbg_CM3_L.lib(net_arp.o)
    0x0800aa48   0x0800aa48   0x00000088   Code   RO         1365    i.arp_probe_run     Net_Dbg_CM3_L.lib(net_arp.o)
    0x0800aad0   0x0800aad0   0x000000d8   Code   RO         1367    i.arp_proc_response  Net_Dbg_CM3_L.lib(net_arp.o)
    0x0800aba8   0x0800aba8   0x0000001a   Code   RO         1368    i.arp_que_free      Net_Dbg_CM3_L.lib(net_arp.o)
    0x0800abc2   0x0800abc2   0x00000002   PAD
    0x0800abc4   0x0800abc4   0x000000a0   Code   RO         1369    i.arp_send_reply    Net_Dbg_CM3_L.lib(net_arp.o)
    0x0800ac64   0x0800ac64   0x000000d0   Code   RO         1370    i.arp_send_request  Net_Dbg_CM3_L.lib(net_arp.o)
    0x0800ad34   0x0800ad34   0x00000068   Code   RO         1371    i.arp_sender_valid  Net_Dbg_CM3_L.lib(net_arp.o)
    0x0800ad9c   0x0800ad9c   0x0000018c   Code   RO         1683    i.chk_post_req      Net_Dbg_CM3_L.lib(net_http_server.o)
    0x0800af28   0x0800af28   0x00000028   Code   RO         2170    i.crc32_8bit        Net_Dbg_CM3_L.lib(net_common.o)
    0x0800af50   0x0800af50   0x0000009a   Code   RO         1306    i.eth_check_link    Net_Dbg_CM3_L.lib(net_eth.o)
    0x0800afea   0x0800afea   0x00000002   PAD
    0x0800afec   0x0800afec   0x00000020   Code   RO         1307    i.eth_if_map        Net_Dbg_CM3_L.lib(net_eth.o)
    0x0800b00c   0x0800b00c   0x00000304   Code   RO         1308    i.eth_iface_init    Net_Dbg_CM3_L.lib(net_eth.o)
    0x0800b310   0x0800b310   0x00000290   Code   RO         1309    i.eth_iface_run     Net_Dbg_CM3_L.lib(net_eth.o)
    0x0800b5a0   0x0800b5a0   0x0000007c   Code   RO         1310    i.eth_iface_uninit  Net_Dbg_CM3_L.lib(net_eth.o)
    0x0800b61c   0x0800b61c   0x00000008   Code   RO         1311    i.eth_lock          Net_Dbg_CM3_L.lib(net_eth.o)
    0x0800b624   0x0800b624   0x0000001c   Code   RO         1312    i.eth_mtu_limit     Net_Dbg_CM3_L.lib(net_eth.o)
    0x0800b640   0x0800b640   0x00000048   Code   RO         1313    i.eth_opt_len       Net_Dbg_CM3_L.lib(net_eth.o)
    0x0800b688   0x0800b688   0x00000088   Code   RO         1314    i.eth_receive       Net_Dbg_CM3_L.lib(net_eth.o)
    0x0800b710   0x0800b710   0x00000008   Code   RO         1315    i.eth_unlock        Net_Dbg_CM3_L.lib(net_eth.o)
    0x0800b718   0x0800b718   0x0000007c   Code   RO         1446    i.frag_map_session  Net_Dbg_CM3_L.lib(net_ip4_frag.o)
    0x0800b794   0x0800b794   0x00000028   Code   RO         1684    i.get_next_field    Net_Dbg_CM3_L.lib(net_http_server.o)
    0x0800b7bc   0x0800b7bc   0x00000032   Code   RO         1685    i.get_next_par      Net_Dbg_CM3_L.lib(net_http_server.o)
    0x0800b7ee   0x0800b7ee   0x00000022   Code   RO         1686    i.hex2byte          Net_Dbg_CM3_L.lib(net_http_server.o)
    0x0800b810   0x0800b810   0x0000036c   Code   RO         1687    i.http_add_header   Net_Dbg_CM3_L.lib(net_http_server.o)
    0x0800bb7c   0x0800bb7c   0x00000050   Code   RO         1807    i.http_auth_basic_add  Net_Dbg_CM3_L.lib(net_http_server_auth.o)
    0x0800bbcc   0x0800bbcc   0x00000090   Code   RO         1808    i.http_auth_basic_parse  Net_Dbg_CM3_L.lib(net_http_server_auth.o)
    0x0800bc5c   0x0800bc5c   0x00000002   Code   RO         1814    i.http_auth_dummy   Net_Dbg_CM3_L.lib(net_http_server_auth.o)
    0x0800bc5e   0x0800bc5e   0x00000002   PAD
    0x0800bc60   0x0800bc60   0x00000024   Code   RO         1815    i.http_auth_init    Net_Dbg_CM3_L.lib(net_http_server_auth.o)
    0x0800bc84   0x0800bc84   0x000001cc   Code   RO         1688    i.http_error_msg    Net_Dbg_CM3_L.lib(net_http_server.o)
    0x0800be50   0x0800be50   0x00000078   Code   RO         1689    i.http_get_ftype    Net_Dbg_CM3_L.lib(net_http_server.o)
    0x0800bec8   0x0800bec8   0x0000005e   Code   RO         1690    i.http_kill_session  Net_Dbg_CM3_L.lib(net_http_server.o)
    0x0800bf26   0x0800bf26   0x00000002   PAD
    0x0800bf28   0x0800bf28   0x000002a8   Code   RO         1691    i.http_listener     Net_Dbg_CM3_L.lib(net_http_server.o)
    0x0800c1d0   0x0800c1d0   0x00000184   Code   RO         1692    i.http_open_file    Net_Dbg_CM3_L.lib(net_http_server.o)
    0x0800c354   0x0800c354   0x0000011c   Code   RO         1693    i.http_parse_header  Net_Dbg_CM3_L.lib(net_http_server.o)
    0x0800c470   0x0800c470   0x000001a8   Code   RO         1694    i.http_proc_multipart  Net_Dbg_CM3_L.lib(net_http_server.o)
    0x0800c618   0x0800c618   0x00000138   Code   RO         1695    i.http_proc_post    Net_Dbg_CM3_L.lib(net_http_server.o)
    0x0800c750   0x0800c750   0x00000468   Code   RO         1696    i.http_server_run   Net_Dbg_CM3_L.lib(net_http_server.o)
    0x0800cbb8   0x0800cbb8   0x00000060   Code   RO         1697    i.http_server_start  Net_Dbg_CM3_L.lib(net_http_server.o)
    0x0800cc18   0x0800cc18   0x00000020   Code   RO         1699    i.http_strcpy       Net_Dbg_CM3_L.lib(net_http_server.o)
    0x0800cc38   0x0800cc38   0x000000ac   Code   RO         1700    i.http_to_utc       Net_Dbg_CM3_L.lib(net_http_server.o)
    0x0800cce4   0x0800cce4   0x0000001a   Code   RO         2171    i.i2str             Net_Dbg_CM3_L.lib(net_common.o)
    0x0800ccfe   0x0800ccfe   0x0000000c   Code   RO         2048    i.ip4_get_chksum    Net_Dbg_CM3_L.lib(net_ip4.o)
    0x0800cd0a   0x0800cd0a   0x00000028   Code   RO         2049    i.ip4_get_mtu       Net_Dbg_CM3_L.lib(net_ip4.o)
    0x0800cd32   0x0800cd32   0x00000002   PAD
    0x0800cd34   0x0800cd34   0x0000000c   Code   RO         2147    i.mem_lock          Net_Dbg_CM3_L.lib(net_mem.o)
    0x0800cd40   0x0800cd40   0x0000000c   Code   RO         2148    i.mem_unlock        Net_Dbg_CM3_L.lib(net_mem.o)
    0x0800cd4c   0x0800cd4c   0x000001a4   Code   RO         1668    i.nbns_listener     Net_Dbg_CM3_L.lib(net_nbns_client.o)
    0x0800cef0   0x0800cef0   0x00000120   Code   RO         1978    i.ndp_cache_add     Net_Dbg_CM3_L.lib(net_ndp.o)
    0x0800d010   0x0800d010   0x00000072   Code   RO         1979    i.ndp_cache_alloc   Net_Dbg_CM3_L.lib(net_ndp.o)
    0x0800d082   0x0800d082   0x00000002   PAD
    0x0800d084   0x0800d084   0x00000078   Code   RO         1980    i.ndp_cache_delete  Net_Dbg_CM3_L.lib(net_ndp.o)
    0x0800d0fc   0x0800d0fc   0x0000002c   Code   RO         1982    i.ndp_check_frame   Net_Dbg_CM3_L.lib(net_ndp.o)
    0x0800d128   0x0800d128   0x00000012   Code   RO         1983    i.ndp_next_opt      Net_Dbg_CM3_L.lib(net_ndp.o)
    0x0800d13a   0x0800d13a   0x00000002   PAD
    0x0800d13c   0x0800d13c   0x000000e4   Code   RO         1984    i.ndp_prefix_add    Net_Dbg_CM3_L.lib(net_ndp.o)
    0x0800d220   0x0800d220   0x000000fc   Code   RO         1987    i.ndp_proc_response  Net_Dbg_CM3_L.lib(net_ndp.o)
    0x0800d31c   0x0800d31c   0x0000001a   Code   RO         1988    i.ndp_que_free      Net_Dbg_CM3_L.lib(net_ndp.o)
    0x0800d336   0x0800d336   0x00000002   PAD
    0x0800d338   0x0800d338   0x00000038   Code   RO         1989    i.ndp_router_remove  Net_Dbg_CM3_L.lib(net_ndp.o)
    0x0800d370   0x0800d370   0x0000009c   Code   RO         1990    i.ndp_send_reply    Net_Dbg_CM3_L.lib(net_ndp.o)
    0x0800d40c   0x0800d40c   0x000000bc   Code   RO         1991    i.ndp_send_request  Net_Dbg_CM3_L.lib(net_ndp.o)
    0x0800d4c8   0x0800d4c8   0x00000004   Code   RO         1701    i.netCGI_Charset    Net_Dbg_CM3_L.lib(net_http_server.o)
    0x0800d4cc   0x0800d4cc   0x00000004   Code   RO         1702    i.netCGI_ContentType  Net_Dbg_CM3_L.lib(net_http_server.o)
    0x0800d4d0   0x0800d4d0   0x00000004   Code   RO         1703    i.netCGI_CustomHeader  Net_Dbg_CM3_L.lib(net_http_server.o)
    0x0800d4d4   0x0800d4d4   0x0000006c   Code   RO         1704    i.netCGI_GetEnvVar  Net_Dbg_CM3_L.lib(net_http_server.o)
    0x0800d540   0x0800d540   0x00000004   Code   RO         1707    i.netCGI_Redirect   Net_Dbg_CM3_L.lib(net_http_server.o)
    0x0800d544   0x0800d544   0x00000004   Code   RO         1709    i.netCGX_ContentType  Net_Dbg_CM3_L.lib(net_http_server.o)
    0x0800d548   0x0800d548   0x00000064   Code   RO         1861    i.netCore_Thread    Net_Dbg_CM3_L.lib(net_sys.o)
    0x0800d5ac   0x0800d5ac   0x00000002   Code   RO         1316    i.netETH_Notify     Net_Dbg_CM3_L.lib(net_eth.o)
    0x0800d5ae   0x0800d5ae   0x00000002   Code   RO         1317    i.netETH_ReceiveRaw  Net_Dbg_CM3_L.lib(net_eth.o)
    0x0800d5b0   0x0800d5b0   0x00000072   Code   RO         1319    i.netETH_Thread     Net_Dbg_CM3_L.lib(net_eth.o)
    0x0800d622   0x0800d622   0x00000004   Code   RO         1710    i.netHTTPs_AcceptClient  Net_Dbg_CM3_L.lib(net_http_server.o)
    0x0800d626   0x0800d626   0x00000004   Code   RO         1816    i.netHTTPs_CheckAccount  Net_Dbg_CM3_L.lib(net_http_server_auth.o)
    0x0800d62a   0x0800d62a   0x00000004   Code   RO         1712    i.netHTTPs_FileAccess  Net_Dbg_CM3_L.lib(net_http_server.o)
    0x0800d62e   0x0800d62e   0x00000002   PAD
    0x0800d630   0x0800d630   0x00000084   Code   RO         1864    i.netIF_SetOption   Net_Dbg_CM3_L.lib(net_sys.o)
    0x0800d6b4   0x0800d6b4   0x0000001a   Code   RO         1914    i.netIP_aton        Net_Dbg_CM3_L.lib(net_addr.o)
    0x0800d6ce   0x0800d6ce   0x00000002   PAD
    0x0800d6d0   0x0800d6d0   0x000000ac   Code   RO         1865    i.netInitialize     Net_Dbg_CM3_L.lib(net_sys.o)
    0x0800d77c   0x0800d77c   0x0000008c   Code   RO         1916    i.netMAC_aton       Net_Dbg_CM3_L.lib(net_addr.o)
    0x0800d808   0x0800d808   0x0000007c   Code   RO         1918    i.net_addr4_aton    Net_Dbg_CM3_L.lib(net_addr.o)
    0x0800d884   0x0800d884   0x0000001e   Code   RO         1920    i.net_addr4_to_mac  Net_Dbg_CM3_L.lib(net_addr.o)
    0x0800d8a2   0x0800d8a2   0x00000002   PAD
    0x0800d8a4   0x0800d8a4   0x000000e6   Code   RO         1921    i.net_addr6_aton    Net_Dbg_CM3_L.lib(net_addr.o)
    0x0800d98a   0x0800d98a   0x00000028   Code   RO         1922    i.net_addr6_comp    Net_Dbg_CM3_L.lib(net_addr.o)
    0x0800d9b2   0x0800d9b2   0x00000012   Code   RO         1923    i.net_addr6_copy    Net_Dbg_CM3_L.lib(net_addr.o)
    0x0800d9c4   0x0800d9c4   0x0000004c   Code   RO         1924    i.net_addr6_create  Net_Dbg_CM3_L.lib(net_addr.o)
    0x0800da10   0x0800da10   0x00000028   Code   RO         1925    i.net_addr6_get_solicited  Net_Dbg_CM3_L.lib(net_addr.o)
    0x0800da38   0x0800da38   0x00000018   Code   RO         1926    i.net_addr6_is_linklocal  Net_Dbg_CM3_L.lib(net_addr.o)
    0x0800da50   0x0800da50   0x0000006e   Code   RO         1927    i.net_addr6_is_onlink  Net_Dbg_CM3_L.lib(net_addr.o)
    0x0800dabe   0x0800dabe   0x00000048   Code   RO         1928    i.net_addr6_is_solicited  Net_Dbg_CM3_L.lib(net_addr.o)
    0x0800db06   0x0800db06   0x00000018   Code   RO         1929    i.net_addr6_is_unspec  Net_Dbg_CM3_L.lib(net_addr.o)
    0x0800db1e   0x0800db1e   0x0000000e   Code   RO         1931    i.net_addr6_to_mac  Net_Dbg_CM3_L.lib(net_addr.o)
    0x0800db2c   0x0800db2c   0x0000001a   Code   RO         1934    i.net_addr_find_route  Net_Dbg_CM3_L.lib(net_addr.o)
    0x0800db46   0x0800db46   0x00000002   PAD
    0x0800db48   0x0800db48   0x00000020   Code   RO         1936    i.net_addr_get_local  Net_Dbg_CM3_L.lib(net_addr.o)
    0x0800db68   0x0800db68   0x00000022   Code   RO         1937    i.net_addr_is_unspec  Net_Dbg_CM3_L.lib(net_addr.o)
    0x0800db8a   0x0800db8a   0x00000002   PAD
    0x0800db8c   0x0800db8c   0x0000011c   Code   RO         1379    i.net_arp_cache_add  Net_Dbg_CM3_L.lib(net_arp.o)
    0x0800dca8   0x0800dca8   0x000000bc   Code   RO         1380    i.net_arp_cache_early  Net_Dbg_CM3_L.lib(net_arp.o)
    0x0800dd64   0x0800dd64   0x000000ec   Code   RO         1381    i.net_arp_cache_find  Net_Dbg_CM3_L.lib(net_arp.o)
    0x0800de50   0x0800de50   0x00000048   Code   RO         1382    i.net_arp_cache_init  Net_Dbg_CM3_L.lib(net_arp.o)
    0x0800de98   0x0800de98   0x0000001c   Code   RO         1383    i.net_arp_cache_run  Net_Dbg_CM3_L.lib(net_arp.o)
    0x0800deb4   0x0800deb4   0x00000040   Code   RO         1384    i.net_arp_cache_uninit  Net_Dbg_CM3_L.lib(net_arp.o)
    0x0800def4   0x0800def4   0x00000078   Code   RO         1385    i.net_arp_enqueue   Net_Dbg_CM3_L.lib(net_arp.o)
    0x0800df6c   0x0800df6c   0x00000020   Code   RO         1387    i.net_arp_notify    Net_Dbg_CM3_L.lib(net_arp.o)
    0x0800df8c   0x0800df8c   0x00000224   Code   RO         1389    i.net_arp_process   Net_Dbg_CM3_L.lib(net_arp.o)
    0x0800e1b0   0x0800e1b0   0x00000042   Code   RO         2172    i.net_atoi          Net_Dbg_CM3_L.lib(net_common.o)
    0x0800e1f2   0x0800e1f2   0x00000002   PAD
    0x0800e1f4   0x0800e1f4   0x00000078   Code   RO         2238    i.net_base64_decode  Net_Dbg_CM3_L.lib(net_base64.o)
    0x0800e26c   0x0800e26c   0x00000030   Code   RO         2174    i.net_chksum_buf    Net_Dbg_CM3_L.lib(net_common.o)
    0x0800e29c   0x0800e29c   0x0000001e   Code   RO         2175    i.net_crc_buf       Net_Dbg_CM3_L.lib(net_common.o)
    0x0800e2ba   0x0800e2ba   0x0000000e   Code   RO         1320    i.net_eth_callback  Net_Dbg_CM3_L.lib(net_eth.o)
    0x0800e2c8   0x0800e2c8   0x00000068   Code   RO         1321    i.net_eth_config_mcast  Net_Dbg_CM3_L.lib(net_eth.o)
    0x0800e330   0x0800e330   0x000000ea   Code   RO         1323    i.net_eth_get_option  Net_Dbg_CM3_L.lib(net_eth.o)
    0x0800e41a   0x0800e41a   0x00000002   PAD
    0x0800e41c   0x0800e41c   0x0000001c   Code   RO         1324    i.net_eth_iface_init  Net_Dbg_CM3_L.lib(net_eth.o)
    0x0800e438   0x0800e438   0x0000001c   Code   RO         1325    i.net_eth_iface_run  Net_Dbg_CM3_L.lib(net_eth.o)
    0x0800e454   0x0800e454   0x0000001c   Code   RO         1326    i.net_eth_iface_uninit  Net_Dbg_CM3_L.lib(net_eth.o)
    0x0800e470   0x0800e470   0x000000a8   Code   RO         1327    i.net_eth_output    Net_Dbg_CM3_L.lib(net_eth.o)
    0x0800e518   0x0800e518   0x000001e0   Code   RO         1328    i.net_eth_send_frame  Net_Dbg_CM3_L.lib(net_eth.o)
    0x0800e6f8   0x0800e6f8   0x00000270   Code   RO         1329    i.net_eth_set_option  Net_Dbg_CM3_L.lib(net_eth.o)
    0x0800e968   0x0800e968   0x000000e8   Code   RO         1731    i.net_http_server_init  Net_Dbg_CM3_L.lib(net_http_server.o)
    0x0800ea50   0x0800ea50   0x00000028   Code   RO         1732    i.net_http_server_run  Net_Dbg_CM3_L.lib(net_http_server.o)
    0x0800ea78   0x0800ea78   0x00000070   Code   RO         1733    i.net_http_server_uninit  Net_Dbg_CM3_L.lib(net_http_server.o)
    0x0800eae8   0x0800eae8   0x00000018   Code   RO         2120    i.net_icmp6_init    Net_Dbg_CM3_L.lib(net_icmp6.o)
    0x0800eb00   0x0800eb00   0x00000238   Code   RO         2121    i.net_icmp6_process  Net_Dbg_CM3_L.lib(net_icmp6.o)
    0x0800ed38   0x0800ed38   0x00000084   Code   RO         2122    i.net_icmp6_send    Net_Dbg_CM3_L.lib(net_icmp6.o)
    0x0800edbc   0x0800edbc   0x00000058   Code   RO         2123    i.net_icmp6_send_echo  Net_Dbg_CM3_L.lib(net_icmp6.o)
    0x0800ee14   0x0800ee14   0x00000018   Code   RO         1468    i.net_icmp_init     Net_Dbg_CM3_L.lib(net_icmp.o)
    0x0800ee2c   0x0800ee2c   0x000001c8   Code   RO         1469    i.net_icmp_process  Net_Dbg_CM3_L.lib(net_icmp.o)
    0x0800eff4   0x0800eff4   0x000000a0   Code   RO         1470    i.net_icmp_send_echo  Net_Dbg_CM3_L.lib(net_icmp.o)
    0x0800f094   0x0800f094   0x0000000c   Code   RO         1869    i.net_if_map_all    Net_Dbg_CM3_L.lib(net_sys.o)
    0x0800f0a0   0x0800f0a0   0x0000018c   Code   RO         2050    i.net_ip4_chk_frame  Net_Dbg_CM3_L.lib(net_ip4.o)
    0x0800f22c   0x0800f22c   0x0000002c   Code   RO         2051    i.net_ip4_chksum    Net_Dbg_CM3_L.lib(net_ip4.o)
    0x0800f258   0x0800f258   0x00000006   Code   RO         2052    i.net_ip4_chksum_buf  Net_Dbg_CM3_L.lib(net_ip4.o)
    0x0800f25e   0x0800f25e   0x00000002   PAD
    0x0800f260   0x0800f260   0x00000080   Code   RO         2054    i.net_ip4_find_route  Net_Dbg_CM3_L.lib(net_ip4.o)
    0x0800f2e0   0x0800f2e0   0x00000124   Code   RO         1447    i.net_ip4_frag_add  Net_Dbg_CM3_L.lib(net_ip4_frag.o)
    0x0800f404   0x0800f404   0x000000ac   Code   RO         1448    i.net_ip4_frag_get  Net_Dbg_CM3_L.lib(net_ip4_frag.o)
    0x0800f4b0   0x0800f4b0   0x00000010   Code   RO         1449    i.net_ip4_frag_init  Net_Dbg_CM3_L.lib(net_ip4_frag.o)
    0x0800f4c0   0x0800f4c0   0x0000003c   Code   RO         1450    i.net_ip4_frag_run  Net_Dbg_CM3_L.lib(net_ip4_frag.o)
    0x0800f4fc   0x0800f4fc   0x00000010   Code   RO         1451    i.net_ip4_frag_uninit  Net_Dbg_CM3_L.lib(net_ip4_frag.o)
    0x0800f50c   0x0800f50c   0x0000002c   Code   RO         2055    i.net_ip4_get_local  Net_Dbg_CM3_L.lib(net_ip4.o)
    0x0800f538   0x0800f538   0x00000024   Code   RO         2056    i.net_ip4_init      Net_Dbg_CM3_L.lib(net_ip4.o)
    0x0800f55c   0x0800f55c   0x00000020   Code   RO         2057    i.net_ip4_is_onlink  Net_Dbg_CM3_L.lib(net_ip4.o)
    0x0800f57c   0x0800f57c   0x00000026   Code   RO         2058    i.net_ip4_is_subcast  Net_Dbg_CM3_L.lib(net_ip4.o)
    0x0800f5a2   0x0800f5a2   0x0000000e   Code   RO         2059    i.net_ip4_reass_frame  Net_Dbg_CM3_L.lib(net_ip4.o)
    0x0800f5b0   0x0800f5b0   0x00000164   Code   RO         2060    i.net_ip4_send_frame  Net_Dbg_CM3_L.lib(net_ip4.o)
    0x0800f714   0x0800f714   0x0000002a   Code   RO         2062    i.net_ip4_tx_offl_hl  Net_Dbg_CM3_L.lib(net_ip4.o)
    0x0800f73e   0x0800f73e   0x00000002   PAD
    0x0800f740   0x0800f740   0x00000020   Code   RO         2063    i.net_ip4_uninit    Net_Dbg_CM3_L.lib(net_ip4.o)
    0x0800f760   0x0800f760   0x00000100   Code   RO         2088    i.net_ip6_chk_frame  Net_Dbg_CM3_L.lib(net_ip6.o)
    0x0800f860   0x0800f860   0x00000032   Code   RO         2089    i.net_ip6_chksum    Net_Dbg_CM3_L.lib(net_ip6.o)
    0x0800f892   0x0800f892   0x00000002   PAD
    0x0800f894   0x0800f894   0x0000007c   Code   RO         2090    i.net_ip6_collect_mcast  Net_Dbg_CM3_L.lib(net_ip6.o)
    0x0800f910   0x0800f910   0x00000048   Code   RO         2092    i.net_ip6_find_route  Net_Dbg_CM3_L.lib(net_ip6.o)
    0x0800f958   0x0800f958   0x00000054   Code   RO         2093    i.net_ip6_get_local  Net_Dbg_CM3_L.lib(net_ip6.o)
    0x0800f9ac   0x0800f9ac   0x0000001c   Code   RO         2094    i.net_ip6_init      Net_Dbg_CM3_L.lib(net_ip6.o)
    0x0800f9c8   0x0800f9c8   0x000000cc   Code   RO         2095    i.net_ip6_send_frame  Net_Dbg_CM3_L.lib(net_ip6.o)
    0x0800fa94   0x0800fa94   0x0000001e   Code   RO         2097    i.net_ip6_tx_offl_hl  Net_Dbg_CM3_L.lib(net_ip6.o)
    0x0800fab2   0x0800fab2   0x00000002   PAD
    0x0800fab4   0x0800fab4   0x0000001c   Code   RO         2098    i.net_ip6_uninit    Net_Dbg_CM3_L.lib(net_ip6.o)
    0x0800fad0   0x0800fad0   0x00000008   Code   RO         2176    i.net_itoa          Net_Dbg_CM3_L.lib(net_common.o)
    0x0800fad8   0x0800fad8   0x00000006   Code   RO         2178    i.net_itoa_n0       Net_Dbg_CM3_L.lib(net_common.o)
    0x0800fade   0x0800fade   0x00000002   PAD
    0x0800fae0   0x0800fae0   0x00000030   Code   RO         1429    i.net_loop_iface_init  Net_Dbg_CM3_L.lib(net_loopback.o)
    0x0800fb10   0x0800fb10   0x000000bc   Code   RO         1430    i.net_loop_iface_run  Net_Dbg_CM3_L.lib(net_loopback.o)
    0x0800fbcc   0x0800fbcc   0x00000028   Code   RO         1431    i.net_loop_iface_uninit  Net_Dbg_CM3_L.lib(net_loopback.o)
    0x0800fbf4   0x0800fbf4   0x00000070   Code   RO         1432    i.net_loop_send_frame  Net_Dbg_CM3_L.lib(net_loopback.o)
    0x0800fc64   0x0800fc64   0x000000c0   Code   RO         2149    i.net_mem_alloc     Net_Dbg_CM3_L.lib(net_mem.o)
    0x0800fd24   0x0800fd24   0x0000001c   Code   RO         2150    i.net_mem_avail     Net_Dbg_CM3_L.lib(net_mem.o)
    0x0800fd40   0x0800fd40   0x000000a4   Code   RO         2151    i.net_mem_free      Net_Dbg_CM3_L.lib(net_mem.o)
    0x0800fde4   0x0800fde4   0x00000070   Code   RO         2152    i.net_mem_init      Net_Dbg_CM3_L.lib(net_mem.o)
    0x0800fe54   0x0800fe54   0x00000048   Code   RO         2153    i.net_mem_shrink    Net_Dbg_CM3_L.lib(net_mem.o)
    0x0800fe9c   0x0800fe9c   0x00000064   Code   RO         1669    i.net_nbns_client_init  Net_Dbg_CM3_L.lib(net_nbns_client.o)
    0x0800ff00   0x0800ff00   0x00000038   Code   RO         1670    i.net_nbns_client_uninit  Net_Dbg_CM3_L.lib(net_nbns_client.o)
    0x0800ff38   0x0800ff38   0x000001c4   Code   RO         1999    i.net_ndp_cache_find  Net_Dbg_CM3_L.lib(net_ndp.o)
    0x080100fc   0x080100fc   0x00000078   Code   RO         2002    i.net_ndp_cache_refresh  Net_Dbg_CM3_L.lib(net_ndp.o)
    0x08010174   0x08010174   0x00000070   Code   RO         2005    i.net_ndp_enqueue   Net_Dbg_CM3_L.lib(net_ndp.o)
    0x080101e4   0x080101e4   0x00000374   Code   RO         2007    i.net_ndp_process   Net_Dbg_CM3_L.lib(net_ndp.o)
    0x08010558   0x08010558   0x00000038   Code   RO         1871    i.net_path          Net_Dbg_CM3_L.lib(net_sys.o)
    0x08010590   0x08010590   0x00000020   Code   RO         1842    i.net_ping_client_init  Net_Dbg_CM3_L.lib(net_ping_core.o)
    0x080105b0   0x080105b0   0x00000080   Code   RO         1843    i.net_ping_client_run  Net_Dbg_CM3_L.lib(net_ping_core.o)
    0x08010630   0x08010630   0x00000020   Code   RO         1845    i.net_ping_client_uninit  Net_Dbg_CM3_L.lib(net_ping_core.o)
    0x08010650   0x08010650   0x0000001c   Code   RO         1872    i.net_rand32        Net_Dbg_CM3_L.lib(net_sys.o)
    0x0801066c   0x0801066c   0x0000002e   Code   RO         2179    i.net_strcasecmp    Net_Dbg_CM3_L.lib(net_common.o)
    0x0801069a   0x0801069a   0x00000016   Code   RO         2180    i.net_strchr        Net_Dbg_CM3_L.lib(net_common.o)
    0x080106b0   0x080106b0   0x0000001a   Code   RO         2181    i.net_strcmp        Net_Dbg_CM3_L.lib(net_common.o)
    0x080106ca   0x080106ca   0x00000012   Code   RO         2182    i.net_strcpy        Net_Dbg_CM3_L.lib(net_common.o)
    0x080106dc   0x080106dc   0x0000001c   Code   RO         2184    i.net_strnchr       Net_Dbg_CM3_L.lib(net_common.o)
    0x080106f8   0x080106f8   0x0000001a   Code   RO         2185    i.net_strncpy       Net_Dbg_CM3_L.lib(net_common.o)
    0x08010712   0x08010712   0x00000020   Code   RO         2186    i.net_strtoupper    Net_Dbg_CM3_L.lib(net_common.o)
    0x08010732   0x08010732   0x00000002   PAD
    0x08010734   0x08010734   0x0000000c   Code   RO         1873    i.net_sys_lock      Net_Dbg_CM3_L.lib(net_sys.o)
    0x08010740   0x08010740   0x00000016   Code   RO         1874    i.net_sys_resume    Net_Dbg_CM3_L.lib(net_sys.o)
    0x08010756   0x08010756   0x00000002   PAD
    0x08010758   0x08010758   0x00000014   Code   RO         1876    i.net_sys_tick      Net_Dbg_CM3_L.lib(net_sys.o)
    0x0801076c   0x0801076c   0x0000000c   Code   RO         1877    i.net_sys_unlock    Net_Dbg_CM3_L.lib(net_sys.o)
    0x08010778   0x08010778   0x00000020   Code   RO         1879    i.net_sys_wakeup    Net_Dbg_CM3_L.lib(net_sys.o)
    0x08010798   0x08010798   0x00000084   Code   RO         1561    i.net_tcp_abort     Net_Dbg_CM3_L.lib(net_tcp.o)
    0x0801081c   0x0801081c   0x000000e4   Code   RO         1564    i.net_tcp_close     Net_Dbg_CM3_L.lib(net_tcp.o)
    0x08010900   0x08010900   0x0000002e   Code   RO         1567    i.net_tcp_get_buf   Net_Dbg_CM3_L.lib(net_tcp.o)
    0x0801092e   0x0801092e   0x00000002   PAD
    0x08010930   0x08010930   0x00000028   Code   RO         1570    i.net_tcp_get_mss   Net_Dbg_CM3_L.lib(net_tcp.o)
    0x08010958   0x08010958   0x00000070   Code   RO         1574    i.net_tcp_get_socket  Net_Dbg_CM3_L.lib(net_tcp.o)
    0x080109c8   0x080109c8   0x0000002c   Code   RO         1575    i.net_tcp_get_state  Net_Dbg_CM3_L.lib(net_tcp.o)
    0x080109f4   0x080109f4   0x000000b0   Code   RO         1577    i.net_tcp_listen    Net_Dbg_CM3_L.lib(net_tcp.o)
    0x08010aa4   0x08010aa4   0x000007a8   Code   RO         1579    i.net_tcp_process   Net_Dbg_CM3_L.lib(net_tcp.o)
    0x0801124c   0x0801124c   0x0000015c   Code   RO         1583    i.net_tcp_send      Net_Dbg_CM3_L.lib(net_tcp.o)
    0x080113a8   0x080113a8   0x0000012c   Code   RO         1585    i.net_tcp_set_option  Net_Dbg_CM3_L.lib(net_tcp.o)
    0x080114d4   0x080114d4   0x00000028   Code   RO         1586    i.net_tcp_socket_init  Net_Dbg_CM3_L.lib(net_tcp.o)
    0x080114fc   0x080114fc   0x000003c0   Code   RO         1587    i.net_tcp_socket_run  Net_Dbg_CM3_L.lib(net_tcp.o)
    0x080118bc   0x080118bc   0x00000028   Code   RO         1588    i.net_tcp_socket_uninit  Net_Dbg_CM3_L.lib(net_tcp.o)
    0x080118e4   0x080118e4   0x0000002e   Code   RO         1498    i.net_udp_get_buf   Net_Dbg_CM3_L.lib(net_udp.o)
    0x08011912   0x08011912   0x00000002   PAD
    0x08011914   0x08011914   0x00000070   Code   RO         1501    i.net_udp_get_socket  Net_Dbg_CM3_L.lib(net_udp.o)
    0x08011984   0x08011984   0x000000ac   Code   RO         1503    i.net_udp_open      Net_Dbg_CM3_L.lib(net_udp.o)
    0x08011a30   0x08011a30   0x00000158   Code   RO         1504    i.net_udp_process   Net_Dbg_CM3_L.lib(net_udp.o)
    0x08011b88   0x08011b88   0x0000022c   Code   RO         1507    i.net_udp_send_if   Net_Dbg_CM3_L.lib(net_udp.o)
    0x08011db4   0x08011db4   0x00000024   Code   RO         1509    i.net_udp_socket_init  Net_Dbg_CM3_L.lib(net_udp.o)
    0x08011dd8   0x08011dd8   0x00000024   Code   RO         1510    i.net_udp_socket_uninit  Net_Dbg_CM3_L.lib(net_udp.o)
    0x08011dfc   0x08011dfc   0x00000008   Code   RO         2187    i.net_ultoa         Net_Dbg_CM3_L.lib(net_common.o)
    0x08011e04   0x08011e04   0x0000004c   Code   RO         2191    i.net_xtoul         Net_Dbg_CM3_L.lib(net_common.o)
    0x08011e50   0x08011e50   0x0000001c   Code   RO         1846    i.ping_send_req     Net_Dbg_CM3_L.lib(net_ping_core.o)
    0x08011e6c   0x08011e6c   0x00000058   Code   RO         1735    i.proc_req_line     Net_Dbg_CM3_L.lib(net_http_server.o)
    0x08011ec4   0x08011ec4   0x0000001a   Code   RO         1452    i.que_free_list     Net_Dbg_CM3_L.lib(net_ip4_frag.o)
    0x08011ede   0x08011ede   0x000000a0   Code   RO         1736    i.read_script_line  Net_Dbg_CM3_L.lib(net_http_server.o)
    0x08011f7e   0x08011f7e   0x00000048   Code   RO         1737    i.search_delim      Net_Dbg_CM3_L.lib(net_http_server.o)
    0x08011fc6   0x08011fc6   0x00000018   Code   RO         1880    i.sys_map_if        Net_Dbg_CM3_L.lib(net_sys.o)
    0x08011fde   0x08011fde   0x00000002   PAD
    0x08011fe0   0x08011fe0   0x0000004c   Code   RO         1881    i.sys_proc_tick     Net_Dbg_CM3_L.lib(net_sys.o)
    0x0801202c   0x0801202c   0x00000110   Code   RO         1589    i.tcp_map_socket    Net_Dbg_CM3_L.lib(net_tcp.o)
    0x0801213c   0x0801213c   0x00000084   Code   RO         1590    i.tcp_parse_opt     Net_Dbg_CM3_L.lib(net_tcp.o)
    0x080121c0   0x080121c0   0x0000011c   Code   RO         1591    i.tcp_proc_acknr    Net_Dbg_CM3_L.lib(net_tcp.o)
    0x080122dc   0x080122dc   0x000000ac   Code   RO         1592    i.tcp_proc_dupack   Net_Dbg_CM3_L.lib(net_tcp.o)
    0x08012388   0x08012388   0x0000001a   Code   RO         1593    i.tcp_que_free      Net_Dbg_CM3_L.lib(net_tcp.o)
    0x080123a2   0x080123a2   0x0000001a   Code   RO         1594    i.tcp_que_init      Net_Dbg_CM3_L.lib(net_tcp.o)
    0x080123bc   0x080123bc   0x000000ac   Code   RO         1595    i.tcp_que_resend    Net_Dbg_CM3_L.lib(net_tcp.o)
    0x08012468   0x08012468   0x00000090   Code   RO         1596    i.tcp_send_ctrl     Net_Dbg_CM3_L.lib(net_tcp.o)
    0x080124f8   0x080124f8   0x0000007c   Code   RO         1597    i.tcp_send_data     Net_Dbg_CM3_L.lib(net_tcp.o)
    0x08012574   0x08012574   0x00000090   Code   RO         1598    i.tcp_send_reset    Net_Dbg_CM3_L.lib(net_tcp.o)
    0x08012604   0x08012604   0x00000044   Code   RO         1599    i.tcp_set_cwnd      Net_Dbg_CM3_L.lib(net_tcp.o)
    0x08012648   0x08012648   0x00000074   Code   RO         1600    i.tcp_transit       Net_Dbg_CM3_L.lib(net_tcp.o)
    0x080126bc   0x080126bc   0x0000010c   Code   RO         1601    i.tcp_write         Net_Dbg_CM3_L.lib(net_tcp.o)
    0x080127c8   0x080127c8   0x0000002c   Code   RO         1511    i.udp_port_in_use   Net_Dbg_CM3_L.lib(net_udp.o)
    0x080127f4   0x080127f4   0x00000044   Code   RO         2192    i.ul2str            Net_Dbg_CM3_L.lib(net_common.o)
    0x08012838   0x08012838   0x00000124   Code   RO         1738    i.utc_to_http       Net_Dbg_CM3_L.lib(net_http_server.o)
    0x0801295c   0x0801295c   0x00000024   Data   RO            6    .constdata          http_server.o
    0x08012980   0x08012980   0x0000ce98   Data   RO          177    .constdata          web.o
    0x0801f818   0x0801f818   0x00000001   Data   RO          226    .constdata          irq_armv7m.o
    0x0801f819   0x0801f819   0x00000003   PAD
    0x0801f81c   0x0801f81c   0x00000068   Data   RO          416    .constdata          rtx_lib.o
    0x0801f884   0x0801f884   0x00000024   Data   RO          757    .constdata          phy_lan8742a.o
    0x0801f8a8   0x0801f8a8   0x00000094   Data   RO          788    .constdata          emac_stm32f7xx.o
    0x0801f93c   0x0801f93c   0x00000018   Data   RO          833    .constdata          eventrecorder.o
    0x0801f954   0x0801f954   0x00000018   Data   RO         1200    .constdata          system_stm32f7xx.o
    0x0801f96c   0x0801f96c   0x00000268   Data   RO         1233    .constdata          net_config.o
    0x0801fbd4   0x0801fbd4   0x0000002c   Data   RO         1433    .constdata          Net_Dbg_CM3_L.lib(net_loopback.o)
    0x0801fc00   0x0801fc00   0x0000000c   Data   RO         1434    .constdata          Net_Dbg_CM3_L.lib(net_loopback.o)
    0x0801fc0c   0x0801fc0c   0x00000008   Data   RO         1671    .constdata          Net_Dbg_CM3_L.lib(net_nbns_client.o)
    0x0801fc14   0x0801fc14   0x000000fa   Data   RO         1740    .constdata          Net_Dbg_CM3_L.lib(net_http_server.o)
    0x0801fd0e   0x0801fd0e   0x00000002   PAD
    0x0801fd10   0x0801fd10   0x00000018   Data   RO         1819    .constdata          Net_Dbg_CM3_L.lib(net_http_server_auth.o)
    0x0801fd28   0x0801fd28   0x00000012   Data   RO         1848    .constdata          Net_Dbg_CM3_L.lib(net_ping_core.o)
    0x0801fd3a   0x0801fd3a   0x00000010   Data   RO         1941    .constdata          Net_Dbg_CM3_L.lib(net_addr.o)
    0x0801fd4a   0x0801fd4a   0x00000006   Data   RO         1942    .constdata          Net_Dbg_CM3_L.lib(net_addr.o)
    0x0801fd50   0x0801fd50   0x00000004   Data   RO         2064    .constdata          Net_Dbg_CM3_L.lib(net_ip4.o)
    0x0801fd54   0x0801fd54   0x00000020   Data   RO         2099    .constdata          Net_Dbg_CM3_L.lib(net_ip6.o)
    0x0801fd74   0x0801fd74   0x00000018   Data   RO         2139    .constdata          Net_Dbg_CM3_L.lib(net_http_server_err.o)
    0x0801fd8c   0x0801fd8c   0x00000090   Data   RO         2240    .constdata          Net_Dbg_CM3_L.lib(net_base64.o)
    0x0801fe1c   0x0801fe1c   0x00000004   Data   RO         2249    .constdata          Net_Dbg_CM3_L.lib(net_version.o)
    0x0801fe20   0x0801fe20   0x00000040   Data   RO         2595    .constdata          mc_w.l(ctype_c.o)
    0x0801fe60   0x0801fe60   0x000000e5   Data   RO         1234    .conststring        net_config.o
    0x0801ff45   0x0801ff45   0x00000003   PAD
    0x0801ff48   0x0801ff48   0x00000203   Data   RO         2140    .conststring        Net_Dbg_CM3_L.lib(net_http_server_err.o)
    0x0802014b   0x0802014b   0x00000001   PAD
    0x0802014c   0x0802014c   0x0000000b   Data   RO          362    .conststrlit        rtx_kernel.o
    0x08020157   0x08020157   0x00000001   PAD
    0x08020158   0x08020158   0x000000a8   Data   RO          417    .rodata             rtx_lib.o
    0x08020200   0x08020200   0x00000030   Data   RO         2597    Region$$Table       anon$$obj.o


    Execution Region RW_IRAM2 (Exec base: 0x20000000, Load base: 0x08020374, Size: 0x0000e4c0, Max: 0x00020000, ABSOLUTE)

    Exec Addr    Load Addr    Size         Type   Attr      Idx    E Section Name        Object

    0x20000000        -       0x000004a4   Zero   RW          832    .bss.noinit         eventrecorder.o
    0x200004a4   0x08020374   0x0000bb5c   PAD
    0x2000c000        -       0x000024c0   Zero   RW          786    .ARM.__AT_0x2000C000  emac_stm32f7xx.o


    Execution Region RW_IRAM1 (Exec base: 0x20020000, Load base: 0x08020230, Size: 0x0000cdf8, Max: 0x00060000, ABSOLUTE, COMPRESSED[0x00000144])

    Exec Addr    Load Addr    Size         Type   Attr      Idx    E Section Name        Object

    0x20020000   COMPRESSED   0x00008040   Data   RW          410    .bss.os             rtx_lib.o
    0x20028040   COMPRESSED   0x00000001   Data   RW          709    .bss.os             os_systick.o
    0x20028041   COMPRESSED   0x00000003   PAD
    0x20028044   COMPRESSED   0x00000034   Data   RW          411    .bss.os.msgqueue.cb  rtx_lib.o
    0x20028078   COMPRESSED   0x00000050   Data   RW          412    .bss.os.msgqueue.mem  rtx_lib.o
    0x200280c8   COMPRESSED   0x00000038   Data   RW         1229    .bss.os.mutex.cb    net_config.o
    0x20028100   COMPRESSED   0x00000010   Data   RW         1230    .bss.os.semaphore.cb  net_config.o
    0x20028110   COMPRESSED   0x00000088   Data   RW          413    .bss.os.thread.cb   rtx_lib.o
    0x20028198   COMPRESSED   0x00000088   Data   RW         1231    .bss.os.thread.cb   net_config.o
    0x20028220   COMPRESSED   0x00000200   Data   RW          414    .bss.os.thread.idle.stack  rtx_lib.o
    0x20028420   COMPRESSED   0x00000200   Data   RW          415    .bss.os.thread.timer.stack  rtx_lib.o
    0x20028620   COMPRESSED   0x00000020   Data   RW         1232    .bss.os.timer.cb    net_config.o
    0x20028640   COMPRESSED   0x00000054   Data   RW          153    .data               http_server_cgi.o
    0x20028694   COMPRESSED   0x00000004   Data   RW          198    .data               main.o
    0x20028698   COMPRESSED   0x00000001   Data   RW          834    .data               eventrecorder.o
    0x20028699   COMPRESSED   0x00000003   PAD
    0x2002869c   COMPRESSED   0x00000009   Data   RW          870    .data               stm32f7xx_hal.o
    0x200286a5   COMPRESSED   0x00000003   PAD
    0x200286a8   COMPRESSED   0x00000004   Data   RW         1201    .data               system_stm32f7xx.o
    0x200286ac   COMPRESSED   0x0000000e   Data   RW         1235    .data               net_config.o
    0x200286ba   COMPRESSED   0x00000002   PAD
    0x200286bc   COMPRESSED   0x00000004   Data   RW         1435    .data               Net_Dbg_CM3_L.lib(net_loopback.o)
    0x200286c0   COMPRESSED   0x00000004   Data   RW         1453    .data               Net_Dbg_CM3_L.lib(net_ip4_frag.o)
    0x200286c4   COMPRESSED   0x00000001   Data   RW         1471    .data               Net_Dbg_CM3_L.lib(net_icmp.o)
    0x200286c5   COMPRESSED   0x00000001   PAD
    0x200286c6   COMPRESSED   0x00000002   Data   RW         1513    .data               Net_Dbg_CM3_L.lib(net_udp.o)
    0x200286c8   COMPRESSED   0x00000004   Data   RW         1604    .data               Net_Dbg_CM3_L.lib(net_tcp.o)
    0x200286cc   COMPRESSED   0x00000001   Data   RW         1672    .data               Net_Dbg_CM3_L.lib(net_nbns_client.o)
    0x200286cd   COMPRESSED   0x00000003   PAD
    0x200286d0   COMPRESSED   0x0000000c   Data   RW         1741    .data               Net_Dbg_CM3_L.lib(net_http_server.o)
    0x200286dc   COMPRESSED   0x00000008   Data   RW         2065    .data               Net_Dbg_CM3_L.lib(net_ip4.o)
    0x200286e4   COMPRESSED   0x00000004   Data   RW         2101    .data               Net_Dbg_CM3_L.lib(net_ip6.o)
    0x200286e8   COMPRESSED   0x000000a4   Data   RW          363    .data.os            rtx_kernel.o
    0x2002878c   COMPRESSED   0x00000004   PAD
    0x20028790        -       0x00000400   Zero   RW            5    .bss                http_server.o
    0x20028b90        -       0x00000038   Zero   RW          152    .bss                http_server_cgi.o
    0x20028bc8        -       0x0000000c   Zero   RW          756    .bss                phy_lan8742a.o
    0x20028bd4        -       0x0000000c   Zero   RW          787    .bss                emac_stm32f7xx.o
    0x20028be0        -       0x00003bb0   Zero   RW         1228    .bss                net_config.o
    0x2002c790        -       0x000000a0   Zero   RW         1330    .bss                Net_Dbg_CM3_L.lib(net_eth.o)
    0x2002c830        -       0x00000018   Zero   RW         1390    .bss                Net_Dbg_CM3_L.lib(net_arp.o)
    0x2002c848        -       0x0000001c   Zero   RW         1512    .bss                Net_Dbg_CM3_L.lib(net_udp.o)
    0x2002c864        -       0x00000098   Zero   RW         1739    .bss                Net_Dbg_CM3_L.lib(net_http_server.o)
    0x2002c8fc        -       0x0000002c   Zero   RW         1847    .bss                Net_Dbg_CM3_L.lib(net_ping_core.o)
    0x2002c928        -       0x00000038   Zero   RW         1882    .bss                Net_Dbg_CM3_L.lib(net_sys.o)
    0x2002c960        -       0x00000024   Zero   RW         1883    .bss                Net_Dbg_CM3_L.lib(net_sys.o)
    0x2002c984        -       0x0000005c   Zero   RW         1940    .bss                Net_Dbg_CM3_L.lib(net_addr.o)
    0x2002c9e0        -       0x00000014   Zero   RW         2155    .bss                Net_Dbg_CM3_L.lib(net_mem.o)
    0x2002c9f4   COMPRESSED   0x00000004   PAD
    0x2002c9f8        -       0x00000400   Zero   RW         1189    STACK               startup_stm32f769xx.o


==============================================================================

Image component sizes


      Code (inc. data)   RO Data    RW Data    ZI Data      Debug   Object Name

      3908        202        148          0       9420      55270   emac_stm32f7xx.o
      1692         44         24          1       1188      17308   eventrecorder.o
        10          0         36          0       1024     958163   http_server.o
      1684        344          0         84         56       7312   http_server_cgi.o
       148          8          1          0          0        660   irq_armv7m.o
       500         26          0          4          0       3376   main.o
       376         24        845        254      15280      32886   net_config.o
       336          0          0          0          0        902   net_debug.o
       220         14          0          1          0       1992   os_systick.o
       548          8         36          0         12       7678   phy_lan8742a.o
        36          6          0          0          0        691   rtx_config.o
       284         12          0          0          0      17902   rtx_delay.o
      3544        106          0          0          0      52789   rtx_evr.o
      2224        100         11        164          0      27460   rtx_kernel.o
        24          0        272      34124          0       9939   rtx_lib.o
       478          0          0          0          0       2991   rtx_memory.o
      2284         46          0          0          0      15184   rtx_mempool.o
      3280         60          0          0          0      23580   rtx_msgqueue.o
      1604         30          0          0          0       9882   rtx_mutex.o
      1658         34          0          0          0      12004   rtx_semaphore.o
       772         20          0          0          0       8337   rtx_system.o
      5824        152          0          0          0      32237   rtx_thread.o
      1336         36          0          0          0      10141   rtx_timer.o
        36          8        504          0       1024        856   startup_stm32f769xx.o
       592         42          0          9          0      11356   stm32f7xx_hal.o
       900         20          0          0          0      41058   stm32f7xx_hal_cortex.o
       992         52          0          0          0       3543   stm32f7xx_hal_gpio.o
       896         18          0          0          0       4487   stm32f7xx_hal_pwr_ex.o
      2892         74          0          0          0       5839   stm32f7xx_hal_rcc.o
       208         24         24          4          0       1641   system_stm32f7xx.o
       136          8      52888          0          0       1716   web.o

    ----------------------------------------------------------------------
     39428       1518      54844      34656      75972    1379180   Object Totals
         0          0         48          0          0          0   (incl. Generated)
         6          0          7         11      47968          0   (incl. Padding)

    ----------------------------------------------------------------------

      Code (inc. data)   RO Data    RW Data    ZI Data      Debug   Library Member Name

      1060         18         22          0         92       1220   net_addr.o
      2938        152          0          0         24       1628   net_arp.o
       120          6        144          0          0         84   net_base64.o
       574          6          0          0          0       1260   net_common.o
      3816        150          0          0        160       1756   net_eth.o
      6802       1252        250         12        152       2656   net_http_server.o
       266         66         24          0          0        368   net_http_server_auth.o
         0          0        539          0          0          0   net_http_server_err.o
       640         48          0          1          0        236   net_icmp.o
       812         60          0          0          0        332   net_icmp6.o
      1220         92          4          8          0       1032   net_ip4.o
       706         34          0          4          0        544   net_ip4_frag.o
       876         80         32          4          0        720   net_ip6.o
       388         36         56          4          0        336   net_loopback.o
       592         64          0          0         20        564   net_mem.o
       576         58          8          1          0        268   net_nbns_client.o
      3058        106          0          0          0       1404   net_ndp.o
       220         40         18          0         44        300   net_ping_core.o
       698         76          0          0         92        928   net_sys.o
      6374        280          0          4          0       2312   net_tcp.o
      1346         78          0          2         28        700   net_udp.o
         0          0          4          0          0          0   net_version.o
        56          8          0          0          0         84   __0sscanf.o
        86          0          0          0          0          0   __dczerorl2.o
        28          0          0          0          0         68   _chval.o
       816          6          0          0          0        112   _scanf.o
       332          0          0          0          0         96   _scanf_int.o
        64          0          0          0          0         84   _sgetc.o
        40          6         64          0          0         68   ctype_c.o
         0          0          0          0          0          0   entry.o
         0          0          0          0          0          0   entry10a.o
         0          0          0          0          0          0   entry11a.o
         4          0          0          0          0          0   entry12b.o
         8          4          0          0          0          0   entry2.o
         4          0          0          0          0          0   entry5.o
         0          0          0          0          0          0   entry7b.o
         0          0          0          0          0          0   entry8b.o
         8          4          0          0          0          0   entry9a.o
        30          0          0          0          0          0   handlers.o
        36          8          0          0          0         68   init.o
        10          0          0          0          0         68   isspace_c.o
        30          0          0          0          0         68   llshl.o
        32          0          0          0          0         68   llushr.o
        26          0          0          0          0         80   memcmp.o
        36          0          0          0          0         68   memcpya.o
        36          0          0          0          0        108   memseta.o
      1160         50          0          0          0        420   printf8.o
        40          8          0          0          0         84   scanf_char.o
        28          0          0          0          0         76   strcmp.o
        14          0          0          0          0         68   strlen.o
        30          0          0          0          0         80   strncmp.o
        98          0          0          0          0         92   uldiv.o

    ----------------------------------------------------------------------
     36192       2796       1168         44        616      20508   Library Totals
        58          0          3          4          4          0   (incl. Padding)

    ----------------------------------------------------------------------

      Code (inc. data)   RO Data    RW Data    ZI Data      Debug   Library Name

     33082       2702       1101         40        612      18648   Net_Dbg_CM3_L.lib
      3052         94         64          0          0       1860   mc_w.l

    ----------------------------------------------------------------------
     36192       2796       1168         44        616      20508   Library Totals

    ----------------------------------------------------------------------

==============================================================================


      Code (inc. data)   RO Data    RW Data    ZI Data      Debug   

     75620       4314      56012      34700      76588    1382328   Grand Totals
     75620       4314      56012        324      76588    1382328   ELF Image Totals (compressed)
     75620       4314      56012        324          0          0   ROM Totals

==============================================================================

    Total RO  Size (Code + RO Data)               131632 ( 128.55kB)
    Total RW  Size (RW Data + ZI Data)            111288 ( 108.68kB)
    Total ROM Size (Code + RO Data + RW Data)     131956 ( 128.86kB)

==============================================================================

