Component: ARM Compiler 6.16 Tool: armlink [5dfeaa00]

==============================================================================

Section Cross References

    main.o(.text.HAL_GetTick) refers to rtx_kernel.o(.text.osKernelGetState) for osKernelGetState
    main.o(.text.HAL_GetTick) refers to rtx_kernel.o(.text.osKernelGetTickCount) for osKernelGetTickCount
    main.o(.text.HAL_GetTick) refers to system_stm32f4xx.o(.data.SystemCoreClock) for SystemCoreClock
    main.o(.text.HAL_GetTick) refers to main.o(.bss.HAL_GetTick.ticks) for HAL_GetTick.ticks
    main.o(.ARM.exidx.text.HAL_GetTick) refers to main.o(.text.HAL_GetTick) for [Anonymous Symbol]
    main.o(.ARM.exidx.text.HAL_InitTick) refers to main.o(.text.HAL_InitTick) for [Anonymous Symbol]
    main.o(.text.main) refers to stm32f4xx_hal.o(.text.HAL_Init) for HAL_Init
    main.o(.text.main) refers to main.o(.text.SystemClock_Config) for SystemClock_Config
    main.o(.text.main) refers to system_stm32f4xx.o(.text.SystemCoreClockUpdate) for SystemCoreClockUpdate
    main.o(.text.main) refers to rtx_kernel.o(.text.osKernelInitialize) for osKernelInitialize
    main.o(.text.main) refers to radio.o(.text.Init_Radio) for Init_Radio
    main.o(.text.main) refers to threadtest.o(.text.Init_Test) for Init_Test
    main.o(.text.main) refers to main.o(.text.Error_Handler) for Error_Handler
    main.o(.text.main) refers to rtx_kernel.o(.text.osKernelStart) for osKernelStart
    main.o(.ARM.exidx.text.main) refers to main.o(.text.main) for [Anonymous Symbol]
    main.o(.text.SystemClock_Config) refers to stm32f4xx_hal_rcc.o(.text.HAL_RCC_OscConfig) for HAL_RCC_OscConfig
    main.o(.text.SystemClock_Config) refers to main.o(.text.Error_Handler) for Error_Handler
    main.o(.text.SystemClock_Config) refers to stm32f4xx_hal_rcc.o(.text.HAL_RCC_ClockConfig) for HAL_RCC_ClockConfig
    main.o(.text.SystemClock_Config) refers to stm32f4xx_hal.o(.text.HAL_GetREVID) for HAL_GetREVID
    main.o(.ARM.exidx.text.SystemClock_Config) refers to main.o(.text.SystemClock_Config) for [Anonymous Symbol]
    main.o(.ARM.exidx.text.Error_Handler) refers to main.o(.text.Error_Handler) for [Anonymous Symbol]
    threadtest.o(.text.Init_Test) refers to threadtest.o(.text.ThreadTest) for ThreadTest
    threadtest.o(.text.Init_Test) refers to rtx_thread.o(.text.osThreadNew) for osThreadNew
    threadtest.o(.text.Init_Test) refers to threadtest.o(.bss.tid_Test) for tid_Test
    threadtest.o(.ARM.exidx.text.Init_Test) refers to threadtest.o(.text.Init_Test) for [Anonymous Symbol]
    threadtest.o(.text.ThreadTest) refers to threadtest.o(.rodata.str1.1) for .L.str
    threadtest.o(.text.ThreadTest) refers to printf.o(.text) for printf
    threadtest.o(.text.ThreadTest) refers to radio.o(.bss.mainToRadioQueue) for mainToRadioQueue
    threadtest.o(.text.ThreadTest) refers to rtx_msgqueue.o(.text.osMessageQueuePut) for osMessageQueuePut
    threadtest.o(.text.ThreadTest) refers to rtx_delay.o(.text.osDelay) for osDelay
    threadtest.o(.text.ThreadTest) refers to radio.o(.bss.radioToMainQueue) for radioToMainQueue
    threadtest.o(.text.ThreadTest) refers to rtx_msgqueue.o(.text.osMessageQueueGet) for osMessageQueueGet
    threadtest.o(.text.ThreadTest) refers to threadtest.o(.bss.freq_actual) for freq_actual
    threadtest.o(.text.ThreadTest) refers to rtx_thread.o(.text.osThreadYield) for osThreadYield
    threadtest.o(.ARM.exidx.text.ThreadTest) refers to threadtest.o(.text.ThreadTest) for [Anonymous Symbol]
    radio.o(.text.Init_Radio) refers to radio.o(.text.ThreadRadio) for ThreadRadio
    radio.o(.text.Init_Radio) refers to rtx_thread.o(.text.osThreadNew) for osThreadNew
    radio.o(.text.Init_Radio) refers to radio.o(.bss.radio_tid) for radio_tid
    radio.o(.text.Init_Radio) refers to rtx_msgqueue.o(.text.osMessageQueueNew) for osMessageQueueNew
    radio.o(.text.Init_Radio) refers to radio.o(.bss.radioToMainQueue) for radioToMainQueue
    radio.o(.text.Init_Radio) refers to radio.o(.bss.mainToRadioQueue) for mainToRadioQueue
    radio.o(.text.Init_Radio) refers to radio.o(.text.timer_callback) for timer_callback
    radio.o(.text.Init_Radio) refers to rtx_timer.o(.text.osTimerNew) for osTimerNew
    radio.o(.text.Init_Radio) refers to radio.o(.bss.timerRadio) for timerRadio
    radio.o(.ARM.exidx.text.Init_Radio) refers to radio.o(.text.Init_Radio) for [Anonymous Symbol]
    radio.o(.text.ThreadRadio) refers to radio.o(.text.I2C_Init) for I2C_Init
    radio.o(.text.ThreadRadio) refers to radio.o(.text.InitRegis) for InitRegis
    radio.o(.text.ThreadRadio) refers to radio.o(.text.WriteAll) for WriteAll
    radio.o(.text.ThreadRadio) refers to radio.o(.bss.RDA5807M_WriteReg) for RDA5807M_WriteReg
    radio.o(.text.ThreadRadio) refers to radio.o(.bss.timerRadio) for timerRadio
    radio.o(.text.ThreadRadio) refers to rtx_timer.o(.text.osTimerStart) for osTimerStart
    radio.o(.text.ThreadRadio) refers to radio.o(.bss.mainToRadioQueue) for mainToRadioQueue
[...]
    sys_command_hlt.o(.text) refers (Special) to use_no_semi.o(.text) for __I$use$semihosting
    sys_command_hlt.o(.text) refers (Special) to indicate_semi.o(.text) for __semihosting_library_function
    rt_errno_addr.o(.text) refers to rt_errno_addr.o(.bss) for __aeabi_errno_addr_data
    rt_errno_addr_intlibspace.o(.text) refers to libspace.o(.bss) for __libspace_start
    rt_errno_addr_twolibspace.o(.text) refers to rtx_lib.o(.text.__user_perthread_libspace) for __user_perthread_libspace
    term_alloc.o(.text) refers (Special) to libshutdown2.o(.ARM.Collect$$libshutdown$$0000000D) for __rt_lib_shutdown_heap_2
    term_alloc.o(.text) refers to rt_heap_descriptor_twolibspace.o(.text) for __rt_heap_descriptor
    term_alloc.o(.text) refers to h1_final_threads.o(.text) for __Heap_Finalize
    defsig_rtmem_inner.o(.text) refers to defsig_general.o(.text) for __default_signal_display
    defsig.o(CL$$defsig) refers to defsig_fpe_inner.o(.text) for __rt_SIGFPE_inner
    defsig.o(CL$$defsig) refers to defsig_rtred_inner.o(.text) for __rt_SIGRTRED_inner
    defsig.o(CL$$defsig) refers to defsig_rtmem_inner.o(.text) for __rt_SIGRTMEM_inner
    libshutdown.o(.ARM.Collect$$libshutdown$$00000000) refers (Special) to libshutdown2.o(.ARM.Collect$$libshutdown$$00000002) for __rt_lib_shutdown_cpp_1
    libshutdown.o(.ARM.Collect$$libshutdown$$00000000) refers (Special) to libshutdown2.o(.ARM.Collect$$libshutdown$$00000007) for __rt_lib_shutdown_fp_trap_1
    libshutdown.o(.ARM.Collect$$libshutdown$$00000000) refers (Special) to libshutdown2.o(.ARM.Collect$$libshutdown$$0000000F) for __rt_lib_shutdown_heap_1
    libshutdown.o(.ARM.Collect$$libshutdown$$00000000) refers (Special) to libshutdown2.o(.ARM.Collect$$libshutdown$$00000010) for __rt_lib_shutdown_return
    libshutdown.o(.ARM.Collect$$libshutdown$$00000000) refers (Special) to libshutdown2.o(.ARM.Collect$$libshutdown$$0000000A) for __rt_lib_shutdown_signal_1
    libshutdown.o(.ARM.Collect$$libshutdown$$00000000) refers (Special) to libshutdown2.o(.ARM.Collect$$libshutdown$$00000004) for __rt_lib_shutdown_stdio_1
    libshutdown.o(.ARM.Collect$$libshutdown$$00000000) refers (Special) to libshutdown2.o(.ARM.Collect$$libshutdown$$0000000C) for __rt_lib_shutdown_user_alloc_1
    h1_final_threads.o(.text) refers (Weak) to rtx_lib.o(.text._mutex_free) for _mutex_free
    defsig_abrt_inner.o(.text) refers to defsig_general.o(.text) for __default_signal_display
    defsig_stak_inner.o(.text) refers to defsig_general.o(.text) for __default_signal_display
    defsig_pvfn_inner.o(.text) refers to defsig_general.o(.text) for __default_signal_display
    defsig_cppl_inner.o(.text) refers to defsig_general.o(.text) for __default_signal_display
    defsig_segv_inner.o(.text) refers to defsig_general.o(.text) for __default_signal_display
    defsig_other.o(.text) refers to defsig_general.o(.text) for __default_signal_display


==============================================================================

Removing Unused input sections from the image.

    Removing main.o(.text), (0 bytes).
    Removing main.o(.ARM.exidx.text.HAL_GetTick), (8 bytes).
    Removing main.o(.ARM.exidx.text.HAL_InitTick), (8 bytes).
    Removing main.o(.ARM.exidx.text.main), (8 bytes).
    Removing main.o(.ARM.exidx.text.SystemClock_Config), (8 bytes).
    Removing main.o(.ARM.exidx.text.Error_Handler), (8 bytes).
    Removing main.o(.ARM.use_no_argv), (4 bytes).
    Removing threadtest.o(.text), (0 bytes).
    Removing threadtest.o(.ARM.exidx.text.Init_Test), (8 bytes).
    Removing threadtest.o(.ARM.exidx.text.ThreadTest), (8 bytes).
    Removing radio.o(.text), (0 bytes).
    Removing radio.o(.ARM.exidx.text.Init_Radio), (8 bytes).
    Removing radio.o(.ARM.exidx.text.ThreadRadio), (8 bytes).
    Removing radio.o(.ARM.exidx.text.timer_callback), (8 bytes).
    Removing radio.o(.ARM.exidx.text.I2C_Init), (8 bytes).
    Removing radio.o(.ARM.exidx.text.InitRegis), (8 bytes).
    Removing radio.o(.ARM.exidx.text.WriteAll), (8 bytes).
    Removing radio.o(.ARM.exidx.text.PowerOn), (8 bytes).
    Removing radio.o(.ARM.exidx.text.Readregisters), (8 bytes).
    Removing radio.o(.ARM.exidx.text.PowerOff), (8 bytes).
    Removing radio.o(.ARM.exidx.text.SeekUp), (8 bytes).
    Removing radio.o(.ARM.exidx.text.SeekDown), (8 bytes).
    Removing radio.o(.ARM.exidx.text.seeFrec), (8 bytes).
    Removing radio.o(.ARM.exidx.text.seePwr), (8 bytes).
    Removing radio.o(.ARM.exidx.text.Frequency), (8 bytes).
    Removing radio.o(.ARM.exidx.text.I2C2_callback), (8 bytes).
    Removing stm32f4xx_it.o(.text), (0 bytes).
    Removing stm32f4xx_it.o(.ARM.exidx.text.NMI_Handler), (8 bytes).
    Removing stm32f4xx_it.o(.ARM.exidx.text.HardFault_Handler), (8 bytes).
    Removing stm32f4xx_it.o(.ARM.exidx.text.MemManage_Handler), (8 bytes).
    Removing stm32f4xx_it.o(.ARM.exidx.text.BusFault_Handler), (8 bytes).
    Removing stm32f4xx_it.o(.ARM.exidx.text.UsageFault_Handler), (8 bytes).
    Removing stm32f4xx_it.o(.ARM.exidx.text.DebugMon_Handler), (8 bytes).
    Removing rtx_lib.o(.text), (0 bytes).
    Removing rtx_lib.o(.ARM.exidx.text._platform_post_stackheap_init), (8 bytes).
    Removing rtx_lib.o(.ARM.exidx.text.osRtxKernelPreInit), (8 bytes).
    Removing rtx_lib.o(.ARM.exidx.text.evr_initialize), (8 bytes).
    Removing rtx_lib.o(.ARM.exidx.text.$Sub$$_fp_init), (8 bytes).
    Removing rtx_lib.o(.ARM.exidx.text.__user_perthread_libspace), (8 bytes).
    Removing rtx_lib.o(.ARM.exidx.text.os_kernel_is_active), (8 bytes).
    Removing rtx_lib.o(.ARM.exidx.text._mutex_initialize), (8 bytes).
    Removing rtx_lib.o(.ARM.exidx.text._mutex_acquire), (8 bytes).
    Removing rtx_lib.o(.ARM.exidx.text._mutex_release), (8 bytes).
    Removing rtx_lib.o(.ARM.exidx.text._mutex_free), (8 bytes).
    Removing rtx_lib.o(.rodata.irqRtxLibRef), (4 bytes).
    Removing rtx_config.o(.text), (0 bytes).
    Removing rtx_config.o(.ARM.exidx.text.osRtxIdleThread), (8 bytes).
    Removing rtx_config.o(.ARM.exidx.text.osRtxErrorNotify), (8 bytes).
    Removing i2c_stm32f4xx.o(.text), (0 bytes).
    Removing i2c_stm32f4xx.o(.ARM.exidx.text.I2C2_EV_IRQHandler), (8 bytes).
    Removing i2c_stm32f4xx.o(.ARM.exidx.text.I2C_EV_IRQHandler), (8 bytes).
    Removing i2c_stm32f4xx.o(.ARM.exidx.text.I2C2_ER_IRQHandler), (8 bytes).
    Removing i2c_stm32f4xx.o(.ARM.exidx.text.I2C_ER_IRQHandler), (8 bytes).
    Removing i2c_stm32f4xx.o(.ARM.exidx.text.I2CX_GetVersion), (8 bytes).
    Removing i2c_stm32f4xx.o(.ARM.exidx.text.I2CX_GetCapabilities), (8 bytes).
    Removing i2c_stm32f4xx.o(.ARM.exidx.text.I2C2_Initialize), (8 bytes).
    Removing i2c_stm32f4xx.o(.ARM.exidx.text.I2C2_Uninitialize), (8 bytes).
    Removing i2c_stm32f4xx.o(.ARM.exidx.text.I2C2_PowerControl), (8 bytes).
    Removing i2c_stm32f4xx.o(.ARM.exidx.text.I2C2_MasterTransmit), (8 bytes).
    Removing i2c_stm32f4xx.o(.ARM.exidx.text.I2C2_MasterReceive), (8 bytes).
    Removing i2c_stm32f4xx.o(.ARM.exidx.text.I2C2_SlaveTransmit), (8 bytes).
    Removing i2c_stm32f4xx.o(.ARM.exidx.text.I2C2_SlaveReceive), (8 bytes).
    Removing i2c_stm32f4xx.o(.ARM.exidx.text.I2C2_GetDataCount), (8 bytes).
    Removing i2c_stm32f4xx.o(.ARM.exidx.text.I2C2_Control), (8 bytes).
    Removing i2c_stm32f4xx.o(.ARM.exidx.text.I2C2_GetStatus), (8 bytes).
    Removing i2c_stm32f4xx.o(.ARM.exidx.text.I2C_Initialize), (8 bytes).
    Removing i2c_stm32f4xx.o(.ARM.exidx.text.Enable_GPIO_Clock), (8 bytes).
    Removing i2c_stm32f4xx.o(.ARM.exidx.text.I2C_Uninitialize), (8 bytes).
    Removing i2c_stm32f4xx.o(.ARM.exidx.text.I2C_PowerControl), (8 bytes).
    Removing i2c_stm32f4xx.o(.ARM.exidx.text.I2C_MasterTransmit), (8 bytes).
    Removing i2c_stm32f4xx.o(.ARM.exidx.text.I2C_MasterReceive), (8 bytes).
    Removing i2c_stm32f4xx.o(.ARM.exidx.text.I2C_SlaveTransmit), (8 bytes).
    Removing i2c_stm32f4xx.o(.ARM.exidx.text.I2C_SlaveReceive), (8 bytes).
    Removing i2c_stm32f4xx.o(.ARM.exidx.text.I2C_GetDataCount), (8 bytes).
    Removing i2c_stm32f4xx.o(.ARM.exidx.text.I2C_Control), (8 bytes).
    Removing i2c_stm32f4xx.o(.ARM.exidx.text.I2C_GetStatus), (8 bytes).
    Removing i2c_stm32f4xx.o(.rodata.DriverCapabilities), (4 bytes).
    Removing eventrecorder.o(.text), (0 bytes).
    Removing eventrecorder.o(.ARM.exidx.text.EventRecorderTimerSetup), (8 bytes).
    Removing eventrecorder.o(.ARM.exidx.text.EventRecorderTimerGetFreq), (8 bytes).
    Removing eventrecorder.o(.ARM.exidx.text.EventRecorderTimerGetCount), (8 bytes).
    Removing eventrecorder.o(.ARM.exidx.text.EventRecorderInitialize), (8 bytes).
    Removing eventrecorder.o(.ARM.exidx.text.crc16_ccitt), (8 bytes).
    Removing eventrecorder.o(.ARM.exidx.text.EventRecorderEnable), (8 bytes).
    Removing eventrecorder.o(.ARM.exidx.text.EventGetTS), (8 bytes).
    Removing eventrecorder.o(.ARM.exidx.text.EventRecordItem), (8 bytes).
    Removing eventrecorder.o(.ARM.exidx.text.EventRecorderStart), (8 bytes).
    Removing eventrecorder.o(.ARM.exidx.text.EventRecorderDisable), (8 bytes).
    Removing eventrecorder.o(.text.EventRecorderStop), (74 bytes).
    Removing eventrecorder.o(.ARM.exidx.text.EventRecorderStop), (8 bytes).
    Removing eventrecorder.o(.text.EventRecorderClockUpdate), (54 bytes).
    Removing eventrecorder.o(.ARM.exidx.text.EventRecorderClockUpdate), (8 bytes).
    Removing eventrecorder.o(.text.EventRecordData), (388 bytes).
    Removing eventrecorder.o(.ARM.exidx.text.EventRecordData), (8 bytes).
    Removing eventrecorder.o(.text.EventCheckFilter), (60 bytes).
    Removing eventrecorder.o(.ARM.exidx.text.EventCheckFilter), (8 bytes).
    Removing eventrecorder.o(.text.GetContext), (18 bytes).
    Removing eventrecorder.o(.ARM.exidx.text.GetContext), (8 bytes).
    Removing eventrecorder.o(.text.EventRecord2), (90 bytes).
    Removing eventrecorder.o(.ARM.exidx.text.EventRecord2), (8 bytes).
    Removing eventrecorder.o(.text.EventRecord4), (150 bytes).
    Removing eventrecorder.o(.ARM.exidx.text.EventRecord4), (8 bytes).
    Removing eventrecorder.o(.ARM.exidx.text.LockTS_Overflow), (8 bytes).
    Removing eventrecorder.o(.ARM.exidx.text.UnlockTS_Overflow), (8 bytes).
    Removing eventrecorder.o(.ARM.exidx.text.UpdateTS), (8 bytes).
    Removing eventrecorder.o(.ARM.exidx.text.atomic_wr8), (8 bytes).
    Removing eventrecorder.o(.ARM.exidx.text.atomic_wr32), (8 bytes).
    Removing eventrecorder.o(.ARM.exidx.text.GetRecordIndex), (8 bytes).
    Removing eventrecorder.o(.ARM.exidx.text.LockRecord), (8 bytes).
    Removing eventrecorder.o(.ARM.exidx.text.UnlockRecord), (8 bytes).
    Removing eventrecorder.o(.ARM.exidx.text.IncrementRecordsWritten), (8 bytes).
    Removing eventrecorder.o(.ARM.exidx.text.IncrementRecordsDumped), (8 bytes).
    Removing eventrecorder.o(.ARM.exidx.text.atomic_inc32), (8 bytes).
    Removing eventrecorder.o(.text.atomic_inc8), (36 bytes).
    Removing eventrecorder.o(.ARM.exidx.text.atomic_inc8), (8 bytes).
    Removing retarget_io.o(.text), (0 bytes).
    Removing retarget_io.o(.ARM.exidx.text.ITM_SendChar), (8 bytes).
    Removing retarget_io.o(.text.ITM_ReceiveChar), (62 bytes).
    Removing retarget_io.o(.ARM.exidx.text.ITM_ReceiveChar), (8 bytes).
    Removing retarget_io.o(.ARM.exidx.text._sys_open), (8 bytes).
    Removing retarget_io.o(.ARM.exidx.text._sys_close), (8 bytes).
    Removing retarget_io.o(.ARM.exidx.text._sys_write), (8 bytes).
    Removing retarget_io.o(.ARM.exidx.text.stdout_putchar), (8 bytes).
    Removing retarget_io.o(.text._sys_read), (128 bytes).
    Removing retarget_io.o(.ARM.exidx.text._sys_read), (8 bytes).
    Removing retarget_io.o(.ARM.exidx.text._sys_istty), (8 bytes).
    Removing retarget_io.o(.ARM.exidx.text._sys_seek), (8 bytes).
    Removing retarget_io.o(.ARM.exidx.text._sys_flen), (8 bytes).
    Removing retarget_io.o(.data.ITM_RxBuffer), (4 bytes).
    Removing stm32f4xx_hal.o(.text), (0 bytes).
    Removing stm32f4xx_hal.o(.ARM.exidx.text.HAL_Init), (8 bytes).
    Removing stm32f4xx_hal.o(.text.HAL_InitTick), (112 bytes).
    Removing stm32f4xx_hal.o(.ARM.exidx.text.HAL_InitTick), (8 bytes).
    Removing stm32f4xx_hal.o(.ARM.exidx.text.HAL_MspInit), (8 bytes).
    Removing stm32f4xx_hal.o(.text.HAL_DeInit), (82 bytes).
    Removing stm32f4xx_hal.o(.ARM.exidx.text.HAL_DeInit), (8 bytes).
    Removing stm32f4xx_hal.o(.text.HAL_MspDeInit), (2 bytes).
    Removing stm32f4xx_hal.o(.ARM.exidx.text.HAL_MspDeInit), (8 bytes).
    Removing stm32f4xx_hal.o(.text.HAL_IncTick), (26 bytes).
    Removing stm32f4xx_hal.o(.ARM.exidx.text.HAL_IncTick), (8 bytes).
    Removing stm32f4xx_hal.o(.text.HAL_GetTick), (12 bytes).
    Removing stm32f4xx_hal.o(.ARM.exidx.text.HAL_GetTick), (8 bytes).
    Removing stm32f4xx_hal.o(.text.HAL_GetTickPrio), (12 bytes).
    Removing stm32f4xx_hal.o(.ARM.exidx.text.HAL_GetTickPrio), (8 bytes).
    Removing stm32f4xx_hal.o(.text.HAL_SetTickFreq), (106 bytes).
    Removing stm32f4xx_hal.o(.ARM.exidx.text.HAL_SetTickFreq), (8 bytes).
    Removing stm32f4xx_hal.o(.text.HAL_GetTickFreq), (12 bytes).
    Removing stm32f4xx_hal.o(.ARM.exidx.text.HAL_GetTickFreq), (8 bytes).
    Removing stm32f4xx_hal.o(.ARM.exidx.text.HAL_Delay), (8 bytes).
    Removing stm32f4xx_hal.o(.text.HAL_SuspendTick), (18 bytes).
    Removing stm32f4xx_hal.o(.ARM.exidx.text.HAL_SuspendTick), (8 bytes).
    Removing stm32f4xx_hal.o(.text.HAL_ResumeTick), (18 bytes).
    Removing stm32f4xx_hal.o(.ARM.exidx.text.HAL_ResumeTick), (8 bytes).
    Removing stm32f4xx_hal.o(.text.HAL_GetHalVersion), (10 bytes).
    Removing stm32f4xx_hal.o(.ARM.exidx.text.HAL_GetHalVersion), (8 bytes).
    Removing stm32f4xx_hal.o(.ARM.exidx.text.HAL_GetREVID), (8 bytes).
    Removing stm32f4xx_hal.o(.text.HAL_GetDEVID), (16 bytes).
    Removing stm32f4xx_hal.o(.ARM.exidx.text.HAL_GetDEVID), (8 bytes).
    Removing stm32f4xx_hal.o(.text.HAL_DBGMCU_EnableDBGSleepMode), (18 bytes).
    Removing stm32f4xx_hal.o(.ARM.exidx.text.HAL_DBGMCU_EnableDBGSleepMode), (8 bytes).
    Removing stm32f4xx_hal.o(.text.HAL_DBGMCU_DisableDBGSleepMode), (18 bytes).
    Removing stm32f4xx_hal.o(.ARM.exidx.text.HAL_DBGMCU_DisableDBGSleepMode), (8 bytes).
    Removing stm32f4xx_hal.o(.text.HAL_DBGMCU_EnableDBGStopMode), (18 bytes).
    Removing stm32f4xx_hal.o(.ARM.exidx.text.HAL_DBGMCU_EnableDBGStopMode), (8 bytes).
    Removing stm32f4xx_hal.o(.text.HAL_DBGMCU_DisableDBGStopMode), (18 bytes).
    Removing stm32f4xx_hal.o(.ARM.exidx.text.HAL_DBGMCU_DisableDBGStopMode), (8 bytes).
    Removing stm32f4xx_hal.o(.text.HAL_DBGMCU_EnableDBGStandbyMode), (18 bytes).
    Removing stm32f4xx_hal.o(.ARM.exidx.text.HAL_DBGMCU_EnableDBGStandbyMode), (8 bytes).
    Removing stm32f4xx_hal.o(.text.HAL_DBGMCU_DisableDBGStandbyMode), (18 bytes).
    Removing stm32f4xx_hal.o(.ARM.exidx.text.HAL_DBGMCU_DisableDBGStandbyMode), (8 bytes).
    Removing stm32f4xx_hal.o(.text.HAL_EnableCompensationCell), (14 bytes).
    Removing stm32f4xx_hal.o(.ARM.exidx.text.HAL_EnableCompensationCell), (8 bytes).
    Removing stm32f4xx_hal.o(.text.HAL_DisableCompensationCell), (14 bytes).
    Removing stm32f4xx_hal.o(.ARM.exidx.text.HAL_DisableCompensationCell), (8 bytes).
    Removing stm32f4xx_hal.o(.text.HAL_GetUIDw0), (12 bytes).
    Removing stm32f4xx_hal.o(.ARM.exidx.text.HAL_GetUIDw0), (8 bytes).
    Removing stm32f4xx_hal.o(.text.HAL_GetUIDw1), (12 bytes).
    Removing stm32f4xx_hal.o(.ARM.exidx.text.HAL_GetUIDw1), (8 bytes).
    Removing stm32f4xx_hal.o(.text.HAL_GetUIDw2), (12 bytes).
    Removing stm32f4xx_hal.o(.ARM.exidx.text.HAL_GetUIDw2), (8 bytes).
    Removing stm32f4xx_hal.o(.text.HAL_EnableMemorySwappingBank), (12 bytes).
    Removing stm32f4xx_hal.o(.ARM.exidx.text.HAL_EnableMemorySwappingBank), (8 bytes).
    Removing stm32f4xx_hal.o(.text.HAL_DisableMemorySwappingBank), (12 bytes).
    Removing stm32f4xx_hal.o(.ARM.exidx.text.HAL_DisableMemorySwappingBank), (8 bytes).
    Removing stm32f4xx_hal.o(.bss.uwTick), (4 bytes).
    Removing stm32f4xx_hal_cortex.o(.text), (0 bytes).
    Removing stm32f4xx_hal_cortex.o(.ARM.exidx.text.HAL_NVIC_SetPriorityGrouping), (8 bytes).
    Removing stm32f4xx_hal_cortex.o(.ARM.exidx.text.__NVIC_SetPriorityGrouping), (8 bytes).
    Removing stm32f4xx_hal_cortex.o(.text.HAL_NVIC_SetPriority), (50 bytes).
    Removing stm32f4xx_hal_cortex.o(.ARM.exidx.text.HAL_NVIC_SetPriority), (8 bytes).
    Removing stm32f4xx_hal_cortex.o(.text.__NVIC_GetPriorityGrouping), (16 bytes).
    Removing stm32f4xx_hal_cortex.o(.ARM.exidx.text.__NVIC_GetPriorityGrouping), (8 bytes).
    Removing stm32f4xx_hal_cortex.o(.text.__NVIC_SetPriority), (66 bytes).
    Removing stm32f4xx_hal_cortex.o(.ARM.exidx.text.__NVIC_SetPriority), (8 bytes).
    Removing stm32f4xx_hal_cortex.o(.text.NVIC_EncodePriority), (108 bytes).
    Removing stm32f4xx_hal_cortex.o(.ARM.exidx.text.NVIC_EncodePriority), (8 bytes).
    Removing stm32f4xx_hal_cortex.o(.ARM.exidx.text.HAL_NVIC_EnableIRQ), (8 bytes).
    Removing stm32f4xx_hal_cortex.o(.ARM.exidx.text.__NVIC_EnableIRQ), (8 bytes).
    Removing stm32f4xx_hal_cortex.o(.ARM.exidx.text.HAL_NVIC_DisableIRQ), (8 bytes).
    Removing stm32f4xx_hal_cortex.o(.ARM.exidx.text.__NVIC_DisableIRQ), (8 bytes).
    Removing stm32f4xx_hal_cortex.o(.text.HAL_NVIC_SystemReset), (4 bytes).
    Removing stm32f4xx_hal_cortex.o(.ARM.exidx.text.HAL_NVIC_SystemReset), (8 bytes).
    Removing stm32f4xx_hal_cortex.o(.text.__NVIC_SystemReset), (38 bytes).
    Removing stm32f4xx_hal_cortex.o(.ARM.exidx.text.__NVIC_SystemReset), (8 bytes).
    Removing stm32f4xx_hal_cortex.o(.text.HAL_SYSTICK_Config), (16 bytes).
    Removing stm32f4xx_hal_cortex.o(.ARM.exidx.text.HAL_SYSTICK_Config), (8 bytes).
    Removing stm32f4xx_hal_cortex.o(.text.SysTick_Config), (82 bytes).
    Removing stm32f4xx_hal_cortex.o(.ARM.exidx.text.SysTick_Config), (8 bytes).
    Removing stm32f4xx_hal_cortex.o(.text.HAL_MPU_Disable), (34 bytes).
    Removing stm32f4xx_hal_cortex.o(.ARM.exidx.text.HAL_MPU_Disable), (8 bytes).
    Removing stm32f4xx_hal_cortex.o(.text.HAL_MPU_Enable), (48 bytes).
    Removing stm32f4xx_hal_cortex.o(.ARM.exidx.text.HAL_MPU_Enable), (8 bytes).
    Removing stm32f4xx_hal_cortex.o(.text.HAL_MPU_ConfigRegion), (158 bytes).
    Removing stm32f4xx_hal_cortex.o(.ARM.exidx.text.HAL_MPU_ConfigRegion), (8 bytes).
    Removing stm32f4xx_hal_cortex.o(.text.HAL_NVIC_GetPriorityGrouping), (8 bytes).
    Removing stm32f4xx_hal_cortex.o(.ARM.exidx.text.HAL_NVIC_GetPriorityGrouping), (8 bytes).
    Removing stm32f4xx_hal_cortex.o(.text.HAL_NVIC_GetPriority), (36 bytes).
    Removing stm32f4xx_hal_cortex.o(.ARM.exidx.text.HAL_NVIC_GetPriority), (8 bytes).
    Removing stm32f4xx_hal_cortex.o(.text.NVIC_DecodePriority), (118 bytes).
    Removing stm32f4xx_hal_cortex.o(.ARM.exidx.text.NVIC_DecodePriority), (8 bytes).
    Removing stm32f4xx_hal_cortex.o(.text.__NVIC_GetPriority), (66 bytes).
    Removing stm32f4xx_hal_cortex.o(.ARM.exidx.text.__NVIC_GetPriority), (8 bytes).
    Removing stm32f4xx_hal_cortex.o(.text.HAL_NVIC_SetPendingIRQ), (20 bytes).
    Removing stm32f4xx_hal_cortex.o(.ARM.exidx.text.HAL_NVIC_SetPendingIRQ), (8 bytes).
    Removing stm32f4xx_hal_cortex.o(.text.__NVIC_SetPendingIRQ), (48 bytes).
    Removing stm32f4xx_hal_cortex.o(.ARM.exidx.text.__NVIC_SetPendingIRQ), (8 bytes).
    Removing stm32f4xx_hal_cortex.o(.text.HAL_NVIC_GetPendingIRQ), (20 bytes).
    Removing stm32f4xx_hal_cortex.o(.ARM.exidx.text.HAL_NVIC_GetPendingIRQ), (8 bytes).
    Removing stm32f4xx_hal_cortex.o(.text.__NVIC_GetPendingIRQ), (64 bytes).
    Removing stm32f4xx_hal_cortex.o(.ARM.exidx.text.__NVIC_GetPendingIRQ), (8 bytes).
    Removing stm32f4xx_hal_cortex.o(.ARM.exidx.text.HAL_NVIC_ClearPendingIRQ), (8 bytes).
    Removing stm32f4xx_hal_cortex.o(.ARM.exidx.text.__NVIC_ClearPendingIRQ), (8 bytes).
    Removing stm32f4xx_hal_cortex.o(.text.HAL_NVIC_GetActive), (20 bytes).
    Removing stm32f4xx_hal_cortex.o(.ARM.exidx.text.HAL_NVIC_GetActive), (8 bytes).
    Removing stm32f4xx_hal_cortex.o(.text.__NVIC_GetActive), (64 bytes).
    Removing stm32f4xx_hal_cortex.o(.ARM.exidx.text.__NVIC_GetActive), (8 bytes).
    Removing stm32f4xx_hal_cortex.o(.text.HAL_SYSTICK_CLKSourceConfig), (52 bytes).
    Removing stm32f4xx_hal_cortex.o(.ARM.exidx.text.HAL_SYSTICK_CLKSourceConfig), (8 bytes).
    Removing stm32f4xx_hal_cortex.o(.text.HAL_SYSTICK_IRQHandler), (8 bytes).
    Removing stm32f4xx_hal_cortex.o(.ARM.exidx.text.HAL_SYSTICK_IRQHandler), (8 bytes).
    Removing stm32f4xx_hal_cortex.o(.text.HAL_SYSTICK_Callback), (2 bytes).
    Removing stm32f4xx_hal_cortex.o(.ARM.exidx.text.HAL_SYSTICK_Callback), (8 bytes).
    Removing stm32f4xx_hal_dma.o(.text), (0 bytes).
    Removing stm32f4xx_hal_dma.o(.ARM.exidx.text.HAL_DMA_Init), (8 bytes).
    Removing stm32f4xx_hal_dma.o(.ARM.exidx.text.DMA_CheckFifoParam), (8 bytes).
    Removing stm32f4xx_hal_dma.o(.ARM.exidx.text.DMA_CalcBaseAndBitshift), (8 bytes).
    Removing stm32f4xx_hal_dma.o(.text.HAL_DMA_DeInit), (180 bytes).
    Removing stm32f4xx_hal_dma.o(.ARM.exidx.text.HAL_DMA_DeInit), (8 bytes).
    Removing stm32f4xx_hal_dma.o(.text.HAL_DMA_Start), (142 bytes).
    Removing stm32f4xx_hal_dma.o(.ARM.exidx.text.HAL_DMA_Start), (8 bytes).
    Removing stm32f4xx_hal_dma.o(.ARM.exidx.text.DMA_SetConfig), (8 bytes).
    Removing stm32f4xx_hal_dma.o(.ARM.exidx.text.HAL_DMA_Start_IT), (8 bytes).
    Removing stm32f4xx_hal_dma.o(.ARM.exidx.text.HAL_DMA_Abort), (8 bytes).
    Removing stm32f4xx_hal_dma.o(.text.HAL_DMA_Abort_IT), (68 bytes).
    Removing stm32f4xx_hal_dma.o(.ARM.exidx.text.HAL_DMA_Abort_IT), (8 bytes).
    Removing stm32f4xx_hal_dma.o(.text.HAL_DMA_PollForTransfer), (506 bytes).
    Removing stm32f4xx_hal_dma.o(.ARM.exidx.text.HAL_DMA_PollForTransfer), (8 bytes).
    Removing stm32f4xx_hal_dma.o(.text.HAL_DMA_IRQHandler), (798 bytes).
    Removing stm32f4xx_hal_dma.o(.ARM.exidx.text.HAL_DMA_IRQHandler), (8 bytes).
    Removing stm32f4xx_hal_dma.o(.text.HAL_DMA_RegisterCallback), (182 bytes).
    Removing stm32f4xx_hal_dma.o(.ARM.exidx.text.HAL_DMA_RegisterCallback), (8 bytes).
    Removing stm32f4xx_hal_dma.o(.text.HAL_DMA_UnRegisterCallback), (210 bytes).
    Removing stm32f4xx_hal_dma.o(.ARM.exidx.text.HAL_DMA_UnRegisterCallback), (8 bytes).
    Removing stm32f4xx_hal_dma.o(.text.HAL_DMA_GetState), (14 bytes).
    Removing stm32f4xx_hal_dma.o(.ARM.exidx.text.HAL_DMA_GetState), (8 bytes).
    Removing stm32f4xx_hal_dma.o(.text.HAL_DMA_GetError), (12 bytes).
    Removing stm32f4xx_hal_dma.o(.ARM.exidx.text.HAL_DMA_GetError), (8 bytes).
    Removing stm32f4xx_hal_dma_ex.o(.text), (0 bytes).
    Removing stm32f4xx_hal_dma_ex.o(.text.HAL_DMAEx_MultiBufferStart), (176 bytes).
    Removing stm32f4xx_hal_dma_ex.o(.ARM.exidx.text.HAL_DMAEx_MultiBufferStart), (8 bytes).
    Removing stm32f4xx_hal_dma_ex.o(.text.DMA_MultiBufferSetConfig), (68 bytes).
    Removing stm32f4xx_hal_dma_ex.o(.ARM.exidx.text.DMA_MultiBufferSetConfig), (8 bytes).
    Removing stm32f4xx_hal_dma_ex.o(.text.HAL_DMAEx_MultiBufferStart_IT), (8244 bytes).
    Removing stm32f4xx_hal_dma_ex.o(.ARM.exidx.text.HAL_DMAEx_MultiBufferStart_IT), (8 bytes).
    Removing stm32f4xx_hal_dma_ex.o(.text.HAL_DMAEx_ChangeMemory), (44 bytes).
    Removing stm32f4xx_hal_dma_ex.o(.ARM.exidx.text.HAL_DMAEx_ChangeMemory), (8 bytes).
    Removing stm32f4xx_hal_gpio.o(.text), (0 bytes).
    Removing stm32f4xx_hal_gpio.o(.ARM.exidx.text.HAL_GPIO_Init), (8 bytes).
    Removing stm32f4xx_hal_gpio.o(.ARM.exidx.text.HAL_GPIO_DeInit), (8 bytes).
    Removing stm32f4xx_hal_gpio.o(.ARM.exidx.text.HAL_GPIO_ReadPin), (8 bytes).
    Removing stm32f4xx_hal_gpio.o(.ARM.exidx.text.HAL_GPIO_WritePin), (8 bytes).
    Removing stm32f4xx_hal_gpio.o(.text.HAL_GPIO_TogglePin), (38 bytes).
    Removing stm32f4xx_hal_gpio.o(.ARM.exidx.text.HAL_GPIO_TogglePin), (8 bytes).
    Removing stm32f4xx_hal_gpio.o(.text.HAL_GPIO_LockPin), (86 bytes).
    Removing stm32f4xx_hal_gpio.o(.ARM.exidx.text.HAL_GPIO_LockPin), (8 bytes).
    Removing stm32f4xx_hal_gpio.o(.text.HAL_GPIO_EXTI_IRQHandler), (56 bytes).
    Removing stm32f4xx_hal_gpio.o(.ARM.exidx.text.HAL_GPIO_EXTI_IRQHandler), (8 bytes).
    Removing stm32f4xx_hal_gpio.o(.text.HAL_GPIO_EXTI_Callback), (10 bytes).
    Removing stm32f4xx_hal_gpio.o(.ARM.exidx.text.HAL_GPIO_EXTI_Callback), (8 bytes).
    Removing stm32f4xx_hal_i2c.o(.text), (0 bytes).
    Removing stm32f4xx_hal_i2c.o(.text.HAL_I2C_Init), (676 bytes).
    Removing stm32f4xx_hal_i2c.o(.ARM.exidx.text.HAL_I2C_Init), (8 bytes).
    Removing stm32f4xx_hal_i2c.o(.text.HAL_I2C_MspInit), (8 bytes).
    Removing stm32f4xx_hal_i2c.o(.ARM.exidx.text.HAL_I2C_MspInit), (8 bytes).
    Removing stm32f4xx_hal_i2c.o(.text.HAL_I2C_DeInit), (96 bytes).
    Removing stm32f4xx_hal_i2c.o(.ARM.exidx.text.HAL_I2C_DeInit), (8 bytes).
    Removing stm32f4xx_hal_i2c.o(.text.HAL_I2C_MspDeInit), (8 bytes).
    Removing stm32f4xx_hal_i2c.o(.ARM.exidx.text.HAL_I2C_MspDeInit), (8 bytes).
    Removing stm32f4xx_hal_i2c.o(.text.HAL_I2C_Master_Transmit), (520 bytes).
    Removing stm32f4xx_hal_i2c.o(.ARM.exidx.text.HAL_I2C_Master_Transmit), (8 bytes).
    Removing stm32f4xx_hal_i2c.o(.text.I2C_WaitOnFlagUntilTimeout), (190 bytes).
    Removing stm32f4xx_hal_i2c.o(.ARM.exidx.text.I2C_WaitOnFlagUntilTimeout), (8 bytes).
    Removing stm32f4xx_hal_i2c.o(.text.I2C_MasterRequestWrite), (274 bytes).
    Removing stm32f4xx_hal_i2c.o(.ARM.exidx.text.I2C_MasterRequestWrite), (8 bytes).
    Removing stm32f4xx_hal_i2c.o(.text.I2C_WaitOnTXEFlagUntilTimeout), (148 bytes).
    Removing stm32f4xx_hal_i2c.o(.ARM.exidx.text.I2C_WaitOnTXEFlagUntilTimeout), (8 bytes).
    Removing stm32f4xx_hal_i2c.o(.text.I2C_WaitOnBTFFlagUntilTimeout), (150 bytes).
    Removing stm32f4xx_hal_i2c.o(.ARM.exidx.text.I2C_WaitOnBTFFlagUntilTimeout), (8 bytes).
    Removing stm32f4xx_hal_i2c.o(.text.HAL_I2C_Master_Receive), (1046 bytes).
    Removing stm32f4xx_hal_i2c.o(.ARM.exidx.text.HAL_I2C_Master_Receive), (8 bytes).
    Removing stm32f4xx_hal_i2c.o(.text.I2C_MasterRequestRead), (426 bytes).
    Removing stm32f4xx_hal_i2c.o(.ARM.exidx.text.I2C_MasterRequestRead), (8 bytes).
    Removing stm32f4xx_hal_i2c.o(.text.I2C_WaitOnRXNEFlagUntilTimeout), (198 bytes).
    Removing stm32f4xx_hal_i2c.o(.ARM.exidx.text.I2C_WaitOnRXNEFlagUntilTimeout), (8 bytes).
    Removing stm32f4xx_hal_i2c.o(.text.HAL_I2C_Slave_Transmit), (580 bytes).
    Removing stm32f4xx_hal_i2c.o(.ARM.exidx.text.HAL_I2C_Slave_Transmit), (8 bytes).
    Removing stm32f4xx_hal_i2c.o(.text.HAL_I2C_Slave_Receive), (532 bytes).
    Removing stm32f4xx_hal_i2c.o(.ARM.exidx.text.HAL_I2C_Slave_Receive), (8 bytes).
    Removing stm32f4xx_hal_i2c.o(.text.I2C_WaitOnSTOPFlagUntilTimeout), (140 bytes).
    Removing stm32f4xx_hal_i2c.o(.ARM.exidx.text.I2C_WaitOnSTOPFlagUntilTimeout), (8 bytes).
    Removing stm32f4xx_hal_i2c.o(.text.HAL_I2C_Master_Transmit_IT), (356 bytes).
    Removing stm32f4xx_hal_i2c.o(.ARM.exidx.text.HAL_I2C_Master_Transmit_IT), (8 bytes).
    Removing stm32f4xx_hal_i2c.o(.text.HAL_I2C_Master_Receive_IT), (368 bytes).
    Removing stm32f4xx_hal_i2c.o(.ARM.exidx.text.HAL_I2C_Master_Receive_IT), (8 bytes).
    Removing stm32f4xx_hal_i2c.o(.text.HAL_I2C_Slave_Transmit_IT), (230 bytes).
    Removing stm32f4xx_hal_i2c.o(.ARM.exidx.text.HAL_I2C_Slave_Transmit_IT), (8 bytes).
    Removing stm32f4xx_hal_i2c.o(.text.HAL_I2C_Slave_Receive_IT), (230 bytes).
    Removing stm32f4xx_hal_i2c.o(.ARM.exidx.text.HAL_I2C_Slave_Receive_IT), (8 bytes).
    Removing stm32f4xx_hal_i2c.o(.text.HAL_I2C_Master_Transmit_DMA), (630 bytes).
    Removing stm32f4xx_hal_i2c.o(.ARM.exidx.text.HAL_I2C_Master_Transmit_DMA), (8 bytes).
    Removing stm32f4xx_hal_i2c.o(.text.I2C_DMAXferCplt), (442 bytes).
    Removing stm32f4xx_hal_i2c.o(.ARM.exidx.text.I2C_DMAXferCplt), (8 bytes).
    Removing stm32f4xx_hal_i2c.o(.text.I2C_DMAError), (114 bytes).
    Removing stm32f4xx_hal_i2c.o(.ARM.exidx.text.I2C_DMAError), (8 bytes).
    Removing stm32f4xx_hal_i2c.o(.text.HAL_I2C_Master_Receive_DMA), (630 bytes).
    Removing stm32f4xx_hal_i2c.o(.ARM.exidx.text.HAL_I2C_Master_Receive_DMA), (8 bytes).
    Removing stm32f4xx_hal_i2c.o(.text.HAL_I2C_Slave_Transmit_DMA), (430 bytes).
    Removing stm32f4xx_hal_i2c.o(.ARM.exidx.text.HAL_I2C_Slave_Transmit_DMA), (8 bytes).
    Removing stm32f4xx_hal_i2c.o(.text.HAL_I2C_Slave_Receive_DMA), (430 bytes).
    Removing stm32f4xx_hal_i2c.o(.ARM.exidx.text.HAL_I2C_Slave_Receive_DMA), (8 bytes).
    Removing stm32f4xx_hal_i2c.o(.text.HAL_I2C_Mem_Write), (528 bytes).
    Removing stm32f4xx_hal_i2c.o(.ARM.exidx.text.HAL_I2C_Mem_Write), (8 bytes).
    Removing stm32f4xx_hal_i2c.o(.text.I2C_RequestMemoryWrite), (314 bytes).
    Removing stm32f4xx_hal_i2c.o(.ARM.exidx.text.I2C_RequestMemoryWrite), (8 bytes).
    Removing stm32f4xx_hal_i2c.o(.text.HAL_I2C_Mem_Read), (1068 bytes).
    Removing stm32f4xx_hal_i2c.o(.ARM.exidx.text.HAL_I2C_Mem_Read), (8 bytes).
    Removing stm32f4xx_hal_i2c.o(.text.I2C_RequestMemoryRead), (482 bytes).
    Removing stm32f4xx_hal_i2c.o(.ARM.exidx.text.I2C_RequestMemoryRead), (8 bytes).
    Removing stm32f4xx_hal_i2c.o(.text.HAL_I2C_Mem_Write_IT), (394 bytes).
    Removing stm32f4xx_hal_i2c.o(.ARM.exidx.text.HAL_I2C_Mem_Write_IT), (8 bytes).
    Removing stm32f4xx_hal_i2c.o(.text.HAL_I2C_Mem_Read_IT), (416 bytes).
    Removing stm32f4xx_hal_i2c.o(.ARM.exidx.text.HAL_I2C_Mem_Read_IT), (8 bytes).
    Removing stm32f4xx_hal_i2c.o(.text.HAL_I2C_Mem_Write_DMA), (770 bytes).
    Removing stm32f4xx_hal_i2c.o(.ARM.exidx.text.HAL_I2C_Mem_Write_DMA), (8 bytes).
    Removing stm32f4xx_hal_i2c.o(.text.HAL_I2C_Mem_Read_DMA), (874 bytes).
    Removing stm32f4xx_hal_i2c.o(.ARM.exidx.text.HAL_I2C_Mem_Read_DMA), (8 bytes).
    Removing stm32f4xx_hal_i2c.o(.text.HAL_I2C_IsDeviceReady), (650 bytes).
    Removing stm32f4xx_hal_i2c.o(.ARM.exidx.text.HAL_I2C_IsDeviceReady), (8 bytes).
    Removing stm32f4xx_hal_i2c.o(.text.HAL_I2C_Master_Seq_Transmit_IT), (448 bytes).
    Removing stm32f4xx_hal_i2c.o(.ARM.exidx.text.HAL_I2C_Master_Seq_Transmit_IT), (8 bytes).
    Removing stm32f4xx_hal_i2c.o(.text.HAL_I2C_Master_Seq_Transmit_DMA), (788 bytes).
    Removing stm32f4xx_hal_i2c.o(.ARM.exidx.text.HAL_I2C_Master_Seq_Transmit_DMA), (8 bytes).
    Removing stm32f4xx_hal_i2c.o(.text.HAL_I2C_Master_Seq_Receive_IT), (552 bytes).
    Removing stm32f4xx_hal_i2c.o(.ARM.exidx.text.HAL_I2C_Master_Seq_Receive_IT), (8 bytes).
    Removing stm32f4xx_hal_i2c.o(.text.HAL_I2C_Master_Seq_Receive_DMA), (950 bytes).
    Removing stm32f4xx_hal_i2c.o(.ARM.exidx.text.HAL_I2C_Master_Seq_Receive_DMA), (8 bytes).
    Removing stm32f4xx_hal_i2c.o(.text.HAL_I2C_Slave_Seq_Transmit_IT), (246 bytes).
    Removing stm32f4xx_hal_i2c.o(.ARM.exidx.text.HAL_I2C_Slave_Seq_Transmit_IT), (8 bytes).
    Removing stm32f4xx_hal_i2c.o(.text.HAL_I2C_Slave_Seq_Transmit_DMA), (638 bytes).
    Removing stm32f4xx_hal_i2c.o(.ARM.exidx.text.HAL_I2C_Slave_Seq_Transmit_DMA), (8 bytes).
    Removing stm32f4xx_hal_i2c.o(.text.I2C_DMAAbort), (342 bytes).
    Removing stm32f4xx_hal_i2c.o(.ARM.exidx.text.I2C_DMAAbort), (8 bytes).
    Removing stm32f4xx_hal_i2c.o(.text.HAL_I2C_Slave_Seq_Receive_IT), (246 bytes).
    Removing stm32f4xx_hal_i2c.o(.ARM.exidx.text.HAL_I2C_Slave_Seq_Receive_IT), (8 bytes).
    Removing stm32f4xx_hal_i2c.o(.text.HAL_I2C_Slave_Seq_Receive_DMA), (638 bytes).
    Removing stm32f4xx_hal_i2c.o(.ARM.exidx.text.HAL_I2C_Slave_Seq_Receive_DMA), (8 bytes).
    Removing stm32f4xx_hal_i2c.o(.text.HAL_I2C_EnableListen_IT), (98 bytes).
    Removing stm32f4xx_hal_i2c.o(.ARM.exidx.text.HAL_I2C_EnableListen_IT), (8 bytes).
    Removing stm32f4xx_hal_i2c.o(.text.HAL_I2C_DisableListen_IT), (104 bytes).
    Removing stm32f4xx_hal_i2c.o(.ARM.exidx.text.HAL_I2C_DisableListen_IT), (8 bytes).
    Removing stm32f4xx_hal_i2c.o(.text.HAL_I2C_Master_Abort_IT), (180 bytes).
    Removing stm32f4xx_hal_i2c.o(.ARM.exidx.text.HAL_I2C_Master_Abort_IT), (8 bytes).
    Removing stm32f4xx_hal_i2c.o(.text.I2C_ITError), (634 bytes).
    Removing stm32f4xx_hal_i2c.o(.ARM.exidx.text.I2C_ITError), (8 bytes).
    Removing stm32f4xx_hal_i2c.o(.text.HAL_I2C_EV_IRQHandler), (970 bytes).
    Removing stm32f4xx_hal_i2c.o(.ARM.exidx.text.HAL_I2C_EV_IRQHandler), (8 bytes).
    Removing stm32f4xx_hal_i2c.o(.text.I2C_ConvertOtherXferOptions), (52 bytes).
    Removing stm32f4xx_hal_i2c.o(.ARM.exidx.text.I2C_ConvertOtherXferOptions), (8 bytes).
    Removing stm32f4xx_hal_i2c.o(.text.I2C_Master_SB), (240 bytes).
    Removing stm32f4xx_hal_i2c.o(.ARM.exidx.text.I2C_Master_SB), (8 bytes).
    Removing stm32f4xx_hal_i2c.o(.text.I2C_Master_ADD10), (70 bytes).
    Removing stm32f4xx_hal_i2c.o(.ARM.exidx.text.I2C_Master_ADD10), (8 bytes).
    Removing stm32f4xx_hal_i2c.o(.text.I2C_Master_ADDR), (830 bytes).
    Removing stm32f4xx_hal_i2c.o(.ARM.exidx.text.I2C_Master_ADDR), (8 bytes).
    Removing stm32f4xx_hal_i2c.o(.text.I2C_MasterTransmit_TXE), (318 bytes).
    Removing stm32f4xx_hal_i2c.o(.ARM.exidx.text.I2C_MasterTransmit_TXE), (8 bytes).
    Removing stm32f4xx_hal_i2c.o(.text.I2C_MasterTransmit_BTF), (222 bytes).
    Removing stm32f4xx_hal_i2c.o(.ARM.exidx.text.I2C_MasterTransmit_BTF), (8 bytes).
    Removing stm32f4xx_hal_i2c.o(.text.I2C_MemoryTransmit_TXE_BTF), (290 bytes).
    Removing stm32f4xx_hal_i2c.o(.ARM.exidx.text.I2C_MemoryTransmit_TXE_BTF), (8 bytes).
    Removing stm32f4xx_hal_i2c.o(.text.I2C_MasterReceive_RXNE), (328 bytes).
    Removing stm32f4xx_hal_i2c.o(.ARM.exidx.text.I2C_MasterReceive_RXNE), (8 bytes).
    Removing stm32f4xx_hal_i2c.o(.text.I2C_MasterReceive_BTF), (414 bytes).
    Removing stm32f4xx_hal_i2c.o(.ARM.exidx.text.I2C_MasterReceive_BTF), (8 bytes).
    Removing stm32f4xx_hal_i2c.o(.text.I2C_Slave_ADDR), (174 bytes).
    Removing stm32f4xx_hal_i2c.o(.ARM.exidx.text.I2C_Slave_ADDR), (8 bytes).
    Removing stm32f4xx_hal_i2c.o(.text.I2C_Slave_STOPF), (586 bytes).
    Removing stm32f4xx_hal_i2c.o(.ARM.exidx.text.I2C_Slave_STOPF), (8 bytes).
    Removing stm32f4xx_hal_i2c.o(.text.I2C_SlaveTransmit_TXE), (108 bytes).
    Removing stm32f4xx_hal_i2c.o(.ARM.exidx.text.I2C_SlaveTransmit_TXE), (8 bytes).
    Removing stm32f4xx_hal_i2c.o(.text.I2C_SlaveTransmit_BTF), (44 bytes).
    Removing stm32f4xx_hal_i2c.o(.ARM.exidx.text.I2C_SlaveTransmit_BTF), (8 bytes).
    Removing stm32f4xx_hal_i2c.o(.text.I2C_SlaveReceive_RXNE), (110 bytes).
    Removing stm32f4xx_hal_i2c.o(.ARM.exidx.text.I2C_SlaveReceive_RXNE), (8 bytes).
    Removing stm32f4xx_hal_i2c.o(.text.I2C_SlaveReceive_BTF), (46 bytes).
    Removing stm32f4xx_hal_i2c.o(.ARM.exidx.text.I2C_SlaveReceive_BTF), (8 bytes).
    Removing stm32f4xx_hal_i2c.o(.text.HAL_I2C_ER_IRQHandler), (378 bytes).
    Removing stm32f4xx_hal_i2c.o(.ARM.exidx.text.HAL_I2C_ER_IRQHandler), (8 bytes).
    Removing stm32f4xx_hal_i2c.o(.text.I2C_Slave_AF), (222 bytes).
    Removing stm32f4xx_hal_i2c.o(.ARM.exidx.text.I2C_Slave_AF), (8 bytes).
    Removing stm32f4xx_hal_i2c.o(.text.HAL_I2C_MasterTxCpltCallback), (8 bytes).
    Removing stm32f4xx_hal_i2c.o(.ARM.exidx.text.HAL_I2C_MasterTxCpltCallback), (8 bytes).
    Removing stm32f4xx_hal_i2c.o(.text.HAL_I2C_MasterRxCpltCallback), (8 bytes).
    Removing stm32f4xx_hal_i2c.o(.ARM.exidx.text.HAL_I2C_MasterRxCpltCallback), (8 bytes).
    Removing stm32f4xx_hal_i2c.o(.text.HAL_I2C_SlaveTxCpltCallback), (8 bytes).
    Removing stm32f4xx_hal_i2c.o(.ARM.exidx.text.HAL_I2C_SlaveTxCpltCallback), (8 bytes).
    Removing stm32f4xx_hal_i2c.o(.text.HAL_I2C_SlaveRxCpltCallback), (8 bytes).
    Removing stm32f4xx_hal_i2c.o(.ARM.exidx.text.HAL_I2C_SlaveRxCpltCallback), (8 bytes).
    Removing stm32f4xx_hal_i2c.o(.text.HAL_I2C_AddrCallback), (16 bytes).
    Removing stm32f4xx_hal_i2c.o(.ARM.exidx.text.HAL_I2C_AddrCallback), (8 bytes).
    Removing stm32f4xx_hal_i2c.o(.text.HAL_I2C_ListenCpltCallback), (8 bytes).
    Removing stm32f4xx_hal_i2c.o(.ARM.exidx.text.HAL_I2C_ListenCpltCallback), (8 bytes).
    Removing stm32f4xx_hal_i2c.o(.text.HAL_I2C_MemTxCpltCallback), (8 bytes).
    Removing stm32f4xx_hal_i2c.o(.ARM.exidx.text.HAL_I2C_MemTxCpltCallback), (8 bytes).
    Removing stm32f4xx_hal_i2c.o(.text.HAL_I2C_MemRxCpltCallback), (8 bytes).
    Removing stm32f4xx_hal_i2c.o(.ARM.exidx.text.HAL_I2C_MemRxCpltCallback), (8 bytes).
    Removing stm32f4xx_hal_i2c.o(.text.HAL_I2C_ErrorCallback), (8 bytes).
    Removing stm32f4xx_hal_i2c.o(.ARM.exidx.text.HAL_I2C_ErrorCallback), (8 bytes).
    Removing stm32f4xx_hal_i2c.o(.text.HAL_I2C_AbortCpltCallback), (8 bytes).
    Removing stm32f4xx_hal_i2c.o(.ARM.exidx.text.HAL_I2C_AbortCpltCallback), (8 bytes).
    Removing stm32f4xx_hal_i2c.o(.text.HAL_I2C_GetState), (14 bytes).
    Removing stm32f4xx_hal_i2c.o(.ARM.exidx.text.HAL_I2C_GetState), (8 bytes).
    Removing stm32f4xx_hal_i2c.o(.text.HAL_I2C_GetMode), (14 bytes).
    Removing stm32f4xx_hal_i2c.o(.ARM.exidx.text.HAL_I2C_GetMode), (8 bytes).
    Removing stm32f4xx_hal_i2c.o(.text.HAL_I2C_GetError), (12 bytes).
    Removing stm32f4xx_hal_i2c.o(.ARM.exidx.text.HAL_I2C_GetError), (8 bytes).
    Removing stm32f4xx_hal_i2c.o(.text.I2C_WaitOnSTOPRequestThroughIT), (120 bytes).
    Removing stm32f4xx_hal_i2c.o(.ARM.exidx.text.I2C_WaitOnSTOPRequestThroughIT), (8 bytes).
    Removing stm32f4xx_hal_i2c.o(.text.I2C_WaitOnMasterAddressFlagUntilTimeout), (272 bytes).
    Removing stm32f4xx_hal_i2c.o(.ARM.exidx.text.I2C_WaitOnMasterAddressFlagUntilTimeout), (8 bytes).
    Removing stm32f4xx_hal_i2c.o(.text.I2C_IsAcknowledgeFailed), (100 bytes).
    Removing stm32f4xx_hal_i2c.o(.ARM.exidx.text.I2C_IsAcknowledgeFailed), (8 bytes).
    Removing stm32f4xx_hal_i2c_ex.o(.text), (0 bytes).
    Removing stm32f4xx_hal_i2c_ex.o(.text.HAL_I2CEx_ConfigAnalogFilter), (106 bytes).
    Removing stm32f4xx_hal_i2c_ex.o(.ARM.exidx.text.HAL_I2CEx_ConfigAnalogFilter), (8 bytes).
    Removing stm32f4xx_hal_i2c_ex.o(.text.HAL_I2CEx_ConfigDigitalFilter), (132 bytes).
    Removing stm32f4xx_hal_i2c_ex.o(.ARM.exidx.text.HAL_I2CEx_ConfigDigitalFilter), (8 bytes).
    Removing stm32f4xx_hal_pwr.o(.text), (0 bytes).
    Removing stm32f4xx_hal_pwr.o(.text.HAL_PWR_DeInit), (26 bytes).
    Removing stm32f4xx_hal_pwr.o(.ARM.exidx.text.HAL_PWR_DeInit), (8 bytes).
    Removing stm32f4xx_hal_pwr.o(.text.HAL_PWR_EnableBkUpAccess), (30 bytes).
    Removing stm32f4xx_hal_pwr.o(.ARM.exidx.text.HAL_PWR_EnableBkUpAccess), (8 bytes).
    Removing stm32f4xx_hal_pwr.o(.text.HAL_PWR_DisableBkUpAccess), (30 bytes).
    Removing stm32f4xx_hal_pwr.o(.ARM.exidx.text.HAL_PWR_DisableBkUpAccess), (8 bytes).
    Removing stm32f4xx_hal_pwr.o(.text.HAL_PWR_ConfigPVD), (210 bytes).
    Removing stm32f4xx_hal_pwr.o(.ARM.exidx.text.HAL_PWR_ConfigPVD), (8 bytes).
    Removing stm32f4xx_hal_pwr.o(.text.HAL_PWR_EnablePVD), (12 bytes).
    Removing stm32f4xx_hal_pwr.o(.ARM.exidx.text.HAL_PWR_EnablePVD), (8 bytes).
    Removing stm32f4xx_hal_pwr.o(.text.HAL_PWR_DisablePVD), (12 bytes).
    Removing stm32f4xx_hal_pwr.o(.ARM.exidx.text.HAL_PWR_DisablePVD), (8 bytes).
    Removing stm32f4xx_hal_pwr.o(.text.HAL_PWR_EnableWakeUpPin), (24 bytes).
    Removing stm32f4xx_hal_pwr.o(.ARM.exidx.text.HAL_PWR_EnableWakeUpPin), (8 bytes).
    Removing stm32f4xx_hal_pwr.o(.text.HAL_PWR_DisableWakeUpPin), (24 bytes).
    Removing stm32f4xx_hal_pwr.o(.ARM.exidx.text.HAL_PWR_DisableWakeUpPin), (8 bytes).
    Removing stm32f4xx_hal_pwr.o(.text.HAL_PWR_EnterSLEEPMode), (50 bytes).
    Removing stm32f4xx_hal_pwr.o(.ARM.exidx.text.HAL_PWR_EnterSLEEPMode), (8 bytes).
    Removing stm32f4xx_hal_pwr.o(.text.HAL_PWR_EnterSTOPMode), (86 bytes).
    Removing stm32f4xx_hal_pwr.o(.ARM.exidx.text.HAL_PWR_EnterSTOPMode), (8 bytes).
    Removing stm32f4xx_hal_pwr.o(.text.HAL_PWR_EnterSTANDBYMode), (36 bytes).
    Removing stm32f4xx_hal_pwr.o(.ARM.exidx.text.HAL_PWR_EnterSTANDBYMode), (8 bytes).
    Removing stm32f4xx_hal_pwr.o(.text.HAL_PWR_PVD_IRQHandler), (42 bytes).
    Removing stm32f4xx_hal_pwr.o(.ARM.exidx.text.HAL_PWR_PVD_IRQHandler), (8 bytes).
    Removing stm32f4xx_hal_pwr.o(.text.HAL_PWR_PVDCallback), (2 bytes).
    Removing stm32f4xx_hal_pwr.o(.ARM.exidx.text.HAL_PWR_PVDCallback), (8 bytes).
    Removing stm32f4xx_hal_pwr.o(.text.HAL_PWR_EnableSleepOnExit), (18 bytes).
    Removing stm32f4xx_hal_pwr.o(.ARM.exidx.text.HAL_PWR_EnableSleepOnExit), (8 bytes).
    Removing stm32f4xx_hal_pwr.o(.text.HAL_PWR_DisableSleepOnExit), (18 bytes).
    Removing stm32f4xx_hal_pwr.o(.ARM.exidx.text.HAL_PWR_DisableSleepOnExit), (8 bytes).
    Removing stm32f4xx_hal_pwr.o(.text.HAL_PWR_EnableSEVOnPend), (18 bytes).
    Removing stm32f4xx_hal_pwr.o(.ARM.exidx.text.HAL_PWR_EnableSEVOnPend), (8 bytes).
    Removing stm32f4xx_hal_pwr.o(.text.HAL_PWR_DisableSEVOnPend), (18 bytes).
    Removing stm32f4xx_hal_pwr.o(.ARM.exidx.text.HAL_PWR_DisableSEVOnPend), (8 bytes).
    Removing stm32f4xx_hal_pwr_ex.o(.text), (0 bytes).
    Removing stm32f4xx_hal_pwr_ex.o(.text.HAL_PWREx_EnableBkUpReg), (92 bytes).
    Removing stm32f4xx_hal_pwr_ex.o(.ARM.exidx.text.HAL_PWREx_EnableBkUpReg), (8 bytes).
    Removing stm32f4xx_hal_pwr_ex.o(.text.HAL_PWREx_DisableBkUpReg), (90 bytes).
    Removing stm32f4xx_hal_pwr_ex.o(.ARM.exidx.text.HAL_PWREx_DisableBkUpReg), (8 bytes).
    Removing stm32f4xx_hal_pwr_ex.o(.text.HAL_PWREx_EnableFlashPowerDown), (12 bytes).
    Removing stm32f4xx_hal_pwr_ex.o(.ARM.exidx.text.HAL_PWREx_EnableFlashPowerDown), (8 bytes).
    Removing stm32f4xx_hal_pwr_ex.o(.text.HAL_PWREx_DisableFlashPowerDown), (12 bytes).
    Removing stm32f4xx_hal_pwr_ex.o(.ARM.exidx.text.HAL_PWREx_DisableFlashPowerDown), (8 bytes).
    Removing stm32f4xx_hal_pwr_ex.o(.text.HAL_PWREx_GetVoltageRange), (16 bytes).
    Removing stm32f4xx_hal_pwr_ex.o(.ARM.exidx.text.HAL_PWREx_GetVoltageRange), (8 bytes).
    Removing stm32f4xx_hal_pwr_ex.o(.text.HAL_PWREx_ControlVoltageScaling), (318 bytes).
    Removing stm32f4xx_hal_pwr_ex.o(.ARM.exidx.text.HAL_PWREx_ControlVoltageScaling), (8 bytes).
    Removing stm32f4xx_hal_pwr_ex.o(.text.HAL_PWREx_EnableOverDrive), (190 bytes).
    Removing stm32f4xx_hal_pwr_ex.o(.ARM.exidx.text.HAL_PWREx_EnableOverDrive), (8 bytes).
    Removing stm32f4xx_hal_pwr_ex.o(.text.HAL_PWREx_DisableOverDrive), (182 bytes).
    Removing stm32f4xx_hal_pwr_ex.o(.ARM.exidx.text.HAL_PWREx_DisableOverDrive), (8 bytes).
    Removing stm32f4xx_hal_pwr_ex.o(.text.HAL_PWREx_EnterUnderDriveSTOPMode), (160 bytes).
    Removing stm32f4xx_hal_pwr_ex.o(.ARM.exidx.text.HAL_PWREx_EnterUnderDriveSTOPMode), (8 bytes).
    Removing stm32f4xx_hal_rcc.o(.text), (0 bytes).
    Removing stm32f4xx_hal_rcc.o(.text.HAL_RCC_DeInit), (4 bytes).
    Removing stm32f4xx_hal_rcc.o(.ARM.exidx.text.HAL_RCC_DeInit), (8 bytes).
    Removing stm32f4xx_hal_rcc.o(.ARM.exidx.text.HAL_RCC_OscConfig), (8 bytes).
    Removing stm32f4xx_hal_rcc.o(.ARM.exidx.text.HAL_RCC_ClockConfig), (8 bytes).
    Removing stm32f4xx_hal_rcc.o(.ARM.exidx.text.HAL_RCC_GetSysClockFreq), (8 bytes).
    Removing stm32f4xx_hal_rcc.o(.text.HAL_RCC_MCOConfig), (208 bytes).
    Removing stm32f4xx_hal_rcc.o(.ARM.exidx.text.HAL_RCC_MCOConfig), (8 bytes).
    Removing stm32f4xx_hal_rcc.o(.text.HAL_RCC_EnableCSS), (12 bytes).
    Removing stm32f4xx_hal_rcc.o(.ARM.exidx.text.HAL_RCC_EnableCSS), (8 bytes).
    Removing stm32f4xx_hal_rcc.o(.text.HAL_RCC_DisableCSS), (12 bytes).
    Removing stm32f4xx_hal_rcc.o(.ARM.exidx.text.HAL_RCC_DisableCSS), (8 bytes).
    Removing stm32f4xx_hal_rcc.o(.ARM.exidx.text.HAL_RCC_GetHCLKFreq), (8 bytes).
    Removing stm32f4xx_hal_rcc.o(.ARM.exidx.text.HAL_RCC_GetPCLK1Freq), (8 bytes).
    Removing stm32f4xx_hal_rcc.o(.text.HAL_RCC_GetPCLK2Freq), (34 bytes).
    Removing stm32f4xx_hal_rcc.o(.ARM.exidx.text.HAL_RCC_GetPCLK2Freq), (8 bytes).
    Removing stm32f4xx_hal_rcc.o(.text.HAL_RCC_GetOscConfig), (324 bytes).
    Removing stm32f4xx_hal_rcc.o(.ARM.exidx.text.HAL_RCC_GetOscConfig), (8 bytes).
    Removing stm32f4xx_hal_rcc.o(.text.HAL_RCC_GetClockConfig), (84 bytes).
    Removing stm32f4xx_hal_rcc.o(.ARM.exidx.text.HAL_RCC_GetClockConfig), (8 bytes).
    Removing stm32f4xx_hal_rcc.o(.text.HAL_RCC_NMI_IRQHandler), (40 bytes).
    Removing stm32f4xx_hal_rcc.o(.ARM.exidx.text.HAL_RCC_NMI_IRQHandler), (8 bytes).
    Removing stm32f4xx_hal_rcc.o(.text.HAL_RCC_CSSCallback), (2 bytes).
    Removing stm32f4xx_hal_rcc.o(.ARM.exidx.text.HAL_RCC_CSSCallback), (8 bytes).
    Removing stm32f4xx_hal_rcc_ex.o(.text), (0 bytes).
    Removing stm32f4xx_hal_rcc_ex.o(.text.HAL_RCCEx_PeriphCLKConfig), (1052 bytes).
    Removing stm32f4xx_hal_rcc_ex.o(.ARM.exidx.text.HAL_RCCEx_PeriphCLKConfig), (8 bytes).
    Removing stm32f4xx_hal_rcc_ex.o(.text.HAL_RCCEx_GetPeriphCLKConfig), (196 bytes).
    Removing stm32f4xx_hal_rcc_ex.o(.ARM.exidx.text.HAL_RCCEx_GetPeriphCLKConfig), (8 bytes).
    Removing stm32f4xx_hal_rcc_ex.o(.text.HAL_RCCEx_GetPeriphCLKFreq), (194 bytes).
    Removing stm32f4xx_hal_rcc_ex.o(.ARM.exidx.text.HAL_RCCEx_GetPeriphCLKFreq), (8 bytes).
    Removing stm32f4xx_hal_rcc_ex.o(.text.HAL_RCCEx_EnablePLLI2S), (182 bytes).
    Removing stm32f4xx_hal_rcc_ex.o(.ARM.exidx.text.HAL_RCCEx_EnablePLLI2S), (8 bytes).
    Removing stm32f4xx_hal_rcc_ex.o(.text.HAL_RCCEx_DisablePLLI2S), (80 bytes).
    Removing stm32f4xx_hal_rcc_ex.o(.ARM.exidx.text.HAL_RCCEx_DisablePLLI2S), (8 bytes).
    Removing stm32f4xx_hal_rcc_ex.o(.text.HAL_RCCEx_EnablePLLSAI), (182 bytes).
    Removing stm32f4xx_hal_rcc_ex.o(.ARM.exidx.text.HAL_RCCEx_EnablePLLSAI), (8 bytes).
    Removing stm32f4xx_hal_rcc_ex.o(.text.HAL_RCCEx_DisablePLLSAI), (86 bytes).
    Removing stm32f4xx_hal_rcc_ex.o(.ARM.exidx.text.HAL_RCCEx_DisablePLLSAI), (8 bytes).
    Removing stm32f4xx_hal_rcc_ex.o(.text.HAL_RCC_DeInit), (604 bytes).
    Removing stm32f4xx_hal_rcc_ex.o(.ARM.exidx.text.HAL_RCC_DeInit), (8 bytes).
    Removing stm32f4xx_hal_tim.o(.text), (0 bytes).
    Removing stm32f4xx_hal_tim.o(.text.HAL_TIM_Base_Init), (156 bytes).
    Removing stm32f4xx_hal_tim.o(.ARM.exidx.text.HAL_TIM_Base_Init), (8 bytes).
    Removing stm32f4xx_hal_tim.o(.text.HAL_TIM_Base_MspInit), (8 bytes).
    Removing stm32f4xx_hal_tim.o(.ARM.exidx.text.HAL_TIM_Base_MspInit), (8 bytes).
    Removing stm32f4xx_hal_tim.o(.text.TIM_Base_SetConfig), (410 bytes).
    Removing stm32f4xx_hal_tim.o(.ARM.exidx.text.TIM_Base_SetConfig), (8 bytes).
    Removing stm32f4xx_hal_tim.o(.text.HAL_TIM_Base_DeInit), (166 bytes).
    Removing stm32f4xx_hal_tim.o(.ARM.exidx.text.HAL_TIM_Base_DeInit), (8 bytes).
    Removing stm32f4xx_hal_tim.o(.text.HAL_TIM_Base_MspDeInit), (8 bytes).
    Removing stm32f4xx_hal_tim.o(.ARM.exidx.text.HAL_TIM_Base_MspDeInit), (8 bytes).
    Removing stm32f4xx_hal_tim.o(.text.HAL_TIM_Base_Start), (234 bytes).
    Removing stm32f4xx_hal_tim.o(.ARM.exidx.text.HAL_TIM_Base_Start), (8 bytes).
    Removing stm32f4xx_hal_tim.o(.text.HAL_TIM_Base_Stop), (70 bytes).
    Removing stm32f4xx_hal_tim.o(.ARM.exidx.text.HAL_TIM_Base_Stop), (8 bytes).
    Removing stm32f4xx_hal_tim.o(.text.HAL_TIM_Base_Start_IT), (246 bytes).
    Removing stm32f4xx_hal_tim.o(.ARM.exidx.text.HAL_TIM_Base_Start_IT), (8 bytes).
    Removing stm32f4xx_hal_tim.o(.text.HAL_TIM_Base_Stop_IT), (82 bytes).
    Removing stm32f4xx_hal_tim.o(.ARM.exidx.text.HAL_TIM_Base_Stop_IT), (8 bytes).
    Removing stm32f4xx_hal_tim.o(.text.HAL_TIM_Base_Start_DMA), (374 bytes).
    Removing stm32f4xx_hal_tim.o(.ARM.exidx.text.HAL_TIM_Base_Start_DMA), (8 bytes).
    Removing stm32f4xx_hal_tim.o(.text.TIM_DMAPeriodElapsedCplt), (42 bytes).
    Removing stm32f4xx_hal_tim.o(.ARM.exidx.text.TIM_DMAPeriodElapsedCplt), (8 bytes).
    Removing stm32f4xx_hal_tim.o(.text.TIM_DMAPeriodElapsedHalfCplt), (22 bytes).
    Removing stm32f4xx_hal_tim.o(.ARM.exidx.text.TIM_DMAPeriodElapsedHalfCplt), (8 bytes).
    Removing stm32f4xx_hal_tim.o(.text.TIM_DMAError), (154 bytes).
    Removing stm32f4xx_hal_tim.o(.ARM.exidx.text.TIM_DMAError), (8 bytes).
    Removing stm32f4xx_hal_tim.o(.text.HAL_TIM_Base_Stop_DMA), (92 bytes).
    Removing stm32f4xx_hal_tim.o(.ARM.exidx.text.HAL_TIM_Base_Stop_DMA), (8 bytes).
    Removing stm32f4xx_hal_tim.o(.text.HAL_TIM_OC_Init), (156 bytes).
    Removing stm32f4xx_hal_tim.o(.ARM.exidx.text.HAL_TIM_OC_Init), (8 bytes).
    Removing stm32f4xx_hal_tim.o(.text.HAL_TIM_OC_MspInit), (8 bytes).
    Removing stm32f4xx_hal_tim.o(.ARM.exidx.text.HAL_TIM_OC_MspInit), (8 bytes).
    Removing stm32f4xx_hal_tim.o(.text.HAL_TIM_OC_DeInit), (166 bytes).
    Removing stm32f4xx_hal_tim.o(.ARM.exidx.text.HAL_TIM_OC_DeInit), (8 bytes).
    Removing stm32f4xx_hal_tim.o(.text.HAL_TIM_OC_MspDeInit), (8 bytes).
    Removing stm32f4xx_hal_tim.o(.ARM.exidx.text.HAL_TIM_OC_MspDeInit), (8 bytes).
    Removing stm32f4xx_hal_tim.o(.text.HAL_TIM_OC_Start), (458 bytes).
    Removing stm32f4xx_hal_tim.o(.ARM.exidx.text.HAL_TIM_OC_Start), (8 bytes).
    Removing stm32f4xx_hal_tim.o(.text.TIM_CCxChannelCmd), (54 bytes).
    Removing stm32f4xx_hal_tim.o(.ARM.exidx.text.TIM_CCxChannelCmd), (8 bytes).
    Removing stm32f4xx_hal_tim.o(.text.HAL_TIM_OC_Stop), (262 bytes).
    Removing stm32f4xx_hal_tim.o(.ARM.exidx.text.HAL_TIM_OC_Stop), (8 bytes).
    Removing stm32f4xx_hal_tim.o(.text.HAL_TIM_OC_Start_IT), (572 bytes).
    Removing stm32f4xx_hal_tim.o(.ARM.exidx.text.HAL_TIM_OC_Start_IT), (8 bytes).
    Removing stm32f4xx_hal_tim.o(.text.HAL_TIM_OC_Stop_IT), (374 bytes).
    Removing stm32f4xx_hal_tim.o(.ARM.exidx.text.HAL_TIM_OC_Stop_IT), (8 bytes).
    Removing stm32f4xx_hal_tim.o(.text.HAL_TIM_OC_Start_DMA), (986 bytes).
    Removing stm32f4xx_hal_tim.o(.ARM.exidx.text.HAL_TIM_OC_Start_DMA), (8 bytes).
    Removing stm32f4xx_hal_tim.o(.text.TIM_DMADelayPulseCplt), (188 bytes).
    Removing stm32f4xx_hal_tim.o(.ARM.exidx.text.TIM_DMADelayPulseCplt), (8 bytes).
    Removing stm32f4xx_hal_tim.o(.text.TIM_DMADelayPulseHalfCplt), (116 bytes).
    Removing stm32f4xx_hal_tim.o(.ARM.exidx.text.TIM_DMADelayPulseHalfCplt), (8 bytes).
    Removing stm32f4xx_hal_tim.o(.text.HAL_TIM_OC_Stop_DMA), (406 bytes).
    Removing stm32f4xx_hal_tim.o(.ARM.exidx.text.HAL_TIM_OC_Stop_DMA), (8 bytes).
    Removing stm32f4xx_hal_tim.o(.text.HAL_TIM_PWM_Init), (156 bytes).
    Removing stm32f4xx_hal_tim.o(.ARM.exidx.text.HAL_TIM_PWM_Init), (8 bytes).
    Removing stm32f4xx_hal_tim.o(.text.HAL_TIM_PWM_MspInit), (8 bytes).
    Removing stm32f4xx_hal_tim.o(.ARM.exidx.text.HAL_TIM_PWM_MspInit), (8 bytes).
    Removing stm32f4xx_hal_tim.o(.text.HAL_TIM_PWM_DeInit), (166 bytes).
    Removing stm32f4xx_hal_tim.o(.ARM.exidx.text.HAL_TIM_PWM_DeInit), (8 bytes).
    Removing stm32f4xx_hal_tim.o(.text.HAL_TIM_PWM_MspDeInit), (8 bytes).
    Removing stm32f4xx_hal_tim.o(.ARM.exidx.text.HAL_TIM_PWM_MspDeInit), (8 bytes).
    Removing stm32f4xx_hal_tim.o(.text.HAL_TIM_PWM_Start), (458 bytes).
    Removing stm32f4xx_hal_tim.o(.ARM.exidx.text.HAL_TIM_PWM_Start), (8 bytes).
    Removing stm32f4xx_hal_tim.o(.text.HAL_TIM_PWM_Stop), (262 bytes).
    Removing stm32f4xx_hal_tim.o(.ARM.exidx.text.HAL_TIM_PWM_Stop), (8 bytes).
    Removing stm32f4xx_hal_tim.o(.text.HAL_TIM_PWM_Start_IT), (572 bytes).
    Removing stm32f4xx_hal_tim.o(.ARM.exidx.text.HAL_TIM_PWM_Start_IT), (8 bytes).
    Removing stm32f4xx_hal_tim.o(.text.HAL_TIM_PWM_Stop_IT), (374 bytes).
    Removing stm32f4xx_hal_tim.o(.ARM.exidx.text.HAL_TIM_PWM_Stop_IT), (8 bytes).
    Removing stm32f4xx_hal_tim.o(.text.HAL_TIM_PWM_Start_DMA), (986 bytes).
    Removing stm32f4xx_hal_tim.o(.ARM.exidx.text.HAL_TIM_PWM_Start_DMA), (8 bytes).
    Removing stm32f4xx_hal_tim.o(.text.HAL_TIM_PWM_Stop_DMA), (406 bytes).
    Removing stm32f4xx_hal_tim.o(.ARM.exidx.text.HAL_TIM_PWM_Stop_DMA), (8 bytes).
    Removing stm32f4xx_hal_tim.o(.text.HAL_TIM_IC_Init), (156 bytes).
    Removing stm32f4xx_hal_tim.o(.ARM.exidx.text.HAL_TIM_IC_Init), (8 bytes).
    Removing stm32f4xx_hal_tim.o(.text.HAL_TIM_IC_MspInit), (8 bytes).
    Removing stm32f4xx_hal_tim.o(.ARM.exidx.text.HAL_TIM_IC_MspInit), (8 bytes).
    Removing stm32f4xx_hal_tim.o(.text.HAL_TIM_IC_DeInit), (166 bytes).
    Removing stm32f4xx_hal_tim.o(.ARM.exidx.text.HAL_TIM_IC_DeInit), (8 bytes).
    Removing stm32f4xx_hal_tim.o(.text.HAL_TIM_IC_MspDeInit), (8 bytes).
    Removing stm32f4xx_hal_tim.o(.ARM.exidx.text.HAL_TIM_IC_MspDeInit), (8 bytes).
    Removing stm32f4xx_hal_tim.o(.text.HAL_TIM_IC_Start), (566 bytes).
    Removing stm32f4xx_hal_tim.o(.ARM.exidx.text.HAL_TIM_IC_Start), (8 bytes).
    Removing stm32f4xx_hal_tim.o(.text.HAL_TIM_IC_Stop), (234 bytes).
    Removing stm32f4xx_hal_tim.o(.ARM.exidx.text.HAL_TIM_IC_Stop), (8 bytes).
    Removing stm32f4xx_hal_tim.o(.text.HAL_TIM_IC_Start_IT), (678 bytes).
    Removing stm32f4xx_hal_tim.o(.ARM.exidx.text.HAL_TIM_IC_Start_IT), (8 bytes).
    Removing stm32f4xx_hal_tim.o(.text.HAL_TIM_IC_Stop_IT), (346 bytes).
    Removing stm32f4xx_hal_tim.o(.ARM.exidx.text.HAL_TIM_IC_Stop_IT), (8 bytes).
    Removing stm32f4xx_hal_tim.o(.text.HAL_TIM_IC_Start_DMA), (1018 bytes).
    Removing stm32f4xx_hal_tim.o(.ARM.exidx.text.HAL_TIM_IC_Start_DMA), (8 bytes).
    Removing stm32f4xx_hal_tim.o(.text.TIM_DMACaptureCplt), (212 bytes).
    Removing stm32f4xx_hal_tim.o(.ARM.exidx.text.TIM_DMACaptureCplt), (8 bytes).
    Removing stm32f4xx_hal_tim.o(.text.TIM_DMACaptureHalfCplt), (116 bytes).
    Removing stm32f4xx_hal_tim.o(.ARM.exidx.text.TIM_DMACaptureHalfCplt), (8 bytes).
    Removing stm32f4xx_hal_tim.o(.text.HAL_TIM_IC_Stop_DMA), (376 bytes).
    Removing stm32f4xx_hal_tim.o(.ARM.exidx.text.HAL_TIM_IC_Stop_DMA), (8 bytes).
    Removing stm32f4xx_hal_tim.o(.text.HAL_TIM_OnePulse_Init), (144 bytes).
    Removing stm32f4xx_hal_tim.o(.ARM.exidx.text.HAL_TIM_OnePulse_Init), (8 bytes).
    Removing stm32f4xx_hal_tim.o(.text.HAL_TIM_OnePulse_MspInit), (8 bytes).
    Removing stm32f4xx_hal_tim.o(.ARM.exidx.text.HAL_TIM_OnePulse_MspInit), (8 bytes).
    Removing stm32f4xx_hal_tim.o(.text.HAL_TIM_OnePulse_DeInit), (128 bytes).
    Removing stm32f4xx_hal_tim.o(.ARM.exidx.text.HAL_TIM_OnePulse_DeInit), (8 bytes).
    Removing stm32f4xx_hal_tim.o(.text.HAL_TIM_OnePulse_MspDeInit), (8 bytes).
    Removing stm32f4xx_hal_tim.o(.ARM.exidx.text.HAL_TIM_OnePulse_MspDeInit), (8 bytes).
    Removing stm32f4xx_hal_tim.o(.text.HAL_TIM_OnePulse_Start), (230 bytes).
    Removing stm32f4xx_hal_tim.o(.ARM.exidx.text.HAL_TIM_OnePulse_Start), (8 bytes).
    Removing stm32f4xx_hal_tim.o(.text.HAL_TIM_OnePulse_Stop), (224 bytes).
    Removing stm32f4xx_hal_tim.o(.ARM.exidx.text.HAL_TIM_OnePulse_Stop), (8 bytes).
    Removing stm32f4xx_hal_tim.o(.text.HAL_TIM_OnePulse_Start_IT), (254 bytes).
    Removing stm32f4xx_hal_tim.o(.ARM.exidx.text.HAL_TIM_OnePulse_Start_IT), (8 bytes).
    Removing stm32f4xx_hal_tim.o(.text.HAL_TIM_OnePulse_Stop_IT), (248 bytes).
    Removing stm32f4xx_hal_tim.o(.ARM.exidx.text.HAL_TIM_OnePulse_Stop_IT), (8 bytes).
    Removing stm32f4xx_hal_tim.o(.text.HAL_TIM_Encoder_Init), (304 bytes).
    Removing stm32f4xx_hal_tim.o(.ARM.exidx.text.HAL_TIM_Encoder_Init), (8 bytes).
    Removing stm32f4xx_hal_tim.o(.text.HAL_TIM_Encoder_MspInit), (8 bytes).
    Removing stm32f4xx_hal_tim.o(.ARM.exidx.text.HAL_TIM_Encoder_MspInit), (8 bytes).
    Removing stm32f4xx_hal_tim.o(.text.HAL_TIM_Encoder_DeInit), (128 bytes).
    Removing stm32f4xx_hal_tim.o(.ARM.exidx.text.HAL_TIM_Encoder_DeInit), (8 bytes).
    Removing stm32f4xx_hal_tim.o(.text.HAL_TIM_Encoder_MspDeInit), (8 bytes).
    Removing stm32f4xx_hal_tim.o(.ARM.exidx.text.HAL_TIM_Encoder_MspDeInit), (8 bytes).
    Removing stm32f4xx_hal_tim.o(.text.HAL_TIM_Encoder_Start), (334 bytes).
    Removing stm32f4xx_hal_tim.o(.ARM.exidx.text.HAL_TIM_Encoder_Start), (8 bytes).
    Removing stm32f4xx_hal_tim.o(.text.HAL_TIM_Encoder_Stop), (338 bytes).
    Removing stm32f4xx_hal_tim.o(.ARM.exidx.text.HAL_TIM_Encoder_Stop), (8 bytes).
    Removing stm32f4xx_hal_tim.o(.text.HAL_TIM_Encoder_Start_IT), (382 bytes).
    Removing stm32f4xx_hal_tim.o(.ARM.exidx.text.HAL_TIM_Encoder_Start_IT), (8 bytes).
    Removing stm32f4xx_hal_tim.o(.text.HAL_TIM_Encoder_Stop_IT), (386 bytes).
    Removing stm32f4xx_hal_tim.o(.ARM.exidx.text.HAL_TIM_Encoder_Stop_IT), (8 bytes).
    Removing stm32f4xx_hal_tim.o(.text.HAL_TIM_Encoder_Start_DMA), (896 bytes).
    Removing stm32f4xx_hal_tim.o(.ARM.exidx.text.HAL_TIM_Encoder_Start_DMA), (8 bytes).
    Removing stm32f4xx_hal_tim.o(.text.HAL_TIM_Encoder_Stop_DMA), (418 bytes).
    Removing stm32f4xx_hal_tim.o(.ARM.exidx.text.HAL_TIM_Encoder_Stop_DMA), (8 bytes).
    Removing stm32f4xx_hal_tim.o(.text.HAL_TIM_IRQHandler), (634 bytes).
    Removing stm32f4xx_hal_tim.o(.ARM.exidx.text.HAL_TIM_IRQHandler), (8 bytes).
    Removing stm32f4xx_hal_tim.o(.text.HAL_TIM_IC_CaptureCallback), (8 bytes).
    Removing stm32f4xx_hal_tim.o(.ARM.exidx.text.HAL_TIM_IC_CaptureCallback), (8 bytes).
    Removing stm32f4xx_hal_tim.o(.text.HAL_TIM_OC_DelayElapsedCallback), (8 bytes).
    Removing stm32f4xx_hal_tim.o(.ARM.exidx.text.HAL_TIM_OC_DelayElapsedCallback), (8 bytes).
    Removing stm32f4xx_hal_tim.o(.text.HAL_TIM_PWM_PulseFinishedCallback), (8 bytes).
    Removing stm32f4xx_hal_tim.o(.ARM.exidx.text.HAL_TIM_PWM_PulseFinishedCallback), (8 bytes).
    Removing stm32f4xx_hal_tim.o(.text.HAL_TIM_PeriodElapsedCallback), (8 bytes).
    Removing stm32f4xx_hal_tim.o(.ARM.exidx.text.HAL_TIM_PeriodElapsedCallback), (8 bytes).
    Removing stm32f4xx_hal_tim.o(.text.HAL_TIM_TriggerCallback), (8 bytes).
    Removing stm32f4xx_hal_tim.o(.ARM.exidx.text.HAL_TIM_TriggerCallback), (8 bytes).
    Removing stm32f4xx_hal_tim.o(.text.HAL_TIM_OC_ConfigChannel), (164 bytes).
    Removing stm32f4xx_hal_tim.o(.ARM.exidx.text.HAL_TIM_OC_ConfigChannel), (8 bytes).
    Removing stm32f4xx_hal_tim.o(.text.TIM_OC1_SetConfig), (234 bytes).
    Removing stm32f4xx_hal_tim.o(.ARM.exidx.text.TIM_OC1_SetConfig), (8 bytes).
    Removing stm32f4xx_hal_tim.o(.text.TIM_OC2_SetConfig), (244 bytes).
    Removing stm32f4xx_hal_tim.o(.ARM.exidx.text.TIM_OC2_SetConfig), (8 bytes).
    Removing stm32f4xx_hal_tim.o(.text.TIM_OC3_SetConfig), (242 bytes).
    Removing stm32f4xx_hal_tim.o(.ARM.exidx.text.TIM_OC3_SetConfig), (8 bytes).
    Removing stm32f4xx_hal_tim.o(.text.TIM_OC4_SetConfig), (164 bytes).
    Removing stm32f4xx_hal_tim.o(.ARM.exidx.text.TIM_OC4_SetConfig), (8 bytes).
    Removing stm32f4xx_hal_tim.o(.text.HAL_TIM_IC_ConfigChannel), (304 bytes).
    Removing stm32f4xx_hal_tim.o(.ARM.exidx.text.HAL_TIM_IC_ConfigChannel), (8 bytes).
    Removing stm32f4xx_hal_tim.o(.text.TIM_TI1_SetConfig), (278 bytes).
    Removing stm32f4xx_hal_tim.o(.ARM.exidx.text.TIM_TI1_SetConfig), (8 bytes).
    Removing stm32f4xx_hal_tim.o(.text.TIM_TI2_SetConfig), (108 bytes).
    Removing stm32f4xx_hal_tim.o(.ARM.exidx.text.TIM_TI2_SetConfig), (8 bytes).
    Removing stm32f4xx_hal_tim.o(.text.TIM_TI3_SetConfig), (106 bytes).
    Removing stm32f4xx_hal_tim.o(.ARM.exidx.text.TIM_TI3_SetConfig), (8 bytes).
    Removing stm32f4xx_hal_tim.o(.text.TIM_TI4_SetConfig), (108 bytes).
    Removing stm32f4xx_hal_tim.o(.ARM.exidx.text.TIM_TI4_SetConfig), (8 bytes).
    Removing stm32f4xx_hal_tim.o(.text.HAL_TIM_PWM_ConfigChannel), (322 bytes).
    Removing stm32f4xx_hal_tim.o(.ARM.exidx.text.HAL_TIM_PWM_ConfigChannel), (8 bytes).
    Removing stm32f4xx_hal_tim.o(.text.HAL_TIM_OnePulse_ConfigChannel), (394 bytes).
    Removing stm32f4xx_hal_tim.o(.ARM.exidx.text.HAL_TIM_OnePulse_ConfigChannel), (8 bytes).
    Removing stm32f4xx_hal_tim.o(.text.HAL_TIM_DMABurst_WriteStart), (62 bytes).
    Removing stm32f4xx_hal_tim.o(.ARM.exidx.text.HAL_TIM_DMABurst_WriteStart), (8 bytes).
    Removing stm32f4xx_hal_tim.o(.text.HAL_TIM_DMABurst_MultiWriteStart), (736 bytes).
    Removing stm32f4xx_hal_tim.o(.ARM.exidx.text.HAL_TIM_DMABurst_MultiWriteStart), (8 bytes).
    Removing stm32f4xx_hal_tim.o(.text.TIM_DMATriggerCplt), (42 bytes).
    Removing stm32f4xx_hal_tim.o(.ARM.exidx.text.TIM_DMATriggerCplt), (8 bytes).
    Removing stm32f4xx_hal_tim.o(.text.TIM_DMATriggerHalfCplt), (22 bytes).
    Removing stm32f4xx_hal_tim.o(.ARM.exidx.text.TIM_DMATriggerHalfCplt), (8 bytes).
    Removing stm32f4xx_hal_tim.o(.text.HAL_TIM_DMABurst_WriteStop), (202 bytes).
    Removing stm32f4xx_hal_tim.o(.ARM.exidx.text.HAL_TIM_DMABurst_WriteStop), (8 bytes).
    Removing stm32f4xx_hal_tim.o(.text.HAL_TIM_DMABurst_ReadStart), (62 bytes).
    Removing stm32f4xx_hal_tim.o(.ARM.exidx.text.HAL_TIM_DMABurst_ReadStart), (8 bytes).
    Removing stm32f4xx_hal_tim.o(.text.HAL_TIM_DMABurst_MultiReadStart), (736 bytes).
    Removing stm32f4xx_hal_tim.o(.ARM.exidx.text.HAL_TIM_DMABurst_MultiReadStart), (8 bytes).
    Removing stm32f4xx_hal_tim.o(.text.HAL_TIM_DMABurst_ReadStop), (202 bytes).
    Removing stm32f4xx_hal_tim.o(.ARM.exidx.text.HAL_TIM_DMABurst_ReadStop), (8 bytes).
    Removing stm32f4xx_hal_tim.o(.text.HAL_TIM_GenerateEvent), (92 bytes).
    Removing stm32f4xx_hal_tim.o(.ARM.exidx.text.HAL_TIM_GenerateEvent), (8 bytes).
    Removing stm32f4xx_hal_tim.o(.text.HAL_TIM_ConfigOCrefClear), (384 bytes).
    Removing stm32f4xx_hal_tim.o(.ARM.exidx.text.HAL_TIM_ConfigOCrefClear), (8 bytes).
    Removing stm32f4xx_hal_tim.o(.text.TIM_ETR_SetConfig), (52 bytes).
    Removing stm32f4xx_hal_tim.o(.ARM.exidx.text.TIM_ETR_SetConfig), (8 bytes).
    Removing stm32f4xx_hal_tim.o(.text.HAL_TIM_ConfigClockSource), (388 bytes).
    Removing stm32f4xx_hal_tim.o(.ARM.exidx.text.HAL_TIM_ConfigClockSource), (8 bytes).
    Removing stm32f4xx_hal_tim.o(.text.TIM_TI1_ConfigInputStage), (80 bytes).
    Removing stm32f4xx_hal_tim.o(.ARM.exidx.text.TIM_TI1_ConfigInputStage), (8 bytes).
    Removing stm32f4xx_hal_tim.o(.text.TIM_ITRx_SetConfig), (42 bytes).
    Removing stm32f4xx_hal_tim.o(.ARM.exidx.text.TIM_ITRx_SetConfig), (8 bytes).
    Removing stm32f4xx_hal_tim.o(.text.TIM_TI2_ConfigInputStage), (82 bytes).
    Removing stm32f4xx_hal_tim.o(.ARM.exidx.text.TIM_TI2_ConfigInputStage), (8 bytes).
    Removing stm32f4xx_hal_tim.o(.text.HAL_TIM_ConfigTI1Input), (44 bytes).
    Removing stm32f4xx_hal_tim.o(.ARM.exidx.text.HAL_TIM_ConfigTI1Input), (8 bytes).
    Removing stm32f4xx_hal_tim.o(.text.HAL_TIM_SlaveConfigSynchro), (150 bytes).
    Removing stm32f4xx_hal_tim.o(.ARM.exidx.text.HAL_TIM_SlaveConfigSynchro), (8 bytes).
    Removing stm32f4xx_hal_tim.o(.text.TIM_SlaveTimer_SetConfig), (296 bytes).
    Removing stm32f4xx_hal_tim.o(.ARM.exidx.text.TIM_SlaveTimer_SetConfig), (8 bytes).
    Removing stm32f4xx_hal_tim.o(.text.HAL_TIM_SlaveConfigSynchro_IT), (150 bytes).
    Removing stm32f4xx_hal_tim.o(.ARM.exidx.text.HAL_TIM_SlaveConfigSynchro_IT), (8 bytes).
    Removing stm32f4xx_hal_tim.o(.text.HAL_TIM_ReadCapturedValue), (86 bytes).
    Removing stm32f4xx_hal_tim.o(.ARM.exidx.text.HAL_TIM_ReadCapturedValue), (8 bytes).
    Removing stm32f4xx_hal_tim.o(.text.HAL_TIM_PeriodElapsedHalfCpltCallback), (8 bytes).
    Removing stm32f4xx_hal_tim.o(.ARM.exidx.text.HAL_TIM_PeriodElapsedHalfCpltCallback), (8 bytes).
    Removing stm32f4xx_hal_tim.o(.text.HAL_TIM_IC_CaptureHalfCpltCallback), (8 bytes).
    Removing stm32f4xx_hal_tim.o(.ARM.exidx.text.HAL_TIM_IC_CaptureHalfCpltCallback), (8 bytes).
    Removing stm32f4xx_hal_tim.o(.text.HAL_TIM_PWM_PulseFinishedHalfCpltCallback), (8 bytes).
    Removing stm32f4xx_hal_tim.o(.ARM.exidx.text.HAL_TIM_PWM_PulseFinishedHalfCpltCallback), (8 bytes).
    Removing stm32f4xx_hal_tim.o(.text.HAL_TIM_TriggerHalfCpltCallback), (8 bytes).
    Removing stm32f4xx_hal_tim.o(.ARM.exidx.text.HAL_TIM_TriggerHalfCpltCallback), (8 bytes).
    Removing stm32f4xx_hal_tim.o(.text.HAL_TIM_ErrorCallback), (8 bytes).
    Removing stm32f4xx_hal_tim.o(.ARM.exidx.text.HAL_TIM_ErrorCallback), (8 bytes).
    Removing stm32f4xx_hal_tim.o(.text.HAL_TIM_Base_GetState), (14 bytes).
    Removing stm32f4xx_hal_tim.o(.ARM.exidx.text.HAL_TIM_Base_GetState), (8 bytes).
    Removing stm32f4xx_hal_tim.o(.text.HAL_TIM_OC_GetState), (14 bytes).
    Removing stm32f4xx_hal_tim.o(.ARM.exidx.text.HAL_TIM_OC_GetState), (8 bytes).
    Removing stm32f4xx_hal_tim.o(.text.HAL_TIM_PWM_GetState), (14 bytes).
    Removing stm32f4xx_hal_tim.o(.ARM.exidx.text.HAL_TIM_PWM_GetState), (8 bytes).
    Removing stm32f4xx_hal_tim.o(.text.HAL_TIM_IC_GetState), (14 bytes).
    Removing stm32f4xx_hal_tim.o(.ARM.exidx.text.HAL_TIM_IC_GetState), (8 bytes).
    Removing stm32f4xx_hal_tim.o(.text.HAL_TIM_OnePulse_GetState), (14 bytes).
    Removing stm32f4xx_hal_tim.o(.ARM.exidx.text.HAL_TIM_OnePulse_GetState), (8 bytes).
    Removing stm32f4xx_hal_tim.o(.text.HAL_TIM_Encoder_GetState), (14 bytes).
    Removing stm32f4xx_hal_tim.o(.ARM.exidx.text.HAL_TIM_Encoder_GetState), (8 bytes).
    Removing stm32f4xx_hal_tim.o(.text.HAL_TIM_GetActiveChannel), (12 bytes).
    Removing stm32f4xx_hal_tim.o(.ARM.exidx.text.HAL_TIM_GetActiveChannel), (8 bytes).
    Removing stm32f4xx_hal_tim.o(.text.HAL_TIM_GetChannelState), (94 bytes).
    Removing stm32f4xx_hal_tim.o(.ARM.exidx.text.HAL_TIM_GetChannelState), (8 bytes).
    Removing stm32f4xx_hal_tim.o(.text.HAL_TIM_DMABurstState), (14 bytes).
    Removing stm32f4xx_hal_tim.o(.ARM.exidx.text.HAL_TIM_DMABurstState), (8 bytes).
    Removing stm32f4xx_hal_tim_ex.o(.text), (0 bytes).
    Removing stm32f4xx_hal_tim_ex.o(.text.HAL_TIMEx_HallSensor_Init), (280 bytes).
    Removing stm32f4xx_hal_tim_ex.o(.ARM.exidx.text.HAL_TIMEx_HallSensor_Init), (8 bytes).
    Removing stm32f4xx_hal_tim_ex.o(.text.HAL_TIMEx_HallSensor_MspInit), (8 bytes).
    Removing stm32f4xx_hal_tim_ex.o(.ARM.exidx.text.HAL_TIMEx_HallSensor_MspInit), (8 bytes).
    Removing stm32f4xx_hal_tim_ex.o(.text.HAL_TIMEx_HallSensor_DeInit), (128 bytes).
    Removing stm32f4xx_hal_tim_ex.o(.ARM.exidx.text.HAL_TIMEx_HallSensor_DeInit), (8 bytes).
    Removing stm32f4xx_hal_tim_ex.o(.text.HAL_TIMEx_HallSensor_MspDeInit), (8 bytes).
    Removing stm32f4xx_hal_tim_ex.o(.ARM.exidx.text.HAL_TIMEx_HallSensor_MspDeInit), (8 bytes).
    Removing stm32f4xx_hal_tim_ex.o(.text.HAL_TIMEx_HallSensor_Start), (334 bytes).
    Removing stm32f4xx_hal_tim_ex.o(.ARM.exidx.text.HAL_TIMEx_HallSensor_Start), (8 bytes).
    Removing stm32f4xx_hal_tim_ex.o(.text.HAL_TIMEx_HallSensor_Stop), (102 bytes).
    Removing stm32f4xx_hal_tim_ex.o(.ARM.exidx.text.HAL_TIMEx_HallSensor_Stop), (8 bytes).
    Removing stm32f4xx_hal_tim_ex.o(.text.HAL_TIMEx_HallSensor_Start_IT), (346 bytes).
    Removing stm32f4xx_hal_tim_ex.o(.ARM.exidx.text.HAL_TIMEx_HallSensor_Start_IT), (8 bytes).
    Removing stm32f4xx_hal_tim_ex.o(.text.HAL_TIMEx_HallSensor_Stop_IT), (114 bytes).
    Removing stm32f4xx_hal_tim_ex.o(.ARM.exidx.text.HAL_TIMEx_HallSensor_Stop_IT), (8 bytes).
    Removing stm32f4xx_hal_tim_ex.o(.text.HAL_TIMEx_HallSensor_Start_DMA), (428 bytes).
    Removing stm32f4xx_hal_tim_ex.o(.ARM.exidx.text.HAL_TIMEx_HallSensor_Start_DMA), (8 bytes).
    Removing stm32f4xx_hal_tim_ex.o(.text.HAL_TIMEx_HallSensor_Stop_DMA), (110 bytes).
    Removing stm32f4xx_hal_tim_ex.o(.ARM.exidx.text.HAL_TIMEx_HallSensor_Stop_DMA), (8 bytes).
    Removing stm32f4xx_hal_tim_ex.o(.text.HAL_TIMEx_OCN_Start), (402 bytes).
    Removing stm32f4xx_hal_tim_ex.o(.ARM.exidx.text.HAL_TIMEx_OCN_Start), (8 bytes).
    Removing stm32f4xx_hal_tim_ex.o(.text.TIM_CCxNChannelCmd), (54 bytes).
    Removing stm32f4xx_hal_tim_ex.o(.ARM.exidx.text.TIM_CCxNChannelCmd), (8 bytes).
    Removing stm32f4xx_hal_tim_ex.o(.text.HAL_TIMEx_OCN_Stop), (208 bytes).
    Removing stm32f4xx_hal_tim_ex.o(.ARM.exidx.text.HAL_TIMEx_OCN_Stop), (8 bytes).
    Removing stm32f4xx_hal_tim_ex.o(.text.HAL_TIMEx_OCN_Start_IT), (508 bytes).
    Removing stm32f4xx_hal_tim_ex.o(.ARM.exidx.text.HAL_TIMEx_OCN_Start_IT), (8 bytes).
    Removing stm32f4xx_hal_tim_ex.o(.text.HAL_TIMEx_OCN_Stop_IT), (338 bytes).
    Removing stm32f4xx_hal_tim_ex.o(.ARM.exidx.text.HAL_TIMEx_OCN_Stop_IT), (8 bytes).
    Removing stm32f4xx_hal_tim_ex.o(.text.HAL_TIMEx_OCN_Start_DMA), (836 bytes).
    Removing stm32f4xx_hal_tim_ex.o(.ARM.exidx.text.HAL_TIMEx_OCN_Start_DMA), (8 bytes).
    Removing stm32f4xx_hal_tim_ex.o(.text.TIM_DMADelayPulseNCplt), (188 bytes).
    Removing stm32f4xx_hal_tim_ex.o(.ARM.exidx.text.TIM_DMADelayPulseNCplt), (8 bytes).
    Removing stm32f4xx_hal_tim_ex.o(.text.TIM_DMAErrorCCxN), (116 bytes).
    Removing stm32f4xx_hal_tim_ex.o(.ARM.exidx.text.TIM_DMAErrorCCxN), (8 bytes).
    Removing stm32f4xx_hal_tim_ex.o(.text.HAL_TIMEx_OCN_Stop_DMA), (326 bytes).
    Removing stm32f4xx_hal_tim_ex.o(.ARM.exidx.text.HAL_TIMEx_OCN_Stop_DMA), (8 bytes).
    Removing stm32f4xx_hal_tim_ex.o(.text.HAL_TIMEx_PWMN_Start), (402 bytes).
    Removing stm32f4xx_hal_tim_ex.o(.ARM.exidx.text.HAL_TIMEx_PWMN_Start), (8 bytes).
    Removing stm32f4xx_hal_tim_ex.o(.text.HAL_TIMEx_PWMN_Stop), (208 bytes).
    Removing stm32f4xx_hal_tim_ex.o(.ARM.exidx.text.HAL_TIMEx_PWMN_Stop), (8 bytes).
    Removing stm32f4xx_hal_tim_ex.o(.text.HAL_TIMEx_PWMN_Start_IT), (508 bytes).
    Removing stm32f4xx_hal_tim_ex.o(.ARM.exidx.text.HAL_TIMEx_PWMN_Start_IT), (8 bytes).
    Removing stm32f4xx_hal_tim_ex.o(.text.HAL_TIMEx_PWMN_Stop_IT), (338 bytes).
    Removing stm32f4xx_hal_tim_ex.o(.ARM.exidx.text.HAL_TIMEx_PWMN_Stop_IT), (8 bytes).
    Removing stm32f4xx_hal_tim_ex.o(.text.HAL_TIMEx_PWMN_Start_DMA), (836 bytes).
    Removing stm32f4xx_hal_tim_ex.o(.ARM.exidx.text.HAL_TIMEx_PWMN_Start_DMA), (8 bytes).
    Removing stm32f4xx_hal_tim_ex.o(.text.HAL_TIMEx_PWMN_Stop_DMA), (326 bytes).
    Removing stm32f4xx_hal_tim_ex.o(.ARM.exidx.text.HAL_TIMEx_PWMN_Stop_DMA), (8 bytes).
    Removing stm32f4xx_hal_tim_ex.o(.text.HAL_TIMEx_OnePulseN_Start), (186 bytes).
    Removing stm32f4xx_hal_tim_ex.o(.ARM.exidx.text.HAL_TIMEx_OnePulseN_Start), (8 bytes).
    Removing stm32f4xx_hal_tim_ex.o(.text.HAL_TIMEx_OnePulseN_Stop), (182 bytes).
    Removing stm32f4xx_hal_tim_ex.o(.ARM.exidx.text.HAL_TIMEx_OnePulseN_Stop), (8 bytes).
    Removing stm32f4xx_hal_tim_ex.o(.text.HAL_TIMEx_OnePulseN_Start_IT), (210 bytes).
    Removing stm32f4xx_hal_tim_ex.o(.ARM.exidx.text.HAL_TIMEx_OnePulseN_Start_IT), (8 bytes).
    Removing stm32f4xx_hal_tim_ex.o(.text.HAL_TIMEx_OnePulseN_Stop_IT), (206 bytes).
    Removing stm32f4xx_hal_tim_ex.o(.ARM.exidx.text.HAL_TIMEx_OnePulseN_Stop_IT), (8 bytes).
    Removing stm32f4xx_hal_tim_ex.o(.text.HAL_TIMEx_ConfigCommutEvent), (186 bytes).
    Removing stm32f4xx_hal_tim_ex.o(.ARM.exidx.text.HAL_TIMEx_ConfigCommutEvent), (8 bytes).
    Removing stm32f4xx_hal_tim_ex.o(.text.HAL_TIMEx_ConfigCommutEvent_IT), (186 bytes).
    Removing stm32f4xx_hal_tim_ex.o(.ARM.exidx.text.HAL_TIMEx_ConfigCommutEvent_IT), (8 bytes).
    Removing stm32f4xx_hal_tim_ex.o(.text.HAL_TIMEx_ConfigCommutEvent_DMA), (228 bytes).
    Removing stm32f4xx_hal_tim_ex.o(.ARM.exidx.text.HAL_TIMEx_ConfigCommutEvent_DMA), (8 bytes).
    Removing stm32f4xx_hal_tim_ex.o(.text.TIMEx_DMACommutationCplt), (30 bytes).
    Removing stm32f4xx_hal_tim_ex.o(.ARM.exidx.text.TIMEx_DMACommutationCplt), (8 bytes).
    Removing stm32f4xx_hal_tim_ex.o(.text.TIMEx_DMACommutationHalfCplt), (30 bytes).
    Removing stm32f4xx_hal_tim_ex.o(.ARM.exidx.text.TIMEx_DMACommutationHalfCplt), (8 bytes).
    Removing stm32f4xx_hal_tim_ex.o(.text.HAL_TIMEx_MasterConfigSynchronization), (290 bytes).
    Removing stm32f4xx_hal_tim_ex.o(.ARM.exidx.text.HAL_TIMEx_MasterConfigSynchronization), (8 bytes).
    Removing stm32f4xx_hal_tim_ex.o(.text.HAL_TIMEx_ConfigBreakDeadTime), (178 bytes).
    Removing stm32f4xx_hal_tim_ex.o(.ARM.exidx.text.HAL_TIMEx_ConfigBreakDeadTime), (8 bytes).
    Removing stm32f4xx_hal_tim_ex.o(.text.HAL_TIMEx_RemapConfig), (76 bytes).
    Removing stm32f4xx_hal_tim_ex.o(.ARM.exidx.text.HAL_TIMEx_RemapConfig), (8 bytes).
    Removing stm32f4xx_hal_tim_ex.o(.text.HAL_TIMEx_CommutCallback), (8 bytes).
    Removing stm32f4xx_hal_tim_ex.o(.ARM.exidx.text.HAL_TIMEx_CommutCallback), (8 bytes).
    Removing stm32f4xx_hal_tim_ex.o(.text.HAL_TIMEx_CommutHalfCpltCallback), (8 bytes).
    Removing stm32f4xx_hal_tim_ex.o(.ARM.exidx.text.HAL_TIMEx_CommutHalfCpltCallback), (8 bytes).
    Removing stm32f4xx_hal_tim_ex.o(.text.HAL_TIMEx_BreakCallback), (8 bytes).
    Removing stm32f4xx_hal_tim_ex.o(.ARM.exidx.text.HAL_TIMEx_BreakCallback), (8 bytes).
    Removing stm32f4xx_hal_tim_ex.o(.text.HAL_TIMEx_HallSensor_GetState), (14 bytes).
    Removing stm32f4xx_hal_tim_ex.o(.ARM.exidx.text.HAL_TIMEx_HallSensor_GetState), (8 bytes).
    Removing stm32f4xx_hal_tim_ex.o(.text.HAL_TIMEx_GetChannelNState), (94 bytes).
    Removing stm32f4xx_hal_tim_ex.o(.ARM.exidx.text.HAL_TIMEx_GetChannelNState), (8 bytes).
    Removing system_stm32f4xx.o(.text), (0 bytes).
    Removing system_stm32f4xx.o(.ARM.exidx.text.SystemInit), (8 bytes).
    Removing system_stm32f4xx.o(.ARM.exidx.text.SystemCoreClockUpdate), (8 bytes).
    Removing rtx_kernel.o(.text), (0 bytes).
    Removing rtx_kernel.o(.text.osRtxKernelPreInit), (2 bytes).
    Removing rtx_kernel.o(.ARM.exidx.text.osRtxKernelPreInit), (8 bytes).
    Removing rtx_kernel.o(.ARM.exidx.text.osRtxKernelErrorNotify), (8 bytes).
    Removing rtx_kernel.o(.ARM.exidx.text.osKernelInitialize), (8 bytes).
    Removing rtx_kernel.o(.text.osKernelGetInfo), (48 bytes).
    Removing rtx_kernel.o(.ARM.exidx.text.osKernelGetInfo), (8 bytes).
    Removing rtx_kernel.o(.text.svcRtxKernelGetInfo), (48 bytes).
    Removing rtx_kernel.o(.ARM.exidx.text.svcRtxKernelGetInfo), (8 bytes).
    Removing rtx_kernel.o(.ARM.exidx.text.osKernelGetState), (8 bytes).
    Removing rtx_kernel.o(.ARM.exidx.text.svcRtxKernelGetState), (8 bytes).
    Removing rtx_kernel.o(.ARM.exidx.text.osKernelStart), (8 bytes).
    Removing rtx_kernel.o(.text.osKernelLock), (36 bytes).
    Removing rtx_kernel.o(.ARM.exidx.text.osKernelLock), (8 bytes).
    Removing rtx_kernel.o(.text.osKernelUnlock), (36 bytes).
    Removing rtx_kernel.o(.ARM.exidx.text.osKernelUnlock), (8 bytes).
    Removing rtx_kernel.o(.text.osKernelRestoreLock), (36 bytes).
    Removing rtx_kernel.o(.ARM.exidx.text.osKernelRestoreLock), (8 bytes).
    Removing rtx_kernel.o(.text.osKernelSuspend), (36 bytes).
    Removing rtx_kernel.o(.ARM.exidx.text.osKernelSuspend), (8 bytes).
    Removing rtx_kernel.o(.text.osKernelResume), (36 bytes).
    Removing rtx_kernel.o(.ARM.exidx.text.osKernelResume), (8 bytes).
    Removing rtx_kernel.o(.ARM.exidx.text.osKernelGetTickCount), (8 bytes).
    Removing rtx_kernel.o(.ARM.exidx.text.svcRtxKernelGetTickCount), (8 bytes).
    Removing rtx_kernel.o(.text.osKernelGetTickFreq), (40 bytes).
    Removing rtx_kernel.o(.ARM.exidx.text.osKernelGetTickFreq), (8 bytes).
    Removing rtx_kernel.o(.text.svcRtxKernelGetTickFreq), (12 bytes).
    Removing rtx_kernel.o(.ARM.exidx.text.svcRtxKernelGetTickFreq), (8 bytes).
    Removing rtx_kernel.o(.text.osKernelGetSysTimerCount), (36 bytes).
    Removing rtx_kernel.o(.ARM.exidx.text.osKernelGetSysTimerCount), (8 bytes).
    Removing rtx_kernel.o(.text.svcRtxKernelGetSysTimerCount), (40 bytes).
    Removing rtx_kernel.o(.ARM.exidx.text.svcRtxKernelGetSysTimerCount), (8 bytes).
    Removing rtx_kernel.o(.text.osKernelGetSysTimerFreq), (36 bytes).
    Removing rtx_kernel.o(.ARM.exidx.text.osKernelGetSysTimerFreq), (8 bytes).
    Removing rtx_kernel.o(.text.svcRtxKernelGetSysTimerFreq), (4 bytes).
    Removing rtx_kernel.o(.ARM.exidx.text.svcRtxKernelGetSysTimerFreq), (8 bytes).
    Removing rtx_kernel.o(.ARM.exidx.text.svcRtxKernelInitialize), (8 bytes).
    Removing rtx_kernel.o(.ARM.exidx.text.svcRtxKernelStart), (8 bytes).
    Removing rtx_kernel.o(.text.svcRtxKernelLock), (32 bytes).
    Removing rtx_kernel.o(.ARM.exidx.text.svcRtxKernelLock), (8 bytes).
    Removing rtx_kernel.o(.text.svcRtxKernelUnlock), (32 bytes).
    Removing rtx_kernel.o(.ARM.exidx.text.svcRtxKernelUnlock), (8 bytes).
    Removing rtx_kernel.o(.text.svcRtxKernelRestoreLock), (44 bytes).
    Removing rtx_kernel.o(.ARM.exidx.text.svcRtxKernelRestoreLock), (8 bytes).
    Removing rtx_kernel.o(.text.svcRtxKernelSuspend), (64 bytes).
    Removing rtx_kernel.o(.ARM.exidx.text.svcRtxKernelSuspend), (8 bytes).
    Removing rtx_kernel.o(.text.GetKernelSleepTime), (32 bytes).
    Removing rtx_kernel.o(.ARM.exidx.text.GetKernelSleepTime), (8 bytes).
    Removing rtx_kernel.o(.text.svcRtxKernelResume), (124 bytes).
    Removing rtx_kernel.o(.ARM.exidx.text.svcRtxKernelResume), (8 bytes).
    Removing rtx_kernel.o(.ARM.exidx.text.OUTLINED_FUNCTION_0), (8 bytes).
    Removing rtx_kernel.o(.ARM.exidx.text.OUTLINED_FUNCTION_1), (8 bytes).
    Removing rtx_thread.o(.text), (0 bytes).
    Removing rtx_thread.o(.ARM.exidx.text.osRtxThreadListPut), (8 bytes).
    Removing rtx_thread.o(.ARM.exidx.text.osRtxThreadListGet), (8 bytes).
    Removing rtx_thread.o(.ARM.exidx.text.osRtxThreadListSort), (8 bytes).
    Removing rtx_thread.o(.ARM.exidx.text.osRtxThreadListRemove), (8 bytes).
    Removing rtx_thread.o(.ARM.exidx.text.osRtxThreadReadyPut), (8 bytes).
    Removing rtx_thread.o(.ARM.exidx.text.osRtxThreadDelayTick), (8 bytes).
    Removing rtx_thread.o(.ARM.exidx.text.osRtxThreadRegPtr), (8 bytes).
    Removing rtx_thread.o(.ARM.exidx.text.osRtxThreadSwitch), (8 bytes).
    Removing rtx_thread.o(.ARM.exidx.text.osRtxThreadDispatch), (8 bytes).
    Removing rtx_thread.o(.ARM.exidx.text.osRtxThreadBlock), (8 bytes).
    Removing rtx_thread.o(.ARM.exidx.text.osRtxThreadWaitExit), (8 bytes).
    Removing rtx_thread.o(.ARM.exidx.text.osRtxThreadDelayRemove), (8 bytes).
    Removing rtx_thread.o(.ARM.exidx.text.osRtxThreadWaitEnter), (8 bytes).
    Removing rtx_thread.o(.ARM.exidx.text.osRtxThreadDelayInsert), (8 bytes).
    Removing rtx_thread.o(.ARM.exidx.text.osRtxThreadStartup), (8 bytes).
    Removing rtx_thread.o(.ARM.exidx.text.svcRtxThreadNew), (8 bytes).
    Removing rtx_thread.o(.ARM.exidx.text.osThreadNew), (8 bytes).
    Removing rtx_thread.o(.text.osThreadGetName), (36 bytes).
    Removing rtx_thread.o(.ARM.exidx.text.osThreadGetName), (8 bytes).
    Removing rtx_thread.o(.ARM.exidx.text.osThreadGetId), (8 bytes).
    Removing rtx_thread.o(.ARM.exidx.text.svcRtxThreadGetId), (8 bytes).
    Removing rtx_thread.o(.text.osThreadGetState), (36 bytes).
    Removing rtx_thread.o(.ARM.exidx.text.osThreadGetState), (8 bytes).
    Removing rtx_thread.o(.text.osThreadGetStackSize), (36 bytes).
    Removing rtx_thread.o(.ARM.exidx.text.osThreadGetStackSize), (8 bytes).
    Removing rtx_thread.o(.text.osThreadGetStackSpace), (36 bytes).
    Removing rtx_thread.o(.ARM.exidx.text.osThreadGetStackSpace), (8 bytes).
    Removing rtx_thread.o(.text.osThreadSetPriority), (36 bytes).
    Removing rtx_thread.o(.ARM.exidx.text.osThreadSetPriority), (8 bytes).
    Removing rtx_thread.o(.text.osThreadGetPriority), (36 bytes).
    Removing rtx_thread.o(.ARM.exidx.text.osThreadGetPriority), (8 bytes).
    Removing rtx_thread.o(.ARM.exidx.text.osThreadYield), (8 bytes).
    Removing rtx_thread.o(.text.osThreadSuspend), (36 bytes).
    Removing rtx_thread.o(.ARM.exidx.text.osThreadSuspend), (8 bytes).
    Removing rtx_thread.o(.text.osThreadResume), (36 bytes).
    Removing rtx_thread.o(.ARM.exidx.text.osThreadResume), (8 bytes).
    Removing rtx_thread.o(.text.osThreadDetach), (36 bytes).
    Removing rtx_thread.o(.ARM.exidx.text.osThreadDetach), (8 bytes).
    Removing rtx_thread.o(.text.osThreadJoin), (36 bytes).
    Removing rtx_thread.o(.ARM.exidx.text.osThreadJoin), (8 bytes).
    Removing rtx_thread.o(.ARM.exidx.text.osThreadExit), (8 bytes).
    Removing rtx_thread.o(.text.osThreadTerminate), (36 bytes).
    Removing rtx_thread.o(.ARM.exidx.text.osThreadTerminate), (8 bytes).
    Removing rtx_thread.o(.text.osThreadGetCount), (36 bytes).
    Removing rtx_thread.o(.ARM.exidx.text.osThreadGetCount), (8 bytes).
    Removing rtx_thread.o(.text.osThreadEnumerate), (36 bytes).
    Removing rtx_thread.o(.ARM.exidx.text.osThreadEnumerate), (8 bytes).
    Removing rtx_thread.o(.ARM.exidx.text.osThreadFlagsSet), (8 bytes).
    Removing rtx_thread.o(.text.osThreadFlagsClear), (36 bytes).
    Removing rtx_thread.o(.ARM.exidx.text.osThreadFlagsClear), (8 bytes).
    Removing rtx_thread.o(.text.osThreadFlagsGet), (36 bytes).
    Removing rtx_thread.o(.ARM.exidx.text.osThreadFlagsGet), (8 bytes).
    Removing rtx_thread.o(.text.osThreadFlagsWait), (36 bytes).
    Removing rtx_thread.o(.ARM.exidx.text.osThreadFlagsWait), (8 bytes).
    Removing rtx_thread.o(.ARM.exidx.text.osRtxThreadPostProcess), (8 bytes).
    Removing rtx_thread.o(.ARM.exidx.text.ThreadFlagsCheck), (8 bytes).
    Removing rtx_thread.o(.text.svcRtxThreadGetName), (16 bytes).
    Removing rtx_thread.o(.ARM.exidx.text.svcRtxThreadGetName), (8 bytes).
    Removing rtx_thread.o(.text.svcRtxThreadGetState), (20 bytes).
    Removing rtx_thread.o(.ARM.exidx.text.svcRtxThreadGetState), (8 bytes).
    Removing rtx_thread.o(.text.svcRtxThreadGetStackSize), (16 bytes).
    Removing rtx_thread.o(.ARM.exidx.text.svcRtxThreadGetStackSize), (8 bytes).
    Removing rtx_thread.o(.text.svcRtxThreadGetStackSpace), (60 bytes).
    Removing rtx_thread.o(.ARM.exidx.text.svcRtxThreadGetStackSpace), (8 bytes).
    Removing rtx_thread.o(.text.svcRtxThreadSetPriority), (72 bytes).
    Removing rtx_thread.o(.ARM.exidx.text.svcRtxThreadSetPriority), (8 bytes).
    Removing rtx_thread.o(.text.svcRtxThreadGetPriority), (24 bytes).
    Removing rtx_thread.o(.ARM.exidx.text.svcRtxThreadGetPriority), (8 bytes).
    Removing rtx_thread.o(.ARM.exidx.text.svcRtxThreadYield), (8 bytes).
    Removing rtx_thread.o(.text.svcRtxThreadSuspend), (116 bytes).
    Removing rtx_thread.o(.ARM.exidx.text.svcRtxThreadSuspend), (8 bytes).
    Removing rtx_thread.o(.text.svcRtxThreadResume), (44 bytes).
    Removing rtx_thread.o(.ARM.exidx.text.svcRtxThreadResume), (8 bytes).
    Removing rtx_thread.o(.text.svcRtxThreadDetach), (56 bytes).
    Removing rtx_thread.o(.ARM.exidx.text.svcRtxThreadDetach), (8 bytes).
    Removing rtx_thread.o(.text.osRtxThreadListUnlink), (32 bytes).
    Removing rtx_thread.o(.ARM.exidx.text.osRtxThreadListUnlink), (8 bytes).
    Removing rtx_thread.o(.ARM.exidx.text.osRtxThreadFree), (8 bytes).
    Removing rtx_thread.o(.text.svcRtxThreadJoin), (84 bytes).
    Removing rtx_thread.o(.ARM.exidx.text.svcRtxThreadJoin), (8 bytes).
    Removing rtx_thread.o(.ARM.exidx.text.svcRtxThreadExit), (8 bytes).
    Removing rtx_thread.o(.ARM.exidx.text.osRtxThreadJoinWakeup), (8 bytes).
    Removing rtx_thread.o(.ARM.exidx.text.osRtxThreadDestroy), (8 bytes).
    Removing rtx_thread.o(.text.svcRtxThreadTerminate), (136 bytes).
    Removing rtx_thread.o(.ARM.exidx.text.svcRtxThreadTerminate), (8 bytes).
    Removing rtx_thread.o(.text.svcRtxThreadGetCount), (52 bytes).
    Removing rtx_thread.o(.ARM.exidx.text.svcRtxThreadGetCount), (8 bytes).
    Removing rtx_thread.o(.text.svcRtxThreadEnumerate), (92 bytes).
    Removing rtx_thread.o(.ARM.exidx.text.svcRtxThreadEnumerate), (8 bytes).
    Removing rtx_thread.o(.ARM.exidx.text.svcRtxThreadFlagsSet), (8 bytes).
    Removing rtx_thread.o(.text.svcRtxThreadFlagsClear), (52 bytes).
    Removing rtx_thread.o(.ARM.exidx.text.svcRtxThreadFlagsClear), (8 bytes).
    Removing rtx_thread.o(.text.svcRtxThreadFlagsGet), (20 bytes).
    Removing rtx_thread.o(.ARM.exidx.text.svcRtxThreadFlagsGet), (8 bytes).
    Removing rtx_thread.o(.text.svcRtxThreadFlagsWait), (76 bytes).
    Removing rtx_thread.o(.ARM.exidx.text.svcRtxThreadFlagsWait), (8 bytes).
    Removing rtx_thread.o(.ARM.exidx.text.OUTLINED_FUNCTION_0), (8 bytes).
    Removing rtx_thread.o(.text.OUTLINED_FUNCTION_1), (6 bytes).
    Removing rtx_thread.o(.ARM.exidx.text.OUTLINED_FUNCTION_1), (8 bytes).
    Removing rtx_thread.o(.text.OUTLINED_FUNCTION_2), (20 bytes).
    Removing rtx_thread.o(.ARM.exidx.text.OUTLINED_FUNCTION_2), (8 bytes).
    Removing rtx_thread.o(.text.OUTLINED_FUNCTION_3), (8 bytes).
    Removing rtx_thread.o(.ARM.exidx.text.OUTLINED_FUNCTION_3), (8 bytes).
    Removing rtx_thread.o(.text.OUTLINED_FUNCTION_4), (6 bytes).
    Removing rtx_thread.o(.ARM.exidx.text.OUTLINED_FUNCTION_4), (8 bytes).
    Removing rtx_delay.o(.text), (0 bytes).
    Removing rtx_delay.o(.ARM.exidx.text.osDelay), (8 bytes).
    Removing rtx_delay.o(.text.osDelayUntil), (36 bytes).
    Removing rtx_delay.o(.ARM.exidx.text.osDelayUntil), (8 bytes).
    Removing rtx_delay.o(.ARM.exidx.text.svcRtxDelay), (8 bytes).
    Removing rtx_delay.o(.text.svcRtxDelayUntil), (36 bytes).
    Removing rtx_delay.o(.ARM.exidx.text.svcRtxDelayUntil), (8 bytes).
    Removing rtx_timer.o(.text), (0 bytes).
    Removing rtx_timer.o(.ARM.exidx.text.osRtxTimerSetup), (8 bytes).
    Removing rtx_timer.o(.ARM.exidx.text.osRtxTimerTick), (8 bytes).
    Removing rtx_timer.o(.ARM.exidx.text.osRtxTimerThread), (8 bytes).
    Removing rtx_timer.o(.ARM.exidx.text.osTimerNew), (8 bytes).
    Removing rtx_timer.o(.text.osTimerGetName), (36 bytes).
    Removing rtx_timer.o(.ARM.exidx.text.osTimerGetName), (8 bytes).
    Removing rtx_timer.o(.ARM.exidx.text.osTimerStart), (8 bytes).
    Removing rtx_timer.o(.text.osTimerStop), (36 bytes).
    Removing rtx_timer.o(.ARM.exidx.text.osTimerStop), (8 bytes).
    Removing rtx_timer.o(.text.osTimerIsRunning), (36 bytes).
    Removing rtx_timer.o(.ARM.exidx.text.osTimerIsRunning), (8 bytes).
    Removing rtx_timer.o(.text.osTimerDelete), (36 bytes).
    Removing rtx_timer.o(.ARM.exidx.text.osTimerDelete), (8 bytes).
    Removing rtx_timer.o(.ARM.exidx.text.TimerInsert), (8 bytes).
    Removing rtx_timer.o(.ARM.exidx.text.svcRtxTimerNew), (8 bytes).
    Removing rtx_timer.o(.text.svcRtxTimerGetName), (16 bytes).
    Removing rtx_timer.o(.ARM.exidx.text.svcRtxTimerGetName), (8 bytes).
    Removing rtx_timer.o(.ARM.exidx.text.svcRtxTimerStart), (8 bytes).
    Removing rtx_timer.o(.ARM.exidx.text.TimerRemove), (8 bytes).
    Removing rtx_timer.o(.text.svcRtxTimerStop), (40 bytes).
    Removing rtx_timer.o(.ARM.exidx.text.svcRtxTimerStop), (8 bytes).
    Removing rtx_timer.o(.text.svcRtxTimerIsRunning), (24 bytes).
    Removing rtx_timer.o(.ARM.exidx.text.svcRtxTimerIsRunning), (8 bytes).
    Removing rtx_timer.o(.text.svcRtxTimerDelete), (76 bytes).
    Removing rtx_timer.o(.ARM.exidx.text.svcRtxTimerDelete), (8 bytes).
    Removing rtx_mutex.o(.text), (0 bytes).
    Removing rtx_mutex.o(.ARM.exidx.text.osRtxMutexOwnerRelease), (8 bytes).
    Removing rtx_mutex.o(.ARM.exidx.text.osRtxMutexOwnerRestore), (8 bytes).
    Removing rtx_mutex.o(.ARM.exidx.text.osMutexNew), (8 bytes).
    Removing rtx_mutex.o(.text.osMutexGetName), (36 bytes).
    Removing rtx_mutex.o(.ARM.exidx.text.osMutexGetName), (8 bytes).
    Removing rtx_mutex.o(.ARM.exidx.text.osMutexAcquire), (8 bytes).
    Removing rtx_mutex.o(.ARM.exidx.text.osMutexRelease), (8 bytes).
    Removing rtx_mutex.o(.text.osMutexGetOwner), (36 bytes).
    Removing rtx_mutex.o(.ARM.exidx.text.osMutexGetOwner), (8 bytes).
    Removing rtx_mutex.o(.ARM.exidx.text.osMutexDelete), (8 bytes).
    Removing rtx_mutex.o(.ARM.exidx.text.svcRtxMutexNew), (8 bytes).
    Removing rtx_mutex.o(.text.svcRtxMutexGetName), (16 bytes).
    Removing rtx_mutex.o(.ARM.exidx.text.svcRtxMutexGetName), (8 bytes).
    Removing rtx_mutex.o(.ARM.exidx.text.svcRtxMutexAcquire), (8 bytes).
    Removing rtx_mutex.o(.ARM.exidx.text.svcRtxMutexRelease), (8 bytes).
    Removing rtx_mutex.o(.text.svcRtxMutexGetOwner), (20 bytes).
    Removing rtx_mutex.o(.ARM.exidx.text.svcRtxMutexGetOwner), (8 bytes).
    Removing rtx_mutex.o(.ARM.exidx.text.svcRtxMutexDelete), (8 bytes).
    Removing rtx_msgqueue.o(.text), (0 bytes).
    Removing rtx_msgqueue.o(.ARM.exidx.text.osRtxMessageQueueTimerSetup), (8 bytes).
    Removing rtx_msgqueue.o(.ARM.exidx.text.svcRtxMessageQueueNew), (8 bytes).
    Removing rtx_msgqueue.o(.ARM.exidx.text.osMessageQueueNew), (8 bytes).
    Removing rtx_msgqueue.o(.text.osMessageQueueGetName), (36 bytes).
    Removing rtx_msgqueue.o(.ARM.exidx.text.osMessageQueueGetName), (8 bytes).
    Removing rtx_msgqueue.o(.ARM.exidx.text.osMessageQueuePut), (8 bytes).
    Removing rtx_msgqueue.o(.ARM.exidx.text.osMessageQueueGet), (8 bytes).
    Removing rtx_msgqueue.o(.text.osMessageQueueGetCapacity), (48 bytes).
    Removing rtx_msgqueue.o(.ARM.exidx.text.osMessageQueueGetCapacity), (8 bytes).
    Removing rtx_msgqueue.o(.text.svcRtxMessageQueueGetCapacity), (16 bytes).
    Removing rtx_msgqueue.o(.ARM.exidx.text.svcRtxMessageQueueGetCapacity), (8 bytes).
    Removing rtx_msgqueue.o(.text.osMessageQueueGetMsgSize), (48 bytes).
    Removing rtx_msgqueue.o(.ARM.exidx.text.osMessageQueueGetMsgSize), (8 bytes).
    Removing rtx_msgqueue.o(.text.svcRtxMessageQueueGetMsgSize), (16 bytes).
    Removing rtx_msgqueue.o(.ARM.exidx.text.svcRtxMessageQueueGetMsgSize), (8 bytes).
    Removing rtx_msgqueue.o(.text.osMessageQueueGetCount), (48 bytes).
    Removing rtx_msgqueue.o(.ARM.exidx.text.osMessageQueueGetCount), (8 bytes).
    Removing rtx_msgqueue.o(.text.svcRtxMessageQueueGetCount), (16 bytes).
    Removing rtx_msgqueue.o(.ARM.exidx.text.svcRtxMessageQueueGetCount), (8 bytes).
    Removing rtx_msgqueue.o(.text.osMessageQueueGetSpace), (36 bytes).
    Removing rtx_msgqueue.o(.ARM.exidx.text.osMessageQueueGetSpace), (8 bytes).
    Removing rtx_msgqueue.o(.text.svcRtxMessageQueueGetSpace), (20 bytes).
    Removing rtx_msgqueue.o(.ARM.exidx.text.svcRtxMessageQueueGetSpace), (8 bytes).
    Removing rtx_msgqueue.o(.text.osMessageQueueReset), (36 bytes).
    Removing rtx_msgqueue.o(.ARM.exidx.text.osMessageQueueReset), (8 bytes).
    Removing rtx_msgqueue.o(.text.osMessageQueueDelete), (36 bytes).
    Removing rtx_msgqueue.o(.ARM.exidx.text.osMessageQueueDelete), (8 bytes).
    Removing rtx_msgqueue.o(.ARM.exidx.text.osRtxMessageQueuePostProcess), (8 bytes).
    Removing rtx_msgqueue.o(.ARM.exidx.text.MessageQueueRemove), (8 bytes).
    Removing rtx_msgqueue.o(.ARM.exidx.text.MessageQueuePut), (8 bytes).
    Removing rtx_msgqueue.o(.text.svcRtxMessageQueueGetName), (16 bytes).
    Removing rtx_msgqueue.o(.ARM.exidx.text.svcRtxMessageQueueGetName), (8 bytes).
    Removing rtx_msgqueue.o(.ARM.exidx.text.svcRtxMessageQueuePut), (8 bytes).
    Removing rtx_msgqueue.o(.ARM.exidx.text.MessageQueueGet), (8 bytes).
    Removing rtx_msgqueue.o(.ARM.exidx.text.svcRtxMessageQueueGet), (8 bytes).
    Removing rtx_msgqueue.o(.text.svcRtxMessageQueueReset), (166 bytes).
    Removing rtx_msgqueue.o(.ARM.exidx.text.svcRtxMessageQueueReset), (8 bytes).
    Removing rtx_msgqueue.o(.text.svcRtxMessageQueueDelete), (108 bytes).
    Removing rtx_msgqueue.o(.ARM.exidx.text.svcRtxMessageQueueDelete), (8 bytes).
    Removing rtx_msgqueue.o(.ARM.exidx.text.OUTLINED_FUNCTION_0), (8 bytes).
    Removing rtx_msgqueue.o(.ARM.exidx.text.OUTLINED_FUNCTION_1), (8 bytes).
    Removing irq_armv7m.o(.rodata), (1 bytes).
    Removing irq_armv7m.o(.ARM.exidx), (24 bytes).
    Removing rtx_memory.o(.text), (0 bytes).
    Removing rtx_memory.o(.ARM.exidx.text.osRtxMemoryInit), (8 bytes).
    Removing rtx_memory.o(.ARM.exidx.text.osRtxMemoryAlloc), (8 bytes).
    Removing rtx_memory.o(.ARM.exidx.text.osRtxMemoryFree), (8 bytes).
    Removing rtx_mempool.o(.text), (0 bytes).
    Removing rtx_mempool.o(.ARM.exidx.text.osRtxMemoryPoolInit), (8 bytes).
    Removing rtx_mempool.o(.ARM.exidx.text.osRtxMemoryPoolAlloc), (8 bytes).
    Removing rtx_mempool.o(.ARM.exidx.text.osRtxMemoryPoolFree), (8 bytes).
    Removing rtx_mempool.o(.text.osMemoryPoolNew), (36 bytes).
    Removing rtx_mempool.o(.ARM.exidx.text.osMemoryPoolNew), (8 bytes).
    Removing rtx_mempool.o(.text.osMemoryPoolGetName), (36 bytes).
    Removing rtx_mempool.o(.ARM.exidx.text.osMemoryPoolGetName), (8 bytes).
    Removing rtx_mempool.o(.text.osMemoryPoolAlloc), (104 bytes).
    Removing rtx_mempool.o(.ARM.exidx.text.osMemoryPoolAlloc), (8 bytes).
    Removing rtx_mempool.o(.text.osMemoryPoolFree), (72 bytes).
    Removing rtx_mempool.o(.ARM.exidx.text.osMemoryPoolFree), (8 bytes).
    Removing rtx_mempool.o(.text.osMemoryPoolGetCapacity), (48 bytes).
    Removing rtx_mempool.o(.ARM.exidx.text.osMemoryPoolGetCapacity), (8 bytes).
    Removing rtx_mempool.o(.text.svcRtxMemoryPoolGetCapacity), (16 bytes).
    Removing rtx_mempool.o(.ARM.exidx.text.svcRtxMemoryPoolGetCapacity), (8 bytes).
    Removing rtx_mempool.o(.text.osMemoryPoolGetBlockSize), (48 bytes).
    Removing rtx_mempool.o(.ARM.exidx.text.osMemoryPoolGetBlockSize), (8 bytes).
    Removing rtx_mempool.o(.text.svcRtxMemoryPoolGetBlockSize), (16 bytes).
    Removing rtx_mempool.o(.ARM.exidx.text.svcRtxMemoryPoolGetBlockSize), (8 bytes).
    Removing rtx_mempool.o(.text.osMemoryPoolGetCount), (48 bytes).
    Removing rtx_mempool.o(.ARM.exidx.text.osMemoryPoolGetCount), (8 bytes).
    Removing rtx_mempool.o(.text.svcRtxMemoryPoolGetCount), (16 bytes).
    Removing rtx_mempool.o(.ARM.exidx.text.svcRtxMemoryPoolGetCount), (8 bytes).
    Removing rtx_mempool.o(.text.osMemoryPoolGetSpace), (36 bytes).
    Removing rtx_mempool.o(.ARM.exidx.text.osMemoryPoolGetSpace), (8 bytes).
    Removing rtx_mempool.o(.text.svcRtxMemoryPoolGetSpace), (20 bytes).
    Removing rtx_mempool.o(.ARM.exidx.text.svcRtxMemoryPoolGetSpace), (8 bytes).
    Removing rtx_mempool.o(.text.osMemoryPoolDelete), (36 bytes).
    Removing rtx_mempool.o(.ARM.exidx.text.osMemoryPoolDelete), (8 bytes).
    Removing rtx_mempool.o(.text.svcRtxMemoryPoolNew), (312 bytes).
    Removing rtx_mempool.o(.ARM.exidx.text.svcRtxMemoryPoolNew), (8 bytes).
    Removing rtx_mempool.o(.text.osRtxMemoryPoolPostProcess), (72 bytes).
    Removing rtx_mempool.o(.ARM.exidx.text.osRtxMemoryPoolPostProcess), (8 bytes).
    Removing rtx_mempool.o(.text.svcRtxMemoryPoolGetName), (16 bytes).
    Removing rtx_mempool.o(.ARM.exidx.text.svcRtxMemoryPoolGetName), (8 bytes).
    Removing rtx_mempool.o(.text.svcRtxMemoryPoolAlloc), (92 bytes).
    Removing rtx_mempool.o(.ARM.exidx.text.svcRtxMemoryPoolAlloc), (8 bytes).
    Removing rtx_mempool.o(.text.svcRtxMemoryPoolFree), (100 bytes).
    Removing rtx_mempool.o(.ARM.exidx.text.svcRtxMemoryPoolFree), (8 bytes).
    Removing rtx_mempool.o(.text.svcRtxMemoryPoolDelete), (108 bytes).
    Removing rtx_mempool.o(.ARM.exidx.text.svcRtxMemoryPoolDelete), (8 bytes).
    Removing rtx_system.o(.text), (0 bytes).
    Removing rtx_system.o(.ARM.exidx.text.osRtxTick_Handler), (8 bytes).
    Removing rtx_system.o(.ARM.exidx.text.osRtxPendSV_Handler), (8 bytes).
    Removing rtx_system.o(.ARM.exidx.text.osRtxPostProcess), (8 bytes).
    Removing os_systick.o(.text), (0 bytes).
    Removing os_systick.o(.ARM.exidx.text.OS_Tick_Setup), (8 bytes).
    Removing os_systick.o(.ARM.exidx.text.OS_Tick_Enable), (8 bytes).
    Removing os_systick.o(.text.OS_Tick_Disable), (44 bytes).
    Removing os_systick.o(.ARM.exidx.text.OS_Tick_Disable), (8 bytes).
    Removing os_systick.o(.ARM.exidx.text.OS_Tick_AcknowledgeIRQ), (8 bytes).
    Removing os_systick.o(.ARM.exidx.text.OS_Tick_GetIRQn), (8 bytes).
    Removing os_systick.o(.text.OS_Tick_GetClock), (12 bytes).
    Removing os_systick.o(.ARM.exidx.text.OS_Tick_GetClock), (8 bytes).
    Removing os_systick.o(.text.OS_Tick_GetInterval), (12 bytes).
    Removing os_systick.o(.ARM.exidx.text.OS_Tick_GetInterval), (8 bytes).
    Removing os_systick.o(.text.OS_Tick_GetCount), (16 bytes).
    Removing os_systick.o(.ARM.exidx.text.OS_Tick_GetCount), (8 bytes).
    Removing os_systick.o(.text.OS_Tick_GetOverflow), (16 bytes).
    Removing os_systick.o(.ARM.exidx.text.OS_Tick_GetOverflow), (8 bytes).

1198 unused section(s) (total 90119 bytes) removed from the image.
