Component: ARM Compiler 6.16 Tool: armlink [5dfeaa00]

==============================================================================

Section Cross References

    sd_diskio.o(.text.SD_initialize) refers to sd_diskio.o(.data.Stat) for Stat
    sd_diskio.o(.text.SD_initialize) refers to stm32f769i_discovery_sd.o(.text.BSP_SD_Init) for BSP_SD_Init
    sd_diskio.o(.text.SD_initialize) refers to sd_diskio.o(.text.SD_CheckStatus) for SD_CheckStatus
    sd_diskio.o(.ARM.exidx.text.SD_initialize) refers to sd_diskio.o(.text.SD_initialize) for [Anonymous Symbol]
    sd_diskio.o(.text.SD_status) refers to sd_diskio.o(.text.SD_CheckStatus) for SD_CheckStatus
    sd_diskio.o(.ARM.exidx.text.SD_status) refers to sd_diskio.o(.text.SD_status) for [Anonymous Symbol]
    sd_diskio.o(.text.SD_read) refers to stm32f769i_discovery_sd.o(.text.BSP_SD_ReadBlocks) for BSP_SD_ReadBlocks
    sd_diskio.o(.text.SD_read) refers to stm32f769i_discovery_sd.o(.text.BSP_SD_GetCardState) for BSP_SD_GetCardState
    sd_diskio.o(.ARM.exidx.text.SD_read) refers to sd_diskio.o(.text.SD_read) for [Anonymous Symbol]
    sd_diskio.o(.text.SD_write) refers to stm32f769i_discovery_sd.o(.text.BSP_SD_WriteBlocks) for BSP_SD_WriteBlocks
    sd_diskio.o(.text.SD_write) refers to stm32f769i_discovery_sd.o(.text.BSP_SD_GetCardState) for BSP_SD_GetCardState
    sd_diskio.o(.ARM.exidx.text.SD_write) refers to sd_diskio.o(.text.SD_write) for [Anonymous Symbol]
    sd_diskio.o(.text.SD_ioctl) refers to sd_diskio.o(.data.Stat) for Stat
    sd_diskio.o(.text.SD_ioctl) refers to stm32f769i_discovery_sd.o(.text.BSP_SD_GetCardInfo) for BSP_SD_GetCardInfo
    sd_diskio.o(.ARM.exidx.text.SD_ioctl) refers to sd_diskio.o(.text.SD_ioctl) for [Anonymous Symbol]
    sd_diskio.o(.text.SD_CheckStatus) refers to sd_diskio.o(.data.Stat) for Stat
    sd_diskio.o(.text.SD_CheckStatus) refers to stm32f769i_discovery_sd.o(.text.BSP_SD_GetCardState) for BSP_SD_GetCardState
    sd_diskio.o(.ARM.exidx.text.SD_CheckStatus) refers to sd_diskio.o(.text.SD_CheckStatus) for [Anonymous Symbol]
    sd_diskio.o(.rodata.SD_Driver) refers to sd_diskio.o(.text.SD_initialize) for SD_initialize
    sd_diskio.o(.rodata.SD_Driver) refers to sd_diskio.o(.text.SD_status) for SD_status
    sd_diskio.o(.rodata.SD_Driver) refers to sd_diskio.o(.text.SD_read) for SD_read
    sd_diskio.o(.rodata.SD_Driver) refers to sd_diskio.o(.text.SD_write) for SD_write
    sd_diskio.o(.rodata.SD_Driver) refers to sd_diskio.o(.text.SD_ioctl) for SD_ioctl
    ff_1.o(.text.f_mount) refers to ff_1.o(.text.get_ldnumber) for get_ldnumber
    ff_1.o(.text.f_mount) refers to ff_1.o(.bss.FatFs) for FatFs
    ff_1.o(.text.f_mount) refers to ff_1.o(.text.clear_lock) for clear_lock
    ff_1.o(.text.f_mount) refers to ff_1.o(.text.find_volume) for find_volume
    ff_1.o(.ARM.exidx.text.f_mount) refers to ff_1.o(.text.f_mount) for [Anonymous Symbol]
    ff_1.o(.ARM.exidx.text.get_ldnumber) refers to ff_1.o(.text.get_ldnumber) for [Anonymous Symbol]
    ff_1.o(.text.clear_lock) refers to ff_1.o(.bss.Files) for Files
    ff_1.o(.ARM.exidx.text.clear_lock) refers to ff_1.o(.text.clear_lock) for [Anonymous Symbol]
    ff_1.o(.text.find_volume) refers to ff_1.o(.text.get_ldnumber) for get_ldnumber
    ff_1.o(.text.find_volume) refers to ff_1.o(.bss.FatFs) for FatFs
    ff_1.o(.text.find_volume) refers to diskio.o(.text.disk_status) for disk_status
    ff_1.o(.text.find_volume) refers to diskio.o(.text.disk_initialize) for disk_initialize
    ff_1.o(.text.find_volume) refers to ff_1.o(.text.check_fs) for check_fs
    ff_1.o(.text.find_volume) refers to ff_1.o(.text.ld_dword) for ld_dword
    ff_1.o(.text.find_volume) refers to ff_1.o(.text.ld_word) for ld_word
    ff_1.o(.text.find_volume) refers to ff_1.o(.text.move_window) for move_window
    ff_1.o(.text.find_volume) refers to ff_1.o(.bss.Fsid) for Fsid
    ff_1.o(.text.find_volume) refers to ff_1.o(.text.clear_lock) for clear_lock
    ff_1.o(.ARM.exidx.text.find_volume) refers to ff_1.o(.text.find_volume) for [Anonymous Symbol]
    ff_1.o(.text.f_open) refers to ff_1.o(.text.find_volume) for find_volume
    ff_1.o(.text.f_open) refers to ff_1.o(.text.follow_path) for follow_path
    ff_1.o(.text.f_open) refers to ff_1.o(.text.enq_lock) for enq_lock
    ff_1.o(.text.f_open) refers to ff_1.o(.text.dir_register) for dir_register
    ff_1.o(.text.f_open) refers to ff_1.o(.text.chk_lock) for chk_lock
    ff_1.o(.text.f_open) refers to diskio.o(.text.get_fattime) for get_fattime
    ff_1.o(.text.f_open) refers to ff_1.o(.text.st_dword) for st_dword
    ff_1.o(.text.f_open) refers to ff_1.o(.text.ld_clust) for ld_clust
    ff_1.o(.text.f_open) refers to ff_1.o(.text.st_clust) for st_clust
    ff_1.o(.text.f_open) refers to ff_1.o(.text.remove_chain) for remove_chain
    ff_1.o(.text.f_open) refers to ff_1.o(.text.move_window) for move_window
    ff_1.o(.text.f_open) refers to ff_1.o(.text.inc_lock) for inc_lock
    ff_1.o(.text.f_open) refers to ff_1.o(.text.ld_dword) for ld_dword
[...]
    _printf_charcount                        0x00000000   Number         0  printfstubs.o ABSOLUTE
    _printf_d                                0x00000000   Number         0  printfstubs.o ABSOLUTE
    _printf_e                                0x00000000   Number         0  printfstubs.o ABSOLUTE
    _printf_f                                0x00000000   Number         0  printfstubs.o ABSOLUTE
    _printf_flags                            0x00000000   Number         0  printfstubs.o ABSOLUTE
    _printf_fp_dec                           0x00000000   Number         0  printfstubs.o ABSOLUTE
    _printf_fp_hex                           0x00000000   Number         0  printfstubs.o ABSOLUTE
    _printf_g                                0x00000000   Number         0  printfstubs.o ABSOLUTE
    _printf_i                                0x00000000   Number         0  printfstubs.o ABSOLUTE
    _printf_int_dec                          0x00000000   Number         0  printfstubs.o ABSOLUTE
    _printf_l                                0x00000000   Number         0  printfstubs.o ABSOLUTE
    _printf_lc                               0x00000000   Number         0  printfstubs.o ABSOLUTE
    _printf_ll                               0x00000000   Number         0  printfstubs.o ABSOLUTE
    _printf_lld                              0x00000000   Number         0  printfstubs.o ABSOLUTE
    _printf_lli                              0x00000000   Number         0  printfstubs.o ABSOLUTE
    _printf_llo                              0x00000000   Number         0  printfstubs.o ABSOLUTE
    _printf_llu                              0x00000000   Number         0  printfstubs.o ABSOLUTE
    _printf_llx                              0x00000000   Number         0  printfstubs.o ABSOLUTE
    _printf_longlong_dec                     0x00000000   Number         0  printfstubs.o ABSOLUTE
    _printf_longlong_hex                     0x00000000   Number         0  printfstubs.o ABSOLUTE
    _printf_longlong_oct                     0x00000000   Number         0  printfstubs.o ABSOLUTE
    _printf_ls                               0x00000000   Number         0  printfstubs.o ABSOLUTE
    _printf_mbtowc                           0x00000000   Number         0  printfstubs.o ABSOLUTE
    _printf_n                                0x00000000   Number         0  printfstubs.o ABSOLUTE
    _printf_o                                0x00000000   Number         0  printfstubs.o ABSOLUTE
    _printf_p                                0x00000000   Number         0  printfstubs.o ABSOLUTE
    _printf_percent                          0x00000000   Number         0  printfstubs.o ABSOLUTE
    _printf_pre_padding                      0x00000000   Number         0  printfstubs.o ABSOLUTE
    _printf_return_value                     0x00000000   Number         0  printfstubs.o ABSOLUTE
    _printf_s                                0x00000000   Number         0  printfstubs.o ABSOLUTE
    _printf_sizespec                         0x00000000   Number         0  printfstubs.o ABSOLUTE
    _printf_str                              0x00000000   Number         0  printfstubs.o ABSOLUTE
    _printf_truncate_signed                  0x00000000   Number         0  printfstubs.o ABSOLUTE
    _printf_truncate_unsigned                0x00000000   Number         0  printfstubs.o ABSOLUTE
    _printf_u                                0x00000000   Number         0  printfstubs.o ABSOLUTE
    _printf_wc                               0x00000000   Number         0  printfstubs.o ABSOLUTE
    _printf_wctomb                           0x00000000   Number         0  printfstubs.o ABSOLUTE
    _printf_widthprec                        0x00000000   Number         0  printfstubs.o ABSOLUTE
    _printf_x                                0x00000000   Number         0  printfstubs.o ABSOLUTE
    .bss.os.evflags.cb$$Base                  - Undefined Weak Reference
    .bss.os.evflags.cb$$Limit                 - Undefined Weak Reference
    .bss.os.mempool.cb$$Base                  - Undefined Weak Reference
    .bss.os.mempool.cb$$Limit                 - Undefined Weak Reference
    .bss.os.mutex.cb$$Base                    - Undefined Weak Reference
    .bss.os.mutex.cb$$Limit                   - Undefined Weak Reference
    .bss.os.semaphore.cb$$Base                - Undefined Weak Reference
    .bss.os.semaphore.cb$$Limit               - Undefined Weak Reference
    .bss.os.timer.cb$$Base                    - Undefined Weak Reference
    .bss.os.timer.cb$$Limit                   - Undefined Weak Reference
    __cpp_initialize__aeabi_                  - Undefined Weak Reference
    __cxa_finalize                            - Undefined Weak Reference
    __decompress                              - Undefined Weak Reference
    _clock_init                               - Undefined Weak Reference
    _microlib_exit                            - Undefined Weak Reference
    _scanf_longlong                           - Undefined Weak Reference
    _scanf_real                               - Undefined Weak Reference
    _scanf_string                             - Undefined Weak Reference
    __Vectors_Size                           0x000001f8   Number         0  startup_stm32f769xx.o ABSOLUTE
    __Vectors                                0x08000000   Data           4  startup_stm32f769xx.o(RESET)
    __Vectors_End                            0x080001f8   Data           0  startup_stm32f769xx.o(RESET)
    __main                                   0x080001f9   Thumb Code     0  entry.o(.ARM.Collect$$$$00000000)
    _main_stk                                0x080001f9   Thumb Code     0  entry2.o(.ARM.Collect$$$$00000001)
    _main_scatterload                        0x080001fd   Thumb Code     0  entry5.o(.ARM.Collect$$$$00000004)
    __main_after_scatterload                 0x08000201   Thumb Code     0  entry5.o(.ARM.Collect$$$$00000004)
    _main_clock                              0x08000201   Thumb Code     0  entry7b.o(.ARM.Collect$$$$00000008)
    _main_cpp_init                           0x08000201   Thumb Code     0  entry8b.o(.ARM.Collect$$$$0000000A)
    _main_init                               0x08000201   Thumb Code     0  entry9a.o(.ARM.Collect$$$$0000000B)
    __rt_final_cpp                           0x08000209   Thumb Code     0  entry10a.o(.ARM.Collect$$$$0000000D)
    __rt_final_exit                          0x08000209   Thumb Code     0  entry11a.o(.ARM.Collect$$$$0000000F)
    Reset_Handler                            0x0800020d   Thumb Code     8  startup_stm32f769xx.o(.text)
    ADC_IRQHandler                           0x08000227   Thumb Code     0  startup_stm32f769xx.o(.text)
    CAN1_RX0_IRQHandler                      0x08000227   Thumb Code     0  startup_stm32f769xx.o(.text)
    CAN1_RX1_IRQHandler                      0x08000227   Thumb Code     0  startup_stm32f769xx.o(.text)
    CAN1_SCE_IRQHandler                      0x08000227   Thumb Code     0  startup_stm32f769xx.o(.text)
    CAN1_TX_IRQHandler                       0x08000227   Thumb Code     0  startup_stm32f769xx.o(.text)
    CAN2_RX0_IRQHandler                      0x08000227   Thumb Code     0  startup_stm32f769xx.o(.text)
    CAN2_RX1_IRQHandler                      0x08000227   Thumb Code     0  startup_stm32f769xx.o(.text)
    CAN2_SCE_IRQHandler                      0x08000227   Thumb Code     0  startup_stm32f769xx.o(.text)
    CAN2_TX_IRQHandler                       0x08000227   Thumb Code     0  startup_stm32f769xx.o(.text)
    CAN3_RX0_IRQHandler                      0x08000227   Thumb Code     0  startup_stm32f769xx.o(.text)
    CAN3_RX1_IRQHandler                      0x08000227   Thumb Code     0  startup_stm32f769xx.o(.text)
    CAN3_SCE_IRQHandler                      0x08000227   Thumb Code     0  startup_stm32f769xx.o(.text)
    CAN3_TX_IRQHandler                       0x08000227   Thumb Code     0  startup_stm32f769xx.o(.text)
    CEC_IRQHandler                           0x08000227   Thumb Code     0  startup_stm32f769xx.o(.text)
    DCMI_IRQHandler                          0x08000227   Thumb Code     0  startup_stm32f769xx.o(.text)
    DFSDM1_FLT0_IRQHandler                   0x08000227   Thumb Code     0  startup_stm32f769xx.o(.text)
    DFSDM1_FLT1_IRQHandler                   0x08000227   Thumb Code     0  startup_stm32f769xx.o(.text)
    DFSDM1_FLT2_IRQHandler                   0x08000227   Thumb Code     0  startup_stm32f769xx.o(.text)
    DFSDM1_FLT3_IRQHandler                   0x08000227   Thumb Code     0  startup_stm32f769xx.o(.text)
    DMA1_Stream0_IRQHandler                  0x08000227   Thumb Code     0  startup_stm32f769xx.o(.text)
    DMA1_Stream1_IRQHandler                  0x08000227   Thumb Code     0  startup_stm32f769xx.o(.text)
    DMA1_Stream2_IRQHandler                  0x08000227   Thumb Code     0  startup_stm32f769xx.o(.text)
    DMA1_Stream3_IRQHandler                  0x08000227   Thumb Code     0  startup_stm32f769xx.o(.text)
    DMA1_Stream4_IRQHandler                  0x08000227   Thumb Code     0  startup_stm32f769xx.o(.text)
    DMA1_Stream5_IRQHandler                  0x08000227   Thumb Code     0  startup_stm32f769xx.o(.text)
    DMA1_Stream6_IRQHandler                  0x08000227   Thumb Code     0  startup_stm32f769xx.o(.text)
    DMA1_Stream7_IRQHandler                  0x08000227   Thumb Code     0  startup_stm32f769xx.o(.text)
    DMA2D_IRQHandler                         0x08000227   Thumb Code     0  startup_stm32f769xx.o(.text)
    DMA2_Stream0_IRQHandler                  0x08000227   Thumb Code     0  startup_stm32f769xx.o(.text)
    DMA2_Stream1_IRQHandler                  0x08000227   Thumb Code     0  startup_stm32f769xx.o(.text)
    DMA2_Stream2_IRQHandler                  0x08000227   Thumb Code     0  startup_stm32f769xx.o(.text)
    DMA2_Stream3_IRQHandler                  0x08000227   Thumb Code     0  startup_stm32f769xx.o(.text)
    DMA2_Stream4_IRQHandler                  0x08000227   Thumb Code     0  startup_stm32f769xx.o(.text)
    DMA2_Stream5_IRQHandler                  0x08000227   Thumb Code     0  startup_stm32f769xx.o(.text)
    DMA2_Stream6_IRQHandler                  0x08000227   Thumb Code     0  startup_stm32f769xx.o(.text)
    DMA2_Stream7_IRQHandler                  0x08000227   Thumb Code     0  startup_stm32f769xx.o(.text)
    DSI_IRQHandler                           0x08000227   Thumb Code     0  startup_stm32f769xx.o(.text)
    ETH_IRQHandler                           0x08000227   Thumb Code     0  startup_stm32f769xx.o(.text)
    ETH_WKUP_IRQHandler                      0x08000227   Thumb Code     0  startup_stm32f769xx.o(.text)
    EXTI0_IRQHandler                         0x08000227   Thumb Code     0  startup_stm32f769xx.o(.text)
    EXTI15_10_IRQHandler                     0x08000227   Thumb Code     0  startup_stm32f769xx.o(.text)
    EXTI1_IRQHandler                         0x08000227   Thumb Code     0  startup_stm32f769xx.o(.text)
    EXTI2_IRQHandler                         0x08000227   Thumb Code     0  startup_stm32f769xx.o(.text)
    EXTI3_IRQHandler                         0x08000227   Thumb Code     0  startup_stm32f769xx.o(.text)
    EXTI4_IRQHandler                         0x08000227   Thumb Code     0  startup_stm32f769xx.o(.text)
    EXTI9_5_IRQHandler                       0x08000227   Thumb Code     0  startup_stm32f769xx.o(.text)
    FLASH_IRQHandler                         0x08000227   Thumb Code     0  startup_stm32f769xx.o(.text)
    FMC_IRQHandler                           0x08000227   Thumb Code     0  startup_stm32f769xx.o(.text)
    FPU_IRQHandler                           0x08000227   Thumb Code     0  startup_stm32f769xx.o(.text)
    I2C1_ER_IRQHandler                       0x08000227   Thumb Code     0  startup_stm32f769xx.o(.text)
    I2C1_EV_IRQHandler                       0x08000227   Thumb Code     0  startup_stm32f769xx.o(.text)
    I2C2_ER_IRQHandler                       0x08000227   Thumb Code     0  startup_stm32f769xx.o(.text)
    I2C2_EV_IRQHandler                       0x08000227   Thumb Code     0  startup_stm32f769xx.o(.text)
    I2C3_ER_IRQHandler                       0x08000227   Thumb Code     0  startup_stm32f769xx.o(.text)
    I2C3_EV_IRQHandler                       0x08000227   Thumb Code     0  startup_stm32f769xx.o(.text)
    I2C4_ER_IRQHandler                       0x08000227   Thumb Code     0  startup_stm32f769xx.o(.text)
    I2C4_EV_IRQHandler                       0x08000227   Thumb Code     0  startup_stm32f769xx.o(.text)
    JPEG_IRQHandler                          0x08000227   Thumb Code     0  startup_stm32f769xx.o(.text)
    LPTIM1_IRQHandler                        0x08000227   Thumb Code     0  startup_stm32f769xx.o(.text)
    LTDC_ER_IRQHandler                       0x08000227   Thumb Code     0  startup_stm32f769xx.o(.text)
    LTDC_IRQHandler                          0x08000227   Thumb Code     0  startup_stm32f769xx.o(.text)
    MDIOS_IRQHandler                         0x08000227   Thumb Code     0  startup_stm32f769xx.o(.text)
    OTG_FS_IRQHandler                        0x08000227   Thumb Code     0  startup_stm32f769xx.o(.text)
    OTG_FS_WKUP_IRQHandler                   0x08000227   Thumb Code     0  startup_stm32f769xx.o(.text)
    OTG_HS_EP1_IN_IRQHandler                 0x08000227   Thumb Code     0  startup_stm32f769xx.o(.text)
    OTG_HS_EP1_OUT_IRQHandler                0x08000227   Thumb Code     0  startup_stm32f769xx.o(.text)
    OTG_HS_IRQHandler                        0x08000227   Thumb Code     0  startup_stm32f769xx.o(.text)
    OTG_HS_WKUP_IRQHandler                   0x08000227   Thumb Code     0  startup_stm32f769xx.o(.text)
    PVD_IRQHandler                           0x08000227   Thumb Code     0  startup_stm32f769xx.o(.text)
    QUADSPI_IRQHandler                       0x08000227   Thumb Code     0  startup_stm32f769xx.o(.text)
    RCC_IRQHandler                           0x08000227   Thumb Code     0  startup_stm32f769xx.o(.text)
    RNG_IRQHandler                           0x08000227   Thumb Code     0  startup_stm32f769xx.o(.text)
    RTC_Alarm_IRQHandler                     0x08000227   Thumb Code     0  startup_stm32f769xx.o(.text)
    RTC_WKUP_IRQHandler                      0x08000227   Thumb Code     0  startup_stm32f769xx.o(.text)
    SAI1_IRQHandler                          0x08000227   Thumb Code     0  startup_stm32f769xx.o(.text)
    SAI2_IRQHandler                          0x08000227   Thumb Code     0  startup_stm32f769xx.o(.text)
    SDMMC1_IRQHandler                        0x08000227   Thumb Code     0  startup_stm32f769xx.o(.text)
    SDMMC2_IRQHandler                        0x08000227   Thumb Code     0  startup_stm32f769xx.o(.text)
    SPDIF_RX_IRQHandler                      0x08000227   Thumb Code     0  startup_stm32f769xx.o(.text)
    SPI1_IRQHandler                          0x08000227   Thumb Code     0  startup_stm32f769xx.o(.text)
    SPI2_IRQHandler                          0x08000227   Thumb Code     0  startup_stm32f769xx.o(.text)
    SPI3_IRQHandler                          0x08000227   Thumb Code     0  startup_stm32f769xx.o(.text)
    SPI4_IRQHandler                          0x08000227   Thumb Code     0  startup_stm32f769xx.o(.text)
    SPI5_IRQHandler                          0x08000227   Thumb Code     0  startup_stm32f769xx.o(.text)
    SPI6_IRQHandler                          0x08000227   Thumb Code     0  startup_stm32f769xx.o(.text)
    TAMP_STAMP_IRQHandler                    0x08000227   Thumb Code     0  startup_stm32f769xx.o(.text)
    TIM1_BRK_TIM9_IRQHandler                 0x08000227   Thumb Code     0  startup_stm32f769xx.o(.text)
    TIM1_CC_IRQHandler                       0x08000227   Thumb Code     0  startup_stm32f769xx.o(.text)
    TIM1_TRG_COM_TIM11_IRQHandler            0x08000227   Thumb Code     0  startup_stm32f769xx.o(.text)
    TIM1_UP_TIM10_IRQHandler                 0x08000227   Thumb Code     0  startup_stm32f769xx.o(.text)
    TIM2_IRQHandler                          0x08000227   Thumb Code     0  startup_stm32f769xx.o(.text)
    TIM3_IRQHandler                          0x08000227   Thumb Code     0  startup_stm32f769xx.o(.text)
    TIM4_IRQHandler                          0x08000227   Thumb Code     0  startup_stm32f769xx.o(.text)
    TIM5_IRQHandler                          0x08000227   Thumb Code     0  startup_stm32f769xx.o(.text)
    TIM6_DAC_IRQHandler                      0x08000227   Thumb Code     0  startup_stm32f769xx.o(.text)
    TIM7_IRQHandler                          0x08000227   Thumb Code     0  startup_stm32f769xx.o(.text)
    TIM8_BRK_TIM12_IRQHandler                0x08000227   Thumb Code     0  startup_stm32f769xx.o(.text)
    TIM8_CC_IRQHandler                       0x08000227   Thumb Code     0  startup_stm32f769xx.o(.text)
    TIM8_TRG_COM_TIM14_IRQHandler            0x08000227   Thumb Code     0  startup_stm32f769xx.o(.text)
    TIM8_UP_TIM13_IRQHandler                 0x08000227   Thumb Code     0  startup_stm32f769xx.o(.text)
    UART4_IRQHandler                         0x08000227   Thumb Code     0  startup_stm32f769xx.o(.text)
    UART5_IRQHandler                         0x08000227   Thumb Code     0  startup_stm32f769xx.o(.text)
    UART7_IRQHandler                         0x08000227   Thumb Code     0  startup_stm32f769xx.o(.text)
    UART8_IRQHandler                         0x08000227   Thumb Code     0  startup_stm32f769xx.o(.text)
    USART1_IRQHandler                        0x08000227   Thumb Code     0  startup_stm32f769xx.o(.text)
    USART2_IRQHandler                        0x08000227   Thumb Code     0  startup_stm32f769xx.o(.text)
    USART3_IRQHandler                        0x08000227   Thumb Code     0  startup_stm32f769xx.o(.text)
    USART6_IRQHandler                        0x08000227   Thumb Code     0  startup_stm32f769xx.o(.text)
    WWDG_IRQHandler                          0x08000227   Thumb Code     0  startup_stm32f769xx.o(.text)
    SVC_Handler                              0x08000231   Thumb Code   154  irq_armv7m.o(.text)
    PendSV_Handler                           0x080002cb   Thumb Code    16  irq_armv7m.o(.text)
    SysTick_Handler                          0x080002db   Thumb Code    16  irq_armv7m.o(.text)
    __aeabi_uldivmod                         0x080002f9   Thumb Code    98  uldiv.o(.text)
    __aeabi_memcpy                           0x0800035b   Thumb Code    36  memcpya.o(.text)
    __aeabi_memcpy4                          0x0800035b   Thumb Code     0  memcpya.o(.text)
    __aeabi_memcpy8                          0x0800035b   Thumb Code     0  memcpya.o(.text)
    __aeabi_memset                           0x0800037f   Thumb Code    14  memseta.o(.text)
    __aeabi_memset4                          0x0800037f   Thumb Code     0  memseta.o(.text)
    __aeabi_memset8                          0x0800037f   Thumb Code     0  memseta.o(.text)
    __aeabi_memclr                           0x0800038d   Thumb Code     4  memseta.o(.text)
    __aeabi_memclr4                          0x0800038d   Thumb Code     0  memseta.o(.text)
    __aeabi_memclr8                          0x0800038d   Thumb Code     0  memseta.o(.text)
    _memset$wrapper                          0x08000391   Thumb Code    18  memseta.o(.text)
    strlen                                   0x080003a3   Thumb Code    14  strlen.o(.text)
    strcpy                                   0x080003b1   Thumb Code    18  strcpy.o(.text)
    __0sscanf                                0x080003c5   Thumb Code    48  __0sscanf.o(.text)
    _scanf_int                               0x080003fd   Thumb Code   332  _scanf_int.o(.text)
    __aeabi_uidiv                            0x08000549   Thumb Code     0  uidiv.o(.text)
    __aeabi_uidivmod                         0x08000549   Thumb Code    44  uidiv.o(.text)
    __aeabi_llsl                             0x08000575   Thumb Code    30  llshl.o(.text)
    _ll_shift_l                              0x08000575   Thumb Code     0  llshl.o(.text)
    __aeabi_llsr                             0x08000593   Thumb Code    32  llushr.o(.text)
    _ll_ushift_r                             0x08000593   Thumb Code     0  llushr.o(.text)
    _chval                                   0x080005b3   Thumb Code    28  _chval.o(.text)
    __vfscanf_char                           0x080005dd   Thumb Code    20  scanf_char.o(.text)
    _sgetc                                   0x080005f9   Thumb Code    30  _sgetc.o(.text)
    _sbackspace                              0x08000617   Thumb Code    34  _sgetc.o(.text)
    __scatterload                            0x08000639   Thumb Code    28  init.o(.text)
    __scatterload_rt2                        0x08000639   Thumb Code     0  init.o(.text)
    isspace                                  0x0800065d   Thumb Code    10  isspace_c.o(.text)
    __vfscanf                                0x08000669   Thumb Code   808  _scanf.o(.text)
    __ctype_lookup                           0x08000995   Thumb Code    34  ctype_c.o(.text)
    BSP_SD_Detect_MspInit                    0x080009c1   Thumb Code    66  stm32f769i_discovery_sd.o(.text.BSP_SD_Detect_MspInit)
    BSP_SD_GetCardInfo                       0x08000a09   Thumb Code    18  stm32f769i_discovery_sd.o(.text.BSP_SD_GetCardInfo)
    BSP_SD_GetCardState                      0x08000a21   Thumb Code    22  stm32f769i_discovery_sd.o(.text.BSP_SD_GetCardState)
    BSP_SD_Init                              0x08000a39   Thumb Code   106  stm32f769i_discovery_sd.o(.text.BSP_SD_Init)
    BSP_SD_IsDetected                        0x08000aa9   Thumb Code    44  stm32f769i_discovery_sd.o(.text.BSP_SD_IsDetected)
    BSP_SD_MspInit                           0x08000ad9   Thumb Code   408  stm32f769i_discovery_sd.o(.text.BSP_SD_MspInit)
    BSP_SD_ReadBlocks                        0x08000c71   Thumb Code    36  stm32f769i_discovery_sd.o(.text.BSP_SD_ReadBlocks)
    BSP_SD_WriteBlocks                       0x08000c99   Thumb Code    36  stm32f769i_discovery_sd.o(.text.BSP_SD_WriteBlocks)
    BusFault_Handler                         0x08000cc1   Thumb Code     2  stm32f7xx_it.o(.text.BusFault_Handler)
    DebugMon_Handler                         0x08000df9   Thumb Code     2  stm32f7xx_it.o(.text.DebugMon_Handler)
    FATFS_LinkDriver                         0x08000e01   Thumb Code    10  ff_gen_drv.o(.text.FATFS_LinkDriver)
    FATFS_LinkDriverEx                       0x08000e11   Thumb Code    80  ff_gen_drv.o(.text.FATFS_LinkDriverEx)
    HAL_DMA_DeInit                           0x08000f91   Thumb Code    90  stm32f7xx_hal_dma.o(.text.HAL_DMA_DeInit)
    HAL_DMA_Init                             0x08000ff1   Thumb Code   198  stm32f7xx_hal_dma.o(.text.HAL_DMA_Init)
    HAL_Delay                                0x080010b9   Thumb Code    40  stm32f7xx_hal.o(.text.HAL_Delay)
    HAL_GPIO_Init                            0x080010e1   Thumb Code   424  stm32f7xx_hal_gpio.o(.text.HAL_GPIO_Init)
    HAL_GPIO_ReadPin                         0x08001289   Thumb Code    10  stm32f7xx_hal_gpio.o(.text.HAL_GPIO_ReadPin)
    HAL_GetTick                              0x08001299   Thumb Code    80  main.o(.text.HAL_GetTick)
    HAL_Init                                 0x080012e9   Thumb Code    46  stm32f7xx_hal.o(.text.HAL_Init)
    HAL_InitTick                             0x08001319   Thumb Code     4  main.o(.text.HAL_InitTick)
    HAL_MPU_ConfigRegion                     0x08001321   Thumb Code    94  stm32f7xx_hal_cortex.o(.text.HAL_MPU_ConfigRegion)
    HAL_MPU_Disable                          0x08001381   Thumb Code    26  stm32f7xx_hal_cortex.o(.text.HAL_MPU_Disable)
    HAL_MPU_Enable                           0x080013a1   Thumb Code    32  stm32f7xx_hal_cortex.o(.text.HAL_MPU_Enable)
    HAL_MspInit                              0x080013c1   Thumb Code     2  stm32f7xx_hal.o(.text.HAL_MspInit)
    HAL_NVIC_EnableIRQ                       0x080013c9   Thumb Code     8  stm32f7xx_hal_cortex.o(.text.HAL_NVIC_EnableIRQ)
    HAL_NVIC_SetPriority                     0x080013d1   Thumb Code    30  stm32f7xx_hal_cortex.o(.text.HAL_NVIC_SetPriority)
    HAL_NVIC_SetPriorityGrouping             0x080013f1   Thumb Code     8  stm32f7xx_hal_cortex.o(.text.HAL_NVIC_SetPriorityGrouping)
    HAL_PWREx_EnableOverDrive                0x080013f9   Thumb Code   118  stm32f7xx_hal_pwr_ex.o(.text.HAL_PWREx_EnableOverDrive)
    HAL_RCC_ClockConfig                      0x08001471   Thumb Code   338  stm32f7xx_hal_rcc.o(.text.HAL_RCC_ClockConfig)
    HAL_RCC_GetSysClockFreq                  0x080015c9   Thumb Code   106  stm32f7xx_hal_rcc.o(.text.HAL_RCC_GetSysClockFreq)
    HAL_RCC_OscConfig                        0x08001639   Thumb Code   848  stm32f7xx_hal_rcc.o(.text.HAL_RCC_OscConfig)
    HAL_SD_ConfigWideBusOperation            0x08001989   Thumb Code   152  stm32f7xx_hal_sd.o(.text.HAL_SD_ConfigWideBusOperation)
    HAL_SD_GetCardCSD                        0x08001a21   Thumb Code   388  stm32f7xx_hal_sd.o(.text.HAL_SD_GetCardCSD)
    HAL_SD_GetCardInfo                       0x08001ba9   Thumb Code    38  stm32f7xx_hal_sd.o(.text.HAL_SD_GetCardInfo)
    HAL_SD_GetCardState                      0x08001bd1   Thumb Code    36  stm32f7xx_hal_sd.o(.text.HAL_SD_GetCardState)
    HAL_SD_Init                              0x08001bf9   Thumb Code    62  stm32f7xx_hal_sd.o(.text.HAL_SD_Init)
    HAL_SD_InitCard                          0x08001c39   Thumb Code   146  stm32f7xx_hal_sd.o(.text.HAL_SD_InitCard)
    HAL_SD_MspInit                           0x08001cd1   Thumb Code     2  stm32f7xx_hal_sd.o(.text.HAL_SD_MspInit)
    HAL_SD_ReadBlocks                        0x08001cd9   Thumb Code   486  stm32f7xx_hal_sd.o(.text.HAL_SD_ReadBlocks)
    HAL_SD_WriteBlocks                       0x08001ec1   Thumb Code   452  stm32f7xx_hal_sd.o(.text.HAL_SD_WriteBlocks)
    HardFault_Handler                        0x08002089   Thumb Code     2  stm32f7xx_it.o(.text.HardFault_Handler)
    Init_SD                                  0x08002091   Thumb Code   188  sd.o(.text.Init_SD)
    Init_Thread_SD                           0x08002159   Thumb Code    42  thread_sd.o(.text.Init_Thread_SD)
    MemManage_Handler                        0x080021c9   Thumb Code     2  stm32f7xx_it.o(.text.MemManage_Handler)
    NMI_Handler                              0x08002281   Thumb Code     2  stm32f7xx_it.o(.text.NMI_Handler)
    OS_Tick_AcknowledgeIRQ                   0x080022b9   Thumb Code     8  os_systick.o(.text.OS_Tick_AcknowledgeIRQ)
    OS_Tick_Enable                           0x080022c1   Thumb Code    32  os_systick.o(.text.OS_Tick_Enable)
    OS_Tick_GetIRQn                          0x080022e5   Thumb Code     6  os_systick.o(.text.OS_Tick_GetIRQn)
    OS_Tick_Setup                            0x080022ed   Thumb Code    48  os_systick.o(.text.OS_Tick_Setup)
    SDMMC_CmdAppCommand                      0x08002351   Thumb Code    50  stm32f7xx_ll_sdmmc.o(.text.SDMMC_CmdAppCommand)
    SDMMC_CmdAppOperCommand                  0x08002389   Thumb Code    52  stm32f7xx_ll_sdmmc.o(.text.SDMMC_CmdAppOperCommand)
    SDMMC_CmdBlockLength                     0x080023c1   Thumb Code    50  stm32f7xx_ll_sdmmc.o(.text.SDMMC_CmdBlockLength)
    SDMMC_CmdBusWidth                        0x080023f9   Thumb Code    50  stm32f7xx_ll_sdmmc.o(.text.SDMMC_CmdBusWidth)
    SDMMC_CmdGoIdleState                     0x08002431   Thumb Code    40  stm32f7xx_ll_sdmmc.o(.text.SDMMC_CmdGoIdleState)
    SDMMC_CmdOperCond                        0x08002459   Thumb Code    48  stm32f7xx_ll_sdmmc.o(.text.SDMMC_CmdOperCond)
    SDMMC_CmdReadMultiBlock                  0x08002489   Thumb Code    50  stm32f7xx_ll_sdmmc.o(.text.SDMMC_CmdReadMultiBlock)
    SDMMC_CmdReadSingleBlock                 0x080024c1   Thumb Code    50  stm32f7xx_ll_sdmmc.o(.text.SDMMC_CmdReadSingleBlock)
    SDMMC_CmdSelDesel                        0x080024f9   Thumb Code    50  stm32f7xx_ll_sdmmc.o(.text.SDMMC_CmdSelDesel)
    SDMMC_CmdSendCID                         0x08002531   Thumb Code    44  stm32f7xx_ll_sdmmc.o(.text.SDMMC_CmdSendCID)
    SDMMC_CmdSendCSD                         0x08002561   Thumb Code    44  stm32f7xx_ll_sdmmc.o(.text.SDMMC_CmdSendCSD)
    SDMMC_CmdSendSCR                         0x08002591   Thumb Code    50  stm32f7xx_ll_sdmmc.o(.text.SDMMC_CmdSendSCR)
    SDMMC_CmdSendStatus                      0x080025c9   Thumb Code    50  stm32f7xx_ll_sdmmc.o(.text.SDMMC_CmdSendStatus)
    SDMMC_CmdSetRelAdd                       0x08002601   Thumb Code    50  stm32f7xx_ll_sdmmc.o(.text.SDMMC_CmdSetRelAdd)
    SDMMC_CmdStopTransfer                    0x08002639   Thumb Code    54  stm32f7xx_ll_sdmmc.o(.text.SDMMC_CmdStopTransfer)
    SDMMC_CmdWriteMultiBlock                 0x08002671   Thumb Code    50  stm32f7xx_ll_sdmmc.o(.text.SDMMC_CmdWriteMultiBlock)
    SDMMC_CmdWriteSingleBlock                0x080026a9   Thumb Code    50  stm32f7xx_ll_sdmmc.o(.text.SDMMC_CmdWriteSingleBlock)
    SDMMC_ConfigData                         0x080026e1   Thumb Code    44  stm32f7xx_ll_sdmmc.o(.text.SDMMC_ConfigData)
    SDMMC_GetCmdResp1                        0x08002749   Thumb Code   306  stm32f7xx_ll_sdmmc.o(.text.SDMMC_GetCmdResp1)
    SDMMC_GetCmdResp2                        0x08002881   Thumb Code    88  stm32f7xx_ll_sdmmc.o(.text.SDMMC_GetCmdResp2)
    SDMMC_GetCmdResp3                        0x080028d9   Thumb Code    74  stm32f7xx_ll_sdmmc.o(.text.SDMMC_GetCmdResp3)
    SDMMC_GetCmdResp6                        0x08002929   Thumb Code   152  stm32f7xx_ll_sdmmc.o(.text.SDMMC_GetCmdResp6)
    SDMMC_GetCmdResp7                        0x080029c1   Thumb Code    98  stm32f7xx_ll_sdmmc.o(.text.SDMMC_GetCmdResp7)
    SDMMC_GetCommandResponse                 0x08002a29   Thumb Code     6  stm32f7xx_ll_sdmmc.o(.text.SDMMC_GetCommandResponse)
    SDMMC_GetPowerState                      0x08002a31   Thumb Code     8  stm32f7xx_ll_sdmmc.o(.text.SDMMC_GetPowerState)
    SDMMC_GetResponse                        0x08002a39   Thumb Code     6  stm32f7xx_ll_sdmmc.o(.text.SDMMC_GetResponse)
    SDMMC_Init                               0x08002a41   Thumb Code    36  stm32f7xx_ll_sdmmc.o(.text.SDMMC_Init)
    SDMMC_PowerState_ON                      0x08002a69   Thumb Code    10  stm32f7xx_ll_sdmmc.o(.text.SDMMC_PowerState_ON)
    SDMMC_ReadFIFO                           0x08002a79   Thumb Code     6  stm32f7xx_ll_sdmmc.o(.text.SDMMC_ReadFIFO)
    SDMMC_SendCommand                        0x08002a81   Thumb Code    44  stm32f7xx_ll_sdmmc.o(.text.SDMMC_SendCommand)
    SDMMC_WriteFIFO                          0x08002ab1   Thumb Code    12  stm32f7xx_ll_sdmmc.o(.text.SDMMC_WriteFIFO)
    SD_initialize                            0x08002e51   Thumb Code    34  sd_diskio.o(.text.SD_initialize)
    SD_ioctl                                 0x08002e79   Thumb Code    86  sd_diskio.o(.text.SD_ioctl)
    SD_read                                  0x08002ed1   Thumb Code    40  sd_diskio.o(.text.SD_read)
    SD_status                                0x08002ef9   Thumb Code     8  sd_diskio.o(.text.SD_status)
    SD_write                                 0x08002f01   Thumb Code    40  sd_diskio.o(.text.SD_write)
    Save_Config                              0x08002f29   Thumb Code   114  sd.o(.text.Save_Config)
    Storage_GetDirectoryBitmapFiles          0x08002fa1   Thumb Code   140  fatfs_storage.o(.text.Storage_GetDirectoryBitmapFiles)
    Storage_OpenReadFile                     0x08003039   Thumb Code    64  fatfs_storage.o(.text.Storage_OpenReadFile)
    Storage_OpenWriteFile                    0x08003079   Thumb Code    82  fatfs_storage.o(.text.Storage_OpenWriteFile)
    SystemCoreClockUpdate                    0x08003129   Thumb Code   126  system_stm32f7xx.o(.text.SystemCoreClockUpdate)
    SystemInit                               0x080031a9   Thumb Code    18  system_stm32f7xx.o(.text.SystemInit)
    Thread_SD                                0x08003221   Thumb Code    50  thread_sd.o(.text.Thread_SD)
    UsageFault_Handler                       0x080032a1   Thumb Code     2  stm32f7xx_it.o(.text.UsageFault_Handler)
    disk_initialize                          0x08003981   Thumb Code    44  diskio.o(.text.disk_initialize)
    disk_ioctl                               0x080039b1   Thumb Code    26  diskio.o(.text.disk_ioctl)
    disk_read                                0x080039d1   Thumb Code    30  diskio.o(.text.disk_read)
    disk_status                              0x080039f1   Thumb Code    26  diskio.o(.text.disk_status)
    disk_write                               0x08003a11   Thumb Code    30  diskio.o(.text.disk_write)
    f_close                                  0x08003a59   Thumb Code    46  ff_1.o(.text.f_close)
    f_closedir                               0x08003a89   Thumb Code    40  ff_1.o(.text.f_closedir)
    f_findfirst                              0x08003ab1   Thumb Code    30  ff_1.o(.text.f_findfirst)
    f_findnext                               0x08003ad1   Thumb Code    52  ff_1.o(.text.f_findnext)
    f_lseek                                  0x08003b09   Thumb Code   644  ff_1.o(.text.f_lseek)
    f_mount                                  0x08003d91   Thumb Code    98  ff_1.o(.text.f_mount)
    f_open                                   0x08003df9   Thumb Code   620  ff_1.o(.text.f_open)
    f_opendir                                0x08004069   Thumb Code   132  ff_1.o(.text.f_opendir)
    f_read                                   0x080040f1   Thumb Code   384  ff_1.o(.text.f_read)
    f_readdir                                0x08004271   Thumb Code    78  ff_1.o(.text.f_readdir)
    f_sync                                   0x080042c1   Thumb Code   152  ff_1.o(.text.f_sync)
    f_write                                  0x08004359   Thumb Code   430  ff_1.o(.text.f_write)
    get_fattime                              0x08004929   Thumb Code     4  diskio.o(.text.get_fattime)
    main                                     0x08004ac9   Thumb Code    34  main.o(.text.main)
    osKernelGetState                         0x08004b81   Thumb Code    40  rtx_kernel.o(.text.osKernelGetState)
    osKernelGetTickCount                     0x08004bad   Thumb Code    32  rtx_kernel.o(.text.osKernelGetTickCount)
    osKernelInitialize                       0x08004bd1   Thumb Code    40  rtx_kernel.o(.text.osKernelInitialize)
    osKernelStart                            0x08004bfd   Thumb Code    32  rtx_kernel.o(.text.osKernelStart)
    osMessageQueueGet                        0x08004c21   Thumb Code   108  rtx_msgqueue.o(.text.osMessageQueueGet)
    osMessageQueuePut                        0x08004c91   Thumb Code   124  rtx_msgqueue.o(.text.osMessageQueuePut)
    osRtxErrorNotify                         0x08004d11   Thumb Code     2  rtx_config.o(.text.osRtxErrorNotify)
    osRtxIdleThread                          0x08004d19   Thumb Code     2  rtx_config.o(.text.osRtxIdleThread)
    osRtxKernelErrorNotify                   0x08004d1b   Thumb Code     4  rtx_kernel.o(.text.osRtxKernelErrorNotify)
    osRtxKernelPreInit                       0x08004d1f   Thumb Code     2  rtx_kernel.o(.text.osRtxKernelPreInit)
    osRtxMemoryAlloc                         0x08004d21   Thumb Code   108  rtx_memory.o(.text.osRtxMemoryAlloc)
    osRtxMemoryFree                          0x08004d8d   Thumb Code    66  rtx_memory.o(.text.osRtxMemoryFree)
    osRtxMemoryInit                          0x08004dcf   Thumb Code    54  rtx_memory.o(.text.osRtxMemoryInit)
    osRtxMemoryPoolAlloc                     0x08004e05   Thumb Code    58  rtx_mempool.o(.text.osRtxMemoryPoolAlloc)
    osRtxMemoryPoolFree                      0x08004e3f   Thumb Code    74  rtx_mempool.o(.text.osRtxMemoryPoolFree)
    osRtxMemoryPoolInit                      0x08004e89   Thumb Code    56  rtx_mempool.o(.text.osRtxMemoryPoolInit)
    osRtxMessageQueueTimerSetup              0x08004f6d   Thumb Code    32  rtx_msgqueue.o(.text.osRtxMessageQueueTimerSetup)
    osRtxMutexOwnerRelease                   0x08004f95   Thumb Code    72  rtx_mutex.o(.text.osRtxMutexOwnerRelease)
    osRtxMutexOwnerRestore                   0x08004fdd   Thumb Code    66  rtx_mutex.o(.text.osRtxMutexOwnerRestore)
    osRtxPendSV_Handler                      0x08005021   Thumb Code   136  rtx_system.o(.text.osRtxPendSV_Handler)
    osRtxPostProcess                         0x080050a9   Thumb Code   108  rtx_system.o(.text.osRtxPostProcess)
    osRtxThreadDelayTick                     0x08005205   Thumb Code    72  rtx_thread.o(.text.osRtxThreadDelayTick)
    osRtxThreadDispatch                      0x0800526d   Thumb Code    80  rtx_thread.o(.text.osRtxThreadDispatch)
    osRtxThreadListGet                       0x08005333   Thumb Code    18  rtx_thread.o(.text.osRtxThreadListGet)
    osRtxThreadListPut                       0x08005345   Thumb Code    44  rtx_thread.o(.text.osRtxThreadListPut)
    osRtxThreadListRemove                    0x08005371   Thumb Code    20  rtx_thread.o(.text.osRtxThreadListRemove)
    osRtxThreadListSort                      0x08005391   Thumb Code    38  rtx_thread.o(.text.osRtxThreadListSort)
    osRtxThreadReadyPut                      0x080053e1   Thumb Code    16  rtx_thread.o(.text.osRtxThreadReadyPut)
    osRtxThreadRegPtr                        0x080053f5   Thumb Code    20  rtx_thread.o(.text.osRtxThreadRegPtr)
    osRtxThreadStartup                       0x08005409   Thumb Code    48  rtx_thread.o(.text.osRtxThreadStartup)
    osRtxThreadSwitch                        0x08005441   Thumb Code    12  rtx_thread.o(.text.osRtxThreadSwitch)
    osRtxThreadWaitEnter                     0x0800544d   Thumb Code    56  rtx_thread.o(.text.osRtxThreadWaitEnter)
    osRtxThreadWaitExit                      0x08005489   Thumb Code    48  rtx_thread.o(.text.osRtxThreadWaitExit)
    osRtxTick_Handler                        0x080054b9   Thumb Code   116  rtx_system.o(.text.osRtxTick_Handler)
    osRtxTimerSetup                          0x08005531   Thumb Code    24  rtx_timer.o(.text.osRtxTimerSetup)
    osRtxTimerThread                         0x08005551   Thumb Code    32  rtx_timer.o(.text.osRtxTimerThread)
    osThreadExit                             0x080055e1   Thumb Code     8  rtx_thread.o(.text.osThreadExit)
    osThreadNew                              0x080055ed   Thumb Code    32  rtx_thread.o(.text.osThreadNew)
    __0snprintf$6                            0x08006059   Thumb Code    48  printf6.o(i.__0snprintf$6)
    __1snprintf$6                            0x08006059   Thumb Code     0  printf6.o(i.__0snprintf$6)
    __2snprintf                              0x08006059   Thumb Code     0  printf6.o(i.__0snprintf$6)
    __0sprintf$6                             0x0800608d   Thumb Code    34  printf6.o(i.__0sprintf$6)
    __1sprintf$6                             0x0800608d   Thumb Code     0  printf6.o(i.__0sprintf$6)
    __2sprintf                               0x0800608d   Thumb Code     0  printf6.o(i.__0sprintf$6)
    __scatterload_copy                       0x080060b5   Thumb Code    14  handlers.o(i.__scatterload_copy)
    __scatterload_null                       0x080060c3   Thumb Code     2  handlers.o(i.__scatterload_null)
    __scatterload_zeroinit                   0x080060c5   Thumb Code    14  handlers.o(i.__scatterload_zeroinit)
    free                                     0x08006439   Thumb Code    76  malloc.o(i.free)
    malloc                                   0x08006489   Thumb Code    92  malloc.o(i.malloc)
    __ctype_categories                       0x080064f4   Data          64  ctype_c.o(.constdata)
    osRtxConfig                              0x08006534   Data         112  rtx_lib.o(.rodata)
    os_cb_sections                           0x080065a4   Data          56  rtx_lib.o(.rodata)
    AHBPrescTable                            0x080065dc   Data          16  system_stm32f7xx.o(.rodata.AHBPrescTable)
    SD_Driver                                0x080065ec   Data          20  sd_diskio.o(.rodata.SD_Driver)
    osRtxUserSVC                             0x08006600   Data           4  rtx_lib.o(.rodata.osRtxUserSVC)
    Region$$Table$$Base                      0x080066b4   Number         0  anon$$obj.o(Region$$Table)
    Region$$Table$$Limit                     0x080066d4   Number         0  anon$$obj.o(Region$$Table)
    __microlib_freelist                      0x20000000   Data           4  mvars.o(.data)
    __microlib_freelist_initialised          0x20000004   Data           4  mvars.o(.data)
    SystemCoreClock                          0x2000000c   Data           4  system_stm32f7xx.o(.data.SystemCoreClock)
    osRtxInfo                                0x20000010   Data         164  rtx_kernel.o(.data.os)
    uwTickFreq                               0x200000b4   Data           1  stm32f7xx_hal.o(.data.uwTickFreq)
    uwTickPrio                               0x200000b8   Data           4  stm32f7xx_hal.o(.data.uwTickPrio)
    BytesRead                                0x20000180   Data           4  fatfs_storage.o(.bss.BytesRead)
    BytesWrite                               0x20000184   Data           4  fatfs_storage.o(.bss.BytesWrite)
    SD_Data                                  0x200001b8   Data         750  sd.o(.bss.SD_Data)
    SD_Path                                  0x200004a6   Data           4  sd.o(.bss.SD_Path)
    counter                                  0x200004ac   Data           4  sd.o(.bss.counter)
    dir                                      0x200004b0   Data          52  fatfs_storage.o(.bss.dir)
    disk                                     0x200004e4   Data          16  ff_gen_drv.o(.bss.disk)
    fno                                      0x200004f4   Data          24  fatfs_storage.o(.bss.fno)
    fs                                       0x2000050c   Data         560  fatfs_storage.o(.bss.fs)
    .bss.os.msgqueue.cb$$Base                0x20008784   Number         0  rtx_lib.o(.bss.os.msgqueue.cb)
    .bss.os.msgqueue.cb$$Limit               0x200087b8   Number         0  rtx_lib.o(.bss.os.msgqueue.cb)
    .bss.os.thread.cb$$Base                  0x20008808   Number         0  rtx_lib.o(.bss.os.thread.cb)
    .bss.os.thread.cb$$Limit                 0x20008890   Number         0  rtx_lib.o(.bss.os.thread.cb)
    pDirectoryFiles                          0x20008c90   Data         100  sd.o(.bss.pDirectoryFiles)
    sd_msg                                   0x20008cf4   Data           6  thread_sd.o(.bss.sd_msg)
    songCnt                                  0x20008cfc   Data           4  thread_sd.o(.bss.songCnt)
    songs                                    0x20008d00   Data         750  thread_sd.o(.bss.songs)
    str                                      0x20008fee   Data          30  sd.o(.bss.str)
    tid_Thread_SD                            0x2000900c   Data           4  thread_sd.o(.bss.tid_Thread_SD)
    uSdHandle                                0x20009010   Data         132  stm32f769i_discovery_sd.o(.bss.uSdHandle)
    ubNumberOfFiles                          0x20009094   Data           1  sd.o(.bss.ubNumberOfFiles)
    uwInternalBuffer                         0x20009098   Data           4  sd.o(.bss.uwInternalBuffer)
    __heap_base                              0x200090a0   Data           0  startup_stm32f769xx.o(HEAP)
    __heap_limit                             0x200092a0   Data           0  startup_stm32f769xx.o(HEAP)
    __initial_sp                             0x200096a0   Data           0  startup_stm32f769xx.o(STACK)



==============================================================================

Memory Map of the image

  Image Entry point : 0x080001f9

  Load Region LR_IROM1 (Base: 0x08000000, Size: 0x00006798, Max: 0x00200000, ABSOLUTE)

    Execution Region ER_IROM1 (Exec base: 0x08000000, Load base: 0x08000000, Size: 0x000066d4, Max: 0x00200000, ABSOLUTE)

    Exec Addr    Load Addr    Size         Type   Attr      Idx    E Section Name        Object

    0x08000000   0x08000000   0x000001f8   Data   RO         1548    RESET               startup_stm32f769xx.o
    0x080001f8   0x080001f8   0x00000000   Code   RO         2040  * .ARM.Collect$$$$00000000  mc_w.l(entry.o)
    0x080001f8   0x080001f8   0x00000004   Code   RO         2348    .ARM.Collect$$$$00000001  mc_w.l(entry2.o)
    0x080001fc   0x080001fc   0x00000004   Code   RO         2351    .ARM.Collect$$$$00000004  mc_w.l(entry5.o)
    0x08000200   0x08000200   0x00000000   Code   RO         2353    .ARM.Collect$$$$00000008  mc_w.l(entry7b.o)
    0x08000200   0x08000200   0x00000000   Code   RO         2355    .ARM.Collect$$$$0000000A  mc_w.l(entry8b.o)
    0x08000200   0x08000200   0x00000008   Code   RO         2356    .ARM.Collect$$$$0000000B  mc_w.l(entry9a.o)
    0x08000208   0x08000208   0x00000000   Code   RO         2358    .ARM.Collect$$$$0000000D  mc_w.l(entry10a.o)
    0x08000208   0x08000208   0x00000000   Code   RO         2360    .ARM.Collect$$$$0000000F  mc_w.l(entry11a.o)
    0x08000208   0x08000208   0x00000004   Code   RO         2349    .ARM.Collect$$$$00002712  mc_w.l(entry2.o)
    0x0800020c   0x0800020c   0x00000024   Code   RO         1549    .text               startup_stm32f769xx.o
    0x08000230   0x08000230   0x000000c8   Code   RO         1830    .text               RTX_CM4F.lib(irq_armv7m.o)
    0x080002f8   0x080002f8   0x00000062   Code   RO         2043    .text               mc_w.l(uldiv.o)
    0x0800035a   0x0800035a   0x00000024   Code   RO         2045    .text               mc_w.l(memcpya.o)
    0x0800037e   0x0800037e   0x00000024   Code   RO         2047    .text               mc_w.l(memseta.o)
    0x080003a2   0x080003a2   0x0000000e   Code   RO         2049    .text               mc_w.l(strlen.o)
    0x080003b0   0x080003b0   0x00000012   Code   RO         2051    .text               mc_w.l(strcpy.o)
    0x080003c2   0x080003c2   0x00000002   PAD
    0x080003c4   0x080003c4   0x00000038   Code   RO         2344    .text               mc_w.l(__0sscanf.o)
    0x080003fc   0x080003fc   0x0000014c   Code   RO         2346    .text               mc_w.l(_scanf_int.o)
    0x08000548   0x08000548   0x0000002c   Code   RO         2376    .text               mc_w.l(uidiv.o)
    0x08000574   0x08000574   0x0000001e   Code   RO         2378    .text               mc_w.l(llshl.o)
    0x08000592   0x08000592   0x00000020   Code   RO         2380    .text               mc_w.l(llushr.o)
    0x080005b2   0x080005b2   0x0000001c   Code   RO         2384    .text               mc_w.l(_chval.o)
    0x080005ce   0x080005ce   0x00000002   PAD
    0x080005d0   0x080005d0   0x00000028   Code   RO         2386    .text               mc_w.l(scanf_char.o)
    0x080005f8   0x080005f8   0x00000040   Code   RO         2388    .text               mc_w.l(_sgetc.o)
    0x08000638   0x08000638   0x00000024   Code   RO         2401    .text               mc_w.l(init.o)
    0x0800065c   0x0800065c   0x0000000a   Code   RO         2406    .text               mc_w.l(isspace_c.o)
    0x08000666   0x08000666   0x00000002   PAD
    0x08000668   0x08000668   0x0000032c   Code   RO         2408    .text               mc_w.l(_scanf.o)
    0x08000994   0x08000994   0x00000028   Code   RO         2413    .text               mc_w.l(ctype_c.o)
    0x080009bc   0x080009bc   0x00000004   PAD
    0x080009c0   0x080009c0   0x00000042   Code   RO          405    .text.BSP_SD_Detect_MspInit  stm32f769i_discovery_sd.o
    0x08000a02   0x08000a02   0x00000006   PAD
    0x08000a08   0x08000a08   0x00000012   Code   RO          429    .text.BSP_SD_GetCardInfo  stm32f769i_discovery_sd.o
    0x08000a1a   0x08000a1a   0x00000006   PAD
    0x08000a20   0x08000a20   0x00000016   Code   RO          427    .text.BSP_SD_GetCardState  stm32f769i_discovery_sd.o
    0x08000a36   0x08000a36   0x00000002   PAD
    0x08000a38   0x08000a38   0x0000006a   Code   RO          403    .text.BSP_SD_Init   stm32f769i_discovery_sd.o
    0x08000aa2   0x08000aa2   0x00000006   PAD
    0x08000aa8   0x08000aa8   0x0000002c   Code   RO          407    .text.BSP_SD_IsDetected  stm32f769i_discovery_sd.o
    0x08000ad4   0x08000ad4   0x00000004   PAD
    0x08000ad8   0x08000ad8   0x00000198   Code   RO          409    .text.BSP_SD_MspInit  stm32f769i_discovery_sd.o
    0x08000c70   0x08000c70   0x00000024   Code   RO          417    .text.BSP_SD_ReadBlocks  stm32f769i_discovery_sd.o
    0x08000c94   0x08000c94   0x00000004   PAD
    0x08000c98   0x08000c98   0x00000024   Code   RO          419    .text.BSP_SD_WriteBlocks  stm32f769i_discovery_sd.o
    0x08000cbc   0x08000cbc   0x00000004   PAD
    0x08000cc0   0x08000cc0   0x00000002   Code   RO          305    .text.BusFault_Handler  stm32f7xx_it.o
    0x08000cc2   0x08000cc2   0x00000006   PAD
    0x08000cc8   0x08000cc8   0x00000092   Code   RO          242    .text.CPU_CACHE_Enable  main.o
    0x08000d5a   0x08000d5a   0x00000006   PAD
    0x08000d60   0x08000d60   0x00000044   Code   RO          668    .text.DMA_CalcBaseAndBitshift  stm32f7xx_hal_dma.o
    0x08000da4   0x08000da4   0x00000004   PAD
    0x08000da8   0x08000da8   0x0000004c   Code   RO          666    .text.DMA_CheckFifoParam  stm32f7xx_hal_dma.o
    0x08000df4   0x08000df4   0x00000004   PAD
    0x08000df8   0x08000df8   0x00000002   Code   RO          309    .text.DebugMon_Handler  stm32f7xx_it.o
    0x08000dfa   0x08000dfa   0x00000006   PAD
    0x08000e00   0x08000e00   0x0000000a   Code   RO          171    .text.FATFS_LinkDriver  ff_gen_drv.o
    0x08000e0a   0x08000e0a   0x00000006   PAD
    0x08000e10   0x08000e10   0x00000050   Code   RO          169    .text.FATFS_LinkDriverEx  ff_gen_drv.o
    0x08000e60   0x08000e60   0x00000096   Code   RO          258    .text.Get_Config    sd.o
    0x08000ef6   0x08000ef6   0x00000002   PAD
    0x08000ef8   0x08000ef8   0x00000098   Code   RO          260    .text.Get_Songs     sd.o
    0x08000f90   0x08000f90   0x0000005a   Code   RO          670    .text.HAL_DMA_DeInit  stm32f7xx_hal_dma.o
    0x08000fea   0x08000fea   0x00000006   PAD
    0x08000ff0   0x08000ff0   0x000000c6   Code   RO          664    .text.HAL_DMA_Init  stm32f7xx_hal_dma.o
    0x080010b6   0x080010b6   0x00000002   PAD
    0x080010b8   0x080010b8   0x00000028   Code   RO          539    .text.HAL_Delay     stm32f7xx_hal.o
    0x080010e0   0x080010e0   0x000001a8   Code   RO          899    .text.HAL_GPIO_Init  stm32f7xx_hal_gpio.o
    0x08001288   0x08001288   0x0000000a   Code   RO          903    .text.HAL_GPIO_ReadPin  stm32f7xx_hal_gpio.o
    0x08001292   0x08001292   0x00000006   PAD
    0x08001298   0x08001298   0x00000050   Code   RO          234    .text.HAL_GetTick   main.o
    0x080012e8   0x080012e8   0x0000002e   Code   RO          519    .text.HAL_Init      stm32f7xx_hal.o
    0x08001316   0x08001316   0x00000002   PAD
    0x08001318   0x08001318   0x00000004   Code   RO          236    .text.HAL_InitTick  main.o
    0x0800131c   0x0800131c   0x00000004   PAD
    0x08001320   0x08001320   0x0000005e   Code   RO          624    .text.HAL_MPU_ConfigRegion  stm32f7xx_hal_cortex.o
    0x0800137e   0x0800137e   0x00000002   PAD
    0x08001380   0x08001380   0x0000001a   Code   RO          620    .text.HAL_MPU_Disable  stm32f7xx_hal_cortex.o
    0x0800139a   0x0800139a   0x00000006   PAD
    0x080013a0   0x080013a0   0x00000020   Code   RO          622    .text.HAL_MPU_Enable  stm32f7xx_hal_cortex.o
    0x080013c0   0x080013c0   0x00000002   Code   RO          523    .text.HAL_MspInit   stm32f7xx_hal.o
    0x080013c2   0x080013c2   0x00000006   PAD
    0x080013c8   0x080013c8   0x00000008   Code   RO          604    .text.HAL_NVIC_EnableIRQ  stm32f7xx_hal_cortex.o
    0x080013d0   0x080013d0   0x0000001e   Code   RO          596    .text.HAL_NVIC_SetPriority  stm32f7xx_hal_cortex.o
    0x080013ee   0x080013ee   0x00000002   PAD
    0x080013f0   0x080013f0   0x00000008   Code   RO          592    .text.HAL_NVIC_SetPriorityGrouping  stm32f7xx_hal_cortex.o
    0x080013f8   0x080013f8   0x00000076   Code   RO         1167    .text.HAL_PWREx_EnableOverDrive  stm32f7xx_hal_pwr_ex.o
    0x0800146e   0x0800146e   0x00000002   PAD
    0x08001470   0x08001470   0x00000152   Code   RO         1189    .text.HAL_RCC_ClockConfig  stm32f7xx_hal_rcc.o
    0x080015c2   0x080015c2   0x00000006   PAD
    0x080015c8   0x080015c8   0x0000006a   Code   RO         1191    .text.HAL_RCC_GetSysClockFreq  stm32f7xx_hal_rcc.o
    0x08001632   0x08001632   0x00000006   PAD
    0x08001638   0x08001638   0x00000350   Code   RO         1187    .text.HAL_RCC_OscConfig  stm32f7xx_hal_rcc.o
    0x08001988   0x08001988   0x00000098   Code   RO         1311    .text.HAL_SD_ConfigWideBusOperation  stm32f7xx_hal_sd.o
    0x08001a20   0x08001a20   0x00000184   Code   RO         1303    .text.HAL_SD_GetCardCSD  stm32f7xx_hal_sd.o
    0x08001ba4   0x08001ba4   0x00000004   PAD
    0x08001ba8   0x08001ba8   0x00000026   Code   RO         1309    .text.HAL_SD_GetCardInfo  stm32f7xx_hal_sd.o
    0x08001bce   0x08001bce   0x00000002   PAD
    0x08001bd0   0x08001bd0   0x00000024   Code   RO         1317    .text.HAL_SD_GetCardState  stm32f7xx_hal_sd.o
    0x08001bf4   0x08001bf4   0x00000004   PAD
    0x08001bf8   0x08001bf8   0x0000003e   Code   RO         1243    .text.HAL_SD_Init   stm32f7xx_hal_sd.o
    0x08001c36   0x08001c36   0x00000002   PAD
    0x08001c38   0x08001c38   0x00000092   Code   RO         1247    .text.HAL_SD_InitCard  stm32f7xx_hal_sd.o
    0x08001cca   0x08001cca   0x00000006   PAD
    0x08001cd0   0x08001cd0   0x00000002   Code   RO         1245    .text.HAL_SD_MspInit  stm32f7xx_hal_sd.o
    0x08001cd2   0x08001cd2   0x00000006   PAD
    0x08001cd8   0x08001cd8   0x000001e6   Code   RO         1259    .text.HAL_SD_ReadBlocks  stm32f7xx_hal_sd.o
    0x08001ebe   0x08001ebe   0x00000002   PAD
    0x08001ec0   0x08001ec0   0x000001c4   Code   RO         1261    .text.HAL_SD_WriteBlocks  stm32f7xx_hal_sd.o
    0x08002084   0x08002084   0x00000004   PAD
    0x08002088   0x08002088   0x00000002   Code   RO          301    .text.HardFault_Handler  stm32f7xx_it.o
    0x0800208a   0x0800208a   0x00000006   PAD
    0x08002090   0x08002090   0x000000c4   Code   RO          256    .text.Init_SD       sd.o
    0x08002154   0x08002154   0x00000004   PAD
    0x08002158   0x08002158   0x0000002a   Code   RO          282    .text.Init_Thread_SD  thread_sd.o
    0x08002182   0x08002182   0x00000006   PAD
    0x08002188   0x08002188   0x0000003c   Code   RO          240    .text.MPU_Config    main.o
    0x080021c4   0x080021c4   0x00000004   PAD
    0x080021c8   0x080021c8   0x00000002   Code   RO          303    .text.MemManage_Handler  stm32f7xx_it.o
    0x080021ca   0x080021ca   0x00000040   Code   RO         1982    .text.MessageQueueGet  RTX_CM4F.lib(rtx_msgqueue.o)
    0x0800220a   0x0800220a   0x00000058   Code   RO         1976    .text.MessageQueuePut  RTX_CM4F.lib(rtx_msgqueue.o)
    0x08002262   0x08002262   0x0000001c   Code   RO         1974    .text.MessageQueueRemove  RTX_CM4F.lib(rtx_msgqueue.o)
    0x0800227e   0x0800227e   0x00000002   PAD
    0x08002280   0x08002280   0x00000002   Code   RO          299    .text.NMI_Handler   stm32f7xx_it.o
    0x08002282   0x08002282   0x00000006   PAD
    0x08002288   0x08002288   0x0000002e   Code   RO          602    .text.NVIC_EncodePriority  stm32f7xx_hal_cortex.o
    0x080022b6   0x080022b6   0x00000002   PAD
    0x080022b8   0x080022b8   0x00000008   Code   RO         2020    .text.OS_Tick_AcknowledgeIRQ  RTX_CM4F.lib(os_systick.o)
    0x080022c0   0x080022c0   0x00000024   Code   RO         2016    .text.OS_Tick_Enable  RTX_CM4F.lib(os_systick.o)
    0x080022e4   0x080022e4   0x00000006   Code   RO         2022    .text.OS_Tick_GetIRQn  RTX_CM4F.lib(os_systick.o)
    0x080022ea   0x080022ea   0x00000002   PAD
    0x080022ec   0x080022ec   0x00000040   Code   RO         2014    .text.OS_Tick_Setup  RTX_CM4F.lib(os_systick.o)
    0x0800232c   0x0800232c   0x0000000c   Code   RO         1629    .text.OUTLINED_FUNCTION_0  RTX_CM4F.lib(rtx_kernel.o)
    0x08002338   0x08002338   0x0000000c   Code   RO         1990    .text.OUTLINED_FUNCTION_0  RTX_CM4F.lib(rtx_msgqueue.o)
    0x08002344   0x08002344   0x00000006   Code   RO         1631    .text.OUTLINED_FUNCTION_1  RTX_CM4F.lib(rtx_kernel.o)
    0x0800234a   0x0800234a   0x00000006   PAD
    0x08002350   0x08002350   0x00000032   Code   RO         1507    .text.SDMMC_CmdAppCommand  stm32f7xx_ll_sdmmc.o
    0x08002382   0x08002382   0x00000006   PAD
    0x08002388   0x08002388   0x00000034   Code   RO         1509    .text.SDMMC_CmdAppOperCommand  stm32f7xx_ll_sdmmc.o
    0x080023bc   0x080023bc   0x00000004   PAD
    0x080023c0   0x080023c0   0x00000032   Code   RO         1473    .text.SDMMC_CmdBlockLength  stm32f7xx_ll_sdmmc.o
    0x080023f2   0x080023f2   0x00000006   PAD
    0x080023f8   0x080023f8   0x00000032   Code   RO         1513    .text.SDMMC_CmdBusWidth  stm32f7xx_ll_sdmmc.o
    0x0800242a   0x0800242a   0x00000006   PAD
    0x08002430   0x08002430   0x00000028   Code   RO         1499    .text.SDMMC_CmdGoIdleState  stm32f7xx_ll_sdmmc.o
    0x08002458   0x08002458   0x00000030   Code   RO         1503    .text.SDMMC_CmdOperCond  stm32f7xx_ll_sdmmc.o
    0x08002488   0x08002488   0x00000032   Code   RO         1479    .text.SDMMC_CmdReadMultiBlock  stm32f7xx_ll_sdmmc.o
    0x080024ba   0x080024ba   0x00000006   PAD
    0x080024c0   0x080024c0   0x00000032   Code   RO         1477    .text.SDMMC_CmdReadSingleBlock  stm32f7xx_ll_sdmmc.o
    0x080024f2   0x080024f2   0x00000006   PAD
    0x080024f8   0x080024f8   0x00000032   Code   RO         1497    .text.SDMMC_CmdSelDesel  stm32f7xx_ll_sdmmc.o
    0x0800252a   0x0800252a   0x00000006   PAD
    0x08002530   0x08002530   0x0000002c   Code   RO         1517    .text.SDMMC_CmdSendCID  stm32f7xx_ll_sdmmc.o
    0x0800255c   0x0800255c   0x00000004   PAD
    0x08002560   0x08002560   0x0000002c   Code   RO         1521    .text.SDMMC_CmdSendCSD  stm32f7xx_ll_sdmmc.o
    0x0800258c   0x0800258c   0x00000004   PAD
    0x08002590   0x08002590   0x00000032   Code   RO         1515    .text.SDMMC_CmdSendSCR  stm32f7xx_ll_sdmmc.o
    0x080025c2   0x080025c2   0x00000006   PAD
    0x080025c8   0x080025c8   0x00000032   Code   RO         1529    .text.SDMMC_CmdSendStatus  stm32f7xx_ll_sdmmc.o
    0x080025fa   0x080025fa   0x00000006   PAD
    0x08002600   0x08002600   0x00000032   Code   RO         1523    .text.SDMMC_CmdSetRelAdd  stm32f7xx_ll_sdmmc.o
    0x08002632   0x08002632   0x00000006   PAD
    0x08002638   0x08002638   0x00000036   Code   RO         1495    .text.SDMMC_CmdStopTransfer  stm32f7xx_ll_sdmmc.o
    0x0800266e   0x0800266e   0x00000002   PAD
    0x08002670   0x08002670   0x00000032   Code   RO         1483    .text.SDMMC_CmdWriteMultiBlock  stm32f7xx_ll_sdmmc.o
    0x080026a2   0x080026a2   0x00000006   PAD
    0x080026a8   0x080026a8   0x00000032   Code   RO         1481    .text.SDMMC_CmdWriteSingleBlock  stm32f7xx_ll_sdmmc.o
    0x080026da   0x080026da   0x00000006   PAD
    0x080026e0   0x080026e0   0x0000002c   Code   RO         1465    .text.SDMMC_ConfigData  stm32f7xx_ll_sdmmc.o
    0x0800270c   0x0800270c   0x00000004   PAD
    0x08002710   0x08002710   0x00000038   Code   RO         1501    .text.SDMMC_GetCmdError  stm32f7xx_ll_sdmmc.o
    0x08002748   0x08002748   0x00000132   Code   RO         1475    .text.SDMMC_GetCmdResp1  stm32f7xx_ll_sdmmc.o
    0x0800287a   0x0800287a   0x00000006   PAD
    0x08002880   0x08002880   0x00000058   Code   RO         1519    .text.SDMMC_GetCmdResp2  stm32f7xx_ll_sdmmc.o
    0x080028d8   0x080028d8   0x0000004a   Code   RO         1511    .text.SDMMC_GetCmdResp3  stm32f7xx_ll_sdmmc.o
    0x08002922   0x08002922   0x00000006   PAD
    0x08002928   0x08002928   0x00000098   Code   RO         1525    .text.SDMMC_GetCmdResp6  stm32f7xx_ll_sdmmc.o
    0x080029c0   0x080029c0   0x00000062   Code   RO         1505    .text.SDMMC_GetCmdResp7  stm32f7xx_ll_sdmmc.o
    0x08002a22   0x08002a22   0x00000006   PAD
    0x08002a28   0x08002a28   0x00000006   Code   RO         1461    .text.SDMMC_GetCommandResponse  stm32f7xx_ll_sdmmc.o
    0x08002a2e   0x08002a2e   0x00000002   PAD
    0x08002a30   0x08002a30   0x00000008   Code   RO         1457    .text.SDMMC_GetPowerState  stm32f7xx_ll_sdmmc.o
    0x08002a38   0x08002a38   0x00000006   Code   RO         1463    .text.SDMMC_GetResponse  stm32f7xx_ll_sdmmc.o
    0x08002a3e   0x08002a3e   0x00000002   PAD
    0x08002a40   0x08002a40   0x00000024   Code   RO         1447    .text.SDMMC_Init    stm32f7xx_ll_sdmmc.o
    0x08002a64   0x08002a64   0x00000004   PAD
    0x08002a68   0x08002a68   0x0000000a   Code   RO         1453    .text.SDMMC_PowerState_ON  stm32f7xx_ll_sdmmc.o
    0x08002a72   0x08002a72   0x00000006   PAD
    0x08002a78   0x08002a78   0x00000006   Code   RO         1449    .text.SDMMC_ReadFIFO  stm32f7xx_ll_sdmmc.o
    0x08002a7e   0x08002a7e   0x00000002   PAD
    0x08002a80   0x08002a80   0x0000002c   Code   RO         1459    .text.SDMMC_SendCommand  stm32f7xx_ll_sdmmc.o
    0x08002aac   0x08002aac   0x00000004   PAD
    0x08002ab0   0x08002ab0   0x0000000c   Code   RO         1451    .text.SDMMC_WriteFIFO  stm32f7xx_ll_sdmmc.o
    0x08002abc   0x08002abc   0x00000004   PAD
    0x08002ac0   0x08002ac0   0x00000024   Code   RO           12    .text.SD_CheckStatus  sd_diskio.o
    0x08002ae4   0x08002ae4   0x00000004   PAD
    0x08002ae8   0x08002ae8   0x000000d6   Code   RO         1325    .text.SD_FindSCR    stm32f7xx_hal_sd.o
    0x08002bbe   0x08002bbe   0x00000002   PAD
    0x08002bc0   0x08002bc0   0x000000f0   Code   RO         1251    .text.SD_InitCard   stm32f7xx_hal_sd.o
    0x08002cb0   0x08002cb0   0x000000c0   Code   RO         1249    .text.SD_PowerON    stm32f7xx_hal_sd.o
    0x08002d70   0x08002d70   0x00000030   Code   RO         1319    .text.SD_SendStatus  stm32f7xx_hal_sd.o
    0x08002da0   0x08002da0   0x00000058   Code   RO         1315    .text.SD_WideBus_Disable  stm32f7xx_hal_sd.o
    0x08002df8   0x08002df8   0x00000058   Code   RO         1313    .text.SD_WideBus_Enable  stm32f7xx_hal_sd.o
    0x08002e50   0x08002e50   0x00000022   Code   RO            2    .text.SD_initialize  sd_diskio.o
    0x08002e72   0x08002e72   0x00000006   PAD
    0x08002e78   0x08002e78   0x00000056   Code   RO           10    .text.SD_ioctl      sd_diskio.o
    0x08002ece   0x08002ece   0x00000002   PAD
    0x08002ed0   0x08002ed0   0x00000028   Code   RO            6    .text.SD_read       sd_diskio.o
    0x08002ef8   0x08002ef8   0x00000008   Code   RO            4    .text.SD_status     sd_diskio.o
    0x08002f00   0x08002f00   0x00000028   Code   RO            8    .text.SD_write      sd_diskio.o
    0x08002f28   0x08002f28   0x00000072   Code   RO          262    .text.Save_Config   sd.o
    0x08002f9a   0x08002f9a   0x00000006   PAD
    0x08002fa0   0x08002fa0   0x00000094   Code   RO          216    .text.Storage_GetDirectoryBitmapFiles  fatfs_storage.o
    0x08003034   0x08003034   0x00000004   PAD
    0x08003038   0x08003038   0x00000040   Code   RO          210    .text.Storage_OpenReadFile  fatfs_storage.o
    0x08003078   0x08003078   0x00000052   Code   RO          212    .text.Storage_OpenWriteFile  fatfs_storage.o
    0x080030ca   0x080030ca   0x00000006   PAD
    0x080030d0   0x080030d0   0x00000056   Code   RO          244    .text.SystemClock_Config  main.o
    0x08003126   0x08003126   0x00000002   PAD
    0x08003128   0x08003128   0x0000007e   Code   RO         1558    .text.SystemCoreClockUpdate  system_stm32f7xx.o
    0x080031a6   0x080031a6   0x00000002   PAD
    0x080031a8   0x080031a8   0x00000012   Code   RO         1556    .text.SystemInit    system_stm32f7xx.o
    0x080031ba   0x080031ba   0x00000064   Code   RO         1723    .text.ThreadFlagsCheck  RTX_CM4F.lib(rtx_thread.o)
    0x0800321e   0x0800321e   0x00000002   PAD
    0x08003220   0x08003220   0x00000032   Code   RO          284    .text.Thread_SD     thread_sd.o
    0x08003252   0x08003252   0x00000002   PAD
    0x08003254   0x08003254   0x00000048   Code   RO         1807    .text.TimerInsert   RTX_CM4F.lib(rtx_timer.o)
    0x0800329c   0x0800329c   0x00000004   PAD
    0x080032a0   0x080032a0   0x00000002   Code   RO          307    .text.UsageFault_Handler  stm32f7xx_it.o
    0x080032a2   0x080032a2   0x00000006   PAD
    0x080032a8   0x080032a8   0x00000020   Code   RO          606    .text.__NVIC_EnableIRQ  stm32f7xx_hal_cortex.o
    0x080032c8   0x080032c8   0x00000010   Code   RO          598    .text.__NVIC_GetPriorityGrouping  stm32f7xx_hal_cortex.o
    0x080032d8   0x080032d8   0x00000022   Code   RO          600    .text.__NVIC_SetPriority  stm32f7xx_hal_cortex.o
    0x080032fa   0x080032fa   0x00000006   PAD
    0x08003300   0x08003300   0x00000020   Code   RO          594    .text.__NVIC_SetPriorityGrouping  stm32f7xx_hal_cortex.o
    0x08003320   0x08003320   0x00000074   Code   RO          140    .text.check_fs      ff_1.o
    0x08003394   0x08003394   0x00000004   PAD
    0x08003398   0x08003398   0x0000001c   Code   RO          146    .text.chk_chr       ff_1.o
    0x080033b4   0x080033b4   0x00000004   PAD
    0x080033b8   0x080033b8   0x0000007e   Code   RO           36    .text.chk_lock      ff_1.o
    0x08003436   0x08003436   0x00000002   PAD
    0x08003438   0x08003438   0x00000022   Code   RO           28    .text.clear_lock    ff_1.o
    0x0800345a   0x0800345a   0x00000006   PAD
    0x08003460   0x08003460   0x0000002e   Code   RO           66    .text.clmt_clust    ff_1.o
    0x0800348e   0x0800348e   0x00000002   PAD
    0x08003490   0x08003490   0x00000018   Code   RO           60    .text.clust2sect    ff_1.o
    0x080034a8   0x080034a8   0x000000c4   Code   RO           72    .text.create_chain  ff_1.o
    0x0800356c   0x0800356c   0x00000004   PAD
    0x08003570   0x08003570   0x000000ee   Code   RO          142    .text.create_name   ff_1.o
    0x0800365e   0x0800365e   0x00000002   PAD
    0x08003660   0x08003660   0x0000003a   Code   RO           82    .text.dec_lock      ff_1.o
    0x0800369a   0x0800369a   0x00000006   PAD
    0x080036a0   0x080036a0   0x00000034   Code   RO          150    .text.dir_alloc     ff_1.o
    0x080036d4   0x080036d4   0x00000004   PAD
    0x080036d8   0x080036d8   0x0000005c   Code   RO          144    .text.dir_find      ff_1.o
    0x08003734   0x08003734   0x00000004   PAD
    0x08003738   0x08003738   0x00000136   Code   RO           98    .text.dir_next      ff_1.o
    0x0800386e   0x0800386e   0x00000002   PAD
    0x08003870   0x08003870   0x0000005a   Code   RO           94    .text.dir_read      ff_1.o
    0x080038ca   0x080038ca   0x00000006   PAD
    0x080038d0   0x080038d0   0x0000003e   Code   RO           40    .text.dir_register  ff_1.o
    0x0800390e   0x0800390e   0x00000002   PAD
    0x08003910   0x08003910   0x00000070   Code   RO           88    .text.dir_sdi       ff_1.o
    0x08003980   0x08003980   0x0000002c   Code   RO          190    .text.disk_initialize  diskio.o
    0x080039ac   0x080039ac   0x00000004   PAD
    0x080039b0   0x080039b0   0x0000001a   Code   RO          196    .text.disk_ioctl    diskio.o
    0x080039ca   0x080039ca   0x00000006   PAD
    0x080039d0   0x080039d0   0x0000001e   Code   RO          192    .text.disk_read     diskio.o
    0x080039ee   0x080039ee   0x00000002   PAD
    0x080039f0   0x080039f0   0x0000001a   Code   RO          188    .text.disk_status   diskio.o
    0x08003a0a   0x08003a0a   0x00000006   PAD
    0x08003a10   0x08003a10   0x0000001e   Code   RO          194    .text.disk_write    diskio.o
    0x08003a2e   0x08003a2e   0x00000002   PAD
    0x08003a30   0x08003a30   0x00000022   Code   RO           38    .text.enq_lock      ff_1.o
    0x08003a52   0x08003a52   0x00000006   PAD
    0x08003a58   0x08003a58   0x0000002e   Code   RO           80    .text.f_close       ff_1.o
    0x08003a86   0x08003a86   0x00000002   PAD
    0x08003a88   0x08003a88   0x00000028   Code   RO           90    .text.f_closedir    ff_1.o
    0x08003ab0   0x08003ab0   0x0000001e   Code   RO          104    .text.f_findfirst   ff_1.o
    0x08003ace   0x08003ace   0x00000002   PAD
    0x08003ad0   0x08003ad0   0x00000034   Code   RO          100    .text.f_findnext    ff_1.o
    0x08003b04   0x08003b04   0x00000004   PAD
    0x08003b08   0x08003b08   0x00000284   Code   RO           84    .text.f_lseek       ff_1.o
    0x08003d8c   0x08003d8c   0x00000004   PAD
    0x08003d90   0x08003d90   0x00000062   Code   RO           24    .text.f_mount       ff_1.o
    0x08003df2   0x08003df2   0x00000006   PAD
    0x08003df8   0x08003df8   0x0000026c   Code   RO           32    .text.f_open        ff_1.o
    0x08004064   0x08004064   0x00000004   PAD
    0x08004068   0x08004068   0x00000084   Code   RO           86    .text.f_opendir     ff_1.o
    0x080040ec   0x080040ec   0x00000004   PAD
    0x080040f0   0x080040f0   0x00000180   Code   RO           62    .text.f_read        ff_1.o
    0x08004270   0x08004270   0x0000004e   Code   RO           92    .text.f_readdir     ff_1.o
    0x080042be   0x080042be   0x00000002   PAD
    0x080042c0   0x080042c0   0x00000098   Code   RO           74    .text.f_sync        ff_1.o
    0x08004358   0x08004358   0x000001ae   Code   RO           70    .text.f_write       ff_1.o
    0x08004506   0x08004506   0x00000002   PAD
    0x08004508   0x08004508   0x000002b6   Code   RO           30    .text.find_volume   ff_1.o
    0x080047be   0x080047be   0x00000002   PAD
    0x080047c0   0x080047c0   0x00000090   Code   RO           34    .text.follow_path   ff_1.o
    0x08004850   0x08004850   0x00000016   Code   RO          154    .text.get_achar     ff_1.o
    0x08004866   0x08004866   0x00000002   PAD
    0x08004868   0x08004868   0x000000ba   Code   RO           58    .text.get_fat       ff_1.o
    0x08004922   0x08004922   0x00000006   PAD
    0x08004928   0x08004928   0x00000004   Code   RO          198    .text.get_fattime   diskio.o
    0x0800492c   0x0800492c   0x00000004   PAD
    0x08004930   0x08004930   0x00000074   Code   RO           96    .text.get_fileinfo  ff_1.o
    0x080049a4   0x080049a4   0x00000004   PAD
    0x080049a8   0x080049a8   0x00000046   Code   RO           26    .text.get_ldnumber  ff_1.o
    0x080049ee   0x080049ee   0x00000002   PAD
    0x080049f0   0x080049f0   0x0000009c   Code   RO           52    .text.inc_lock      ff_1.o
    0x08004a8c   0x08004a8c   0x00000004   PAD
    0x08004a90   0x08004a90   0x00000026   Code   RO           44    .text.ld_clust      ff_1.o
    0x08004ab6   0x08004ab6   0x00000002   PAD
    0x08004ab8   0x08004ab8   0x00000004   Code   RO           54    .text.ld_dword      ff_1.o
    0x08004abc   0x08004abc   0x00000004   PAD
    0x08004ac0   0x08004ac0   0x00000004   Code   RO          110    .text.ld_word       ff_1.o
    0x08004ac4   0x08004ac4   0x00000004   PAD
    0x08004ac8   0x08004ac8   0x00000022   Code   RO          238    .text.main          main.o
    0x08004aea   0x08004aea   0x00000006   PAD
    0x08004af0   0x08004af0   0x00000026   Code   RO          148    .text.mem_cmp       ff_1.o
    0x08004b16   0x08004b16   0x00000002   PAD
    0x08004b18   0x08004b18   0x00000012   Code   RO           68    .text.mem_cpy       ff_1.o
    0x08004b2a   0x08004b2a   0x00000006   PAD
    0x08004b30   0x08004b30   0x0000000e   Code   RO           56    .text.mem_set       ff_1.o
    0x08004b3e   0x08004b3e   0x00000002   PAD
    0x08004b40   0x08004b40   0x0000003e   Code   RO           50    .text.move_window   ff_1.o
    0x08004b7e   0x08004b7e   0x00000002   PAD
    0x08004b80   0x08004b80   0x0000002c   Code   RO         1581    .text.osKernelGetState  RTX_CM4F.lib(rtx_kernel.o)
    0x08004bac   0x08004bac   0x00000024   Code   RO         1597    .text.osKernelGetTickCount  RTX_CM4F.lib(rtx_kernel.o)
    0x08004bd0   0x08004bd0   0x0000002c   Code   RO         1575    .text.osKernelInitialize  RTX_CM4F.lib(rtx_kernel.o)
    0x08004bfc   0x08004bfc   0x00000024   Code   RO         1585    .text.osKernelStart  RTX_CM4F.lib(rtx_kernel.o)
    0x08004c20   0x08004c20   0x00000070   Code   RO         1950    .text.osMessageQueueGet  RTX_CM4F.lib(rtx_msgqueue.o)
    0x08004c90   0x08004c90   0x00000080   Code   RO         1948    .text.osMessageQueuePut  RTX_CM4F.lib(rtx_msgqueue.o)
    0x08004d10   0x08004d10   0x00000002   Code   RO          510    .text.osRtxErrorNotify  rtx_config.o
    0x08004d12   0x08004d12   0x00000006   PAD
    0x08004d18   0x08004d18   0x00000002   Code   RO          508    .text.osRtxIdleThread  rtx_config.o
    0x08004d1a   0x08004d1a   0x00000004   Code   RO         1573    .text.osRtxKernelErrorNotify  RTX_CM4F.lib(rtx_kernel.o)
    0x08004d1e   0x08004d1e   0x00000002   Code   RO         1571    .text.osRtxKernelPreInit  RTX_CM4F.lib(rtx_kernel.o)
    0x08004d20   0x08004d20   0x0000006c   Code   RO         1876    .text.osRtxMemoryAlloc  RTX_CM4F.lib(rtx_memory.o)
    0x08004d8c   0x08004d8c   0x00000042   Code   RO         1878    .text.osRtxMemoryFree  RTX_CM4F.lib(rtx_memory.o)
    0x08004dce   0x08004dce   0x00000036   Code   RO         1874    .text.osRtxMemoryInit  RTX_CM4F.lib(rtx_memory.o)
    0x08004e04   0x08004e04   0x0000003a   Code   RO         1890    .text.osRtxMemoryPoolAlloc  RTX_CM4F.lib(rtx_mempool.o)
    0x08004e3e   0x08004e3e   0x0000004a   Code   RO         1892    .text.osRtxMemoryPoolFree  RTX_CM4F.lib(rtx_mempool.o)
    0x08004e88   0x08004e88   0x00000038   Code   RO         1888    .text.osRtxMemoryPoolInit  RTX_CM4F.lib(rtx_mempool.o)
    0x08004ec0   0x08004ec0   0x000000aa   Code   RO         1972    .text.osRtxMessageQueuePostProcess  RTX_CM4F.lib(rtx_msgqueue.o)
    0x08004f6a   0x08004f6a   0x00000002   PAD
    0x08004f6c   0x08004f6c   0x00000028   Code   RO         1940    .text.osRtxMessageQueueTimerSetup  RTX_CM4F.lib(rtx_msgqueue.o)
    0x08004f94   0x08004f94   0x00000048   Code   RO         1838    .text.osRtxMutexOwnerRelease  RTX_CM4F.lib(rtx_mutex.o)
    0x08004fdc   0x08004fdc   0x00000042   Code   RO         1840    .text.osRtxMutexOwnerRestore  RTX_CM4F.lib(rtx_mutex.o)
    0x0800501e   0x0800501e   0x00000002   PAD
    0x08005020   0x08005020   0x00000088   Code   RO         2002    .text.osRtxPendSV_Handler  RTX_CM4F.lib(rtx_system.o)
    0x080050a8   0x080050a8   0x00000070   Code   RO         2004    .text.osRtxPostProcess  RTX_CM4F.lib(rtx_system.o)
    0x08005118   0x08005118   0x00000034   Code   RO         1663    .text.osRtxThreadBlock  RTX_CM4F.lib(rtx_thread.o)
    0x0800514c   0x0800514c   0x0000007c   Code   RO         1671    .text.osRtxThreadDelayInsert  RTX_CM4F.lib(rtx_thread.o)
    0x080051c8   0x080051c8   0x0000003c   Code   RO         1667    .text.osRtxThreadDelayRemove  RTX_CM4F.lib(rtx_thread.o)
    0x08005204   0x08005204   0x00000048   Code   RO         1653    .text.osRtxThreadDelayTick  RTX_CM4F.lib(rtx_thread.o)
    0x0800524c   0x0800524c   0x00000020   Code   RO         1755    .text.osRtxThreadDestroy  RTX_CM4F.lib(rtx_thread.o)
    0x0800526c   0x0800526c   0x00000050   Code   RO         1661    .text.osRtxThreadDispatch  RTX_CM4F.lib(rtx_thread.o)
    0x080052bc   0x080052bc   0x00000058   Code   RO         1747    .text.osRtxThreadFree  RTX_CM4F.lib(rtx_thread.o)
    0x08005314   0x08005314   0x0000001e   Code   RO         1753    .text.osRtxThreadJoinWakeup  RTX_CM4F.lib(rtx_thread.o)
    0x08005332   0x08005332   0x00000012   Code   RO         1645    .text.osRtxThreadListGet  RTX_CM4F.lib(rtx_thread.o)
    0x08005344   0x08005344   0x0000002c   Code   RO         1643    .text.osRtxThreadListPut  RTX_CM4F.lib(rtx_thread.o)
    0x08005370   0x08005370   0x00000014   Code   RO         1649    .text.osRtxThreadListRemove  RTX_CM4F.lib(rtx_thread.o)
    0x08005384   0x08005384   0x0000000c   Code   RO         1655    .text.osRtxThreadListRoot  RTX_CM4F.lib(rtx_thread.o)
    0x08005390   0x08005390   0x00000026   Code   RO         1647    .text.osRtxThreadListSort  RTX_CM4F.lib(rtx_thread.o)
    0x080053b6   0x080053b6   0x00000028   Code   RO         1721    .text.osRtxThreadPostProcess  RTX_CM4F.lib(rtx_thread.o)
    0x080053de   0x080053de   0x00000002   PAD
    0x080053e0   0x080053e0   0x00000014   Code   RO         1651    .text.osRtxThreadReadyPut  RTX_CM4F.lib(rtx_thread.o)
    0x080053f4   0x080053f4   0x00000014   Code   RO         1657    .text.osRtxThreadRegPtr  RTX_CM4F.lib(rtx_thread.o)
    0x08005408   0x08005408   0x00000038   Code   RO         1673    .text.osRtxThreadStartup  RTX_CM4F.lib(rtx_thread.o)
    0x08005440   0x08005440   0x0000000c   Code   RO         1659    .text.osRtxThreadSwitch  RTX_CM4F.lib(rtx_thread.o)
    0x0800544c   0x0800544c   0x0000003c   Code   RO         1669    .text.osRtxThreadWaitEnter  RTX_CM4F.lib(rtx_thread.o)
    0x08005488   0x08005488   0x00000030   Code   RO         1665    .text.osRtxThreadWaitExit  RTX_CM4F.lib(rtx_thread.o)
    0x080054b8   0x080054b8   0x00000078   Code   RO         2000    .text.osRtxTick_Handler  RTX_CM4F.lib(rtx_system.o)
    0x08005530   0x08005530   0x00000020   Code   RO         1789    .text.osRtxTimerSetup  RTX_CM4F.lib(rtx_timer.o)
    0x08005550   0x08005550   0x00000020   Code   RO         1793    .text.osRtxTimerThread  RTX_CM4F.lib(rtx_timer.o)
    0x08005570   0x08005570   0x00000070   Code   RO         1791    .text.osRtxTimerTick  RTX_CM4F.lib(rtx_timer.o)
    0x080055e0   0x080055e0   0x0000000c   Code   RO         1705    .text.osThreadExit  RTX_CM4F.lib(rtx_thread.o)
    0x080055ec   0x080055ec   0x00000024   Code   RO         1677    .text.osThreadNew   RTX_CM4F.lib(rtx_thread.o)
    0x08005610   0x08005610   0x000000ca   Code   RO          102    .text.pattern_matching  ff_1.o
    0x080056da   0x080056da   0x00000006   PAD
    0x080056e0   0x080056e0   0x0000010a   Code   RO          152    .text.put_fat       ff_1.o
    0x080057ea   0x080057ea   0x00000006   PAD
    0x080057f0   0x080057f0   0x0000008c   Code   RO           48    .text.remove_chain  ff_1.o
    0x0800587c   0x0800587c   0x00000004   PAD
    0x08005880   0x08005880   0x00000026   Code   RO           46    .text.st_clust      ff_1.o
    0x080058a6   0x080058a6   0x00000002   PAD
    0x080058a8   0x080058a8   0x00000004   Code   RO           42    .text.st_dword      ff_1.o
    0x080058ac   0x080058ac   0x00000004   PAD
    0x080058b0   0x080058b0   0x00000004   Code   RO           76    .text.st_word       ff_1.o
    0x080058b4   0x080058b4   0x0000000c   Code   RO         1583    .text.svcRtxKernelGetState  RTX_CM4F.lib(rtx_kernel.o)
    0x080058c0   0x080058c0   0x0000000c   Code   RO         1599    .text.svcRtxKernelGetTickCount  RTX_CM4F.lib(rtx_kernel.o)
    0x080058cc   0x080058cc   0x000000f8   Code   RO         1613    .text.svcRtxKernelInitialize  RTX_CM4F.lib(rtx_kernel.o)
    0x080059c4   0x080059c4   0x00000084   Code   RO         1615    .text.svcRtxKernelStart  RTX_CM4F.lib(rtx_kernel.o)
    0x08005a48   0x08005a48   0x000000d4   Code   RO         1984    .text.svcRtxMessageQueueGet  RTX_CM4F.lib(rtx_msgqueue.o)
    0x08005b1c   0x08005b1c   0x00000118   Code   RO         1942    .text.svcRtxMessageQueueNew  RTX_CM4F.lib(rtx_msgqueue.o)
    0x08005c34   0x08005c34   0x000000b0   Code   RO         1980    .text.svcRtxMessageQueuePut  RTX_CM4F.lib(rtx_msgqueue.o)
    0x08005ce4   0x08005ce4   0x0000004c   Code   RO         1751    .text.svcRtxThreadExit  RTX_CM4F.lib(rtx_thread.o)
    0x08005d30   0x08005d30   0x000001ec   Code   RO         1675    .text.svcRtxThreadNew  RTX_CM4F.lib(rtx_thread.o)
    0x08005f1c   0x08005f1c   0x00000004   PAD
    0x08005f20   0x08005f20   0x00000094   Code   RO           78    .text.sync_fs       ff_1.o
    0x08005fb4   0x08005fb4   0x00000004   PAD
    0x08005fb8   0x08005fb8   0x0000005a   Code   RO          120    .text.sync_window   ff_1.o
    0x08006012   0x08006012   0x00000006   PAD
    0x08006018   0x08006018   0x0000003e   Code   RO           64    .text.validate      ff_1.o
    0x08006056   0x08006056   0x00000002   PAD
    0x08006058   0x08006058   0x00000034   Code   RO         2211    i.__0snprintf$6     mc_w.l(printf6.o)
    0x0800608c   0x0800608c   0x00000028   Code   RO         2212    i.__0sprintf$6      mc_w.l(printf6.o)
    0x080060b4   0x080060b4   0x0000000e   Code   RO         2418    i.__scatterload_copy  mc_w.l(handlers.o)
    0x080060c2   0x080060c2   0x00000002   Code   RO         2419    i.__scatterload_null  mc_w.l(handlers.o)
    0x080060c4   0x080060c4   0x0000000e   Code   RO         2420    i.__scatterload_zeroinit  mc_w.l(handlers.o)
    0x080060d2   0x080060d2   0x00000002   PAD
    0x080060d4   0x080060d4   0x000002f0   Code   RO         2217    i._printf_core      mc_w.l(printf6.o)
    0x080063c4   0x080063c4   0x00000024   Code   RO         2218    i._printf_post_padding  mc_w.l(printf6.o)
    0x080063e8   0x080063e8   0x0000002e   Code   RO         2219    i._printf_pre_padding  mc_w.l(printf6.o)
    0x08006416   0x08006416   0x00000016   Code   RO         2220    i._snputc           mc_w.l(printf6.o)
    0x0800642c   0x0800642c   0x0000000a   Code   RO         2221    i._sputc            mc_w.l(printf6.o)
    0x08006436   0x08006436   0x00000002   PAD
    0x08006438   0x08006438   0x00000050   Code   RO         2316    i.free              mc_w.l(malloc.o)
    0x08006488   0x08006488   0x0000006c   Code   RO         2317    i.malloc            mc_w.l(malloc.o)
    0x080064f4   0x080064f4   0x00000040   Data   RO         2414    .constdata          mc_w.l(ctype_c.o)
    0x08006534   0x08006534   0x000000a8   Data   RO          495    .rodata             rtx_lib.o
    0x080065dc   0x080065dc   0x00000010   Data   RO         1561    .rodata.AHBPrescTable  system_stm32f7xx.o
    0x080065ec   0x080065ec   0x00000014   Data   RO           14    .rodata.SD_Driver   sd_diskio.o
    0x08006600   0x08006600   0x00000004   Data   RO          497    .rodata.osRtxUserSVC  rtx_lib.o
    0x08006604   0x08006604   0x00000024   Data   RO          492    .rodata.os_idle_thread_attr  rtx_lib.o
    0x08006628   0x08006628   0x00000018   Data   RO          494    .rodata.os_timer_mq_attr  rtx_lib.o
    0x08006640   0x08006640   0x00000024   Data   RO          493    .rodata.os_timer_thread_attr  rtx_lib.o
    0x08006664   0x08006664   0x0000000f   Data   RO          160    .rodata.str1.1      ff_1.o
    0x08006673   0x08006673   0x00000032   Data   RO          271    .rodata.str1.1      sd.o
    0x080066a5   0x080066a5   0x00000003   PAD
    0x080066a8   0x080066a8   0x0000000b   Data   RO         1633    .rodata.str1.4      RTX_CM4F.lib(rtx_kernel.o)
    0x080066b3   0x080066b3   0x00000001   PAD
    0x080066b4   0x080066b4   0x00000020   Data   RO         2417    Region$$Table       anon$$obj.o


    Execution Region RW_IRAM1 (Exec base: 0x20000000, Load base: 0x080066d8, Size: 0x000096a0, Max: 0x00080000, ABSOLUTE)

    Exec Addr    Load Addr    Size         Type   Attr      Idx    E Section Name        Object

    0x20000000   0x080066d8   0x00000004   Data   RW         2382    .data               mc_w.l(mvars.o)
    0x20000004   0x080066dc   0x00000004   Data   RW         2383    .data               mc_w.l(mvars.o)
    0x20000008   0x080066e0   0x00000001   Data   RW           15    .data.Stat          sd_diskio.o
    0x20000009   0x080066e1   0x00000003   PAD
    0x2000000c   0x080066e4   0x00000004   Data   RW         1560    .data.SystemCoreClock  system_stm32f7xx.o
    0x20000010   0x080066e8   0x000000a4   Data   RW         1634    .data.os            RTX_CM4F.lib(rtx_kernel.o)
    0x200000b4   0x0800678c   0x00000001   Data   RW          582    .data.uwTickFreq    stm32f7xx_hal.o
    0x200000b5   0x0800678d   0x00000003   PAD
    0x200000b8   0x08006790   0x00000004   Data   RW          581    .data.uwTickPrio    stm32f7xx_hal.o
    0x200000bc   0x08006794   0x00000004   PAD
    0x200000c0        -       0x00000060   Zero   RW          444    .bss.BSP_SD_MspInit.dma_rx_handle  stm32f769i_discovery_sd.o
    0x20000120        -       0x00000060   Zero   RW          445    .bss.BSP_SD_MspInit.dma_tx_handle  stm32f769i_discovery_sd.o
    0x20000180        -       0x00000004   Zero   RW          218    .bss.BytesRead      fatfs_storage.o
    0x20000184        -       0x00000004   Zero   RW          219    .bss.BytesWrite     fatfs_storage.o
    0x20000188        -       0x00000008   Zero   RW          156    .bss.FatFs          ff_1.o
    0x20000190        -       0x00000020   Zero   RW          158    .bss.Files          ff_1.o
    0x200001b0        -       0x00000002   Zero   RW          159    .bss.Fsid           ff_1.o
    0x200001b2   0x08006794   0x00000002   PAD
    0x200001b4        -       0x00000004   Zero   RW          246    .bss.HAL_GetTick.ticks  main.o
    0x200001b8        -       0x000002ee   Zero   RW          267    .bss.SD_Data        sd.o
    0x200004a6        -       0x00000004   Zero   RW          269    .bss.SD_Path        sd.o
    0x200004aa   0x08006794   0x00000002   PAD
    0x200004ac        -       0x00000004   Zero   RW          266    .bss.counter        sd.o
    0x200004b0        -       0x00000034   Zero   RW          224    .bss.dir            fatfs_storage.o
    0x200004e4        -       0x00000010   Zero   RW          179    .bss.disk           ff_gen_drv.o
    0x200004f4        -       0x00000018   Zero   RW          225    .bss.fno            fatfs_storage.o
    0x2000050c        -       0x00000230   Zero   RW          220    .bss.fs             fatfs_storage.o
    0x2000073c   0x08006794   0x00000004   PAD
    0x20000740        -       0x00008040   Zero   RW          491    .bss.os             rtx_lib.o
    0x20008780        -       0x00000001   Zero   RW         2032    .bss.os             RTX_CM4F.lib(os_systick.o)
    0x20008781   0x08006794   0x00000003   PAD
    0x20008784        -       0x00000034   Zero   RW          501    .bss.os.msgqueue.cb  rtx_lib.o
    0x200087b8        -       0x00000050   Zero   RW          502    .bss.os.msgqueue.mem  rtx_lib.o
    0x20008808        -       0x00000088   Zero   RW          498    .bss.os.thread.cb   rtx_lib.o
    0x20008890        -       0x00000200   Zero   RW          499    .bss.os.thread.idle.stack  rtx_lib.o
    0x20008a90        -       0x00000200   Zero   RW          500    .bss.os.thread.timer.stack  rtx_lib.o
    0x20008c90        -       0x00000064   Zero   RW          270    .bss.pDirectoryFiles  sd.o
    0x20008cf4        -       0x00000006   Zero   RW          291    .bss.sd_msg         thread_sd.o
    0x20008cfa   0x08006794   0x00000002   PAD
    0x20008cfc        -       0x00000004   Zero   RW          289    .bss.songCnt        thread_sd.o
    0x20008d00        -       0x000002ee   Zero   RW          288    .bss.songs          thread_sd.o
    0x20008fee        -       0x0000001e   Zero   RW          272    .bss.str            sd.o
    0x2000900c        -       0x00000004   Zero   RW          290    .bss.tid_Thread_SD  thread_sd.o
    0x20009010        -       0x00000084   Zero   RW          443    .bss.uSdHandle      stm32f769i_discovery_sd.o
    0x20009094        -       0x00000001   Zero   RW          264    .bss.ubNumberOfFiles  sd.o
    0x20009095   0x08006794   0x00000003   PAD
    0x20009098        -       0x00000004   Zero   RW          268    .bss.uwInternalBuffer  sd.o
    0x2000909c   0x08006794   0x00000004   PAD
    0x200090a0        -       0x00000200   Zero   RW         1547    HEAP                startup_stm32f769xx.o
    0x200092a0        -       0x00000400   Zero   RW         1546    STACK               startup_stm32f769xx.o


==============================================================================

Image component sizes


      Code (inc. data)   RO Data    RW Data    ZI Data      Debug   Object Name

       160          0          0          0          0       2162   diskio.o
       294          8          0          0        644       3815   fatfs_storage.o
      6844          0         15          0         42      41526   ff_1.o
        90          0          0          0         16       2604   ff_gen_drv.o
       410          0          0          0          4       4689   main.o
         4          0          0          0          0        649   rtx_config.o
         0          0        268          0      34124       5558   rtx_lib.o
       612          8         50          0        893       3198   sd.o
       244          4         20          1          0       3185   sd_diskio.o
        36          8        504          0       1536        844   startup_stm32f769xx.o
       736          0          0          0        324      11907   stm32f769i_discovery_sd.o
        88          0          0          5          0       8733   stm32f7xx_hal.o
       358          0          0          0          0      12244   stm32f7xx_hal_cortex.o
       432         12          0          0          0       9538   stm32f7xx_hal_dma.o
       434          0          0          0          0       5523   stm32f7xx_hal_gpio.o
       118          0          0          0          0       6003   stm32f7xx_hal_pwr_ex.o
      1292          0          0          0          0       8005   stm32f7xx_hal_rcc.o
      2632          0          0          0          0      24169   stm32f7xx_hal_sd.o
        12          0          0          0          0        719   stm32f7xx_it.o
      1778          0          0          0          0      15261   stm32f7xx_ll_sdmmc.o
       144          0         16          4          0       3459   system_stm32f7xx.o
        92          0          0          0        764       1182   thread_sd.o

    ----------------------------------------------------------------------
     17354         52        908         16      38368     174973   Object Totals
         0          0         32          0          0          0   (incl. Generated)
       544         12          3          6         21          0   (incl. Padding)

    ----------------------------------------------------------------------

      Code (inc. data)   RO Data    RW Data    ZI Data      Debug   Library Member Name

       200         12          0          0          0        634   irq_armv7m.o
       114         20          0          0          1       3200   os_systick.o
       588         40         11        164          0      16501   rtx_kernel.o
       228          0          0          0          0       2537   rtx_memory.o
       188          0          0          0          0      16008   rtx_mempool.o
      1310         24          0          0          0      18657   rtx_msgqueue.o
       138          0          0          0          0       9962   rtx_mutex.o
       368         18          0          0          0       5296   rtx_system.o
      1642         52          0          0          0      31847   rtx_thread.o
       248         16          0          0          0      10397   rtx_timer.o
        56          8          0          0          0         84   __0sscanf.o
        28          0          0          0          0         68   _chval.o
       812          4          0          0          0        112   _scanf.o
       332          0          0          0          0         96   _scanf_int.o
        64          0          0          0          0         84   _sgetc.o
        40          6         64          0          0         68   ctype_c.o
         0          0          0          0          0          0   entry.o
         0          0          0          0          0          0   entry10a.o
         0          0          0          0          0          0   entry11a.o
         8          4          0          0          0          0   entry2.o
         4          0          0          0          0          0   entry5.o
         0          0          0          0          0          0   entry7b.o
         0          0          0          0          0          0   entry8b.o
         8          4          0          0          0          0   entry9a.o
        30          0          0          0          0          0   handlers.o
        36          8          0          0          0         68   init.o
        10          0          0          0          0         68   isspace_c.o
        30          0          0          0          0         68   llshl.o
        32          0          0          0          0         68   llushr.o
       188         20          0          0          0        160   malloc.o
        36          0          0          0          0         68   memcpya.o
        36          0          0          0          0        108   memseta.o
         0          0          0          8          0          0   mvars.o
       958         14          0          0          0        576   printf6.o
        40          8          0          0          0         84   scanf_char.o
        18          0          0          0          0         68   strcpy.o
        14          0          0          0          0         68   strlen.o
        44          0          0          0          0         80   uidiv.o
        98          0          0          0          0         92   uldiv.o

    ----------------------------------------------------------------------
      7986        270         76        172          4     117127   Library Totals
        40         12          1          0          3          0   (incl. Padding)

    ----------------------------------------------------------------------

      Code (inc. data)   RO Data    RW Data    ZI Data      Debug   Library Name

      5024        182         11        164          1     115039   RTX_CM4F.lib
      2922         76         64          8          0       2088   mc_w.l

    ----------------------------------------------------------------------
      7986        270         76        172          4     117127   Library Totals

    ----------------------------------------------------------------------

==============================================================================


      Code (inc. data)   RO Data    RW Data    ZI Data      Debug   

     25340        322        984        188      38372     290712   Grand Totals
     25340        322        984        188      38372     290712   ELF Image Totals
     25340        322        984        188          0          0   ROM Totals

==============================================================================

    Total RO  Size (Code + RO Data)                26324 (  25.71kB)
    Total RW  Size (RW Data + ZI Data)             38560 (  37.66kB)
    Total ROM Size (Code + RO Data + RW Data)      26512 (  25.89kB)

==============================================================================

