<html>
<body>
<pre>
<h1>µVision Build Log</h1>
<h2>Tool Versions:</h2>
IDE-Version: µVision V5.34.0.0
Copyright (C) 2021 ARM Ltd and ARM Germany GmbH. All rights reserved.
License Information: Estela Mora Barba UPM Flex license: error obtaining information 
Tool Versions:
Toolchain:       MDK-Lite  Version: 5.34.0.0
Toolchain Path:  C:\Keil_v5\ARM\ARMCLANG\Bin
C Compiler:      ArmClang.exe V6.16
Assembler:       Armasm.exe V6.16
Linker/Locator:  ArmLink.exe V6.16
Library Manager: ArmAr.exe V6.16
Hex Converter:   FromElf.exe V6.16
CPU DLL:         SARMCM3.DLL V5.34.0.0
Dialog DLL:      DCM.DLL V1.17.3.0
Target DLL:      STLink\ST-LINKIII-KEIL_SWO.dll V3.0.8.0
Dialog DLL:      TCM.DLL V1.48.0.0
 
<h2>Project:</h2>
C:\RTAP\ise-rtap\uSD\MDK-ARM\Project.uvprojx
Project File Date:  05/04/2024

<h2>Output:</h2>
*** Using Compiler 'V6.16', folder: 'C:\Keil_v5\ARM\ARMCLANG\Bin'
Build target 'STM32F769I-Discovery'
Note: source file '..\Src\ff.c' - object file renamed from 'STM32F769I-Discovery\Exe\ff.o' to 'STM32F769I-Discovery\Exe\ff_1.o'.
compiling Thread_sd.c...
compiling sd.c...
linking...
Program Size: Code=25340 RO-data=984 RW-data=188 ZI-data=38372  
"STM32F769I-Discovery\Exe\Project.axf" - 0 Error(s), 0 Warning(s).

<h2>Software Packages used:</h2>

Package Vendor: ARM
                http://www.keil.com/pack/ARM.CMSIS.5.8.0.pack
                ARM.CMSIS.5.8.0
                CMSIS (Common Microcontroller Software Interface Standard)
   * Component: RTOS2 Version: 2.1.3
   * Component: CORE Version: 5.5.0
   * Component: Keil RTX5 Variant: Library Version: 5.5.3

Package Vendor: Keil
                https://www.keil.com/pack/Keil.STM32F7xx_DFP.2.16.0.pack
                Keil.STM32F7xx_DFP.2.16.0
                STMicroelectronics STM32F7 Series Device Support, Drivers and Examples
   * Component: STM32Cube Framework Version: 1.0.0
   * Component: Basic I/O Version: 1.1.0
   * Component: SD Version: 1.1.0
   * Component: SDRAM Version: 1.1.0
   * Component: Classic Version: 1.3.0
   * Component: Common Version: 1.3.0
   * Component: Cortex Version: 1.3.0
   * Component: DMA Version: 1.3.0
   * Component: DSI Version: 1.3.0
   * Component: Flash Version: 1.3.0
   * Component: GPIO Version: 1.3.0
   * Component: I2C Version: 1.3.0
   * Component: PWR Version: 1.3.0
   * Component: RCC Version: 1.3.0
   * Component: SD Version: 1.3.0
   * Component: SDRAM Version: 1.3.0
   * Component: Startup Version: 1.2.5

<h2>Collection of Component include folders:</h2>
  .\RTE\CMSIS
  .\RTE\Device\STM32F769NIHx
  .\RTE\_STM32F769I-Discovery
  C:\Users\estel\AppData\Local\Arm\Packs\ARM\CMSIS\5.8.0\CMSIS\Core\Include
  C:\Users\estel\AppData\Local\Arm\Packs\ARM\CMSIS\5.8.0\CMSIS\RTOS2\Include
  C:\Users\estel\AppData\Local\Arm\Packs\ARM\CMSIS\5.8.0\CMSIS\RTOS2\RTX\Include
  C:\Users\estel\AppData\Local\Arm\Packs\Keil\STM32F7xx_DFP\2.16.0\Drivers\BSP\STM32F769I-Discovery
  C:\Users\estel\AppData\Local\Arm\Packs\Keil\STM32F7xx_DFP\2.16.0\Drivers\CMSIS\Device\ST\STM32F7xx\Include
  C:\Users\estel\AppData\Local\Arm\Packs\Keil\STM32F7xx_DFP\2.16.0\Drivers\STM32F7xx_HAL_Driver\Inc

<h2>Collection of Component Files used:</h2>

   * Component: ::CMSIS:RTOS2:2.1.3 (API)
      Include file:  CMSIS\RTOS2\Include\cmsis_os2.h

   * Component: ::Device:STM32Cube Framework:1.0.0 (API)

   * Component: ARM::CMSIS:CORE:5.5.0

   * Component: ARM::CMSIS:RTOS2:Keil RTX5:Library:5.5.3
      Source file:   CMSIS\RTOS2\RTX\Template\main.c
      Source file:   CMSIS\RTOS2\RTX\Template\Events.c
      Include file:  CMSIS\RTOS2\RTX\Config\RTX_Config.h
      Include file:  CMSIS\RTOS2\RTX\Include\rtx_os.h
      Source file:   CMSIS\RTOS2\RTX\Config\RTX_Config.c
      Source file:   CMSIS\RTOS2\RTX\Template\svc_user.c
      Source file:   CMSIS\RTOS2\RTX\Template\Thread.c
      Source file:   CMSIS\RTOS2\RTX\Source\rtx_lib.c
      Source file:   CMSIS\RTOS2\RTX\Template\MemPool.c
      Library file:  CMSIS\RTOS2\RTX\Library\ARM\RTX_CM4F.lib
      Source file:   CMSIS\RTOS2\RTX\Template\Mutex.c
      Source file:   CMSIS\RTOS2\RTX\Template\Semaphore.c
      Source file:   CMSIS\RTOS2\RTX\Template\Timer.c
      Source file:   CMSIS\RTOS2\RTX\Template\MsgQueue.c

   * Component: Keil.STM32F769I-Discovery::Board Support:Drivers:Basic I/O:1.1.0
      Include file:  Drivers\BSP\STM32F769I-Discovery\stm32f769i_discovery.h
      Source file:   Drivers\BSP\STM32F769I-Discovery\stm32f769i_discovery.c

   * Component: Keil.STM32F769I-Discovery::Board Support:Drivers:SD:1.1.0
      Include file:  Drivers\BSP\STM32F769I-Discovery\stm32f769i_discovery_sd.h
      Source file:   Drivers\BSP\STM32F769I-Discovery\stm32f769i_discovery_sd.c

   * Component: Keil.STM32F769I-Discovery::Board Support:Drivers:SDRAM:1.1.0
      Include file:  Drivers\BSP\STM32F769I-Discovery\stm32f769i_discovery_sdram.h
      Source file:   Drivers\BSP\STM32F769I-Discovery\stm32f769i_discovery_sdram.c

   * Component: Keil::Device:STM32Cube Framework:Classic:1.3.0
      Include file:  MDK\Templates\Inc\main.h
      Include file:  MDK\Templates\Inc\stm32f7xx_it.h
      Include file:  MDK\Templates\Inc\stm32f7xx_hal_conf.h
      Include file:  MDK\Templates_LL\Inc\main.h
      Source file:   MDK\Templates\Src\main.c
      Source file:   MDK\Templates\Src\stm32f7xx_hal_msp.c
      Source file:   MDK\Templates_LL\Src\main.c
      Source file:   MDK\Templates\Src\stm32f7xx_it.c
      Include file:  CMSIS\Driver\Config\RTE_Device.h

   * Component: Keil::Device:STM32Cube HAL:Common:1.3.0
      Source file:   Drivers\STM32F7xx_HAL_Driver\Src\stm32f7xx_hal.c
      Include file:  Drivers\STM32F7xx_HAL_Driver\Inc\stm32f7xx_hal.h

   * Component: Keil::Device:STM32Cube HAL:Cortex:1.3.0
      Source file:   Drivers\STM32F7xx_HAL_Driver\Src\stm32f7xx_hal_cortex.c

   * Component: Keil::Device:STM32Cube HAL:DMA:1.3.0
      Source file:   Drivers\STM32F7xx_HAL_Driver\Src\stm32f7xx_hal_dma.c
      Source file:   Drivers\STM32F7xx_HAL_Driver\Src\stm32f7xx_hal_dma_ex.c

   * Component: Keil::Device:STM32Cube HAL:DSI:1.3.0
      Source file:   Drivers\STM32F7xx_HAL_Driver\Src\stm32f7xx_hal_dsi.c

   * Component: Keil::Device:STM32Cube HAL:Flash:1.3.0
      Source file:   Drivers\STM32F7xx_HAL_Driver\Src\stm32f7xx_hal_flash.c
      Source file:   Drivers\STM32F7xx_HAL_Driver\Src\stm32f7xx_hal_flash_ex.c

   * Component: Keil::Device:STM32Cube HAL:GPIO:1.3.0
      Source file:   Drivers\STM32F7xx_HAL_Driver\Src\stm32f7xx_hal_gpio.c

   * Component: Keil::Device:STM32Cube HAL:I2C:1.3.0
      Source file:   Drivers\STM32F7xx_HAL_Driver\Src\stm32f7xx_hal_i2c_ex.c
      Source file:   Drivers\STM32F7xx_HAL_Driver\Src\stm32f7xx_hal_i2c.c

   * Component: Keil::Device:STM32Cube HAL:PWR:1.3.0
      Source file:   Drivers\STM32F7xx_HAL_Driver\Src\stm32f7xx_hal_pwr.c
      Source file:   Drivers\STM32F7xx_HAL_Driver\Src\stm32f7xx_hal_pwr_ex.c

   * Component: Keil::Device:STM32Cube HAL:RCC:1.3.0
      Source file:   Drivers\STM32F7xx_HAL_Driver\Src\stm32f7xx_hal_rcc_ex.c
      Source file:   Drivers\STM32F7xx_HAL_Driver\Src\stm32f7xx_hal_rcc.c

   * Component: Keil::Device:STM32Cube HAL:SD:1.3.0
      Source file:   Drivers\STM32F7xx_HAL_Driver\Src\stm32f7xx_ll_sdmmc.c
      Source file:   Drivers\STM32F7xx_HAL_Driver\Src\stm32f7xx_hal_sd.c

   * Component: Keil::Device:STM32Cube HAL:SDRAM:1.3.0
      Source file:   Drivers\STM32F7xx_HAL_Driver\Src\stm32f7xx_ll_fmc.c
      Source file:   Drivers\STM32F7xx_HAL_Driver\Src\stm32f7xx_hal_sdram.c

   * Component: Keil::Device:Startup:1.2.5
      Source file:   MDK\Device\Source\ARM\STM32F76x_77x_OTP.s
      Include file:  Drivers\CMSIS\Device\ST\STM32F7xx\Include\stm32f7xx.h
      Source file:   MDK\Device\Source\ARM\STM32F76x_77x_OPT.s
      Source file:   Drivers\CMSIS\Device\ST\STM32F7xx\Source\Templates\arm\startup_stm32f769xx.s
      Source file:   Drivers\CMSIS\Device\ST\STM32F7xx\Source\Templates\system_stm32f7xx.c
Build Time Elapsed:  00:00:01
</pre>
</body>
</html>
